  Determining projects to restore...
C:\Users\Nhan\OneDrive - Rincovitch\00. Nhan\CSharp\RincoMTO\RincoMTO.csproj : warning NU1603: RincoMTO depends on Nice3point.Revit.Api.RevitAPI (>= 2025.0.0) but Nice3point.Revit.Api.RevitAPI 2025.0.0 was not found. Nice3point.Revit.Api.RevitAPI 2025.0.2 was resolved instead.
C:\Users\Nhan\OneDrive - Rincovitch\00. Nhan\CSharp\RincoMTO\RincoMTO.csproj : warning NU1603: RincoMTO depends on Nice3point.Revit.Api.RevitAPIUI (>= 2025.0.0) but Nice3point.Revit.Api.RevitAPIUI 2025.0.0 was not found. Nice3point.Revit.Api.RevitAPIUI 2025.0.2 was resolved instead.
C:\Users\Nhan\OneDrive - Rincovitch\00. Nhan\CSharp\RincoMTO\RincoMTO.csproj : warning NU1903: Package 'System.IO.Packaging' 6.0.0 has a known high severity vulnerability, https://github.com/advisories/GHSA-f32c-w444-8ppv
C:\Users\Nhan\OneDrive - Rincovitch\00. Nhan\CSharp\RincoMTO\RincoMTO.csproj : warning NU1903: Package 'System.IO.Packaging' 6.0.0 has a known high severity vulnerability, https://github.com/advisories/GHSA-qj66-m88j-hmgj
C:\Users\Nhan\OneDrive - Rincovitch\00. Nhan\CSharp\RincoMTO\RincoMTO.csproj : warning NU1903: Package 'System.Text.Json' 8.0.0 has a known high severity vulnerability, https://github.com/advisories/GHSA-8g4q-xg66-9fp4
C:\Users\Nhan\OneDrive - Rincovitch\00. Nhan\CSharp\RincoMTO\RincoMTO.csproj : warning NU1903: Package 'System.Text.Json' 8.0.0 has a known high severity vulnerability, https://github.com/advisories/GHSA-hh2w-p6rv-4g7w
  All projects are up-to-date for restore.
C:\Users\Nhan\OneDrive - Rincovitch\00. Nhan\CSharp\RincoMTO\RincoMTO.csproj : warning NU1603: RincoMTO depends on Nice3point.Revit.Api.RevitAPI (>= 2025.0.0) but Nice3point.Revit.Api.RevitAPI 2025.0.0 was not found. Nice3point.Revit.Api.RevitAPI 2025.0.2 was resolved instead. [TargetFramework=net48]
C:\Users\Nhan\OneDrive - Rincovitch\00. Nhan\CSharp\RincoMTO\RincoMTO.csproj : warning NU1603: RincoMTO depends on Nice3point.Revit.Api.RevitAPIUI (>= 2025.0.0) but Nice3point.Revit.Api.RevitAPIUI 2025.0.0 was not found. Nice3point.Revit.Api.RevitAPIUI 2025.0.2 was resolved instead. [TargetFramework=net48]
C:\Users\Nhan\OneDrive - Rincovitch\00. Nhan\CSharp\RincoMTO\RincoMTO.csproj : warning NU1903: Package 'System.IO.Packaging' 6.0.0 has a known high severity vulnerability, https://github.com/advisories/GHSA-f32c-w444-8ppv [TargetFramework=net48]
C:\Users\Nhan\OneDrive - Rincovitch\00. Nhan\CSharp\RincoMTO\RincoMTO.csproj : warning NU1903: Package 'System.IO.Packaging' 6.0.0 has a known high severity vulnerability, https://github.com/advisories/GHSA-qj66-m88j-hmgj [TargetFramework=net48]
C:\Users\Nhan\OneDrive - Rincovitch\00. Nhan\CSharp\RincoMTO\RincoMTO.csproj : warning NU1903: Package 'System.Text.Json' 8.0.0 has a known high severity vulnerability, https://github.com/advisories/GHSA-8g4q-xg66-9fp4 [TargetFramework=net48]
C:\Users\Nhan\OneDrive - Rincovitch\00. Nhan\CSharp\RincoMTO\RincoMTO.csproj : warning NU1903: Package 'System.Text.Json' 8.0.0 has a known high severity vulnerability, https://github.com/advisories/GHSA-hh2w-p6rv-4g7w [TargetFramework=net48]
C:\Users\Nhan\OneDrive - Rincovitch\00. Nhan\CSharp\RincoMTO\RincoMTO.csproj : warning NU1603: RincoMTO depends on Nice3point.Revit.Api.RevitAPI (>= 2025.0.0) but Nice3point.Revit.Api.RevitAPI 2025.0.0 was not found. Nice3point.Revit.Api.RevitAPI 2025.0.2 was resolved instead. [TargetFramework=net8.0-windows]
C:\Users\Nhan\OneDrive - Rincovitch\00. Nhan\CSharp\RincoMTO\RincoMTO.csproj : warning NU1603: RincoMTO depends on Nice3point.Revit.Api.RevitAPIUI (>= 2025.0.0) but Nice3point.Revit.Api.RevitAPIUI 2025.0.0 was not found. Nice3point.Revit.Api.RevitAPIUI 2025.0.2 was resolved instead. [TargetFramework=net8.0-windows]
C:\Users\Nhan\OneDrive - Rincovitch\00. Nhan\CSharp\RincoMTO\RincoMTO.csproj : warning NU1903: Package 'System.IO.Packaging' 6.0.0 has a known high severity vulnerability, https://github.com/advisories/GHSA-f32c-w444-8ppv [TargetFramework=net8.0-windows]
C:\Users\Nhan\OneDrive - Rincovitch\00. Nhan\CSharp\RincoMTO\RincoMTO.csproj : warning NU1903: Package 'System.IO.Packaging' 6.0.0 has a known high severity vulnerability, https://github.com/advisories/GHSA-qj66-m88j-hmgj [TargetFramework=net8.0-windows]
C:\Users\Nhan\OneDrive - Rincovitch\00. Nhan\CSharp\RincoMTO\RincoMTO.csproj : warning NU1903: Package 'System.Text.Json' 8.0.0 has a known high severity vulnerability, https://github.com/advisories/GHSA-8g4q-xg66-9fp4 [TargetFramework=net8.0-windows]
C:\Users\Nhan\OneDrive - Rincovitch\00. Nhan\CSharp\RincoMTO\RincoMTO.csproj : warning NU1903: Package 'System.Text.Json' 8.0.0 has a known high severity vulnerability, https://github.com/advisories/GHSA-hh2w-p6rv-4g7w [TargetFramework=net8.0-windows]
C:\Users\Nhan\OneDrive - Rincovitch\00. Nhan\CSharp\RincoMTO\RincoMTO_fsauzi5n_wpftmp.csproj : warning NU1603: RincoMTO depends on Nice3point.Revit.Api.RevitAPI (>= 2025.0.0) but Nice3point.Revit.Api.RevitAPI 2025.0.0 was not found. Nice3point.Revit.Api.RevitAPI 2025.0.2 was resolved instead. [TargetFramework=net48]
C:\Users\Nhan\OneDrive - Rincovitch\00. Nhan\CSharp\RincoMTO\RincoMTO_fsauzi5n_wpftmp.csproj : warning NU1603: RincoMTO depends on Nice3point.Revit.Api.RevitAPIUI (>= 2025.0.0) but Nice3point.Revit.Api.RevitAPIUI 2025.0.0 was not found. Nice3point.Revit.Api.RevitAPIUI 2025.0.2 was resolved instead. [TargetFramework=net48]
C:\Users\Nhan\OneDrive - Rincovitch\00. Nhan\CSharp\RincoMTO\RincoMTO_fsauzi5n_wpftmp.csproj : warning NU1903: Package 'System.IO.Packaging' 6.0.0 has a known high severity vulnerability, https://github.com/advisories/GHSA-f32c-w444-8ppv [TargetFramework=net48]
C:\Users\Nhan\OneDrive - Rincovitch\00. Nhan\CSharp\RincoMTO\RincoMTO_fsauzi5n_wpftmp.csproj : warning NU1903: Package 'System.IO.Packaging' 6.0.0 has a known high severity vulnerability, https://github.com/advisories/GHSA-qj66-m88j-hmgj [TargetFramework=net48]
C:\Users\Nhan\OneDrive - Rincovitch\00. Nhan\CSharp\RincoMTO\RincoMTO_fsauzi5n_wpftmp.csproj : warning NU1903: Package 'System.Text.Json' 8.0.0 has a known high severity vulnerability, https://github.com/advisories/GHSA-8g4q-xg66-9fp4 [TargetFramework=net48]
C:\Users\Nhan\OneDrive - Rincovitch\00. Nhan\CSharp\RincoMTO\RincoMTO_fsauzi5n_wpftmp.csproj : warning NU1903: Package 'System.Text.Json' 8.0.0 has a known high severity vulnerability, https://github.com/advisories/GHSA-hh2w-p6rv-4g7w [TargetFramework=net48]
C:\Users\Nhan\OneDrive - Rincovitch\00. Nhan\CSharp\RincoMTO\RincoMTO_djj4tpge_wpftmp.csproj : warning NU1603: RincoMTO depends on Nice3point.Revit.Api.RevitAPI (>= 2025.0.0) but Nice3point.Revit.Api.RevitAPI 2025.0.0 was not found. Nice3point.Revit.Api.RevitAPI 2025.0.2 was resolved instead. [TargetFramework=net8.0-windows]
C:\Users\Nhan\OneDrive - Rincovitch\00. Nhan\CSharp\RincoMTO\RincoMTO_djj4tpge_wpftmp.csproj : warning NU1603: RincoMTO depends on Nice3point.Revit.Api.RevitAPIUI (>= 2025.0.0) but Nice3point.Revit.Api.RevitAPIUI 2025.0.0 was not found. Nice3point.Revit.Api.RevitAPIUI 2025.0.2 was resolved instead. [TargetFramework=net8.0-windows]
C:\Users\Nhan\OneDrive - Rincovitch\00. Nhan\CSharp\RincoMTO\RincoMTO_djj4tpge_wpftmp.csproj : warning NU1903: Package 'System.IO.Packaging' 6.0.0 has a known high severity vulnerability, https://github.com/advisories/GHSA-f32c-w444-8ppv [TargetFramework=net8.0-windows]
C:\Users\Nhan\OneDrive - Rincovitch\00. Nhan\CSharp\RincoMTO\RincoMTO_djj4tpge_wpftmp.csproj : warning NU1903: Package 'System.IO.Packaging' 6.0.0 has a known high severity vulnerability, https://github.com/advisories/GHSA-qj66-m88j-hmgj [TargetFramework=net8.0-windows]
C:\Users\Nhan\OneDrive - Rincovitch\00. Nhan\CSharp\RincoMTO\RincoMTO_djj4tpge_wpftmp.csproj : warning NU1903: Package 'System.Text.Json' 8.0.0 has a known high severity vulnerability, https://github.com/advisories/GHSA-8g4q-xg66-9fp4 [TargetFramework=net8.0-windows]
C:\Users\Nhan\OneDrive - Rincovitch\00. Nhan\CSharp\RincoMTO\RincoMTO_djj4tpge_wpftmp.csproj : warning NU1903: Package 'System.Text.Json' 8.0.0 has a known high severity vulnerability, https://github.com/advisories/GHSA-hh2w-p6rv-4g7w [TargetFramework=net8.0-windows]
C:\Users\Nhan\OneDrive - Rincovitch\00. Nhan\CSharp\RincoMTO\BIMTOOL\obj\Release R26\GeneratedInternalTypeHelper.g.cs(1,1): error CS1056: Unexpected character '\0' [C:\Users\Nhan\OneDrive - Rincovitch\00. Nhan\CSharp\RincoMTO\RincoMTO_fsauzi5n_wpftmp.csproj::TargetFramework=net48]
C:\Users\Nhan\OneDrive - Rincovitch\00. Nhan\CSharp\RincoMTO\BIMTOOL\obj\Release R26\Tools\MTO Group Bar\UI\MtoGroupBarWindow.g.cs(1,1): error CS1056: Unexpected character '\0' [C:\Users\Nhan\OneDrive - Rincovitch\00. Nhan\CSharp\RincoMTO\RincoMTO_fsauzi5n_wpftmp.csproj::TargetFramework=net48]
C:\Users\Nhan\OneDrive - Rincovitch\00. Nhan\CSharp\RincoMTO\BIMTOOL\obj\Release R26\Tools\MTO Group Bar\UI\MtoGroupBarWindow.g.cs(1,2): error CS1056: Unexpected character '\0' [C:\Users\Nhan\OneDrive - Rincovitch\00. Nhan\CSharp\RincoMTO\RincoMTO_fsauzi5n_wpftmp.csproj::TargetFramework=net48]
C:\Users\Nhan\OneDrive - Rincovitch\00. Nhan\CSharp\RincoMTO\BIMTOOL\obj\Release R26\GeneratedInternalTypeHelper.g.cs(1,2): error CS1056: Unexpected character '\0' [C:\Users\Nhan\OneDrive - Rincovitch\00. Nhan\CSharp\RincoMTO\RincoMTO_fsauzi5n_wpftmp.csproj::TargetFramework=net48]
C:\Users\Nhan\OneDrive - Rincovitch\00. Nhan\CSharp\RincoMTO\BIMTOOL\obj\Release R26\GeneratedInternalTypeHelper.g.cs(1,3): error CS1056: Unexpected character '\0' [C:\Users\Nhan\OneDrive - Rincovitch\00. Nhan\CSharp\RincoMTO\RincoMTO_fsauzi5n_wpftmp.csproj::TargetFramework=net48]
C:\Users\Nhan\OneDrive - Rincovitch\00. Nhan\CSharp\RincoMTO\BIMTOOL\obj\Release R26\Tools\MTO Group Bar\UI\MtoGroupBarWindow.g.cs(1,3): error CS1056: Unexpected character '\0' [C:\Users\Nhan\OneDrive - Rincovitch\00. Nhan\CSharp\RincoMTO\RincoMTO_fsauzi5n_wpftmp.csproj::TargetFramework=net48]
C:\Users\Nhan\OneDrive - Rincovitch\00. Nhan\CSharp\RincoMTO\BIMTOOL\obj\Release R26\GeneratedInternalTypeHelper.g.cs(1,4): error CS1056: Unexpected character '\0' [C:\Users\Nhan\OneDrive - Rincovitch\00. Nhan\CSharp\RincoMTO\RincoMTO_fsauzi5n_wpftmp.csproj::TargetFramework=net48]
C:\Users\Nhan\OneDrive - Rincovitch\00. Nhan\CSharp\RincoMTO\BIMTOOL\obj\Release R26\Tools\MTO Group Bar\UI\MtoGroupBarWindow.g.cs(1,4): error CS1056: Unexpected character '\0' [C:\Users\Nhan\OneDrive - Rincovitch\00. Nhan\CSharp\RincoMTO\RincoMTO_fsauzi5n_wpftmp.csproj::TargetFramework=net48]
C:\Users\Nhan\OneDrive - Rincovitch\00. Nhan\CSharp\RincoMTO\BIMTOOL\obj\Release R26\GeneratedInternalTypeHelper.g.cs(1,5): error CS1056: Unexpected character '\0' [C:\Users\Nhan\OneDrive - Rincovitch\00. Nhan\CSharp\RincoMTO\RincoMTO_fsauzi5n_wpftmp.csproj::TargetFramework=net48]
C:\Users\Nhan\OneDrive - Rincovitch\00. Nhan\CSharp\RincoMTO\BIMTOOL\obj\Release R26\Tools\MTO Group Bar\UI\MtoGroupBarWindow.g.cs(1,5): error CS1056: Unexpected character '\0' [C:\Users\Nhan\OneDrive - Rincovitch\00. Nhan\CSharp\RincoMTO\RincoMTO_fsauzi5n_wpftmp.csproj::TargetFramework=net48]
C:\Users\Nhan\OneDrive - Rincovitch\00. Nhan\CSharp\RincoMTO\BIMTOOL\obj\Release R26\GeneratedInternalTypeHelper.g.cs(1,6): error CS1056: Unexpected character '\0' [C:\Users\Nhan\OneDrive - Rincovitch\00. Nhan\CSharp\RincoMTO\RincoMTO_fsauzi5n_wpftmp.csproj::TargetFramework=net48]
C:\Users\Nhan\OneDrive - Rincovitch\00. Nhan\CSharp\RincoMTO\BIMTOOL\obj\Release R26\Tools\MTO Group Bar\UI\MtoGroupBarWindow.g.cs(1,6): error CS1056: Unexpected character '\0' [C:\Users\Nhan\OneDrive - Rincovitch\00. Nhan\CSharp\RincoMTO\RincoMTO_fsauzi5n_wpftmp.csproj::TargetFramework=net48]
C:\Users\Nhan\OneDrive - Rincovitch\00. Nhan\CSharp\RincoMTO\BIMTOOL\obj\Release R26\GeneratedInternalTypeHelper.g.cs(1,7): error CS1056: Unexpected character '\0' [C:\Users\Nhan\OneDrive - Rincovitch\00. Nhan\CSharp\RincoMTO\RincoMTO_fsauzi5n_wpftmp.csproj::TargetFramework=net48]
C:\Users\Nhan\OneDrive - Rincovitch\00. Nhan\CSharp\RincoMTO\BIMTOOL\obj\Release R26\Tools\MTO Group Bar\UI\MtoGroupBarWindow.g.cs(1,7): error CS1056: Unexpected character '\0' [C:\Users\Nhan\OneDrive - Rincovitch\00. Nhan\CSharp\RincoMTO\RincoMTO_fsauzi5n_wpftmp.csproj::TargetFramework=net48]
C:\Users\Nhan\OneDrive - Rincovitch\00. Nhan\CSharp\RincoMTO\BIMTOOL\obj\Release R26\Tools\MTO Group Bar\UI\MtoGroupBarWindow.g.cs(1,8): error CS1056: Unexpected character '\0' [C:\Users\Nhan\OneDrive - Rincovitch\00. Nhan\CSharp\RincoMTO\RincoMTO_fsauzi5n_wpftmp.csproj::TargetFramework=net48]
C:\Users\Nhan\OneDrive - Rincovitch\00. Nhan\CSharp\RincoMTO\BIMTOOL\obj\Release R26\Tools\MTO Group Bar\UI\MtoGroupBarWindow.g.cs(1,9): error CS1056: Unexpected character '\0' [C:\Users\Nhan\OneDrive - Rincovitch\00. Nhan\CSharp\RincoMTO\RincoMTO_fsauzi5n_wpftmp.csproj::TargetFramework=net48]
C:\Users\Nhan\OneDrive - Rincovitch\00. Nhan\CSharp\RincoMTO\BIMTOOL\obj\Release R26\Tools\MTO Group Bar\UI\MtoGroupBarWindow.g.cs(1,10): error CS1056: Unexpected character '\0' [C:\Users\Nhan\OneDrive - Rincovitch\00. Nhan\CSharp\RincoMTO\RincoMTO_fsauzi5n_wpftmp.csproj::TargetFramework=net48]
C:\Users\Nhan\OneDrive - Rincovitch\00. Nhan\CSharp\RincoMTO\BIMTOOL\obj\Release R26\Tools\MTO Group Bar\UI\MtoGroupBarWindow.g.cs(1,11): error CS1056: Unexpected character '\0' [C:\Users\Nhan\OneDrive - Rincovitch\00. Nhan\CSharp\RincoMTO\RincoMTO_fsauzi5n_wpftmp.csproj::TargetFramework=net48]
C:\Users\Nhan\OneDrive - Rincovitch\00. Nhan\CSharp\RincoMTO\BIMTOOL\obj\Release R26\Tools\MTO Group Bar\UI\MtoGroupBarWindow.g.cs(1,12): error CS1056: Unexpected character '\0' [C:\Users\Nhan\OneDrive - Rincovitch\00. Nhan\CSharp\RincoMTO\RincoMTO_fsauzi5n_wpftmp.csproj::TargetFramework=net48]
C:\Users\Nhan\OneDrive - Rincovitch\00. Nhan\CSharp\RincoMTO\BIMTOOL\obj\Release R26\Tools\MTO Group Bar\UI\MtoGroupBarWindow.g.cs(1,13): error CS1056: Unexpected character '\0' [C:\Users\Nhan\OneDrive - Rincovitch\00. Nhan\CSharp\RincoMTO\RincoMTO_fsauzi5n_wpftmp.csproj::TargetFramework=net48]
C:\Users\Nhan\OneDrive - Rincovitch\00. Nhan\CSharp\RincoMTO\BIMTOOL\obj\Release R26\Tools\MTO Group Bar\UI\MtoGroupBarWindow.g.cs(1,14): error CS1056: Unexpected character '\0' [C:\Users\Nhan\OneDrive - Rincovitch\00. Nhan\CSharp\RincoMTO\RincoMTO_fsauzi5n_wpftmp.csproj::TargetFramework=net48]
C:\Users\Nhan\OneDrive - Rincovitch\00. Nhan\CSharp\RincoMTO\BIMTOOL\obj\Release R26\Tools\MTO Group Bar\UI\MtoGroupBarWindow.g.cs(1,15): error CS1056: Unexpected character '\0' [C:\Users\Nhan\OneDrive - Rincovitch\00. Nhan\CSharp\RincoMTO\RincoMTO_fsauzi5n_wpftmp.csproj::TargetFramework=net48]
C:\Users\Nhan\OneDrive - Rincovitch\00. Nhan\CSharp\RincoMTO\BIMTOOL\obj\Release R26\Tools\MTO Group Bar\UI\MtoGroupBarWindow.g.cs(1,16): error CS1056: Unexpected character '\0' [C:\Users\Nhan\OneDrive - Rincovitch\00. Nhan\CSharp\RincoMTO\RincoMTO_fsauzi5n_wpftmp.csproj::TargetFramework=net48]
C:\Users\Nhan\OneDrive - Rincovitch\00. Nhan\CSharp\RincoMTO\BIMTOOL\obj\Release R26\Tools\MTO Group Bar\UI\MtoGroupBarWindow.g.cs(1,17): error CS1056: Unexpected character '\0' [C:\Users\Nhan\OneDrive - Rincovitch\00. Nhan\CSharp\RincoMTO\RincoMTO_fsauzi5n_wpftmp.csproj::TargetFramework=net48]
C:\Users\Nhan\OneDrive - Rincovitch\00. Nhan\CSharp\RincoMTO\BIMTOOL\obj\Release R26\Tools\MTO Group Bar\UI\MtoGroupBarWindow.g.cs(1,18): error CS1056: Unexpected character '\0' [C:\Users\Nhan\OneDrive - Rincovitch\00. Nhan\CSharp\RincoMTO\RincoMTO_fsauzi5n_wpftmp.csproj::TargetFramework=net48]
C:\Users\Nhan\OneDrive - Rincovitch\00. Nhan\CSharp\RincoMTO\BIMTOOL\obj\Release R26\Tools\MTO Group Bar\UI\MtoGroupBarWindow.g.cs(1,19): error CS1056: Unexpected character '\0' [C:\Users\Nhan\OneDrive - Rincovitch\00. Nhan\CSharp\RincoMTO\RincoMTO_fsauzi5n_wpftmp.csproj::TargetFramework=net48]
C:\Users\Nhan\OneDrive - Rincovitch\00. Nhan\CSharp\RincoMTO\BIMTOOL\obj\Release R26\Tools\MTO Group Bar\UI\MtoGroupBarWindow.g.cs(1,20): error CS1056: Unexpected character '\0' [C:\Users\Nhan\OneDrive - Rincovitch\00. Nhan\CSharp\RincoMTO\RincoMTO_fsauzi5n_wpftmp.csproj::TargetFramework=net48]
C:\Users\Nhan\OneDrive - Rincovitch\00. Nhan\CSharp\RincoMTO\BIMTOOL\obj\Release R26\Tools\MTO Group Bar\UI\MtoGroupBarWindow.g.cs(1,21): error CS1056: Unexpected character '\0' [C:\Users\Nhan\OneDrive - Rincovitch\00. Nhan\CSharp\RincoMTO\RincoMTO_fsauzi5n_wpftmp.csproj::TargetFramework=net48]
C:\Users\Nhan\OneDrive - Rincovitch\00. Nhan\CSharp\RincoMTO\BIMTOOL\obj\Release R26\Tools\MTO Group Bar\UI\MtoGroupBarWindow.g.cs(1,22): error CS1056: Unexpected character '\0' [C:\Users\Nhan\OneDrive - Rincovitch\00. Nhan\CSharp\RincoMTO\RincoMTO_fsauzi5n_wpftmp.csproj::TargetFramework=net48]
C:\Users\Nhan\OneDrive - Rincovitch\00. Nhan\CSharp\RincoMTO\BIMTOOL\obj\Release R26\Tools\MTO Group Bar\UI\MtoGroupBarWindow.g.cs(1,23): error CS1056: Unexpected character '\0' [C:\Users\Nhan\OneDrive - Rincovitch\00. Nhan\CSharp\RincoMTO\RincoMTO_fsauzi5n_wpftmp.csproj::TargetFramework=net48]
C:\Users\Nhan\OneDrive - Rincovitch\00. Nhan\CSharp\RincoMTO\BIMTOOL\obj\Release R26\RincoMTO.AssemblyInfo.cs(1,1): error CS1056: Unexpected character '\0' [C:\Users\Nhan\OneDrive - Rincovitch\00. Nhan\CSharp\RincoMTO\RincoMTO_fsauzi5n_wpftmp.csproj::TargetFramework=net48]
C:\Users\Nhan\OneDrive - Rincovitch\00. Nhan\CSharp\RincoMTO\BIMTOOL\obj\Release R26\Tools\MTO Group Bar\UI\MtoGroupBarWindow.g.cs(1,24): error CS1056: Unexpected character '\0' [C:\Users\Nhan\OneDrive - Rincovitch\00. Nhan\CSharp\RincoMTO\RincoMTO_fsauzi5n_wpftmp.csproj::TargetFramework=net48]
C:\Users\Nhan\OneDrive - Rincovitch\00. Nhan\CSharp\RincoMTO\BIMTOOL\obj\Release R26\RincoMTO.AssemblyInfo.cs(1,2): error CS1056: Unexpected character '\0' [C:\Users\Nhan\OneDrive - Rincovitch\00. Nhan\CSharp\RincoMTO\RincoMTO_fsauzi5n_wpftmp.csproj::TargetFramework=net48]
C:\Users\Nhan\OneDrive - Rincovitch\00. Nhan\CSharp\RincoMTO\BIMTOOL\obj\Release R26\RincoMTO.AssemblyInfo.cs(1,3): error CS1056: Unexpected character '\0' [C:\Users\Nhan\OneDrive - Rincovitch\00. Nhan\CSharp\RincoMTO\RincoMTO_fsauzi5n_wpftmp.csproj::TargetFramework=net48]
C:\Users\Nhan\OneDrive - Rincovitch\00. Nhan\CSharp\RincoMTO\BIMTOOL\obj\Release R26\Tools\MTO Group Bar\UI\MtoGroupBarWindow.g.cs(1,25): error CS1056: Unexpected character '\0' [C:\Users\Nhan\OneDrive - Rincovitch\00. Nhan\CSharp\RincoMTO\RincoMTO_fsauzi5n_wpftmp.csproj::TargetFramework=net48]
C:\Users\Nhan\OneDrive - Rincovitch\00. Nhan\CSharp\RincoMTO\BIMTOOL\obj\Release R26\RincoMTO.AssemblyInfo.cs(1,4): error CS1056: Unexpected character '\0' [C:\Users\Nhan\OneDrive - Rincovitch\00. Nhan\CSharp\RincoMTO\RincoMTO_fsauzi5n_wpftmp.csproj::TargetFramework=net48]
C:\Users\Nhan\OneDrive - Rincovitch\00. Nhan\CSharp\RincoMTO\BIMTOOL\obj\Release R26\Tools\MTO Group Bar\UI\MtoGroupBarWindow.g.cs(1,26): error CS1056: Unexpected character '\0' [C:\Users\Nhan\OneDrive - Rincovitch\00. Nhan\CSharp\RincoMTO\RincoMTO_fsauzi5n_wpftmp.csproj::TargetFramework=net48]
C:\Users\Nhan\OneDrive - Rincovitch\00. Nhan\CSharp\RincoMTO\BIMTOOL\obj\Release R26\RincoMTO.AssemblyInfo.cs(1,5): error CS1056: Unexpected character '\0' [C:\Users\Nhan\OneDrive - Rincovitch\00. Nhan\CSharp\RincoMTO\RincoMTO_fsauzi5n_wpftmp.csproj::TargetFramework=net48]
C:\Users\Nhan\OneDrive - Rincovitch\00. Nhan\CSharp\RincoMTO\BIMTOOL\obj\Release R26\RincoMTO.AssemblyInfo.cs(1,6): error CS1056: Unexpected character '\0' [C:\Users\Nhan\OneDrive - Rincovitch\00. Nhan\CSharp\RincoMTO\RincoMTO_fsauzi5n_wpftmp.csproj::TargetFramework=net48]
C:\Users\Nhan\OneDrive - Rincovitch\00. Nhan\CSharp\RincoMTO\BIMTOOL\obj\Release R26\Tools\MTO Group Bar\UI\MtoGroupBarWindow.g.cs(1,27): error CS1056: Unexpected character '\0' [C:\Users\Nhan\OneDrive - Rincovitch\00. Nhan\CSharp\RincoMTO\RincoMTO_fsauzi5n_wpftmp.csproj::TargetFramework=net48]
C:\Users\Nhan\OneDrive - Rincovitch\00. Nhan\CSharp\RincoMTO\BIMTOOL\obj\Release R26\RincoMTO.AssemblyInfo.cs(1,7): error CS1056: Unexpected character '\0' [C:\Users\Nhan\OneDrive - Rincovitch\00. Nhan\CSharp\RincoMTO\RincoMTO_fsauzi5n_wpftmp.csproj::TargetFramework=net48]
C:\Users\Nhan\OneDrive - Rincovitch\00. Nhan\CSharp\RincoMTO\BIMTOOL\obj\Release R26\Tools\MTO Group Bar\UI\MtoGroupBarWindow.g.cs(1,28): error CS1056: Unexpected character '\0' [C:\Users\Nhan\OneDrive - Rincovitch\00. Nhan\CSharp\RincoMTO\RincoMTO_fsauzi5n_wpftmp.csproj::TargetFramework=net48]
C:\Users\Nhan\OneDrive - Rincovitch\00. Nhan\CSharp\RincoMTO\BIMTOOL\obj\Release R26\RincoMTO.AssemblyInfo.cs(1,8): error CS1056: Unexpected character '\0' [C:\Users\Nhan\OneDrive - Rincovitch\00. Nhan\CSharp\RincoMTO\RincoMTO_fsauzi5n_wpftmp.csproj::TargetFramework=net48]
C:\Users\Nhan\OneDrive - Rincovitch\00. Nhan\CSharp\RincoMTO\BIMTOOL\obj\Release R26\Tools\MTO Group Bar\UI\MtoGroupBarWindow.g.cs(1,29): error CS1056: Unexpected character '\0' [C:\Users\Nhan\OneDrive - Rincovitch\00. Nhan\CSharp\RincoMTO\RincoMTO_fsauzi5n_wpftmp.csproj::TargetFramework=net48]
C:\Users\Nhan\OneDrive - Rincovitch\00. Nhan\CSharp\RincoMTO\BIMTOOL\obj\Release R26\RincoMTO.AssemblyInfo.cs(1,9): error CS1056: Unexpected character '\0' [C:\Users\Nhan\OneDrive - Rincovitch\00. Nhan\CSharp\RincoMTO\RincoMTO_fsauzi5n_wpftmp.csproj::TargetFramework=net48]
C:\Users\Nhan\OneDrive - Rincovitch\00. Nhan\CSharp\RincoMTO\BIMTOOL\obj\Release R26\RincoMTO.AssemblyInfo.cs(1,10): error CS1056: Unexpected character '\0' [C:\Users\Nhan\OneDrive - Rincovitch\00. Nhan\CSharp\RincoMTO\RincoMTO_fsauzi5n_wpftmp.csproj::TargetFramework=net48]
C:\Users\Nhan\OneDrive - Rincovitch\00. Nhan\CSharp\RincoMTO\BIMTOOL\obj\Release R26\Tools\MTO Group Bar\UI\MtoGroupBarWindow.g.cs(1,30): error CS1056: Unexpected character '\0' [C:\Users\Nhan\OneDrive - Rincovitch\00. Nhan\CSharp\RincoMTO\RincoMTO_fsauzi5n_wpftmp.csproj::TargetFramework=net48]
C:\Users\Nhan\OneDrive - Rincovitch\00. Nhan\CSharp\RincoMTO\BIMTOOL\obj\Release R26\RincoMTO.AssemblyInfo.cs(1,11): error CS1056: Unexpected character '\0' [C:\Users\Nhan\OneDrive - Rincovitch\00. Nhan\CSharp\RincoMTO\RincoMTO_fsauzi5n_wpftmp.csproj::TargetFramework=net48]
C:\Users\Nhan\OneDrive - Rincovitch\00. Nhan\CSharp\RincoMTO\BIMTOOL\obj\Release R26\Tools\MTO Group Bar\UI\MtoGroupBarWindow.g.cs(1,31): error CS1056: Unexpected character '\0' [C:\Users\Nhan\OneDrive - Rincovitch\00. Nhan\CSharp\RincoMTO\RincoMTO_fsauzi5n_wpftmp.csproj::TargetFramework=net48]
C:\Users\Nhan\OneDrive - Rincovitch\00. Nhan\CSharp\RincoMTO\BIMTOOL\obj\Release R26\RincoMTO.AssemblyInfo.cs(1,12): error CS1056: Unexpected character '\0' [C:\Users\Nhan\OneDrive - Rincovitch\00. Nhan\CSharp\RincoMTO\RincoMTO_fsauzi5n_wpftmp.csproj::TargetFramework=net48]
C:\Users\Nhan\OneDrive - Rincovitch\00. Nhan\CSharp\RincoMTO\BIMTOOL\obj\Release R26\Tools\MTO Group Bar\UI\MtoGroupBarWindow.g.cs(1,32): error CS1056: Unexpected character '\0' [C:\Users\Nhan\OneDrive - Rincovitch\00. Nhan\CSharp\RincoMTO\RincoMTO_fsauzi5n_wpftmp.csproj::TargetFramework=net48]
C:\Users\Nhan\OneDrive - Rincovitch\00. Nhan\CSharp\RincoMTO\BIMTOOL\obj\Release R26\RincoMTO.AssemblyInfo.cs(1,13): error CS1056: Unexpected character '\0' [C:\Users\Nhan\OneDrive - Rincovitch\00. Nhan\CSharp\RincoMTO\RincoMTO_fsauzi5n_wpftmp.csproj::TargetFramework=net48]
C:\Users\Nhan\OneDrive - Rincovitch\00. Nhan\CSharp\RincoMTO\BIMTOOL\obj\Release R26\Tools\MTO Group Bar\UI\MtoGroupBarWindow.g.cs(1,33): error CS1056: Unexpected character '\0' [C:\Users\Nhan\OneDrive - Rincovitch\00. Nhan\CSharp\RincoMTO\RincoMTO_fsauzi5n_wpftmp.csproj::TargetFramework=net48]
C:\Users\Nhan\OneDrive - Rincovitch\00. Nhan\CSharp\RincoMTO\BIMTOOL\obj\Release R26\RincoMTO.AssemblyInfo.cs(1,14): error CS1056: Unexpected character '\0' [C:\Users\Nhan\OneDrive - Rincovitch\00. Nhan\CSharp\RincoMTO\RincoMTO_fsauzi5n_wpftmp.csproj::TargetFramework=net48]
C:\Users\Nhan\OneDrive - Rincovitch\00. Nhan\CSharp\RincoMTO\BIMTOOL\obj\Release R26\RincoMTO.AssemblyInfo.cs(1,15): error CS1056: Unexpected character '\0' [C:\Users\Nhan\OneDrive - Rincovitch\00. Nhan\CSharp\RincoMTO\RincoMTO_fsauzi5n_wpftmp.csproj::TargetFramework=net48]
C:\Users\Nhan\OneDrive - Rincovitch\00. Nhan\CSharp\RincoMTO\BIMTOOL\obj\Release R26\RincoMTO.AssemblyInfo.cs(1,16): error CS1056: Unexpected character '\0' [C:\Users\Nhan\OneDrive - Rincovitch\00. Nhan\CSharp\RincoMTO\RincoMTO_fsauzi5n_wpftmp.csproj::TargetFramework=net48]
C:\Users\Nhan\OneDrive - Rincovitch\00. Nhan\CSharp\RincoMTO\BIMTOOL\obj\Release R26\Tools\MTO Group Bar\UI\MtoGroupBarWindow.g.cs(1,34): error CS1056: Unexpected character '\0' [C:\Users\Nhan\OneDrive - Rincovitch\00. Nhan\CSharp\RincoMTO\RincoMTO_fsauzi5n_wpftmp.csproj::TargetFramework=net48]
C:\Users\Nhan\OneDrive - Rincovitch\00. Nhan\CSharp\RincoMTO\BIMTOOL\obj\Release R26\RincoMTO.AssemblyInfo.cs(1,17): error CS1056: Unexpected character '\0' [C:\Users\Nhan\OneDrive - Rincovitch\00. Nhan\CSharp\RincoMTO\RincoMTO_fsauzi5n_wpftmp.csproj::TargetFramework=net48]
C:\Users\Nhan\OneDrive - Rincovitch\00. Nhan\CSharp\RincoMTO\BIMTOOL\obj\Release R26\RincoMTO.AssemblyInfo.cs(1,18): error CS1056: Unexpected character '\0' [C:\Users\Nhan\OneDrive - Rincovitch\00. Nhan\CSharp\RincoMTO\RincoMTO_fsauzi5n_wpftmp.csproj::TargetFramework=net48]
C:\Users\Nhan\OneDrive - Rincovitch\00. Nhan\CSharp\RincoMTO\BIMTOOL\obj\Release R26\Tools\MTO Group Bar\UI\MtoGroupBarWindow.g.cs(1,35): error CS1056: Unexpected character '\0' [C:\Users\Nhan\OneDrive - Rincovitch\00. Nhan\CSharp\RincoMTO\RincoMTO_fsauzi5n_wpftmp.csproj::TargetFramework=net48]
C:\Users\Nhan\OneDrive - Rincovitch\00. Nhan\CSharp\RincoMTO\BIMTOOL\obj\Release R26\RincoMTO.AssemblyInfo.cs(1,19): error CS1056: Unexpected character '\0' [C:\Users\Nhan\OneDrive - Rincovitch\00. Nhan\CSharp\RincoMTO\RincoMTO_fsauzi5n_wpftmp.csproj::TargetFramework=net48]
C:\Users\Nhan\OneDrive - Rincovitch\00. Nhan\CSharp\RincoMTO\BIMTOOL\obj\Release R26\Tools\MTO Group Bar\UI\MtoGroupBarWindow.g.cs(1,36): error CS1056: Unexpected character '\0' [C:\Users\Nhan\OneDrive - Rincovitch\00. Nhan\CSharp\RincoMTO\RincoMTO_fsauzi5n_wpftmp.csproj::TargetFramework=net48]
C:\Users\Nhan\OneDrive - Rincovitch\00. Nhan\CSharp\RincoMTO\BIMTOOL\obj\Release R26\RincoMTO.AssemblyInfo.cs(1,20): error CS1056: Unexpected character '\0' [C:\Users\Nhan\OneDrive - Rincovitch\00. Nhan\CSharp\RincoMTO\RincoMTO_fsauzi5n_wpftmp.csproj::TargetFramework=net48]
C:\Users\Nhan\OneDrive - Rincovitch\00. Nhan\CSharp\RincoMTO\BIMTOOL\obj\Release R26\Tools\MTO Group Bar\UI\MtoGroupBarWindow.g.cs(1,37): error CS1056: Unexpected character '\0' [C:\Users\Nhan\OneDrive - Rincovitch\00. Nhan\CSharp\RincoMTO\RincoMTO_fsauzi5n_wpftmp.csproj::TargetFramework=net48]
C:\Users\Nhan\OneDrive - Rincovitch\00. Nhan\CSharp\RincoMTO\BIMTOOL\obj\Release R26\RincoMTO.AssemblyInfo.cs(1,21): error CS1056: Unexpected character '\0' [C:\Users\Nhan\OneDrive - Rincovitch\00. Nhan\CSharp\RincoMTO\RincoMTO_fsauzi5n_wpftmp.csproj::TargetFramework=net48]
C:\Users\Nhan\OneDrive - Rincovitch\00. Nhan\CSharp\RincoMTO\BIMTOOL\obj\Release R26\RincoMTO.AssemblyInfo.cs(1,22): error CS1056: Unexpected character '\0' [C:\Users\Nhan\OneDrive - Rincovitch\00. Nhan\CSharp\RincoMTO\RincoMTO_fsauzi5n_wpftmp.csproj::TargetFramework=net48]
C:\Users\Nhan\OneDrive - Rincovitch\00. Nhan\CSharp\RincoMTO\BIMTOOL\obj\Release R26\Tools\MTO Group Bar\UI\MtoGroupBarWindow.g.cs(1,38): error CS1056: Unexpected character '\0' [C:\Users\Nhan\OneDrive - Rincovitch\00. Nhan\CSharp\RincoMTO\RincoMTO_fsauzi5n_wpftmp.csproj::TargetFramework=net48]
C:\Users\Nhan\OneDrive - Rincovitch\00. Nhan\CSharp\RincoMTO\BIMTOOL\obj\Release R26\RincoMTO.AssemblyInfo.cs(1,23): error CS1056: Unexpected character '\0' [C:\Users\Nhan\OneDrive - Rincovitch\00. Nhan\CSharp\RincoMTO\RincoMTO_fsauzi5n_wpftmp.csproj::TargetFramework=net48]
C:\Users\Nhan\OneDrive - Rincovitch\00. Nhan\CSharp\RincoMTO\BIMTOOL\obj\Release R26\Tools\MTO Group Bar\UI\MtoGroupBarWindow.g.cs(1,39): error CS1056: Unexpected character '\0' [C:\Users\Nhan\OneDrive - Rincovitch\00. Nhan\CSharp\RincoMTO\RincoMTO_fsauzi5n_wpftmp.csproj::TargetFramework=net48]
C:\Users\Nhan\OneDrive - Rincovitch\00. Nhan\CSharp\RincoMTO\BIMTOOL\obj\Release R26\RincoMTO.AssemblyInfo.cs(1,24): error CS1056: Unexpected character '\0' [C:\Users\Nhan\OneDrive - Rincovitch\00. Nhan\CSharp\RincoMTO\RincoMTO_fsauzi5n_wpftmp.csproj::TargetFramework=net48]
C:\Users\Nhan\OneDrive - Rincovitch\00. Nhan\CSharp\RincoMTO\BIMTOOL\obj\Release R26\Tools\MTO Group Bar\UI\MtoGroupBarWindow.g.cs(1,40): error CS1056: Unexpected character '\0' [C:\Users\Nhan\OneDrive - Rincovitch\00. Nhan\CSharp\RincoMTO\RincoMTO_fsauzi5n_wpftmp.csproj::TargetFramework=net48]
C:\Users\Nhan\OneDrive - Rincovitch\00. Nhan\CSharp\RincoMTO\BIMTOOL\obj\Release R26\RincoMTO.AssemblyInfo.cs(1,25): error CS1056: Unexpected character '\0' [C:\Users\Nhan\OneDrive - Rincovitch\00. Nhan\CSharp\RincoMTO\RincoMTO_fsauzi5n_wpftmp.csproj::TargetFramework=net48]
C:\Users\Nhan\OneDrive - Rincovitch\00. Nhan\CSharp\RincoMTO\BIMTOOL\obj\Release R26\RincoMTO.AssemblyInfo.cs(1,26): error CS1056: Unexpected character '\0' [C:\Users\Nhan\OneDrive - Rincovitch\00. Nhan\CSharp\RincoMTO\RincoMTO_fsauzi5n_wpftmp.csproj::TargetFramework=net48]
C:\Users\Nhan\OneDrive - Rincovitch\00. Nhan\CSharp\RincoMTO\BIMTOOL\obj\Release R26\Tools\MTO Group Bar\UI\MtoGroupBarWindow.g.cs(1,41): error CS1056: Unexpected character '\0' [C:\Users\Nhan\OneDrive - Rincovitch\00. Nhan\CSharp\RincoMTO\RincoMTO_fsauzi5n_wpftmp.csproj::TargetFramework=net48]
C:\Users\Nhan\OneDrive - Rincovitch\00. Nhan\CSharp\RincoMTO\BIMTOOL\obj\Release R26\Tools\MTO Group Bar\UI\MtoGroupBarWindow.g.cs(1,42): error CS1056: Unexpected character '\0' [C:\Users\Nhan\OneDrive - Rincovitch\00. Nhan\CSharp\RincoMTO\RincoMTO_fsauzi5n_wpftmp.csproj::TargetFramework=net48]
C:\Users\Nhan\OneDrive - Rincovitch\00. Nhan\CSharp\RincoMTO\BIMTOOL\obj\Release R26\RincoMTO.AssemblyInfo.cs(1,27): error CS1056: Unexpected character '\0' [C:\Users\Nhan\OneDrive - Rincovitch\00. Nhan\CSharp\RincoMTO\RincoMTO_fsauzi5n_wpftmp.csproj::TargetFramework=net48]
C:\Users\Nhan\OneDrive - Rincovitch\00. Nhan\CSharp\RincoMTO\BIMTOOL\obj\Release R26\RincoMTO.AssemblyInfo.cs(1,28): error CS1056: Unexpected character '\0' [C:\Users\Nhan\OneDrive - Rincovitch\00. Nhan\CSharp\RincoMTO\RincoMTO_fsauzi5n_wpftmp.csproj::TargetFramework=net48]
C:\Users\Nhan\OneDrive - Rincovitch\00. Nhan\CSharp\RincoMTO\BIMTOOL\obj\Release R26\Tools\MTO Group Bar\UI\MtoGroupBarWindow.g.cs(1,43): error CS1056: Unexpected character '\0' [C:\Users\Nhan\OneDrive - Rincovitch\00. Nhan\CSharp\RincoMTO\RincoMTO_fsauzi5n_wpftmp.csproj::TargetFramework=net48]
C:\Users\Nhan\OneDrive - Rincovitch\00. Nhan\CSharp\RincoMTO\BIMTOOL\obj\Release R26\RincoMTO.AssemblyInfo.cs(1,29): error CS1056: Unexpected character '\0' [C:\Users\Nhan\OneDrive - Rincovitch\00. Nhan\CSharp\RincoMTO\RincoMTO_fsauzi5n_wpftmp.csproj::TargetFramework=net48]
C:\Users\Nhan\OneDrive - Rincovitch\00. Nhan\CSharp\RincoMTO\BIMTOOL\obj\Release R26\Tools\MTO Group Bar\UI\MtoGroupBarWindow.g.cs(1,44): error CS1056: Unexpected character '\0' [C:\Users\Nhan\OneDrive - Rincovitch\00. Nhan\CSharp\RincoMTO\RincoMTO_fsauzi5n_wpftmp.csproj::TargetFramework=net48]
C:\Users\Nhan\OneDrive - Rincovitch\00. Nhan\CSharp\RincoMTO\BIMTOOL\obj\Release R26\RincoMTO.AssemblyInfo.cs(1,30): error CS1056: Unexpected character '\0' [C:\Users\Nhan\OneDrive - Rincovitch\00. Nhan\CSharp\RincoMTO\RincoMTO_fsauzi5n_wpftmp.csproj::TargetFramework=net48]
C:\Users\Nhan\OneDrive - Rincovitch\00. Nhan\CSharp\RincoMTO\BIMTOOL\obj\Release R26\RincoMTO.AssemblyInfo.cs(1,31): error CS1056: Unexpected character '\0' [C:\Users\Nhan\OneDrive - Rincovitch\00. Nhan\CSharp\RincoMTO\RincoMTO_fsauzi5n_wpftmp.csproj::TargetFramework=net48]
C:\Users\Nhan\OneDrive - Rincovitch\00. Nhan\CSharp\RincoMTO\BIMTOOL\obj\Release R26\Tools\MTO Group Bar\UI\MtoGroupBarWindow.g.cs(1,45): error CS1056: Unexpected character '\0' [C:\Users\Nhan\OneDrive - Rincovitch\00. Nhan\CSharp\RincoMTO\RincoMTO_fsauzi5n_wpftmp.csproj::TargetFramework=net48]
C:\Users\Nhan\OneDrive - Rincovitch\00. Nhan\CSharp\RincoMTO\BIMTOOL\obj\Release R26\RincoMTO.AssemblyInfo.cs(1,32): error CS1056: Unexpected character '\0' [C:\Users\Nhan\OneDrive - Rincovitch\00. Nhan\CSharp\RincoMTO\RincoMTO_fsauzi5n_wpftmp.csproj::TargetFramework=net48]
C:\Users\Nhan\OneDrive - Rincovitch\00. Nhan\CSharp\RincoMTO\BIMTOOL\obj\Release R26\Tools\MTO Group Bar\UI\MtoGroupBarWindow.g.cs(1,46): error CS1056: Unexpected character '\0' [C:\Users\Nhan\OneDrive - Rincovitch\00. Nhan\CSharp\RincoMTO\RincoMTO_fsauzi5n_wpftmp.csproj::TargetFramework=net48]
C:\Users\Nhan\OneDrive - Rincovitch\00. Nhan\CSharp\RincoMTO\BIMTOOL\obj\Release R26\RincoMTO.AssemblyInfo.cs(1,33): error CS1056: Unexpected character '\0' [C:\Users\Nhan\OneDrive - Rincovitch\00. Nhan\CSharp\RincoMTO\RincoMTO_fsauzi5n_wpftmp.csproj::TargetFramework=net48]
C:\Users\Nhan\OneDrive - Rincovitch\00. Nhan\CSharp\RincoMTO\BIMTOOL\obj\Release R26\Tools\MTO Group Bar\UI\MtoGroupBarWindow.g.cs(1,47): error CS1056: Unexpected character '\0' [C:\Users\Nhan\OneDrive - Rincovitch\00. Nhan\CSharp\RincoMTO\RincoMTO_fsauzi5n_wpftmp.csproj::TargetFramework=net48]
C:\Users\Nhan\OneDrive - Rincovitch\00. Nhan\CSharp\RincoMTO\BIMTOOL\obj\Release R26\RincoMTO.AssemblyInfo.cs(1,34): error CS1056: Unexpected character '\0' [C:\Users\Nhan\OneDrive - Rincovitch\00. Nhan\CSharp\RincoMTO\RincoMTO_fsauzi5n_wpftmp.csproj::TargetFramework=net48]
C:\Users\Nhan\OneDrive - Rincovitch\00. Nhan\CSharp\RincoMTO\BIMTOOL\obj\Release R26\Tools\MTO Group Bar\UI\MtoGroupBarWindow.g.cs(1,48): error CS1056: Unexpected character '\0' [C:\Users\Nhan\OneDrive - Rincovitch\00. Nhan\CSharp\RincoMTO\RincoMTO_fsauzi5n_wpftmp.csproj::TargetFramework=net48]
C:\Users\Nhan\OneDrive - Rincovitch\00. Nhan\CSharp\RincoMTO\BIMTOOL\obj\Release R26\RincoMTO.AssemblyInfo.cs(1,35): error CS1056: Unexpected character '\0' [C:\Users\Nhan\OneDrive - Rincovitch\00. Nhan\CSharp\RincoMTO\RincoMTO_fsauzi5n_wpftmp.csproj::TargetFramework=net48]
C:\Users\Nhan\OneDrive - Rincovitch\00. Nhan\CSharp\RincoMTO\BIMTOOL\obj\Release R26\Tools\MTO Group Bar\UI\MtoGroupBarWindow.g.cs(1,49): error CS1056: Unexpected character '\0' [C:\Users\Nhan\OneDrive - Rincovitch\00. Nhan\CSharp\RincoMTO\RincoMTO_fsauzi5n_wpftmp.csproj::TargetFramework=net48]
C:\Users\Nhan\OneDrive - Rincovitch\00. Nhan\CSharp\RincoMTO\BIMTOOL\obj\Release R26\RincoMTO.AssemblyInfo.cs(1,36): error CS1056: Unexpected character '\0' [C:\Users\Nhan\OneDrive - Rincovitch\00. Nhan\CSharp\RincoMTO\RincoMTO_fsauzi5n_wpftmp.csproj::TargetFramework=net48]
C:\Users\Nhan\OneDrive - Rincovitch\00. Nhan\CSharp\RincoMTO\BIMTOOL\obj\Release R26\Tools\MTO Group Bar\UI\MtoGroupBarWindow.g.cs(1,50): error CS1056: Unexpected character '\0' [C:\Users\Nhan\OneDrive - Rincovitch\00. Nhan\CSharp\RincoMTO\RincoMTO_fsauzi5n_wpftmp.csproj::TargetFramework=net48]
C:\Users\Nhan\OneDrive - Rincovitch\00. Nhan\CSharp\RincoMTO\BIMTOOL\obj\Release R26\RincoMTO.AssemblyInfo.cs(1,37): error CS1056: Unexpected character '\0' [C:\Users\Nhan\OneDrive - Rincovitch\00. Nhan\CSharp\RincoMTO\RincoMTO_fsauzi5n_wpftmp.csproj::TargetFramework=net48]
C:\Users\Nhan\OneDrive - Rincovitch\00. Nhan\CSharp\RincoMTO\BIMTOOL\obj\Release R26\RincoMTO.AssemblyInfo.cs(1,38): error CS1056: Unexpected character '\0' [C:\Users\Nhan\OneDrive - Rincovitch\00. Nhan\CSharp\RincoMTO\RincoMTO_fsauzi5n_wpftmp.csproj::TargetFramework=net48]
C:\Users\Nhan\OneDrive - Rincovitch\00. Nhan\CSharp\RincoMTO\BIMTOOL\obj\Release R26\Tools\MTO Group Bar\UI\MtoGroupBarWindow.g.cs(1,51): error CS1056: Unexpected character '\0' [C:\Users\Nhan\OneDrive - Rincovitch\00. Nhan\CSharp\RincoMTO\RincoMTO_fsauzi5n_wpftmp.csproj::TargetFramework=net48]
C:\Users\Nhan\OneDrive - Rincovitch\00. Nhan\CSharp\RincoMTO\BIMTOOL\obj\Release R26\RincoMTO.AssemblyInfo.cs(1,39): error CS1056: Unexpected character '\0' [C:\Users\Nhan\OneDrive - Rincovitch\00. Nhan\CSharp\RincoMTO\RincoMTO_fsauzi5n_wpftmp.csproj::TargetFramework=net48]
C:\Users\Nhan\OneDrive - Rincovitch\00. Nhan\CSharp\RincoMTO\BIMTOOL\obj\Release R26\RincoMTO.AssemblyInfo.cs(1,40): error CS1056: Unexpected character '\0' [C:\Users\Nhan\OneDrive - Rincovitch\00. Nhan\CSharp\RincoMTO\RincoMTO_fsauzi5n_wpftmp.csproj::TargetFramework=net48]
C:\Users\Nhan\OneDrive - Rincovitch\00. Nhan\CSharp\RincoMTO\BIMTOOL\obj\Release R26\Tools\MTO Group Bar\UI\MtoGroupBarWindow.g.cs(1,52): error CS1056: Unexpected character '\0' [C:\Users\Nhan\OneDrive - Rincovitch\00. Nhan\CSharp\RincoMTO\RincoMTO_fsauzi5n_wpftmp.csproj::TargetFramework=net48]
C:\Users\Nhan\OneDrive - Rincovitch\00. Nhan\CSharp\RincoMTO\BIMTOOL\obj\Release R26\RincoMTO.AssemblyInfo.cs(1,41): error CS1056: Unexpected character '\0' [C:\Users\Nhan\OneDrive - Rincovitch\00. Nhan\CSharp\RincoMTO\RincoMTO_fsauzi5n_wpftmp.csproj::TargetFramework=net48]
C:\Users\Nhan\OneDrive - Rincovitch\00. Nhan\CSharp\RincoMTO\BIMTOOL\obj\Release R26\Tools\MTO Group Bar\UI\MtoGroupBarWindow.g.cs(1,53): error CS1056: Unexpected character '\0' [C:\Users\Nhan\OneDrive - Rincovitch\00. Nhan\CSharp\RincoMTO\RincoMTO_fsauzi5n_wpftmp.csproj::TargetFramework=net48]
C:\Users\Nhan\OneDrive - Rincovitch\00. Nhan\CSharp\RincoMTO\BIMTOOL\obj\Release R26\RincoMTO.AssemblyInfo.cs(1,42): error CS1056: Unexpected character '\0' [C:\Users\Nhan\OneDrive - Rincovitch\00. Nhan\CSharp\RincoMTO\RincoMTO_fsauzi5n_wpftmp.csproj::TargetFramework=net48]
C:\Users\Nhan\OneDrive - Rincovitch\00. Nhan\CSharp\RincoMTO\BIMTOOL\obj\Release R26\Tools\MTO Group Bar\UI\MtoGroupBarWindow.g.cs(1,54): error CS1056: Unexpected character '\0' [C:\Users\Nhan\OneDrive - Rincovitch\00. Nhan\CSharp\RincoMTO\RincoMTO_fsauzi5n_wpftmp.csproj::TargetFramework=net48]
C:\Users\Nhan\OneDrive - Rincovitch\00. Nhan\CSharp\RincoMTO\BIMTOOL\obj\Release R26\RincoMTO.AssemblyInfo.cs(1,43): error CS1056: Unexpected character '\0' [C:\Users\Nhan\OneDrive - Rincovitch\00. Nhan\CSharp\RincoMTO\RincoMTO_fsauzi5n_wpftmp.csproj::TargetFramework=net48]
C:\Users\Nhan\OneDrive - Rincovitch\00. Nhan\CSharp\RincoMTO\BIMTOOL\obj\Release R26\Tools\MTO Group Bar\UI\MtoGroupBarWindow.g.cs(1,55): error CS1056: Unexpected character '\0' [C:\Users\Nhan\OneDrive - Rincovitch\00. Nhan\CSharp\RincoMTO\RincoMTO_fsauzi5n_wpftmp.csproj::TargetFramework=net48]
C:\Users\Nhan\OneDrive - Rincovitch\00. Nhan\CSharp\RincoMTO\BIMTOOL\obj\Release R26\RincoMTO.AssemblyInfo.cs(1,44): error CS1056: Unexpected character '\0' [C:\Users\Nhan\OneDrive - Rincovitch\00. Nhan\CSharp\RincoMTO\RincoMTO_fsauzi5n_wpftmp.csproj::TargetFramework=net48]
C:\Users\Nhan\OneDrive - Rincovitch\00. Nhan\CSharp\RincoMTO\BIMTOOL\obj\Release R26\Tools\MTO Group Bar\UI\MtoGroupBarWindow.g.cs(1,56): error CS1056: Unexpected character '\0' [C:\Users\Nhan\OneDrive - Rincovitch\00. Nhan\CSharp\RincoMTO\RincoMTO_fsauzi5n_wpftmp.csproj::TargetFramework=net48]
C:\Users\Nhan\OneDrive - Rincovitch\00. Nhan\CSharp\RincoMTO\BIMTOOL\obj\Release R26\RincoMTO.AssemblyInfo.cs(1,45): error CS1056: Unexpected character '\0' [C:\Users\Nhan\OneDrive - Rincovitch\00. Nhan\CSharp\RincoMTO\RincoMTO_fsauzi5n_wpftmp.csproj::TargetFramework=net48]
C:\Users\Nhan\OneDrive - Rincovitch\00. Nhan\CSharp\RincoMTO\BIMTOOL\obj\Release R26\RincoMTO.AssemblyInfo.cs(1,46): error CS1056: Unexpected character '\0' [C:\Users\Nhan\OneDrive - Rincovitch\00. Nhan\CSharp\RincoMTO\RincoMTO_fsauzi5n_wpftmp.csproj::TargetFramework=net48]
C:\Users\Nhan\OneDrive - Rincovitch\00. Nhan\CSharp\RincoMTO\BIMTOOL\obj\Release R26\Tools\MTO Group Bar\UI\MtoGroupBarWindow.g.cs(1,57): error CS1056: Unexpected character '\0' [C:\Users\Nhan\OneDrive - Rincovitch\00. Nhan\CSharp\RincoMTO\RincoMTO_fsauzi5n_wpftmp.csproj::TargetFramework=net48]
C:\Users\Nhan\OneDrive - Rincovitch\00. Nhan\CSharp\RincoMTO\BIMTOOL\obj\Release R26\RincoMTO.AssemblyInfo.cs(1,47): error CS1056: Unexpected character '\0' [C:\Users\Nhan\OneDrive - Rincovitch\00. Nhan\CSharp\RincoMTO\RincoMTO_fsauzi5n_wpftmp.csproj::TargetFramework=net48]
C:\Users\Nhan\OneDrive - Rincovitch\00. Nhan\CSharp\RincoMTO\BIMTOOL\obj\Release R26\RincoMTO.AssemblyInfo.cs(1,48): error CS1056: Unexpected character '\0' [C:\Users\Nhan\OneDrive - Rincovitch\00. Nhan\CSharp\RincoMTO\RincoMTO_fsauzi5n_wpftmp.csproj::TargetFramework=net48]
C:\Users\Nhan\OneDrive - Rincovitch\00. Nhan\CSharp\RincoMTO\BIMTOOL\obj\Release R26\Tools\MTO Group Bar\UI\MtoGroupBarWindow.g.cs(1,58): error CS1056: Unexpected character '\0' [C:\Users\Nhan\OneDrive - Rincovitch\00. Nhan\CSharp\RincoMTO\RincoMTO_fsauzi5n_wpftmp.csproj::TargetFramework=net48]
C:\Users\Nhan\OneDrive - Rincovitch\00. Nhan\CSharp\RincoMTO\BIMTOOL\obj\Release R26\RincoMTO.AssemblyInfo.cs(1,49): error CS1056: Unexpected character '\0' [C:\Users\Nhan\OneDrive - Rincovitch\00. Nhan\CSharp\RincoMTO\RincoMTO_fsauzi5n_wpftmp.csproj::TargetFramework=net48]
C:\Users\Nhan\OneDrive - Rincovitch\00. Nhan\CSharp\RincoMTO\BIMTOOL\obj\Release R26\Tools\MTO Group Bar\UI\MtoGroupBarWindow.g.cs(1,59): error CS1056: Unexpected character '\0' [C:\Users\Nhan\OneDrive - Rincovitch\00. Nhan\CSharp\RincoMTO\RincoMTO_fsauzi5n_wpftmp.csproj::TargetFramework=net48]
C:\Users\Nhan\OneDrive - Rincovitch\00. Nhan\CSharp\RincoMTO\BIMTOOL\obj\Release R26\RincoMTO.AssemblyInfo.cs(1,50): error CS1056: Unexpected character '\0' [C:\Users\Nhan\OneDrive - Rincovitch\00. Nhan\CSharp\RincoMTO\RincoMTO_fsauzi5n_wpftmp.csproj::TargetFramework=net48]
C:\Users\Nhan\OneDrive - Rincovitch\00. Nhan\CSharp\RincoMTO\BIMTOOL\obj\Release R26\Tools\MTO Group Bar\UI\MtoGroupBarWindow.g.cs(1,60): error CS1056: Unexpected character '\0' [C:\Users\Nhan\OneDrive - Rincovitch\00. Nhan\CSharp\RincoMTO\RincoMTO_fsauzi5n_wpftmp.csproj::TargetFramework=net48]
C:\Users\Nhan\OneDrive - Rincovitch\00. Nhan\CSharp\RincoMTO\BIMTOOL\obj\Release R26\RincoMTO.AssemblyInfo.cs(1,51): error CS1056: Unexpected character '\0' [C:\Users\Nhan\OneDrive - Rincovitch\00. Nhan\CSharp\RincoMTO\RincoMTO_fsauzi5n_wpftmp.csproj::TargetFramework=net48]
C:\Users\Nhan\OneDrive - Rincovitch\00. Nhan\CSharp\RincoMTO\BIMTOOL\obj\Release R26\Tools\MTO Group Bar\UI\MtoGroupBarWindow.g.cs(1,61): error CS1056: Unexpected character '\0' [C:\Users\Nhan\OneDrive - Rincovitch\00. Nhan\CSharp\RincoMTO\RincoMTO_fsauzi5n_wpftmp.csproj::TargetFramework=net48]
C:\Users\Nhan\OneDrive - Rincovitch\00. Nhan\CSharp\RincoMTO\BIMTOOL\obj\Release R26\RincoMTO.AssemblyInfo.cs(1,52): error CS1056: Unexpected character '\0' [C:\Users\Nhan\OneDrive - Rincovitch\00. Nhan\CSharp\RincoMTO\RincoMTO_fsauzi5n_wpftmp.csproj::TargetFramework=net48]
C:\Users\Nhan\OneDrive - Rincovitch\00. Nhan\CSharp\RincoMTO\BIMTOOL\obj\Release R26\Tools\MTO Group Bar\UI\MtoGroupBarWindow.g.cs(1,62): error CS1056: Unexpected character '\0' [C:\Users\Nhan\OneDrive - Rincovitch\00. Nhan\CSharp\RincoMTO\RincoMTO_fsauzi5n_wpftmp.csproj::TargetFramework=net48]
C:\Users\Nhan\OneDrive - Rincovitch\00. Nhan\CSharp\RincoMTO\BIMTOOL\obj\Release R26\RincoMTO.AssemblyInfo.cs(1,53): error CS1056: Unexpected character '\0' [C:\Users\Nhan\OneDrive - Rincovitch\00. Nhan\CSharp\RincoMTO\RincoMTO_fsauzi5n_wpftmp.csproj::TargetFramework=net48]
C:\Users\Nhan\OneDrive - Rincovitch\00. Nhan\CSharp\RincoMTO\BIMTOOL\obj\Release R26\RincoMTO.AssemblyInfo.cs(1,54): error CS1056: Unexpected character '\0' [C:\Users\Nhan\OneDrive - Rincovitch\00. Nhan\CSharp\RincoMTO\RincoMTO_fsauzi5n_wpftmp.csproj::TargetFramework=net48]
C:\Users\Nhan\OneDrive - Rincovitch\00. Nhan\CSharp\RincoMTO\BIMTOOL\obj\Release R26\Tools\MTO Group Bar\UI\MtoGroupBarWindow.g.cs(1,63): error CS1056: Unexpected character '\0' [C:\Users\Nhan\OneDrive - Rincovitch\00. Nhan\CSharp\RincoMTO\RincoMTO_fsauzi5n_wpftmp.csproj::TargetFramework=net48]
C:\Users\Nhan\OneDrive - Rincovitch\00. Nhan\CSharp\RincoMTO\BIMTOOL\obj\Release R26\RincoMTO.AssemblyInfo.cs(1,55): error CS1056: Unexpected character '\0' [C:\Users\Nhan\OneDrive - Rincovitch\00. Nhan\CSharp\RincoMTO\RincoMTO_fsauzi5n_wpftmp.csproj::TargetFramework=net48]
C:\Users\Nhan\OneDrive - Rincovitch\00. Nhan\CSharp\RincoMTO\BIMTOOL\obj\Release R26\RincoMTO.AssemblyInfo.cs(1,56): error CS1056: Unexpected character '\0' [C:\Users\Nhan\OneDrive - Rincovitch\00. Nhan\CSharp\RincoMTO\RincoMTO_fsauzi5n_wpftmp.csproj::TargetFramework=net48]
C:\Users\Nhan\OneDrive - Rincovitch\00. Nhan\CSharp\RincoMTO\BIMTOOL\obj\Release R26\Tools\MTO Group Bar\UI\MtoGroupBarWindow.g.cs(1,64): error CS1056: Unexpected character '\0' [C:\Users\Nhan\OneDrive - Rincovitch\00. Nhan\CSharp\RincoMTO\RincoMTO_fsauzi5n_wpftmp.csproj::TargetFramework=net48]
C:\Users\Nhan\OneDrive - Rincovitch\00. Nhan\CSharp\RincoMTO\BIMTOOL\obj\Release R26\RincoMTO.AssemblyInfo.cs(1,57): error CS1056: Unexpected character '\0' [C:\Users\Nhan\OneDrive - Rincovitch\00. Nhan\CSharp\RincoMTO\RincoMTO_fsauzi5n_wpftmp.csproj::TargetFramework=net48]
C:\Users\Nhan\OneDrive - Rincovitch\00. Nhan\CSharp\RincoMTO\BIMTOOL\obj\Release R26\Tools\MTO Group Bar\UI\MtoGroupBarWindow.g.cs(1,65): error CS1056: Unexpected character '\0' [C:\Users\Nhan\OneDrive - Rincovitch\00. Nhan\CSharp\RincoMTO\RincoMTO_fsauzi5n_wpftmp.csproj::TargetFramework=net48]
C:\Users\Nhan\OneDrive - Rincovitch\00. Nhan\CSharp\RincoMTO\BIMTOOL\obj\Release R26\RincoMTO.AssemblyInfo.cs(1,58): error CS1056: Unexpected character '\0' [C:\Users\Nhan\OneDrive - Rincovitch\00. Nhan\CSharp\RincoMTO\RincoMTO_fsauzi5n_wpftmp.csproj::TargetFramework=net48]
C:\Users\Nhan\OneDrive - Rincovitch\00. Nhan\CSharp\RincoMTO\BIMTOOL\obj\Release R26\RincoMTO.AssemblyInfo.cs(1,59): error CS1056: Unexpected character '\0' [C:\Users\Nhan\OneDrive - Rincovitch\00. Nhan\CSharp\RincoMTO\RincoMTO_fsauzi5n_wpftmp.csproj::TargetFramework=net48]
C:\Users\Nhan\OneDrive - Rincovitch\00. Nhan\CSharp\RincoMTO\BIMTOOL\obj\Release R26\Tools\MTO Group Bar\UI\MtoGroupBarWindow.g.cs(1,66): error CS1056: Unexpected character '\0' [C:\Users\Nhan\OneDrive - Rincovitch\00. Nhan\CSharp\RincoMTO\RincoMTO_fsauzi5n_wpftmp.csproj::TargetFramework=net48]
C:\Users\Nhan\OneDrive - Rincovitch\00. Nhan\CSharp\RincoMTO\BIMTOOL\obj\Release R26\RincoMTO.AssemblyInfo.cs(1,60): error CS1056: Unexpected character '\0' [C:\Users\Nhan\OneDrive - Rincovitch\00. Nhan\CSharp\RincoMTO\RincoMTO_fsauzi5n_wpftmp.csproj::TargetFramework=net48]
C:\Users\Nhan\OneDrive - Rincovitch\00. Nhan\CSharp\RincoMTO\BIMTOOL\obj\Release R26\RincoMTO.AssemblyInfo.cs(1,61): error CS1056: Unexpected character '\0' [C:\Users\Nhan\OneDrive - Rincovitch\00. Nhan\CSharp\RincoMTO\RincoMTO_fsauzi5n_wpftmp.csproj::TargetFramework=net48]
C:\Users\Nhan\OneDrive - Rincovitch\00. Nhan\CSharp\RincoMTO\BIMTOOL\obj\Release R26\Tools\MTO Group Bar\UI\MtoGroupBarWindow.g.cs(1,67): error CS1056: Unexpected character '\0' [C:\Users\Nhan\OneDrive - Rincovitch\00. Nhan\CSharp\RincoMTO\RincoMTO_fsauzi5n_wpftmp.csproj::TargetFramework=net48]
C:\Users\Nhan\OneDrive - Rincovitch\00. Nhan\CSharp\RincoMTO\BIMTOOL\obj\Release R26\RincoMTO.AssemblyInfo.cs(1,62): error CS1056: Unexpected character '\0' [C:\Users\Nhan\OneDrive - Rincovitch\00. Nhan\CSharp\RincoMTO\RincoMTO_fsauzi5n_wpftmp.csproj::TargetFramework=net48]
C:\Users\Nhan\OneDrive - Rincovitch\00. Nhan\CSharp\RincoMTO\BIMTOOL\obj\Release R26\Tools\MTO Group Bar\UI\MtoGroupBarWindow.g.cs(1,68): error CS1056: Unexpected character '\0' [C:\Users\Nhan\OneDrive - Rincovitch\00. Nhan\CSharp\RincoMTO\RincoMTO_fsauzi5n_wpftmp.csproj::TargetFramework=net48]
C:\Users\Nhan\OneDrive - Rincovitch\00. Nhan\CSharp\RincoMTO\BIMTOOL\obj\Release R26\RincoMTO.AssemblyInfo.cs(1,63): error CS1056: Unexpected character '\0' [C:\Users\Nhan\OneDrive - Rincovitch\00. Nhan\CSharp\RincoMTO\RincoMTO_fsauzi5n_wpftmp.csproj::TargetFramework=net48]
C:\Users\Nhan\OneDrive - Rincovitch\00. Nhan\CSharp\RincoMTO\BIMTOOL\obj\Release R26\Tools\MTO Group Bar\UI\MtoGroupBarWindow.g.cs(1,69): error CS1056: Unexpected character '\0' [C:\Users\Nhan\OneDrive - Rincovitch\00. Nhan\CSharp\RincoMTO\RincoMTO_fsauzi5n_wpftmp.csproj::TargetFramework=net48]
C:\Users\Nhan\OneDrive - Rincovitch\00. Nhan\CSharp\RincoMTO\BIMTOOL\obj\Release R26\RincoMTO.AssemblyInfo.cs(1,64): error CS1056: Unexpected character '\0' [C:\Users\Nhan\OneDrive - Rincovitch\00. Nhan\CSharp\RincoMTO\RincoMTO_fsauzi5n_wpftmp.csproj::TargetFramework=net48]
C:\Users\Nhan\OneDrive - Rincovitch\00. Nhan\CSharp\RincoMTO\BIMTOOL\obj\Release R26\Tools\MTO Group Bar\UI\MtoGroupBarWindow.g.cs(1,70): error CS1056: Unexpected character '\0' [C:\Users\Nhan\OneDrive - Rincovitch\00. Nhan\CSharp\RincoMTO\RincoMTO_fsauzi5n_wpftmp.csproj::TargetFramework=net48]
C:\Users\Nhan\OneDrive - Rincovitch\00. Nhan\CSharp\RincoMTO\BIMTOOL\obj\Release R26\RincoMTO.AssemblyInfo.cs(1,65): error CS1056: Unexpected character '\0' [C:\Users\Nhan\OneDrive - Rincovitch\00. Nhan\CSharp\RincoMTO\RincoMTO_fsauzi5n_wpftmp.csproj::TargetFramework=net48]
C:\Users\Nhan\OneDrive - Rincovitch\00. Nhan\CSharp\RincoMTO\BIMTOOL\obj\Release R26\Tools\MTO Group Bar\UI\MtoGroupBarWindow.g.cs(1,71): error CS1056: Unexpected character '\0' [C:\Users\Nhan\OneDrive - Rincovitch\00. Nhan\CSharp\RincoMTO\RincoMTO_fsauzi5n_wpftmp.csproj::TargetFramework=net48]
C:\Users\Nhan\OneDrive - Rincovitch\00. Nhan\CSharp\RincoMTO\BIMTOOL\obj\Release R26\RincoMTO.AssemblyInfo.cs(1,66): error CS1056: Unexpected character '\0' [C:\Users\Nhan\OneDrive - Rincovitch\00. Nhan\CSharp\RincoMTO\RincoMTO_fsauzi5n_wpftmp.csproj::TargetFramework=net48]
C:\Users\Nhan\OneDrive - Rincovitch\00. Nhan\CSharp\RincoMTO\BIMTOOL\obj\Release R26\Tools\MTO Group Bar\UI\MtoGroupBarWindow.g.cs(1,72): error CS1056: Unexpected character '\0' [C:\Users\Nhan\OneDrive - Rincovitch\00. Nhan\CSharp\RincoMTO\RincoMTO_fsauzi5n_wpftmp.csproj::TargetFramework=net48]
C:\Users\Nhan\OneDrive - Rincovitch\00. Nhan\CSharp\RincoMTO\BIMTOOL\obj\Release R26\RincoMTO.AssemblyInfo.cs(1,67): error CS1056: Unexpected character '\0' [C:\Users\Nhan\OneDrive - Rincovitch\00. Nhan\CSharp\RincoMTO\RincoMTO_fsauzi5n_wpftmp.csproj::TargetFramework=net48]
C:\Users\Nhan\OneDrive - Rincovitch\00. Nhan\CSharp\RincoMTO\BIMTOOL\obj\Release R26\Tools\MTO Group Bar\UI\MtoGroupBarWindow.g.cs(1,73): error CS1056: Unexpected character '\0' [C:\Users\Nhan\OneDrive - Rincovitch\00. Nhan\CSharp\RincoMTO\RincoMTO_fsauzi5n_wpftmp.csproj::TargetFramework=net48]
C:\Users\Nhan\OneDrive - Rincovitch\00. Nhan\CSharp\RincoMTO\BIMTOOL\obj\Release R26\RincoMTO.AssemblyInfo.cs(1,68): error CS1056: Unexpected character '\0' [C:\Users\Nhan\OneDrive - Rincovitch\00. Nhan\CSharp\RincoMTO\RincoMTO_fsauzi5n_wpftmp.csproj::TargetFramework=net48]
C:\Users\Nhan\OneDrive - Rincovitch\00. Nhan\CSharp\RincoMTO\BIMTOOL\obj\Release R26\RincoMTO.AssemblyInfo.cs(1,69): error CS1056: Unexpected character '\0' [C:\Users\Nhan\OneDrive - Rincovitch\00. Nhan\CSharp\RincoMTO\RincoMTO_fsauzi5n_wpftmp.csproj::TargetFramework=net48]
C:\Users\Nhan\OneDrive - Rincovitch\00. Nhan\CSharp\RincoMTO\BIMTOOL\obj\Release R26\Tools\MTO Group Bar\UI\MtoGroupBarWindow.g.cs(1,74): error CS1056: Unexpected character '\0' [C:\Users\Nhan\OneDrive - Rincovitch\00. Nhan\CSharp\RincoMTO\RincoMTO_fsauzi5n_wpftmp.csproj::TargetFramework=net48]
C:\Users\Nhan\OneDrive - Rincovitch\00. Nhan\CSharp\RincoMTO\BIMTOOL\obj\Release R26\RincoMTO.AssemblyInfo.cs(1,70): error CS1056: Unexpected character '\0' [C:\Users\Nhan\OneDrive - Rincovitch\00. Nhan\CSharp\RincoMTO\RincoMTO_fsauzi5n_wpftmp.csproj::TargetFramework=net48]
C:\Users\Nhan\OneDrive - Rincovitch\00. Nhan\CSharp\RincoMTO\BIMTOOL\obj\Release R26\Tools\MTO Group Bar\UI\MtoGroupBarWindow.g.cs(1,75): error CS1056: Unexpected character '\0' [C:\Users\Nhan\OneDrive - Rincovitch\00. Nhan\CSharp\RincoMTO\RincoMTO_fsauzi5n_wpftmp.csproj::TargetFramework=net48]
C:\Users\Nhan\OneDrive - Rincovitch\00. Nhan\CSharp\RincoMTO\BIMTOOL\obj\Release R26\RincoMTO.AssemblyInfo.cs(1,71): error CS1056: Unexpected character '\0' [C:\Users\Nhan\OneDrive - Rincovitch\00. Nhan\CSharp\RincoMTO\RincoMTO_fsauzi5n_wpftmp.csproj::TargetFramework=net48]
C:\Users\Nhan\OneDrive - Rincovitch\00. Nhan\CSharp\RincoMTO\BIMTOOL\obj\Release R26\Tools\MTO Group Bar\UI\MtoGroupBarWindow.g.cs(1,76): error CS1056: Unexpected character '\0' [C:\Users\Nhan\OneDrive - Rincovitch\00. Nhan\CSharp\RincoMTO\RincoMTO_fsauzi5n_wpftmp.csproj::TargetFramework=net48]
C:\Users\Nhan\OneDrive - Rincovitch\00. Nhan\CSharp\RincoMTO\BIMTOOL\obj\Release R26\RincoMTO.AssemblyInfo.cs(1,72): error CS1056: Unexpected character '\0' [C:\Users\Nhan\OneDrive - Rincovitch\00. Nhan\CSharp\RincoMTO\RincoMTO_fsauzi5n_wpftmp.csproj::TargetFramework=net48]
C:\Users\Nhan\OneDrive - Rincovitch\00. Nhan\CSharp\RincoMTO\BIMTOOL\obj\Release R26\RincoMTO.AssemblyInfo.cs(1,73): error CS1056: Unexpected character '\0' [C:\Users\Nhan\OneDrive - Rincovitch\00. Nhan\CSharp\RincoMTO\RincoMTO_fsauzi5n_wpftmp.csproj::TargetFramework=net48]
C:\Users\Nhan\OneDrive - Rincovitch\00. Nhan\CSharp\RincoMTO\BIMTOOL\obj\Release R26\Tools\MTO Group Bar\UI\MtoGroupBarWindow.g.cs(1,77): error CS1056: Unexpected character '\0' [C:\Users\Nhan\OneDrive - Rincovitch\00. Nhan\CSharp\RincoMTO\RincoMTO_fsauzi5n_wpftmp.csproj::TargetFramework=net48]
C:\Users\Nhan\OneDrive - Rincovitch\00. Nhan\CSharp\RincoMTO\BIMTOOL\obj\Release R26\RincoMTO.AssemblyInfo.cs(1,74): error CS1056: Unexpected character '\0' [C:\Users\Nhan\OneDrive - Rincovitch\00. Nhan\CSharp\RincoMTO\RincoMTO_fsauzi5n_wpftmp.csproj::TargetFramework=net48]
C:\Users\Nhan\OneDrive - Rincovitch\00. Nhan\CSharp\RincoMTO\BIMTOOL\obj\Release R26\Tools\MTO Group Bar\UI\MtoGroupBarWindow.g.cs(1,78): error CS1056: Unexpected character '\0' [C:\Users\Nhan\OneDrive - Rincovitch\00. Nhan\CSharp\RincoMTO\RincoMTO_fsauzi5n_wpftmp.csproj::TargetFramework=net48]
C:\Users\Nhan\OneDrive - Rincovitch\00. Nhan\CSharp\RincoMTO\BIMTOOL\obj\Release R26\RincoMTO.AssemblyInfo.cs(1,75): error CS1056: Unexpected character '\0' [C:\Users\Nhan\OneDrive - Rincovitch\00. Nhan\CSharp\RincoMTO\RincoMTO_fsauzi5n_wpftmp.csproj::TargetFramework=net48]
C:\Users\Nhan\OneDrive - Rincovitch\00. Nhan\CSharp\RincoMTO\BIMTOOL\obj\Release R26\Tools\MTO Group Bar\UI\MtoGroupBarWindow.g.cs(1,79): error CS1056: Unexpected character '\0' [C:\Users\Nhan\OneDrive - Rincovitch\00. Nhan\CSharp\RincoMTO\RincoMTO_fsauzi5n_wpftmp.csproj::TargetFramework=net48]
C:\Users\Nhan\OneDrive - Rincovitch\00. Nhan\CSharp\RincoMTO\BIMTOOL\obj\Release R26\RincoMTO.AssemblyInfo.cs(1,76): error CS1056: Unexpected character '\0' [C:\Users\Nhan\OneDrive - Rincovitch\00. Nhan\CSharp\RincoMTO\RincoMTO_fsauzi5n_wpftmp.csproj::TargetFramework=net48]
C:\Users\Nhan\OneDrive - Rincovitch\00. Nhan\CSharp\RincoMTO\BIMTOOL\obj\Release R26\Tools\MTO Group Bar\UI\MtoGroupBarWindow.g.cs(1,80): error CS1056: Unexpected character '\0' [C:\Users\Nhan\OneDrive - Rincovitch\00. Nhan\CSharp\RincoMTO\RincoMTO_fsauzi5n_wpftmp.csproj::TargetFramework=net48]
C:\Users\Nhan\OneDrive - Rincovitch\00. Nhan\CSharp\RincoMTO\BIMTOOL\obj\Release R26\RincoMTO.AssemblyInfo.cs(1,77): error CS1056: Unexpected character '\0' [C:\Users\Nhan\OneDrive - Rincovitch\00. Nhan\CSharp\RincoMTO\RincoMTO_fsauzi5n_wpftmp.csproj::TargetFramework=net48]
C:\Users\Nhan\OneDrive - Rincovitch\00. Nhan\CSharp\RincoMTO\BIMTOOL\obj\Release R26\RincoMTO.AssemblyInfo.cs(1,78): error CS1056: Unexpected character '\0' [C:\Users\Nhan\OneDrive - Rincovitch\00. Nhan\CSharp\RincoMTO\RincoMTO_fsauzi5n_wpftmp.csproj::TargetFramework=net48]
C:\Users\Nhan\OneDrive - Rincovitch\00. Nhan\CSharp\RincoMTO\BIMTOOL\obj\Release R26\RincoMTO.AssemblyInfo.cs(1,79): error CS1056: Unexpected character '\0' [C:\Users\Nhan\OneDrive - Rincovitch\00. Nhan\CSharp\RincoMTO\RincoMTO_fsauzi5n_wpftmp.csproj::TargetFramework=net48]
C:\Users\Nhan\OneDrive - Rincovitch\00. Nhan\CSharp\RincoMTO\BIMTOOL\obj\Release R26\Tools\MTO Group Bar\UI\MtoGroupBarWindow.g.cs(1,81): error CS1056: Unexpected character '\0' [C:\Users\Nhan\OneDrive - Rincovitch\00. Nhan\CSharp\RincoMTO\RincoMTO_fsauzi5n_wpftmp.csproj::TargetFramework=net48]
C:\Users\Nhan\OneDrive - Rincovitch\00. Nhan\CSharp\RincoMTO\BIMTOOL\obj\Release R26\RincoMTO.AssemblyInfo.cs(1,80): error CS1056: Unexpected character '\0' [C:\Users\Nhan\OneDrive - Rincovitch\00. Nhan\CSharp\RincoMTO\RincoMTO_fsauzi5n_wpftmp.csproj::TargetFramework=net48]
C:\Users\Nhan\OneDrive - Rincovitch\00. Nhan\CSharp\RincoMTO\BIMTOOL\obj\Release R26\RincoMTO.AssemblyInfo.cs(1,81): error CS1056: Unexpected character '\0' [C:\Users\Nhan\OneDrive - Rincovitch\00. Nhan\CSharp\RincoMTO\RincoMTO_fsauzi5n_wpftmp.csproj::TargetFramework=net48]
C:\Users\Nhan\OneDrive - Rincovitch\00. Nhan\CSharp\RincoMTO\BIMTOOL\obj\Release R26\Tools\MTO Group Bar\UI\MtoGroupBarWindow.g.cs(1,82): error CS1056: Unexpected character '\0' [C:\Users\Nhan\OneDrive - Rincovitch\00. Nhan\CSharp\RincoMTO\RincoMTO_fsauzi5n_wpftmp.csproj::TargetFramework=net48]
C:\Users\Nhan\OneDrive - Rincovitch\00. Nhan\CSharp\RincoMTO\BIMTOOL\obj\Release R26\RincoMTO.AssemblyInfo.cs(1,82): error CS1056: Unexpected character '\0' [C:\Users\Nhan\OneDrive - Rincovitch\00. Nhan\CSharp\RincoMTO\RincoMTO_fsauzi5n_wpftmp.csproj::TargetFramework=net48]
C:\Users\Nhan\OneDrive - Rincovitch\00. Nhan\CSharp\RincoMTO\BIMTOOL\obj\Release R26\Tools\MTO Group Bar\UI\MtoGroupBarWindow.g.cs(1,83): error CS1056: Unexpected character '\0' [C:\Users\Nhan\OneDrive - Rincovitch\00. Nhan\CSharp\RincoMTO\RincoMTO_fsauzi5n_wpftmp.csproj::TargetFramework=net48]
C:\Users\Nhan\OneDrive - Rincovitch\00. Nhan\CSharp\RincoMTO\BIMTOOL\obj\Release R26\Tools\MTO Group Bar\UI\MtoGroupBarWindow.g.cs(1,84): error CS1056: Unexpected character '\0' [C:\Users\Nhan\OneDrive - Rincovitch\00. Nhan\CSharp\RincoMTO\RincoMTO_fsauzi5n_wpftmp.csproj::TargetFramework=net48]
C:\Users\Nhan\OneDrive - Rincovitch\00. Nhan\CSharp\RincoMTO\BIMTOOL\obj\Release R26\RincoMTO.AssemblyInfo.cs(1,83): error CS1056: Unexpected character '\0' [C:\Users\Nhan\OneDrive - Rincovitch\00. Nhan\CSharp\RincoMTO\RincoMTO_fsauzi5n_wpftmp.csproj::TargetFramework=net48]
C:\Users\Nhan\OneDrive - Rincovitch\00. Nhan\CSharp\RincoMTO\BIMTOOL\obj\Release R26\Tools\MTO Group Bar\UI\MtoGroupBarWindow.g.cs(1,85): error CS1056: Unexpected character '\0' [C:\Users\Nhan\OneDrive - Rincovitch\00. Nhan\CSharp\RincoMTO\RincoMTO_fsauzi5n_wpftmp.csproj::TargetFramework=net48]
C:\Users\Nhan\OneDrive - Rincovitch\00. Nhan\CSharp\RincoMTO\BIMTOOL\obj\Release R26\RincoMTO.AssemblyInfo.cs(1,84): error CS1056: Unexpected character '\0' [C:\Users\Nhan\OneDrive - Rincovitch\00. Nhan\CSharp\RincoMTO\RincoMTO_fsauzi5n_wpftmp.csproj::TargetFramework=net48]
C:\Users\Nhan\OneDrive - Rincovitch\00. Nhan\CSharp\RincoMTO\BIMTOOL\obj\Release R26\Tools\MTO Group Bar\UI\MtoGroupBarWindow.g.cs(1,86): error CS1056: Unexpected character '\0' [C:\Users\Nhan\OneDrive - Rincovitch\00. Nhan\CSharp\RincoMTO\RincoMTO_fsauzi5n_wpftmp.csproj::TargetFramework=net48]
C:\Users\Nhan\OneDrive - Rincovitch\00. Nhan\CSharp\RincoMTO\BIMTOOL\obj\Release R26\RincoMTO.AssemblyInfo.cs(1,85): error CS1056: Unexpected character '\0' [C:\Users\Nhan\OneDrive - Rincovitch\00. Nhan\CSharp\RincoMTO\RincoMTO_fsauzi5n_wpftmp.csproj::TargetFramework=net48]
C:\Users\Nhan\OneDrive - Rincovitch\00. Nhan\CSharp\RincoMTO\BIMTOOL\obj\Release R26\RincoMTO.AssemblyInfo.cs(1,86): error CS1056: Unexpected character '\0' [C:\Users\Nhan\OneDrive - Rincovitch\00. Nhan\CSharp\RincoMTO\RincoMTO_fsauzi5n_wpftmp.csproj::TargetFramework=net48]
C:\Users\Nhan\OneDrive - Rincovitch\00. Nhan\CSharp\RincoMTO\BIMTOOL\obj\Release R26\RincoMTO.AssemblyInfo.cs(1,87): error CS1056: Unexpected character '\0' [C:\Users\Nhan\OneDrive - Rincovitch\00. Nhan\CSharp\RincoMTO\RincoMTO_fsauzi5n_wpftmp.csproj::TargetFramework=net48]
C:\Users\Nhan\OneDrive - Rincovitch\00. Nhan\CSharp\RincoMTO\BIMTOOL\obj\Release R26\Tools\MTO Group Bar\UI\MtoGroupBarWindow.g.cs(1,87): error CS1056: Unexpected character '\0' [C:\Users\Nhan\OneDrive - Rincovitch\00. Nhan\CSharp\RincoMTO\RincoMTO_fsauzi5n_wpftmp.csproj::TargetFramework=net48]
C:\Users\Nhan\OneDrive - Rincovitch\00. Nhan\CSharp\RincoMTO\BIMTOOL\obj\Release R26\Tools\MTO Group Bar\UI\MtoGroupBarWindow.g.cs(1,88): error CS1056: Unexpected character '\0' [C:\Users\Nhan\OneDrive - Rincovitch\00. Nhan\CSharp\RincoMTO\RincoMTO_fsauzi5n_wpftmp.csproj::TargetFramework=net48]
C:\Users\Nhan\OneDrive - Rincovitch\00. Nhan\CSharp\RincoMTO\BIMTOOL\obj\Release R26\RincoMTO.AssemblyInfo.cs(1,88): error CS1056: Unexpected character '\0' [C:\Users\Nhan\OneDrive - Rincovitch\00. Nhan\CSharp\RincoMTO\RincoMTO_fsauzi5n_wpftmp.csproj::TargetFramework=net48]
C:\Users\Nhan\OneDrive - Rincovitch\00. Nhan\CSharp\RincoMTO\BIMTOOL\obj\Release R26\Tools\MTO Group Bar\UI\MtoGroupBarWindow.g.cs(1,89): error CS1056: Unexpected character '\0' [C:\Users\Nhan\OneDrive - Rincovitch\00. Nhan\CSharp\RincoMTO\RincoMTO_fsauzi5n_wpftmp.csproj::TargetFramework=net48]
C:\Users\Nhan\OneDrive - Rincovitch\00. Nhan\CSharp\RincoMTO\BIMTOOL\obj\Release R26\RincoMTO.AssemblyInfo.cs(1,89): error CS1056: Unexpected character '\0' [C:\Users\Nhan\OneDrive - Rincovitch\00. Nhan\CSharp\RincoMTO\RincoMTO_fsauzi5n_wpftmp.csproj::TargetFramework=net48]
C:\Users\Nhan\OneDrive - Rincovitch\00. Nhan\CSharp\RincoMTO\BIMTOOL\obj\Release R26\Tools\MTO Group Bar\UI\MtoGroupBarWindow.g.cs(1,90): error CS1056: Unexpected character '\0' [C:\Users\Nhan\OneDrive - Rincovitch\00. Nhan\CSharp\RincoMTO\RincoMTO_fsauzi5n_wpftmp.csproj::TargetFramework=net48]
C:\Users\Nhan\OneDrive - Rincovitch\00. Nhan\CSharp\RincoMTO\BIMTOOL\obj\Release R26\RincoMTO.AssemblyInfo.cs(1,90): error CS1056: Unexpected character '\0' [C:\Users\Nhan\OneDrive - Rincovitch\00. Nhan\CSharp\RincoMTO\RincoMTO_fsauzi5n_wpftmp.csproj::TargetFramework=net48]
C:\Users\Nhan\OneDrive - Rincovitch\00. Nhan\CSharp\RincoMTO\BIMTOOL\obj\Release R26\RincoMTO.AssemblyInfo.cs(1,91): error CS1056: Unexpected character '\0' [C:\Users\Nhan\OneDrive - Rincovitch\00. Nhan\CSharp\RincoMTO\RincoMTO_fsauzi5n_wpftmp.csproj::TargetFramework=net48]
C:\Users\Nhan\OneDrive - Rincovitch\00. Nhan\CSharp\RincoMTO\BIMTOOL\obj\Release R26\RincoMTO.AssemblyInfo.cs(1,92): error CS1056: Unexpected character '\0' [C:\Users\Nhan\OneDrive - Rincovitch\00. Nhan\CSharp\RincoMTO\RincoMTO_fsauzi5n_wpftmp.csproj::TargetFramework=net48]
C:\Users\Nhan\OneDrive - Rincovitch\00. Nhan\CSharp\RincoMTO\BIMTOOL\obj\Release R26\Tools\MTO Group Bar\UI\MtoGroupBarWindow.g.cs(1,91): error CS1056: Unexpected character '\0' [C:\Users\Nhan\OneDrive - Rincovitch\00. Nhan\CSharp\RincoMTO\RincoMTO_fsauzi5n_wpftmp.csproj::TargetFramework=net48]
C:\Users\Nhan\OneDrive - Rincovitch\00. Nhan\CSharp\RincoMTO\BIMTOOL\obj\Release R26\RincoMTO.AssemblyInfo.cs(1,93): error CS1056: Unexpected character '\0' [C:\Users\Nhan\OneDrive - Rincovitch\00. Nhan\CSharp\RincoMTO\RincoMTO_fsauzi5n_wpftmp.csproj::TargetFramework=net48]
C:\Users\Nhan\OneDrive - Rincovitch\00. Nhan\CSharp\RincoMTO\BIMTOOL\obj\Release R26\Tools\MTO Group Bar\UI\MtoGroupBarWindow.g.cs(1,92): error CS1056: Unexpected character '\0' [C:\Users\Nhan\OneDrive - Rincovitch\00. Nhan\CSharp\RincoMTO\RincoMTO_fsauzi5n_wpftmp.csproj::TargetFramework=net48]
C:\Users\Nhan\OneDrive - Rincovitch\00. Nhan\CSharp\RincoMTO\BIMTOOL\obj\Release R26\RincoMTO.AssemblyInfo.cs(1,94): error CS1056: Unexpected character '\0' [C:\Users\Nhan\OneDrive - Rincovitch\00. Nhan\CSharp\RincoMTO\RincoMTO_fsauzi5n_wpftmp.csproj::TargetFramework=net48]
C:\Users\Nhan\OneDrive - Rincovitch\00. Nhan\CSharp\RincoMTO\BIMTOOL\obj\Release R26\Tools\MTO Group Bar\UI\MtoGroupBarWindow.g.cs(1,93): error CS1056: Unexpected character '\0' [C:\Users\Nhan\OneDrive - Rincovitch\00. Nhan\CSharp\RincoMTO\RincoMTO_fsauzi5n_wpftmp.csproj::TargetFramework=net48]
C:\Users\Nhan\OneDrive - Rincovitch\00. Nhan\CSharp\RincoMTO\BIMTOOL\obj\Release R26\RincoMTO.AssemblyInfo.cs(1,95): error CS1056: Unexpected character '\0' [C:\Users\Nhan\OneDrive - Rincovitch\00. Nhan\CSharp\RincoMTO\RincoMTO_fsauzi5n_wpftmp.csproj::TargetFramework=net48]
C:\Users\Nhan\OneDrive - Rincovitch\00. Nhan\CSharp\RincoMTO\BIMTOOL\obj\Release R26\Tools\MTO Group Bar\UI\MtoGroupBarWindow.g.cs(1,94): error CS1056: Unexpected character '\0' [C:\Users\Nhan\OneDrive - Rincovitch\00. Nhan\CSharp\RincoMTO\RincoMTO_fsauzi5n_wpftmp.csproj::TargetFramework=net48]
C:\Users\Nhan\OneDrive - Rincovitch\00. Nhan\CSharp\RincoMTO\BIMTOOL\obj\Release R26\RincoMTO.AssemblyInfo.cs(1,96): error CS1056: Unexpected character '\0' [C:\Users\Nhan\OneDrive - Rincovitch\00. Nhan\CSharp\RincoMTO\RincoMTO_fsauzi5n_wpftmp.csproj::TargetFramework=net48]
C:\Users\Nhan\OneDrive - Rincovitch\00. Nhan\CSharp\RincoMTO\BIMTOOL\obj\Release R26\RincoMTO.AssemblyInfo.cs(1,97): error CS1056: Unexpected character '\0' [C:\Users\Nhan\OneDrive - Rincovitch\00. Nhan\CSharp\RincoMTO\RincoMTO_fsauzi5n_wpftmp.csproj::TargetFramework=net48]
C:\Users\Nhan\OneDrive - Rincovitch\00. Nhan\CSharp\RincoMTO\BIMTOOL\obj\Release R26\Tools\MTO Group Bar\UI\MtoGroupBarWindow.g.cs(1,95): error CS1056: Unexpected character '\0' [C:\Users\Nhan\OneDrive - Rincovitch\00. Nhan\CSharp\RincoMTO\RincoMTO_fsauzi5n_wpftmp.csproj::TargetFramework=net48]
C:\Users\Nhan\OneDrive - Rincovitch\00. Nhan\CSharp\RincoMTO\BIMTOOL\obj\Release R26\RincoMTO.AssemblyInfo.cs(1,98): error CS1056: Unexpected character '\0' [C:\Users\Nhan\OneDrive - Rincovitch\00. Nhan\CSharp\RincoMTO\RincoMTO_fsauzi5n_wpftmp.csproj::TargetFramework=net48]
C:\Users\Nhan\OneDrive - Rincovitch\00. Nhan\CSharp\RincoMTO\BIMTOOL\obj\Release R26\Tools\MTO Group Bar\UI\MtoGroupBarWindow.g.cs(1,96): error CS1056: Unexpected character '\0' [C:\Users\Nhan\OneDrive - Rincovitch\00. Nhan\CSharp\RincoMTO\RincoMTO_fsauzi5n_wpftmp.csproj::TargetFramework=net48]
C:\Users\Nhan\OneDrive - Rincovitch\00. Nhan\CSharp\RincoMTO\BIMTOOL\obj\Release R26\RincoMTO.AssemblyInfo.cs(1,99): error CS1056: Unexpected character '\0' [C:\Users\Nhan\OneDrive - Rincovitch\00. Nhan\CSharp\RincoMTO\RincoMTO_fsauzi5n_wpftmp.csproj::TargetFramework=net48]
C:\Users\Nhan\OneDrive - Rincovitch\00. Nhan\CSharp\RincoMTO\BIMTOOL\obj\Release R26\RincoMTO.AssemblyInfo.cs(1,100): error CS1056: Unexpected character '\0' [C:\Users\Nhan\OneDrive - Rincovitch\00. Nhan\CSharp\RincoMTO\RincoMTO_fsauzi5n_wpftmp.csproj::TargetFramework=net48]
C:\Users\Nhan\OneDrive - Rincovitch\00. Nhan\CSharp\RincoMTO\BIMTOOL\obj\Release R26\Tools\MTO Group Bar\UI\MtoGroupBarWindow.g.cs(1,97): error CS1056: Unexpected character '\0' [C:\Users\Nhan\OneDrive - Rincovitch\00. Nhan\CSharp\RincoMTO\RincoMTO_fsauzi5n_wpftmp.csproj::TargetFramework=net48]
C:\Users\Nhan\OneDrive - Rincovitch\00. Nhan\CSharp\RincoMTO\BIMTOOL\obj\Release R26\RincoMTO.AssemblyInfo.cs(1,101): error CS1056: Unexpected character '\0' [C:\Users\Nhan\OneDrive - Rincovitch\00. Nhan\CSharp\RincoMTO\RincoMTO_fsauzi5n_wpftmp.csproj::TargetFramework=net48]
C:\Users\Nhan\OneDrive - Rincovitch\00. Nhan\CSharp\RincoMTO\BIMTOOL\obj\Release R26\Tools\MTO Group Bar\UI\MtoGroupBarWindow.g.cs(1,98): error CS1056: Unexpected character '\0' [C:\Users\Nhan\OneDrive - Rincovitch\00. Nhan\CSharp\RincoMTO\RincoMTO_fsauzi5n_wpftmp.csproj::TargetFramework=net48]
C:\Users\Nhan\OneDrive - Rincovitch\00. Nhan\CSharp\RincoMTO\BIMTOOL\obj\Release R26\RincoMTO.AssemblyInfo.cs(1,102): error CS1056: Unexpected character '\0' [C:\Users\Nhan\OneDrive - Rincovitch\00. Nhan\CSharp\RincoMTO\RincoMTO_fsauzi5n_wpftmp.csproj::TargetFramework=net48]
C:\Users\Nhan\OneDrive - Rincovitch\00. Nhan\CSharp\RincoMTO\BIMTOOL\obj\Release R26\Tools\MTO Group Bar\UI\MtoGroupBarWindow.g.cs(1,99): error CS1056: Unexpected character '\0' [C:\Users\Nhan\OneDrive - Rincovitch\00. Nhan\CSharp\RincoMTO\RincoMTO_fsauzi5n_wpftmp.csproj::TargetFramework=net48]
C:\Users\Nhan\OneDrive - Rincovitch\00. Nhan\CSharp\RincoMTO\BIMTOOL\obj\Release R26\RincoMTO.AssemblyInfo.cs(1,103): error CS1056: Unexpected character '\0' [C:\Users\Nhan\OneDrive - Rincovitch\00. Nhan\CSharp\RincoMTO\RincoMTO_fsauzi5n_wpftmp.csproj::TargetFramework=net48]
C:\Users\Nhan\OneDrive - Rincovitch\00. Nhan\CSharp\RincoMTO\BIMTOOL\obj\Release R26\Tools\MTO Group Bar\UI\MtoGroupBarWindow.g.cs(1,100): error CS1056: Unexpected character '\0' [C:\Users\Nhan\OneDrive - Rincovitch\00. Nhan\CSharp\RincoMTO\RincoMTO_fsauzi5n_wpftmp.csproj::TargetFramework=net48]
C:\Users\Nhan\OneDrive - Rincovitch\00. Nhan\CSharp\RincoMTO\BIMTOOL\obj\Release R26\RincoMTO.AssemblyInfo.cs(1,104): error CS1056: Unexpected character '\0' [C:\Users\Nhan\OneDrive - Rincovitch\00. Nhan\CSharp\RincoMTO\RincoMTO_fsauzi5n_wpftmp.csproj::TargetFramework=net48]
C:\Users\Nhan\OneDrive - Rincovitch\00. Nhan\CSharp\RincoMTO\BIMTOOL\obj\Release R26\RincoMTO.AssemblyInfo.cs(1,105): error CS1056: Unexpected character '\0' [C:\Users\Nhan\OneDrive - Rincovitch\00. Nhan\CSharp\RincoMTO\RincoMTO_fsauzi5n_wpftmp.csproj::TargetFramework=net48]
C:\Users\Nhan\OneDrive - Rincovitch\00. Nhan\CSharp\RincoMTO\BIMTOOL\obj\Release R26\RincoMTO.AssemblyInfo.cs(1,106): error CS1056: Unexpected character '\0' [C:\Users\Nhan\OneDrive - Rincovitch\00. Nhan\CSharp\RincoMTO\RincoMTO_fsauzi5n_wpftmp.csproj::TargetFramework=net48]
C:\Users\Nhan\OneDrive - Rincovitch\00. Nhan\CSharp\RincoMTO\BIMTOOL\obj\Release R26\Tools\MTO Group Bar\UI\MtoGroupBarWindow.g.cs(1,101): error CS1056: Unexpected character '\0' [C:\Users\Nhan\OneDrive - Rincovitch\00. Nhan\CSharp\RincoMTO\RincoMTO_fsauzi5n_wpftmp.csproj::TargetFramework=net48]
C:\Users\Nhan\OneDrive - Rincovitch\00. Nhan\CSharp\RincoMTO\BIMTOOL\obj\Release R26\RincoMTO.AssemblyInfo.cs(1,107): error CS1056: Unexpected character '\0' [C:\Users\Nhan\OneDrive - Rincovitch\00. Nhan\CSharp\RincoMTO\RincoMTO_fsauzi5n_wpftmp.csproj::TargetFramework=net48]
C:\Users\Nhan\OneDrive - Rincovitch\00. Nhan\CSharp\RincoMTO\BIMTOOL\obj\Release R26\Tools\MTO Group Bar\UI\MtoGroupBarWindow.g.cs(1,102): error CS1056: Unexpected character '\0' [C:\Users\Nhan\OneDrive - Rincovitch\00. Nhan\CSharp\RincoMTO\RincoMTO_fsauzi5n_wpftmp.csproj::TargetFramework=net48]
C:\Users\Nhan\OneDrive - Rincovitch\00. Nhan\CSharp\RincoMTO\BIMTOOL\obj\Release R26\RincoMTO.AssemblyInfo.cs(1,108): error CS1056: Unexpected character '\0' [C:\Users\Nhan\OneDrive - Rincovitch\00. Nhan\CSharp\RincoMTO\RincoMTO_fsauzi5n_wpftmp.csproj::TargetFramework=net48]
C:\Users\Nhan\OneDrive - Rincovitch\00. Nhan\CSharp\RincoMTO\BIMTOOL\obj\Release R26\Tools\MTO Group Bar\UI\MtoGroupBarWindow.g.cs(1,103): error CS1056: Unexpected character '\0' [C:\Users\Nhan\OneDrive - Rincovitch\00. Nhan\CSharp\RincoMTO\RincoMTO_fsauzi5n_wpftmp.csproj::TargetFramework=net48]
C:\Users\Nhan\OneDrive - Rincovitch\00. Nhan\CSharp\RincoMTO\BIMTOOL\obj\Release R26\RincoMTO.AssemblyInfo.cs(1,109): error CS1056: Unexpected character '\0' [C:\Users\Nhan\OneDrive - Rincovitch\00. Nhan\CSharp\RincoMTO\RincoMTO_fsauzi5n_wpftmp.csproj::TargetFramework=net48]
C:\Users\Nhan\OneDrive - Rincovitch\00. Nhan\CSharp\RincoMTO\BIMTOOL\obj\Release R26\Tools\MTO Group Bar\UI\MtoGroupBarWindow.g.cs(1,104): error CS1056: Unexpected character '\0' [C:\Users\Nhan\OneDrive - Rincovitch\00. Nhan\CSharp\RincoMTO\RincoMTO_fsauzi5n_wpftmp.csproj::TargetFramework=net48]
C:\Users\Nhan\OneDrive - Rincovitch\00. Nhan\CSharp\RincoMTO\BIMTOOL\obj\Release R26\RincoMTO.AssemblyInfo.cs(1,110): error CS1056: Unexpected character '\0' [C:\Users\Nhan\OneDrive - Rincovitch\00. Nhan\CSharp\RincoMTO\RincoMTO_fsauzi5n_wpftmp.csproj::TargetFramework=net48]
C:\Users\Nhan\OneDrive - Rincovitch\00. Nhan\CSharp\RincoMTO\BIMTOOL\obj\Release R26\Tools\MTO Group Bar\UI\MtoGroupBarWindow.g.cs(1,105): error CS1056: Unexpected character '\0' [C:\Users\Nhan\OneDrive - Rincovitch\00. Nhan\CSharp\RincoMTO\RincoMTO_fsauzi5n_wpftmp.csproj::TargetFramework=net48]
C:\Users\Nhan\OneDrive - Rincovitch\00. Nhan\CSharp\RincoMTO\BIMTOOL\obj\Release R26\RincoMTO.AssemblyInfo.cs(1,111): error CS1056: Unexpected character '\0' [C:\Users\Nhan\OneDrive - Rincovitch\00. Nhan\CSharp\RincoMTO\RincoMTO_fsauzi5n_wpftmp.csproj::TargetFramework=net48]
C:\Users\Nhan\OneDrive - Rincovitch\00. Nhan\CSharp\RincoMTO\BIMTOOL\obj\Release R26\Tools\MTO Group Bar\UI\MtoGroupBarWindow.g.cs(1,106): error CS1056: Unexpected character '\0' [C:\Users\Nhan\OneDrive - Rincovitch\00. Nhan\CSharp\RincoMTO\RincoMTO_fsauzi5n_wpftmp.csproj::TargetFramework=net48]
C:\Users\Nhan\OneDrive - Rincovitch\00. Nhan\CSharp\RincoMTO\BIMTOOL\obj\Release R26\RincoMTO.AssemblyInfo.cs(1,112): error CS1056: Unexpected character '\0' [C:\Users\Nhan\OneDrive - Rincovitch\00. Nhan\CSharp\RincoMTO\RincoMTO_fsauzi5n_wpftmp.csproj::TargetFramework=net48]
C:\Users\Nhan\OneDrive - Rincovitch\00. Nhan\CSharp\RincoMTO\BIMTOOL\obj\Release R26\RincoMTO.AssemblyInfo.cs(1,113): error CS1056: Unexpected character '\0' [C:\Users\Nhan\OneDrive - Rincovitch\00. Nhan\CSharp\RincoMTO\RincoMTO_fsauzi5n_wpftmp.csproj::TargetFramework=net48]
C:\Users\Nhan\OneDrive - Rincovitch\00. Nhan\CSharp\RincoMTO\BIMTOOL\obj\Release R26\RincoMTO.AssemblyInfo.cs(1,114): error CS1056: Unexpected character '\0' [C:\Users\Nhan\OneDrive - Rincovitch\00. Nhan\CSharp\RincoMTO\RincoMTO_fsauzi5n_wpftmp.csproj::TargetFramework=net48]
C:\Users\Nhan\OneDrive - Rincovitch\00. Nhan\CSharp\RincoMTO\BIMTOOL\obj\Release R26\RincoMTO.AssemblyInfo.cs(1,115): error CS1056: Unexpected character '\0' [C:\Users\Nhan\OneDrive - Rincovitch\00. Nhan\CSharp\RincoMTO\RincoMTO_fsauzi5n_wpftmp.csproj::TargetFramework=net48]
C:\Users\Nhan\OneDrive - Rincovitch\00. Nhan\CSharp\RincoMTO\BIMTOOL\obj\Release R26\Tools\MTO Group Bar\UI\MtoGroupBarWindow.g.cs(1,107): error CS1056: Unexpected character '\0' [C:\Users\Nhan\OneDrive - Rincovitch\00. Nhan\CSharp\RincoMTO\RincoMTO_fsauzi5n_wpftmp.csproj::TargetFramework=net48]
C:\Users\Nhan\OneDrive - Rincovitch\00. Nhan\CSharp\RincoMTO\BIMTOOL\obj\Release R26\RincoMTO.AssemblyInfo.cs(1,116): error CS1056: Unexpected character '\0' [C:\Users\Nhan\OneDrive - Rincovitch\00. Nhan\CSharp\RincoMTO\RincoMTO_fsauzi5n_wpftmp.csproj::TargetFramework=net48]
C:\Users\Nhan\OneDrive - Rincovitch\00. Nhan\CSharp\RincoMTO\BIMTOOL\obj\Release R26\Tools\MTO Group Bar\UI\MtoGroupBarWindow.g.cs(1,108): error CS1056: Unexpected character '\0' [C:\Users\Nhan\OneDrive - Rincovitch\00. Nhan\CSharp\RincoMTO\RincoMTO_fsauzi5n_wpftmp.csproj::TargetFramework=net48]
C:\Users\Nhan\OneDrive - Rincovitch\00. Nhan\CSharp\RincoMTO\BIMTOOL\obj\Release R26\RincoMTO.AssemblyInfo.cs(1,117): error CS1056: Unexpected character '\0' [C:\Users\Nhan\OneDrive - Rincovitch\00. Nhan\CSharp\RincoMTO\RincoMTO_fsauzi5n_wpftmp.csproj::TargetFramework=net48]
C:\Users\Nhan\OneDrive - Rincovitch\00. Nhan\CSharp\RincoMTO\BIMTOOL\obj\Release R26\Tools\MTO Group Bar\UI\MtoGroupBarWindow.g.cs(1,109): error CS1056: Unexpected character '\0' [C:\Users\Nhan\OneDrive - Rincovitch\00. Nhan\CSharp\RincoMTO\RincoMTO_fsauzi5n_wpftmp.csproj::TargetFramework=net48]
C:\Users\Nhan\OneDrive - Rincovitch\00. Nhan\CSharp\RincoMTO\BIMTOOL\obj\Release R26\RincoMTO.AssemblyInfo.cs(1,118): error CS1056: Unexpected character '\0' [C:\Users\Nhan\OneDrive - Rincovitch\00. Nhan\CSharp\RincoMTO\RincoMTO_fsauzi5n_wpftmp.csproj::TargetFramework=net48]
C:\Users\Nhan\OneDrive - Rincovitch\00. Nhan\CSharp\RincoMTO\BIMTOOL\obj\Release R26\RincoMTO.AssemblyInfo.cs(1,119): error CS1056: Unexpected character '\0' [C:\Users\Nhan\OneDrive - Rincovitch\00. Nhan\CSharp\RincoMTO\RincoMTO_fsauzi5n_wpftmp.csproj::TargetFramework=net48]
C:\Users\Nhan\OneDrive - Rincovitch\00. Nhan\CSharp\RincoMTO\BIMTOOL\obj\Release R26\Tools\MTO Group Bar\UI\MtoGroupBarWindow.g.cs(1,110): error CS1056: Unexpected character '\0' [C:\Users\Nhan\OneDrive - Rincovitch\00. Nhan\CSharp\RincoMTO\RincoMTO_fsauzi5n_wpftmp.csproj::TargetFramework=net48]
C:\Users\Nhan\OneDrive - Rincovitch\00. Nhan\CSharp\RincoMTO\BIMTOOL\obj\Release R26\RincoMTO.AssemblyInfo.cs(1,120): error CS1056: Unexpected character '\0' [C:\Users\Nhan\OneDrive - Rincovitch\00. Nhan\CSharp\RincoMTO\RincoMTO_fsauzi5n_wpftmp.csproj::TargetFramework=net48]
C:\Users\Nhan\OneDrive - Rincovitch\00. Nhan\CSharp\RincoMTO\BIMTOOL\obj\Release R26\Tools\MTO Group Bar\UI\MtoGroupBarWindow.g.cs(1,111): error CS1056: Unexpected character '\0' [C:\Users\Nhan\OneDrive - Rincovitch\00. Nhan\CSharp\RincoMTO\RincoMTO_fsauzi5n_wpftmp.csproj::TargetFramework=net48]
C:\Users\Nhan\OneDrive - Rincovitch\00. Nhan\CSharp\RincoMTO\BIMTOOL\obj\Release R26\RincoMTO.AssemblyInfo.cs(1,121): error CS1056: Unexpected character '\0' [C:\Users\Nhan\OneDrive - Rincovitch\00. Nhan\CSharp\RincoMTO\RincoMTO_fsauzi5n_wpftmp.csproj::TargetFramework=net48]
C:\Users\Nhan\OneDrive - Rincovitch\00. Nhan\CSharp\RincoMTO\BIMTOOL\obj\Release R26\Tools\MTO Group Bar\UI\MtoGroupBarWindow.g.cs(1,112): error CS1056: Unexpected character '\0' [C:\Users\Nhan\OneDrive - Rincovitch\00. Nhan\CSharp\RincoMTO\RincoMTO_fsauzi5n_wpftmp.csproj::TargetFramework=net48]
C:\Users\Nhan\OneDrive - Rincovitch\00. Nhan\CSharp\RincoMTO\BIMTOOL\obj\Release R26\RincoMTO.AssemblyInfo.cs(1,122): error CS1056: Unexpected character '\0' [C:\Users\Nhan\OneDrive - Rincovitch\00. Nhan\CSharp\RincoMTO\RincoMTO_fsauzi5n_wpftmp.csproj::TargetFramework=net48]
C:\Users\Nhan\OneDrive - Rincovitch\00. Nhan\CSharp\RincoMTO\BIMTOOL\obj\Release R26\RincoMTO.AssemblyInfo.cs(1,123): error CS1056: Unexpected character '\0' [C:\Users\Nhan\OneDrive - Rincovitch\00. Nhan\CSharp\RincoMTO\RincoMTO_fsauzi5n_wpftmp.csproj::TargetFramework=net48]
C:\Users\Nhan\OneDrive - Rincovitch\00. Nhan\CSharp\RincoMTO\BIMTOOL\obj\Release R26\RincoMTO.AssemblyInfo.cs(1,124): error CS1056: Unexpected character '\0' [C:\Users\Nhan\OneDrive - Rincovitch\00. Nhan\CSharp\RincoMTO\RincoMTO_fsauzi5n_wpftmp.csproj::TargetFramework=net48]
C:\Users\Nhan\OneDrive - Rincovitch\00. Nhan\CSharp\RincoMTO\BIMTOOL\obj\Release R26\Tools\MTO Group Bar\UI\MtoGroupBarWindow.g.cs(1,113): error CS1056: Unexpected character '\0' [C:\Users\Nhan\OneDrive - Rincovitch\00. Nhan\CSharp\RincoMTO\RincoMTO_fsauzi5n_wpftmp.csproj::TargetFramework=net48]
C:\Users\Nhan\OneDrive - Rincovitch\00. Nhan\CSharp\RincoMTO\BIMTOOL\obj\Release R26\RincoMTO.AssemblyInfo.cs(1,125): error CS1056: Unexpected character '\0' [C:\Users\Nhan\OneDrive - Rincovitch\00. Nhan\CSharp\RincoMTO\RincoMTO_fsauzi5n_wpftmp.csproj::TargetFramework=net48]
C:\Users\Nhan\OneDrive - Rincovitch\00. Nhan\CSharp\RincoMTO\BIMTOOL\obj\Release R26\RincoMTO.AssemblyInfo.cs(1,126): error CS1056: Unexpected character '\0' [C:\Users\Nhan\OneDrive - Rincovitch\00. Nhan\CSharp\RincoMTO\RincoMTO_fsauzi5n_wpftmp.csproj::TargetFramework=net48]
C:\Users\Nhan\OneDrive - Rincovitch\00. Nhan\CSharp\RincoMTO\BIMTOOL\obj\Release R26\Tools\MTO Group Bar\UI\MtoGroupBarWindow.g.cs(1,114): error CS1056: Unexpected character '\0' [C:\Users\Nhan\OneDrive - Rincovitch\00. Nhan\CSharp\RincoMTO\RincoMTO_fsauzi5n_wpftmp.csproj::TargetFramework=net48]
C:\Users\Nhan\OneDrive - Rincovitch\00. Nhan\CSharp\RincoMTO\BIMTOOL\obj\Release R26\RincoMTO.AssemblyInfo.cs(1,127): error CS1056: Unexpected character '\0' [C:\Users\Nhan\OneDrive - Rincovitch\00. Nhan\CSharp\RincoMTO\RincoMTO_fsauzi5n_wpftmp.csproj::TargetFramework=net48]
C:\Users\Nhan\OneDrive - Rincovitch\00. Nhan\CSharp\RincoMTO\BIMTOOL\obj\Release R26\Tools\MTO Group Bar\UI\MtoGroupBarWindow.g.cs(1,115): error CS1056: Unexpected character '\0' [C:\Users\Nhan\OneDrive - Rincovitch\00. Nhan\CSharp\RincoMTO\RincoMTO_fsauzi5n_wpftmp.csproj::TargetFramework=net48]
C:\Users\Nhan\OneDrive - Rincovitch\00. Nhan\CSharp\RincoMTO\BIMTOOL\obj\Release R26\RincoMTO.AssemblyInfo.cs(1,128): error CS1056: Unexpected character '\0' [C:\Users\Nhan\OneDrive - Rincovitch\00. Nhan\CSharp\RincoMTO\RincoMTO_fsauzi5n_wpftmp.csproj::TargetFramework=net48]
C:\Users\Nhan\OneDrive - Rincovitch\00. Nhan\CSharp\RincoMTO\BIMTOOL\obj\Release R26\Tools\MTO Group Bar\UI\MtoGroupBarWindow.g.cs(1,116): error CS1056: Unexpected character '\0' [C:\Users\Nhan\OneDrive - Rincovitch\00. Nhan\CSharp\RincoMTO\RincoMTO_fsauzi5n_wpftmp.csproj::TargetFramework=net48]
C:\Users\Nhan\OneDrive - Rincovitch\00. Nhan\CSharp\RincoMTO\BIMTOOL\obj\Release R26\RincoMTO.AssemblyInfo.cs(1,129): error CS1056: Unexpected character '\0' [C:\Users\Nhan\OneDrive - Rincovitch\00. Nhan\CSharp\RincoMTO\RincoMTO_fsauzi5n_wpftmp.csproj::TargetFramework=net48]
C:\Users\Nhan\OneDrive - Rincovitch\00. Nhan\CSharp\RincoMTO\BIMTOOL\obj\Release R26\RincoMTO.AssemblyInfo.cs(1,130): error CS1056: Unexpected character '\0' [C:\Users\Nhan\OneDrive - Rincovitch\00. Nhan\CSharp\RincoMTO\RincoMTO_fsauzi5n_wpftmp.csproj::TargetFramework=net48]
C:\Users\Nhan\OneDrive - Rincovitch\00. Nhan\CSharp\RincoMTO\BIMTOOL\obj\Release R26\Tools\MTO Group Bar\UI\MtoGroupBarWindow.g.cs(1,117): error CS1056: Unexpected character '\0' [C:\Users\Nhan\OneDrive - Rincovitch\00. Nhan\CSharp\RincoMTO\RincoMTO_fsauzi5n_wpftmp.csproj::TargetFramework=net48]
C:\Users\Nhan\OneDrive - Rincovitch\00. Nhan\CSharp\RincoMTO\BIMTOOL\obj\Release R26\RincoMTO.AssemblyInfo.cs(1,131): error CS1056: Unexpected character '\0' [C:\Users\Nhan\OneDrive - Rincovitch\00. Nhan\CSharp\RincoMTO\RincoMTO_fsauzi5n_wpftmp.csproj::TargetFramework=net48]
C:\Users\Nhan\OneDrive - Rincovitch\00. Nhan\CSharp\RincoMTO\BIMTOOL\obj\Release R26\Tools\MTO Group Bar\UI\MtoGroupBarWindow.g.cs(1,118): error CS1056: Unexpected character '\0' [C:\Users\Nhan\OneDrive - Rincovitch\00. Nhan\CSharp\RincoMTO\RincoMTO_fsauzi5n_wpftmp.csproj::TargetFramework=net48]
C:\Users\Nhan\OneDrive - Rincovitch\00. Nhan\CSharp\RincoMTO\BIMTOOL\obj\Release R26\RincoMTO.AssemblyInfo.cs(1,132): error CS1056: Unexpected character '\0' [C:\Users\Nhan\OneDrive - Rincovitch\00. Nhan\CSharp\RincoMTO\RincoMTO_fsauzi5n_wpftmp.csproj::TargetFramework=net48]
C:\Users\Nhan\OneDrive - Rincovitch\00. Nhan\CSharp\RincoMTO\BIMTOOL\obj\Release R26\Tools\MTO Group Bar\UI\MtoGroupBarWindow.g.cs(1,119): error CS1056: Unexpected character '\0' [C:\Users\Nhan\OneDrive - Rincovitch\00. Nhan\CSharp\RincoMTO\RincoMTO_fsauzi5n_wpftmp.csproj::TargetFramework=net48]
C:\Users\Nhan\OneDrive - Rincovitch\00. Nhan\CSharp\RincoMTO\BIMTOOL\obj\Release R26\RincoMTO.AssemblyInfo.cs(1,133): error CS1056: Unexpected character '\0' [C:\Users\Nhan\OneDrive - Rincovitch\00. Nhan\CSharp\RincoMTO\RincoMTO_fsauzi5n_wpftmp.csproj::TargetFramework=net48]
C:\Users\Nhan\OneDrive - Rincovitch\00. Nhan\CSharp\RincoMTO\BIMTOOL\obj\Release R26\Tools\MTO Group Bar\UI\MtoGroupBarWindow.g.cs(1,120): error CS1056: Unexpected character '\0' [C:\Users\Nhan\OneDrive - Rincovitch\00. Nhan\CSharp\RincoMTO\RincoMTO_fsauzi5n_wpftmp.csproj::TargetFramework=net48]
C:\Users\Nhan\OneDrive - Rincovitch\00. Nhan\CSharp\RincoMTO\BIMTOOL\obj\Release R26\RincoMTO.AssemblyInfo.cs(1,134): error CS1056: Unexpected character '\0' [C:\Users\Nhan\OneDrive - Rincovitch\00. Nhan\CSharp\RincoMTO\RincoMTO_fsauzi5n_wpftmp.csproj::TargetFramework=net48]
C:\Users\Nhan\OneDrive - Rincovitch\00. Nhan\CSharp\RincoMTO\BIMTOOL\obj\Release R26\RincoMTO.AssemblyInfo.cs(1,135): error CS1056: Unexpected character '\0' [C:\Users\Nhan\OneDrive - Rincovitch\00. Nhan\CSharp\RincoMTO\RincoMTO_fsauzi5n_wpftmp.csproj::TargetFramework=net48]
C:\Users\Nhan\OneDrive - Rincovitch\00. Nhan\CSharp\RincoMTO\BIMTOOL\obj\Release R26\Tools\MTO Group Bar\UI\MtoGroupBarWindow.g.cs(1,121): error CS1056: Unexpected character '\0' [C:\Users\Nhan\OneDrive - Rincovitch\00. Nhan\CSharp\RincoMTO\RincoMTO_fsauzi5n_wpftmp.csproj::TargetFramework=net48]
C:\Users\Nhan\OneDrive - Rincovitch\00. Nhan\CSharp\RincoMTO\BIMTOOL\obj\Release R26\RincoMTO.AssemblyInfo.cs(1,136): error CS1056: Unexpected character '\0' [C:\Users\Nhan\OneDrive - Rincovitch\00. Nhan\CSharp\RincoMTO\RincoMTO_fsauzi5n_wpftmp.csproj::TargetFramework=net48]
C:\Users\Nhan\OneDrive - Rincovitch\00. Nhan\CSharp\RincoMTO\BIMTOOL\obj\Release R26\Tools\MTO Group Bar\UI\MtoGroupBarWindow.g.cs(1,122): error CS1056: Unexpected character '\0' [C:\Users\Nhan\OneDrive - Rincovitch\00. Nhan\CSharp\RincoMTO\RincoMTO_fsauzi5n_wpftmp.csproj::TargetFramework=net48]
C:\Users\Nhan\OneDrive - Rincovitch\00. Nhan\CSharp\RincoMTO\BIMTOOL\obj\Release R26\RincoMTO.AssemblyInfo.cs(1,137): error CS1056: Unexpected character '\0' [C:\Users\Nhan\OneDrive - Rincovitch\00. Nhan\CSharp\RincoMTO\RincoMTO_fsauzi5n_wpftmp.csproj::TargetFramework=net48]
C:\Users\Nhan\OneDrive - Rincovitch\00. Nhan\CSharp\RincoMTO\BIMTOOL\obj\Release R26\Tools\MTO Group Bar\UI\MtoGroupBarWindow.g.cs(1,123): error CS1056: Unexpected character '\0' [C:\Users\Nhan\OneDrive - Rincovitch\00. Nhan\CSharp\RincoMTO\RincoMTO_fsauzi5n_wpftmp.csproj::TargetFramework=net48]
C:\Users\Nhan\OneDrive - Rincovitch\00. Nhan\CSharp\RincoMTO\BIMTOOL\obj\Release R26\RincoMTO.AssemblyInfo.cs(1,138): error CS1056: Unexpected character '\0' [C:\Users\Nhan\OneDrive - Rincovitch\00. Nhan\CSharp\RincoMTO\RincoMTO_fsauzi5n_wpftmp.csproj::TargetFramework=net48]
C:\Users\Nhan\OneDrive - Rincovitch\00. Nhan\CSharp\RincoMTO\BIMTOOL\obj\Release R26\Tools\MTO Group Bar\UI\MtoGroupBarWindow.g.cs(1,124): error CS1056: Unexpected character '\0' [C:\Users\Nhan\OneDrive - Rincovitch\00. Nhan\CSharp\RincoMTO\RincoMTO_fsauzi5n_wpftmp.csproj::TargetFramework=net48]
C:\Users\Nhan\OneDrive - Rincovitch\00. Nhan\CSharp\RincoMTO\BIMTOOL\obj\Release R26\Tools\MTO Group Bar\UI\MtoGroupBarWindow.g.cs(1,125): error CS1056: Unexpected character '\0' [C:\Users\Nhan\OneDrive - Rincovitch\00. Nhan\CSharp\RincoMTO\RincoMTO_fsauzi5n_wpftmp.csproj::TargetFramework=net48]
C:\Users\Nhan\OneDrive - Rincovitch\00. Nhan\CSharp\RincoMTO\BIMTOOL\obj\Release R26\RincoMTO.AssemblyInfo.cs(1,139): error CS1056: Unexpected character '\0' [C:\Users\Nhan\OneDrive - Rincovitch\00. Nhan\CSharp\RincoMTO\RincoMTO_fsauzi5n_wpftmp.csproj::TargetFramework=net48]
C:\Users\Nhan\OneDrive - Rincovitch\00. Nhan\CSharp\RincoMTO\BIMTOOL\obj\Release R26\Tools\MTO Group Bar\UI\MtoGroupBarWindow.g.cs(1,126): error CS1056: Unexpected character '\0' [C:\Users\Nhan\OneDrive - Rincovitch\00. Nhan\CSharp\RincoMTO\RincoMTO_fsauzi5n_wpftmp.csproj::TargetFramework=net48]
C:\Users\Nhan\OneDrive - Rincovitch\00. Nhan\CSharp\RincoMTO\BIMTOOL\obj\Release R26\RincoMTO.AssemblyInfo.cs(1,140): error CS1056: Unexpected character '\0' [C:\Users\Nhan\OneDrive - Rincovitch\00. Nhan\CSharp\RincoMTO\RincoMTO_fsauzi5n_wpftmp.csproj::TargetFramework=net48]
C:\Users\Nhan\OneDrive - Rincovitch\00. Nhan\CSharp\RincoMTO\BIMTOOL\obj\Release R26\Tools\MTO Group Bar\UI\MtoGroupBarWindow.g.cs(1,127): error CS1056: Unexpected character '\0' [C:\Users\Nhan\OneDrive - Rincovitch\00. Nhan\CSharp\RincoMTO\RincoMTO_fsauzi5n_wpftmp.csproj::TargetFramework=net48]
C:\Users\Nhan\OneDrive - Rincovitch\00. Nhan\CSharp\RincoMTO\BIMTOOL\obj\Release R26\RincoMTO.AssemblyInfo.cs(1,141): error CS1056: Unexpected character '\0' [C:\Users\Nhan\OneDrive - Rincovitch\00. Nhan\CSharp\RincoMTO\RincoMTO_fsauzi5n_wpftmp.csproj::TargetFramework=net48]
C:\Users\Nhan\OneDrive - Rincovitch\00. Nhan\CSharp\RincoMTO\BIMTOOL\obj\Release R26\RincoMTO.AssemblyInfo.cs(1,142): error CS1056: Unexpected character '\0' [C:\Users\Nhan\OneDrive - Rincovitch\00. Nhan\CSharp\RincoMTO\RincoMTO_fsauzi5n_wpftmp.csproj::TargetFramework=net48]
C:\Users\Nhan\OneDrive - Rincovitch\00. Nhan\CSharp\RincoMTO\BIMTOOL\obj\Release R26\RincoMTO.AssemblyInfo.cs(1,143): error CS1056: Unexpected character '\0' [C:\Users\Nhan\OneDrive - Rincovitch\00. Nhan\CSharp\RincoMTO\RincoMTO_fsauzi5n_wpftmp.csproj::TargetFramework=net48]
C:\Users\Nhan\OneDrive - Rincovitch\00. Nhan\CSharp\RincoMTO\BIMTOOL\obj\Release R26\Tools\MTO Group Bar\UI\MtoGroupBarWindow.g.cs(1,128): error CS1056: Unexpected character '\0' [C:\Users\Nhan\OneDrive - Rincovitch\00. Nhan\CSharp\RincoMTO\RincoMTO_fsauzi5n_wpftmp.csproj::TargetFramework=net48]
C:\Users\Nhan\OneDrive - Rincovitch\00. Nhan\CSharp\RincoMTO\BIMTOOL\obj\Release R26\RincoMTO.AssemblyInfo.cs(1,144): error CS1056: Unexpected character '\0' [C:\Users\Nhan\OneDrive - Rincovitch\00. Nhan\CSharp\RincoMTO\RincoMTO_fsauzi5n_wpftmp.csproj::TargetFramework=net48]
C:\Users\Nhan\OneDrive - Rincovitch\00. Nhan\CSharp\RincoMTO\BIMTOOL\obj\Release R26\RincoMTO.AssemblyInfo.cs(1,145): error CS1056: Unexpected character '\0' [C:\Users\Nhan\OneDrive - Rincovitch\00. Nhan\CSharp\RincoMTO\RincoMTO_fsauzi5n_wpftmp.csproj::TargetFramework=net48]
C:\Users\Nhan\OneDrive - Rincovitch\00. Nhan\CSharp\RincoMTO\BIMTOOL\obj\Release R26\Tools\MTO Group Bar\UI\MtoGroupBarWindow.g.cs(1,129): error CS1056: Unexpected character '\0' [C:\Users\Nhan\OneDrive - Rincovitch\00. Nhan\CSharp\RincoMTO\RincoMTO_fsauzi5n_wpftmp.csproj::TargetFramework=net48]
C:\Users\Nhan\OneDrive - Rincovitch\00. Nhan\CSharp\RincoMTO\BIMTOOL\obj\Release R26\RincoMTO.AssemblyInfo.cs(1,146): error CS1056: Unexpected character '\0' [C:\Users\Nhan\OneDrive - Rincovitch\00. Nhan\CSharp\RincoMTO\RincoMTO_fsauzi5n_wpftmp.csproj::TargetFramework=net48]
C:\Users\Nhan\OneDrive - Rincovitch\00. Nhan\CSharp\RincoMTO\BIMTOOL\obj\Release R26\Tools\MTO Group Bar\UI\MtoGroupBarWindow.g.cs(1,130): error CS1056: Unexpected character '\0' [C:\Users\Nhan\OneDrive - Rincovitch\00. Nhan\CSharp\RincoMTO\RincoMTO_fsauzi5n_wpftmp.csproj::TargetFramework=net48]
C:\Users\Nhan\OneDrive - Rincovitch\00. Nhan\CSharp\RincoMTO\BIMTOOL\obj\Release R26\RincoMTO.AssemblyInfo.cs(1,147): error CS1056: Unexpected character '\0' [C:\Users\Nhan\OneDrive - Rincovitch\00. Nhan\CSharp\RincoMTO\RincoMTO_fsauzi5n_wpftmp.csproj::TargetFramework=net48]
C:\Users\Nhan\OneDrive - Rincovitch\00. Nhan\CSharp\RincoMTO\BIMTOOL\obj\Release R26\Tools\MTO Group Bar\UI\MtoGroupBarWindow.g.cs(1,131): error CS1056: Unexpected character '\0' [C:\Users\Nhan\OneDrive - Rincovitch\00. Nhan\CSharp\RincoMTO\RincoMTO_fsauzi5n_wpftmp.csproj::TargetFramework=net48]
C:\Users\Nhan\OneDrive - Rincovitch\00. Nhan\CSharp\RincoMTO\BIMTOOL\obj\Release R26\RincoMTO.AssemblyInfo.cs(1,148): error CS1056: Unexpected character '\0' [C:\Users\Nhan\OneDrive - Rincovitch\00. Nhan\CSharp\RincoMTO\RincoMTO_fsauzi5n_wpftmp.csproj::TargetFramework=net48]
C:\Users\Nhan\OneDrive - Rincovitch\00. Nhan\CSharp\RincoMTO\BIMTOOL\obj\Release R26\Tools\MTO Group Bar\UI\MtoGroupBarWindow.g.cs(1,132): error CS1056: Unexpected character '\0' [C:\Users\Nhan\OneDrive - Rincovitch\00. Nhan\CSharp\RincoMTO\RincoMTO_fsauzi5n_wpftmp.csproj::TargetFramework=net48]
C:\Users\Nhan\OneDrive - Rincovitch\00. Nhan\CSharp\RincoMTO\BIMTOOL\obj\Release R26\RincoMTO.AssemblyInfo.cs(1,149): error CS1056: Unexpected character '\0' [C:\Users\Nhan\OneDrive - Rincovitch\00. Nhan\CSharp\RincoMTO\RincoMTO_fsauzi5n_wpftmp.csproj::TargetFramework=net48]
C:\Users\Nhan\OneDrive - Rincovitch\00. Nhan\CSharp\RincoMTO\BIMTOOL\obj\Release R26\Tools\MTO Group Bar\UI\MtoGroupBarWindow.g.cs(1,133): error CS1056: Unexpected character '\0' [C:\Users\Nhan\OneDrive - Rincovitch\00. Nhan\CSharp\RincoMTO\RincoMTO_fsauzi5n_wpftmp.csproj::TargetFramework=net48]
C:\Users\Nhan\OneDrive - Rincovitch\00. Nhan\CSharp\RincoMTO\BIMTOOL\obj\Release R26\RincoMTO.AssemblyInfo.cs(1,150): error CS1056: Unexpected character '\0' [C:\Users\Nhan\OneDrive - Rincovitch\00. Nhan\CSharp\RincoMTO\RincoMTO_fsauzi5n_wpftmp.csproj::TargetFramework=net48]
C:\Users\Nhan\OneDrive - Rincovitch\00. Nhan\CSharp\RincoMTO\BIMTOOL\obj\Release R26\RincoMTO.AssemblyInfo.cs(1,151): error CS1056: Unexpected character '\0' [C:\Users\Nhan\OneDrive - Rincovitch\00. Nhan\CSharp\RincoMTO\RincoMTO_fsauzi5n_wpftmp.csproj::TargetFramework=net48]
C:\Users\Nhan\OneDrive - Rincovitch\00. Nhan\CSharp\RincoMTO\BIMTOOL\obj\Release R26\Tools\MTO Group Bar\UI\MtoGroupBarWindow.g.cs(1,134): error CS1056: Unexpected character '\0' [C:\Users\Nhan\OneDrive - Rincovitch\00. Nhan\CSharp\RincoMTO\RincoMTO_fsauzi5n_wpftmp.csproj::TargetFramework=net48]
C:\Users\Nhan\OneDrive - Rincovitch\00. Nhan\CSharp\RincoMTO\BIMTOOL\obj\Release R26\RincoMTO.AssemblyInfo.cs(1,152): error CS1056: Unexpected character '\0' [C:\Users\Nhan\OneDrive - Rincovitch\00. Nhan\CSharp\RincoMTO\RincoMTO_fsauzi5n_wpftmp.csproj::TargetFramework=net48]
C:\Users\Nhan\OneDrive - Rincovitch\00. Nhan\CSharp\RincoMTO\BIMTOOL\obj\Release R26\RincoMTO.AssemblyInfo.cs(1,153): error CS1056: Unexpected character '\0' [C:\Users\Nhan\OneDrive - Rincovitch\00. Nhan\CSharp\RincoMTO\RincoMTO_fsauzi5n_wpftmp.csproj::TargetFramework=net48]
C:\Users\Nhan\OneDrive - Rincovitch\00. Nhan\CSharp\RincoMTO\BIMTOOL\obj\Release R26\Tools\MTO Group Bar\UI\MtoGroupBarWindow.g.cs(1,135): error CS1056: Unexpected character '\0' [C:\Users\Nhan\OneDrive - Rincovitch\00. Nhan\CSharp\RincoMTO\RincoMTO_fsauzi5n_wpftmp.csproj::TargetFramework=net48]
C:\Users\Nhan\OneDrive - Rincovitch\00. Nhan\CSharp\RincoMTO\BIMTOOL\obj\Release R26\RincoMTO.AssemblyInfo.cs(1,154): error CS1056: Unexpected character '\0' [C:\Users\Nhan\OneDrive - Rincovitch\00. Nhan\CSharp\RincoMTO\RincoMTO_fsauzi5n_wpftmp.csproj::TargetFramework=net48]
C:\Users\Nhan\OneDrive - Rincovitch\00. Nhan\CSharp\RincoMTO\BIMTOOL\obj\Release R26\Tools\MTO Group Bar\UI\MtoGroupBarWindow.g.cs(1,136): error CS1056: Unexpected character '\0' [C:\Users\Nhan\OneDrive - Rincovitch\00. Nhan\CSharp\RincoMTO\RincoMTO_fsauzi5n_wpftmp.csproj::TargetFramework=net48]
C:\Users\Nhan\OneDrive - Rincovitch\00. Nhan\CSharp\RincoMTO\BIMTOOL\obj\Release R26\RincoMTO.AssemblyInfo.cs(1,155): error CS1056: Unexpected character '\0' [C:\Users\Nhan\OneDrive - Rincovitch\00. Nhan\CSharp\RincoMTO\RincoMTO_fsauzi5n_wpftmp.csproj::TargetFramework=net48]
C:\Users\Nhan\OneDrive - Rincovitch\00. Nhan\CSharp\RincoMTO\BIMTOOL\obj\Release R26\Tools\MTO Group Bar\UI\MtoGroupBarWindow.g.cs(1,137): error CS1056: Unexpected character '\0' [C:\Users\Nhan\OneDrive - Rincovitch\00. Nhan\CSharp\RincoMTO\RincoMTO_fsauzi5n_wpftmp.csproj::TargetFramework=net48]
C:\Users\Nhan\OneDrive - Rincovitch\00. Nhan\CSharp\RincoMTO\BIMTOOL\obj\Release R26\RincoMTO.AssemblyInfo.cs(1,156): error CS1056: Unexpected character '\0' [C:\Users\Nhan\OneDrive - Rincovitch\00. Nhan\CSharp\RincoMTO\RincoMTO_fsauzi5n_wpftmp.csproj::TargetFramework=net48]
C:\Users\Nhan\OneDrive - Rincovitch\00. Nhan\CSharp\RincoMTO\BIMTOOL\obj\Release R26\Tools\MTO Group Bar\UI\MtoGroupBarWindow.g.cs(1,138): error CS1056: Unexpected character '\0' [C:\Users\Nhan\OneDrive - Rincovitch\00. Nhan\CSharp\RincoMTO\RincoMTO_fsauzi5n_wpftmp.csproj::TargetFramework=net48]
C:\Users\Nhan\OneDrive - Rincovitch\00. Nhan\CSharp\RincoMTO\BIMTOOL\obj\Release R26\RincoMTO.AssemblyInfo.cs(1,157): error CS1056: Unexpected character '\0' [C:\Users\Nhan\OneDrive - Rincovitch\00. Nhan\CSharp\RincoMTO\RincoMTO_fsauzi5n_wpftmp.csproj::TargetFramework=net48]
C:\Users\Nhan\OneDrive - Rincovitch\00. Nhan\CSharp\RincoMTO\BIMTOOL\obj\Release R26\Tools\MTO Group Bar\UI\MtoGroupBarWindow.g.cs(1,139): error CS1056: Unexpected character '\0' [C:\Users\Nhan\OneDrive - Rincovitch\00. Nhan\CSharp\RincoMTO\RincoMTO_fsauzi5n_wpftmp.csproj::TargetFramework=net48]
C:\Users\Nhan\OneDrive - Rincovitch\00. Nhan\CSharp\RincoMTO\BIMTOOL\obj\Release R26\RincoMTO.AssemblyInfo.cs(1,158): error CS1056: Unexpected character '\0' [C:\Users\Nhan\OneDrive - Rincovitch\00. Nhan\CSharp\RincoMTO\RincoMTO_fsauzi5n_wpftmp.csproj::TargetFramework=net48]
C:\Users\Nhan\OneDrive - Rincovitch\00. Nhan\CSharp\RincoMTO\BIMTOOL\obj\Release R26\Tools\MTO Group Bar\UI\MtoGroupBarWindow.g.cs(1,140): error CS1056: Unexpected character '\0' [C:\Users\Nhan\OneDrive - Rincovitch\00. Nhan\CSharp\RincoMTO\RincoMTO_fsauzi5n_wpftmp.csproj::TargetFramework=net48]
C:\Users\Nhan\OneDrive - Rincovitch\00. Nhan\CSharp\RincoMTO\BIMTOOL\obj\Release R26\RincoMTO.AssemblyInfo.cs(1,159): error CS1056: Unexpected character '\0' [C:\Users\Nhan\OneDrive - Rincovitch\00. Nhan\CSharp\RincoMTO\RincoMTO_fsauzi5n_wpftmp.csproj::TargetFramework=net48]
C:\Users\Nhan\OneDrive - Rincovitch\00. Nhan\CSharp\RincoMTO\BIMTOOL\obj\Release R26\Tools\MTO Group Bar\UI\MtoGroupBarWindow.g.cs(1,141): error CS1056: Unexpected character '\0' [C:\Users\Nhan\OneDrive - Rincovitch\00. Nhan\CSharp\RincoMTO\RincoMTO_fsauzi5n_wpftmp.csproj::TargetFramework=net48]
C:\Users\Nhan\OneDrive - Rincovitch\00. Nhan\CSharp\RincoMTO\BIMTOOL\obj\Release R26\RincoMTO.AssemblyInfo.cs(1,160): error CS1056: Unexpected character '\0' [C:\Users\Nhan\OneDrive - Rincovitch\00. Nhan\CSharp\RincoMTO\RincoMTO_fsauzi5n_wpftmp.csproj::TargetFramework=net48]
C:\Users\Nhan\OneDrive - Rincovitch\00. Nhan\CSharp\RincoMTO\BIMTOOL\obj\Release R26\RincoMTO.AssemblyInfo.cs(1,161): error CS1056: Unexpected character '\0' [C:\Users\Nhan\OneDrive - Rincovitch\00. Nhan\CSharp\RincoMTO\RincoMTO_fsauzi5n_wpftmp.csproj::TargetFramework=net48]
C:\Users\Nhan\OneDrive - Rincovitch\00. Nhan\CSharp\RincoMTO\BIMTOOL\obj\Release R26\Tools\MTO Group Bar\UI\MtoGroupBarWindow.g.cs(1,142): error CS1056: Unexpected character '\0' [C:\Users\Nhan\OneDrive - Rincovitch\00. Nhan\CSharp\RincoMTO\RincoMTO_fsauzi5n_wpftmp.csproj::TargetFramework=net48]
C:\Users\Nhan\OneDrive - Rincovitch\00. Nhan\CSharp\RincoMTO\BIMTOOL\obj\Release R26\RincoMTO.AssemblyInfo.cs(1,162): error CS1056: Unexpected character '\0' [C:\Users\Nhan\OneDrive - Rincovitch\00. Nhan\CSharp\RincoMTO\RincoMTO_fsauzi5n_wpftmp.csproj::TargetFramework=net48]
C:\Users\Nhan\OneDrive - Rincovitch\00. Nhan\CSharp\RincoMTO\BIMTOOL\obj\Release R26\Tools\MTO Group Bar\UI\MtoGroupBarWindow.g.cs(1,143): error CS1056: Unexpected character '\0' [C:\Users\Nhan\OneDrive - Rincovitch\00. Nhan\CSharp\RincoMTO\RincoMTO_fsauzi5n_wpftmp.csproj::TargetFramework=net48]
C:\Users\Nhan\OneDrive - Rincovitch\00. Nhan\CSharp\RincoMTO\BIMTOOL\obj\Release R26\RincoMTO.AssemblyInfo.cs(1,163): error CS1056: Unexpected character '\0' [C:\Users\Nhan\OneDrive - Rincovitch\00. Nhan\CSharp\RincoMTO\RincoMTO_fsauzi5n_wpftmp.csproj::TargetFramework=net48]
C:\Users\Nhan\OneDrive - Rincovitch\00. Nhan\CSharp\RincoMTO\BIMTOOL\obj\Release R26\Tools\MTO Group Bar\UI\MtoGroupBarWindow.g.cs(1,144): error CS1056: Unexpected character '\0' [C:\Users\Nhan\OneDrive - Rincovitch\00. Nhan\CSharp\RincoMTO\RincoMTO_fsauzi5n_wpftmp.csproj::TargetFramework=net48]
C:\Users\Nhan\OneDrive - Rincovitch\00. Nhan\CSharp\RincoMTO\BIMTOOL\obj\Release R26\RincoMTO.AssemblyInfo.cs(1,164): error CS1056: Unexpected character '\0' [C:\Users\Nhan\OneDrive - Rincovitch\00. Nhan\CSharp\RincoMTO\RincoMTO_fsauzi5n_wpftmp.csproj::TargetFramework=net48]
C:\Users\Nhan\OneDrive - Rincovitch\00. Nhan\CSharp\RincoMTO\BIMTOOL\obj\Release R26\Tools\MTO Group Bar\UI\MtoGroupBarWindow.g.cs(1,145): error CS1056: Unexpected character '\0' [C:\Users\Nhan\OneDrive - Rincovitch\00. Nhan\CSharp\RincoMTO\RincoMTO_fsauzi5n_wpftmp.csproj::TargetFramework=net48]
C:\Users\Nhan\OneDrive - Rincovitch\00. Nhan\CSharp\RincoMTO\BIMTOOL\obj\Release R26\RincoMTO.AssemblyInfo.cs(1,165): error CS1056: Unexpected character '\0' [C:\Users\Nhan\OneDrive - Rincovitch\00. Nhan\CSharp\RincoMTO\RincoMTO_fsauzi5n_wpftmp.csproj::TargetFramework=net48]
C:\Users\Nhan\OneDrive - Rincovitch\00. Nhan\CSharp\RincoMTO\BIMTOOL\obj\Release R26\RincoMTO.AssemblyInfo.cs(1,166): error CS1056: Unexpected character '\0' [C:\Users\Nhan\OneDrive - Rincovitch\00. Nhan\CSharp\RincoMTO\RincoMTO_fsauzi5n_wpftmp.csproj::TargetFramework=net48]
C:\Users\Nhan\OneDrive - Rincovitch\00. Nhan\CSharp\RincoMTO\BIMTOOL\obj\Release R26\RincoMTO.AssemblyInfo.cs(1,167): error CS1056: Unexpected character '\0' [C:\Users\Nhan\OneDrive - Rincovitch\00. Nhan\CSharp\RincoMTO\RincoMTO_fsauzi5n_wpftmp.csproj::TargetFramework=net48]
C:\Users\Nhan\OneDrive - Rincovitch\00. Nhan\CSharp\RincoMTO\BIMTOOL\obj\Release R26\RincoMTO.AssemblyInfo.cs(1,168): error CS1056: Unexpected character '\0' [C:\Users\Nhan\OneDrive - Rincovitch\00. Nhan\CSharp\RincoMTO\RincoMTO_fsauzi5n_wpftmp.csproj::TargetFramework=net48]
C:\Users\Nhan\OneDrive - Rincovitch\00. Nhan\CSharp\RincoMTO\BIMTOOL\obj\Release R26\RincoMTO.AssemblyInfo.cs(1,169): error CS1056: Unexpected character '\0' [C:\Users\Nhan\OneDrive - Rincovitch\00. Nhan\CSharp\RincoMTO\RincoMTO_fsauzi5n_wpftmp.csproj::TargetFramework=net48]
C:\Users\Nhan\OneDrive - Rincovitch\00. Nhan\CSharp\RincoMTO\BIMTOOL\obj\Release R26\Tools\MTO Group Bar\UI\MtoGroupBarWindow.g.cs(1,146): error CS1056: Unexpected character '\0' [C:\Users\Nhan\OneDrive - Rincovitch\00. Nhan\CSharp\RincoMTO\RincoMTO_fsauzi5n_wpftmp.csproj::TargetFramework=net48]
C:\Users\Nhan\OneDrive - Rincovitch\00. Nhan\CSharp\RincoMTO\BIMTOOL\obj\Release R26\RincoMTO.AssemblyInfo.cs(1,170): error CS1056: Unexpected character '\0' [C:\Users\Nhan\OneDrive - Rincovitch\00. Nhan\CSharp\RincoMTO\RincoMTO_fsauzi5n_wpftmp.csproj::TargetFramework=net48]
C:\Users\Nhan\OneDrive - Rincovitch\00. Nhan\CSharp\RincoMTO\BIMTOOL\obj\Release R26\Tools\MTO Group Bar\UI\MtoGroupBarWindow.g.cs(1,147): error CS1056: Unexpected character '\0' [C:\Users\Nhan\OneDrive - Rincovitch\00. Nhan\CSharp\RincoMTO\RincoMTO_fsauzi5n_wpftmp.csproj::TargetFramework=net48]
C:\Users\Nhan\OneDrive - Rincovitch\00. Nhan\CSharp\RincoMTO\BIMTOOL\obj\Release R26\RincoMTO.AssemblyInfo.cs(1,171): error CS1056: Unexpected character '\0' [C:\Users\Nhan\OneDrive - Rincovitch\00. Nhan\CSharp\RincoMTO\RincoMTO_fsauzi5n_wpftmp.csproj::TargetFramework=net48]
C:\Users\Nhan\OneDrive - Rincovitch\00. Nhan\CSharp\RincoMTO\BIMTOOL\obj\Release R26\Tools\MTO Group Bar\UI\MtoGroupBarWindow.g.cs(1,148): error CS1056: Unexpected character '\0' [C:\Users\Nhan\OneDrive - Rincovitch\00. Nhan\CSharp\RincoMTO\RincoMTO_fsauzi5n_wpftmp.csproj::TargetFramework=net48]
C:\Users\Nhan\OneDrive - Rincovitch\00. Nhan\CSharp\RincoMTO\BIMTOOL\obj\Release R26\RincoMTO.AssemblyInfo.cs(1,172): error CS1056: Unexpected character '\0' [C:\Users\Nhan\OneDrive - Rincovitch\00. Nhan\CSharp\RincoMTO\RincoMTO_fsauzi5n_wpftmp.csproj::TargetFramework=net48]
C:\Users\Nhan\OneDrive - Rincovitch\00. Nhan\CSharp\RincoMTO\BIMTOOL\obj\Release R26\RincoMTO.AssemblyInfo.cs(1,173): error CS1056: Unexpected character '\0' [C:\Users\Nhan\OneDrive - Rincovitch\00. Nhan\CSharp\RincoMTO\RincoMTO_fsauzi5n_wpftmp.csproj::TargetFramework=net48]
C:\Users\Nhan\OneDrive - Rincovitch\00. Nhan\CSharp\RincoMTO\BIMTOOL\obj\Release R26\Tools\MTO Group Bar\UI\MtoGroupBarWindow.g.cs(1,149): error CS1056: Unexpected character '\0' [C:\Users\Nhan\OneDrive - Rincovitch\00. Nhan\CSharp\RincoMTO\RincoMTO_fsauzi5n_wpftmp.csproj::TargetFramework=net48]
C:\Users\Nhan\OneDrive - Rincovitch\00. Nhan\CSharp\RincoMTO\BIMTOOL\obj\Release R26\RincoMTO.AssemblyInfo.cs(1,174): error CS1056: Unexpected character '\0' [C:\Users\Nhan\OneDrive - Rincovitch\00. Nhan\CSharp\RincoMTO\RincoMTO_fsauzi5n_wpftmp.csproj::TargetFramework=net48]
C:\Users\Nhan\OneDrive - Rincovitch\00. Nhan\CSharp\RincoMTO\BIMTOOL\obj\Release R26\Tools\MTO Group Bar\UI\MtoGroupBarWindow.g.cs(1,150): error CS1056: Unexpected character '\0' [C:\Users\Nhan\OneDrive - Rincovitch\00. Nhan\CSharp\RincoMTO\RincoMTO_fsauzi5n_wpftmp.csproj::TargetFramework=net48]
C:\Users\Nhan\OneDrive - Rincovitch\00. Nhan\CSharp\RincoMTO\BIMTOOL\obj\Release R26\Tools\MTO Group Bar\UI\MtoGroupBarWindow.g.cs(1,151): error CS1056: Unexpected character '\0' [C:\Users\Nhan\OneDrive - Rincovitch\00. Nhan\CSharp\RincoMTO\RincoMTO_fsauzi5n_wpftmp.csproj::TargetFramework=net48]
C:\Users\Nhan\OneDrive - Rincovitch\00. Nhan\CSharp\RincoMTO\BIMTOOL\obj\Release R26\Tools\MTO Group Bar\UI\MtoGroupBarWindow.g.cs(1,152): error CS1056: Unexpected character '\0' [C:\Users\Nhan\OneDrive - Rincovitch\00. Nhan\CSharp\RincoMTO\RincoMTO_fsauzi5n_wpftmp.csproj::TargetFramework=net48]
C:\Users\Nhan\OneDrive - Rincovitch\00. Nhan\CSharp\RincoMTO\BIMTOOL\obj\Release R26\Tools\MTO Group Bar\UI\MtoGroupBarWindow.g.cs(1,153): error CS1056: Unexpected character '\0' [C:\Users\Nhan\OneDrive - Rincovitch\00. Nhan\CSharp\RincoMTO\RincoMTO_fsauzi5n_wpftmp.csproj::TargetFramework=net48]
C:\Users\Nhan\OneDrive - Rincovitch\00. Nhan\CSharp\RincoMTO\BIMTOOL\obj\Release R26\Tools\MTO Group Bar\UI\MtoGroupBarWindow.g.cs(1,154): error CS1056: Unexpected character '\0' [C:\Users\Nhan\OneDrive - Rincovitch\00. Nhan\CSharp\RincoMTO\RincoMTO_fsauzi5n_wpftmp.csproj::TargetFramework=net48]
C:\Users\Nhan\OneDrive - Rincovitch\00. Nhan\CSharp\RincoMTO\BIMTOOL\obj\Release R26\Tools\MTO Group Bar\UI\MtoGroupBarWindow.g.cs(1,155): error CS1056: Unexpected character '\0' [C:\Users\Nhan\OneDrive - Rincovitch\00. Nhan\CSharp\RincoMTO\RincoMTO_fsauzi5n_wpftmp.csproj::TargetFramework=net48]
C:\Users\Nhan\OneDrive - Rincovitch\00. Nhan\CSharp\RincoMTO\BIMTOOL\obj\Release R26\Tools\MTO Group Bar\UI\MtoGroupBarWindow.g.cs(1,156): error CS1056: Unexpected character '\0' [C:\Users\Nhan\OneDrive - Rincovitch\00. Nhan\CSharp\RincoMTO\RincoMTO_fsauzi5n_wpftmp.csproj::TargetFramework=net48]
C:\Users\Nhan\OneDrive - Rincovitch\00. Nhan\CSharp\RincoMTO\BIMTOOL\obj\Release R26\Tools\MTO Group Bar\UI\MtoGroupBarWindow.g.cs(1,157): error CS1056: Unexpected character '\0' [C:\Users\Nhan\OneDrive - Rincovitch\00. Nhan\CSharp\RincoMTO\RincoMTO_fsauzi5n_wpftmp.csproj::TargetFramework=net48]
C:\Users\Nhan\OneDrive - Rincovitch\00. Nhan\CSharp\RincoMTO\BIMTOOL\obj\Release R26\Tools\MTO Group Bar\UI\MtoGroupBarWindow.g.cs(1,158): error CS1056: Unexpected character '\0' [C:\Users\Nhan\OneDrive - Rincovitch\00. Nhan\CSharp\RincoMTO\RincoMTO_fsauzi5n_wpftmp.csproj::TargetFramework=net48]
C:\Users\Nhan\OneDrive - Rincovitch\00. Nhan\CSharp\RincoMTO\BIMTOOL\obj\Release R26\Tools\MTO Group Bar\UI\MtoGroupBarWindow.g.cs(1,159): error CS1056: Unexpected character '\0' [C:\Users\Nhan\OneDrive - Rincovitch\00. Nhan\CSharp\RincoMTO\RincoMTO_fsauzi5n_wpftmp.csproj::TargetFramework=net48]
C:\Users\Nhan\OneDrive - Rincovitch\00. Nhan\CSharp\RincoMTO\BIMTOOL\obj\Release R26\Tools\MTO Group Bar\UI\MtoGroupBarWindow.g.cs(1,160): error CS1056: Unexpected character '\0' [C:\Users\Nhan\OneDrive - Rincovitch\00. Nhan\CSharp\RincoMTO\RincoMTO_fsauzi5n_wpftmp.csproj::TargetFramework=net48]
C:\Users\Nhan\OneDrive - Rincovitch\00. Nhan\CSharp\RincoMTO\BIMTOOL\obj\Release R26\Tools\MTO Group Bar\UI\MtoGroupBarWindow.g.cs(1,161): error CS1056: Unexpected character '\0' [C:\Users\Nhan\OneDrive - Rincovitch\00. Nhan\CSharp\RincoMTO\RincoMTO_fsauzi5n_wpftmp.csproj::TargetFramework=net48]
C:\Users\Nhan\OneDrive - Rincovitch\00. Nhan\CSharp\RincoMTO\BIMTOOL\obj\Release R26\Tools\MTO Group Bar\UI\MtoGroupBarWindow.g.cs(1,162): error CS1056: Unexpected character '\0' [C:\Users\Nhan\OneDrive - Rincovitch\00. Nhan\CSharp\RincoMTO\RincoMTO_fsauzi5n_wpftmp.csproj::TargetFramework=net48]
C:\Users\Nhan\OneDrive - Rincovitch\00. Nhan\CSharp\RincoMTO\BIMTOOL\obj\Release R26\Tools\MTO Group Bar\UI\MtoGroupBarWindow.g.cs(1,163): error CS1056: Unexpected character '\0' [C:\Users\Nhan\OneDrive - Rincovitch\00. Nhan\CSharp\RincoMTO\RincoMTO_fsauzi5n_wpftmp.csproj::TargetFramework=net48]
C:\Users\Nhan\OneDrive - Rincovitch\00. Nhan\CSharp\RincoMTO\BIMTOOL\obj\Release R26\Tools\MTO Group Bar\UI\MtoGroupBarWindow.g.cs(1,164): error CS1056: Unexpected character '\0' [C:\Users\Nhan\OneDrive - Rincovitch\00. Nhan\CSharp\RincoMTO\RincoMTO_fsauzi5n_wpftmp.csproj::TargetFramework=net48]
C:\Users\Nhan\OneDrive - Rincovitch\00. Nhan\CSharp\RincoMTO\BIMTOOL\obj\Release R26\Tools\MTO Group Bar\UI\MtoGroupBarWindow.g.cs(1,165): error CS1056: Unexpected character '\0' [C:\Users\Nhan\OneDrive - Rincovitch\00. Nhan\CSharp\RincoMTO\RincoMTO_fsauzi5n_wpftmp.csproj::TargetFramework=net48]
C:\Users\Nhan\OneDrive - Rincovitch\00. Nhan\CSharp\RincoMTO\BIMTOOL\obj\Release R26\Tools\MTO Group Bar\UI\MtoGroupBarWindow.g.cs(1,166): error CS1056: Unexpected character '\0' [C:\Users\Nhan\OneDrive - Rincovitch\00. Nhan\CSharp\RincoMTO\RincoMTO_fsauzi5n_wpftmp.csproj::TargetFramework=net48]
C:\Users\Nhan\OneDrive - Rincovitch\00. Nhan\CSharp\RincoMTO\BIMTOOL\obj\Release R26\Tools\MTO Group Bar\UI\MtoGroupBarWindow.g.cs(1,167): error CS1056: Unexpected character '\0' [C:\Users\Nhan\OneDrive - Rincovitch\00. Nhan\CSharp\RincoMTO\RincoMTO_fsauzi5n_wpftmp.csproj::TargetFramework=net48]
C:\Users\Nhan\OneDrive - Rincovitch\00. Nhan\CSharp\RincoMTO\BIMTOOL\obj\Release R26\Tools\MTO Group Bar\UI\MtoGroupBarWindow.g.cs(1,168): error CS1056: Unexpected character '\0' [C:\Users\Nhan\OneDrive - Rincovitch\00. Nhan\CSharp\RincoMTO\RincoMTO_fsauzi5n_wpftmp.csproj::TargetFramework=net48]
C:\Users\Nhan\OneDrive - Rincovitch\00. Nhan\CSharp\RincoMTO\BIMTOOL\obj\Release R26\Tools\MTO Group Bar\UI\MtoGroupBarWindow.g.cs(1,169): error CS1056: Unexpected character '\0' [C:\Users\Nhan\OneDrive - Rincovitch\00. Nhan\CSharp\RincoMTO\RincoMTO_fsauzi5n_wpftmp.csproj::TargetFramework=net48]
C:\Users\Nhan\OneDrive - Rincovitch\00. Nhan\CSharp\RincoMTO\BIMTOOL\obj\Release R26\Tools\MTO Group Bar\UI\MtoGroupBarWindow.g.cs(1,170): error CS1056: Unexpected character '\0' [C:\Users\Nhan\OneDrive - Rincovitch\00. Nhan\CSharp\RincoMTO\RincoMTO_fsauzi5n_wpftmp.csproj::TargetFramework=net48]
C:\Users\Nhan\OneDrive - Rincovitch\00. Nhan\CSharp\RincoMTO\BIMTOOL\obj\Release R26\RincoMTO.AssemblyInfo.cs(1,175): error CS1056: Unexpected character '\0' [C:\Users\Nhan\OneDrive - Rincovitch\00. Nhan\CSharp\RincoMTO\RincoMTO_fsauzi5n_wpftmp.csproj::TargetFramework=net48]
C:\Users\Nhan\OneDrive - Rincovitch\00. Nhan\CSharp\RincoMTO\BIMTOOL\obj\Release R26\Tools\MTO Group Bar\UI\MtoGroupBarWindow.g.cs(1,171): error CS1056: Unexpected character '\0' [C:\Users\Nhan\OneDrive - Rincovitch\00. Nhan\CSharp\RincoMTO\RincoMTO_fsauzi5n_wpftmp.csproj::TargetFramework=net48]
C:\Users\Nhan\OneDrive - Rincovitch\00. Nhan\CSharp\RincoMTO\BIMTOOL\obj\Release R26\Tools\MTO Group Bar\UI\MtoGroupBarWindow.g.cs(1,172): error CS1056: Unexpected character '\0' [C:\Users\Nhan\OneDrive - Rincovitch\00. Nhan\CSharp\RincoMTO\RincoMTO_fsauzi5n_wpftmp.csproj::TargetFramework=net48]
C:\Users\Nhan\OneDrive - Rincovitch\00. Nhan\CSharp\RincoMTO\BIMTOOL\obj\Release R26\RincoMTO.AssemblyInfo.cs(1,176): error CS1056: Unexpected character '\0' [C:\Users\Nhan\OneDrive - Rincovitch\00. Nhan\CSharp\RincoMTO\RincoMTO_fsauzi5n_wpftmp.csproj::TargetFramework=net48]
C:\Users\Nhan\OneDrive - Rincovitch\00. Nhan\CSharp\RincoMTO\BIMTOOL\obj\Release R26\Tools\MTO Group Bar\UI\MtoGroupBarWindow.g.cs(1,173): error CS1056: Unexpected character '\0' [C:\Users\Nhan\OneDrive - Rincovitch\00. Nhan\CSharp\RincoMTO\RincoMTO_fsauzi5n_wpftmp.csproj::TargetFramework=net48]
C:\Users\Nhan\OneDrive - Rincovitch\00. Nhan\CSharp\RincoMTO\BIMTOOL\obj\Release R26\RincoMTO.AssemblyInfo.cs(1,177): error CS1056: Unexpected character '\0' [C:\Users\Nhan\OneDrive - Rincovitch\00. Nhan\CSharp\RincoMTO\RincoMTO_fsauzi5n_wpftmp.csproj::TargetFramework=net48]
C:\Users\Nhan\OneDrive - Rincovitch\00. Nhan\CSharp\RincoMTO\BIMTOOL\obj\Release R26\Tools\MTO Group Bar\UI\MtoGroupBarWindow.g.cs(1,174): error CS1056: Unexpected character '\0' [C:\Users\Nhan\OneDrive - Rincovitch\00. Nhan\CSharp\RincoMTO\RincoMTO_fsauzi5n_wpftmp.csproj::TargetFramework=net48]
C:\Users\Nhan\OneDrive - Rincovitch\00. Nhan\CSharp\RincoMTO\BIMTOOL\obj\Release R26\RincoMTO.AssemblyInfo.cs(1,178): error CS1056: Unexpected character '\0' [C:\Users\Nhan\OneDrive - Rincovitch\00. Nhan\CSharp\RincoMTO\RincoMTO_fsauzi5n_wpftmp.csproj::TargetFramework=net48]
C:\Users\Nhan\OneDrive - Rincovitch\00. Nhan\CSharp\RincoMTO\BIMTOOL\obj\Release R26\Tools\MTO Group Bar\UI\MtoGroupBarWindow.g.cs(1,175): error CS1056: Unexpected character '\0' [C:\Users\Nhan\OneDrive - Rincovitch\00. Nhan\CSharp\RincoMTO\RincoMTO_fsauzi5n_wpftmp.csproj::TargetFramework=net48]
C:\Users\Nhan\OneDrive - Rincovitch\00. Nhan\CSharp\RincoMTO\BIMTOOL\obj\Release R26\RincoMTO.AssemblyInfo.cs(1,179): error CS1056: Unexpected character '\0' [C:\Users\Nhan\OneDrive - Rincovitch\00. Nhan\CSharp\RincoMTO\RincoMTO_fsauzi5n_wpftmp.csproj::TargetFramework=net48]
C:\Users\Nhan\OneDrive - Rincovitch\00. Nhan\CSharp\RincoMTO\BIMTOOL\obj\Release R26\Tools\MTO Group Bar\UI\MtoGroupBarWindow.g.cs(1,176): error CS1056: Unexpected character '\0' [C:\Users\Nhan\OneDrive - Rincovitch\00. Nhan\CSharp\RincoMTO\RincoMTO_fsauzi5n_wpftmp.csproj::TargetFramework=net48]
C:\Users\Nhan\OneDrive - Rincovitch\00. Nhan\CSharp\RincoMTO\BIMTOOL\obj\Release R26\RincoMTO.AssemblyInfo.cs(1,180): error CS1056: Unexpected character '\0' [C:\Users\Nhan\OneDrive - Rincovitch\00. Nhan\CSharp\RincoMTO\RincoMTO_fsauzi5n_wpftmp.csproj::TargetFramework=net48]
C:\Users\Nhan\OneDrive - Rincovitch\00. Nhan\CSharp\RincoMTO\BIMTOOL\obj\Release R26\Tools\MTO Group Bar\UI\MtoGroupBarWindow.g.cs(1,177): error CS1056: Unexpected character '\0' [C:\Users\Nhan\OneDrive - Rincovitch\00. Nhan\CSharp\RincoMTO\RincoMTO_fsauzi5n_wpftmp.csproj::TargetFramework=net48]
C:\Users\Nhan\OneDrive - Rincovitch\00. Nhan\CSharp\RincoMTO\BIMTOOL\obj\Release R26\RincoMTO.AssemblyInfo.cs(1,181): error CS1056: Unexpected character '\0' [C:\Users\Nhan\OneDrive - Rincovitch\00. Nhan\CSharp\RincoMTO\RincoMTO_fsauzi5n_wpftmp.csproj::TargetFramework=net48]
C:\Users\Nhan\OneDrive - Rincovitch\00. Nhan\CSharp\RincoMTO\BIMTOOL\obj\Release R26\Tools\MTO Group Bar\UI\MtoGroupBarWindow.g.cs(1,178): error CS1056: Unexpected character '\0' [C:\Users\Nhan\OneDrive - Rincovitch\00. Nhan\CSharp\RincoMTO\RincoMTO_fsauzi5n_wpftmp.csproj::TargetFramework=net48]
C:\Users\Nhan\OneDrive - Rincovitch\00. Nhan\CSharp\RincoMTO\BIMTOOL\obj\Release R26\RincoMTO.AssemblyInfo.cs(1,182): error CS1056: Unexpected character '\0' [C:\Users\Nhan\OneDrive - Rincovitch\00. Nhan\CSharp\RincoMTO\RincoMTO_fsauzi5n_wpftmp.csproj::TargetFramework=net48]
C:\Users\Nhan\OneDrive - Rincovitch\00. Nhan\CSharp\RincoMTO\BIMTOOL\obj\Release R26\Tools\MTO Group Bar\UI\MtoGroupBarWindow.g.cs(1,179): error CS1056: Unexpected character '\0' [C:\Users\Nhan\OneDrive - Rincovitch\00. Nhan\CSharp\RincoMTO\RincoMTO_fsauzi5n_wpftmp.csproj::TargetFramework=net48]
C:\Users\Nhan\OneDrive - Rincovitch\00. Nhan\CSharp\RincoMTO\BIMTOOL\obj\Release R26\RincoMTO.AssemblyInfo.cs(1,183): error CS1056: Unexpected character '\0' [C:\Users\Nhan\OneDrive - Rincovitch\00. Nhan\CSharp\RincoMTO\RincoMTO_fsauzi5n_wpftmp.csproj::TargetFramework=net48]
C:\Users\Nhan\OneDrive - Rincovitch\00. Nhan\CSharp\RincoMTO\BIMTOOL\obj\Release R26\RincoMTO.AssemblyInfo.cs(1,184): error CS1056: Unexpected character '\0' [C:\Users\Nhan\OneDrive - Rincovitch\00. Nhan\CSharp\RincoMTO\RincoMTO_fsauzi5n_wpftmp.csproj::TargetFramework=net48]
C:\Users\Nhan\OneDrive - Rincovitch\00. Nhan\CSharp\RincoMTO\BIMTOOL\obj\Release R26\Tools\MTO Group Bar\UI\MtoGroupBarWindow.g.cs(1,180): error CS1056: Unexpected character '\0' [C:\Users\Nhan\OneDrive - Rincovitch\00. Nhan\CSharp\RincoMTO\RincoMTO_fsauzi5n_wpftmp.csproj::TargetFramework=net48]
C:\Users\Nhan\OneDrive - Rincovitch\00. Nhan\CSharp\RincoMTO\BIMTOOL\obj\Release R26\RincoMTO.AssemblyInfo.cs(1,185): error CS1056: Unexpected character '\0' [C:\Users\Nhan\OneDrive - Rincovitch\00. Nhan\CSharp\RincoMTO\RincoMTO_fsauzi5n_wpftmp.csproj::TargetFramework=net48]
C:\Users\Nhan\OneDrive - Rincovitch\00. Nhan\CSharp\RincoMTO\BIMTOOL\obj\Release R26\Tools\MTO Group Bar\UI\MtoGroupBarWindow.g.cs(1,181): error CS1056: Unexpected character '\0' [C:\Users\Nhan\OneDrive - Rincovitch\00. Nhan\CSharp\RincoMTO\RincoMTO_fsauzi5n_wpftmp.csproj::TargetFramework=net48]
C:\Users\Nhan\OneDrive - Rincovitch\00. Nhan\CSharp\RincoMTO\BIMTOOL\obj\Release R26\RincoMTO.AssemblyInfo.cs(1,186): error CS1056: Unexpected character '\0' [C:\Users\Nhan\OneDrive - Rincovitch\00. Nhan\CSharp\RincoMTO\RincoMTO_fsauzi5n_wpftmp.csproj::TargetFramework=net48]
C:\Users\Nhan\OneDrive - Rincovitch\00. Nhan\CSharp\RincoMTO\BIMTOOL\obj\Release R26\Tools\MTO Group Bar\UI\MtoGroupBarWindow.g.cs(1,182): error CS1056: Unexpected character '\0' [C:\Users\Nhan\OneDrive - Rincovitch\00. Nhan\CSharp\RincoMTO\RincoMTO_fsauzi5n_wpftmp.csproj::TargetFramework=net48]
C:\Users\Nhan\OneDrive - Rincovitch\00. Nhan\CSharp\RincoMTO\BIMTOOL\obj\Release R26\RincoMTO.AssemblyInfo.cs(1,187): error CS1056: Unexpected character '\0' [C:\Users\Nhan\OneDrive - Rincovitch\00. Nhan\CSharp\RincoMTO\RincoMTO_fsauzi5n_wpftmp.csproj::TargetFramework=net48]
C:\Users\Nhan\OneDrive - Rincovitch\00. Nhan\CSharp\RincoMTO\BIMTOOL\obj\Release R26\Tools\MTO Group Bar\UI\MtoGroupBarWindow.g.cs(1,183): error CS1056: Unexpected character '\0' [C:\Users\Nhan\OneDrive - Rincovitch\00. Nhan\CSharp\RincoMTO\RincoMTO_fsauzi5n_wpftmp.csproj::TargetFramework=net48]
C:\Users\Nhan\OneDrive - Rincovitch\00. Nhan\CSharp\RincoMTO\BIMTOOL\obj\Release R26\RincoMTO.AssemblyInfo.cs(1,188): error CS1056: Unexpected character '\0' [C:\Users\Nhan\OneDrive - Rincovitch\00. Nhan\CSharp\RincoMTO\RincoMTO_fsauzi5n_wpftmp.csproj::TargetFramework=net48]
C:\Users\Nhan\OneDrive - Rincovitch\00. Nhan\CSharp\RincoMTO\BIMTOOL\obj\Release R26\Tools\MTO Group Bar\UI\MtoGroupBarWindow.g.cs(1,184): error CS1056: Unexpected character '\0' [C:\Users\Nhan\OneDrive - Rincovitch\00. Nhan\CSharp\RincoMTO\RincoMTO_fsauzi5n_wpftmp.csproj::TargetFramework=net48]
C:\Users\Nhan\OneDrive - Rincovitch\00. Nhan\CSharp\RincoMTO\BIMTOOL\obj\Release R26\RincoMTO.AssemblyInfo.cs(1,189): error CS1056: Unexpected character '\0' [C:\Users\Nhan\OneDrive - Rincovitch\00. Nhan\CSharp\RincoMTO\RincoMTO_fsauzi5n_wpftmp.csproj::TargetFramework=net48]
C:\Users\Nhan\OneDrive - Rincovitch\00. Nhan\CSharp\RincoMTO\BIMTOOL\obj\Release R26\Tools\MTO Group Bar\UI\MtoGroupBarWindow.g.cs(1,185): error CS1056: Unexpected character '\0' [C:\Users\Nhan\OneDrive - Rincovitch\00. Nhan\CSharp\RincoMTO\RincoMTO_fsauzi5n_wpftmp.csproj::TargetFramework=net48]
C:\Users\Nhan\OneDrive - Rincovitch\00. Nhan\CSharp\RincoMTO\BIMTOOL\obj\Release R26\RincoMTO.AssemblyInfo.cs(1,190): error CS1056: Unexpected character '\0' [C:\Users\Nhan\OneDrive - Rincovitch\00. Nhan\CSharp\RincoMTO\RincoMTO_fsauzi5n_wpftmp.csproj::TargetFramework=net48]
C:\Users\Nhan\OneDrive - Rincovitch\00. Nhan\CSharp\RincoMTO\BIMTOOL\obj\Release R26\RincoMTO.AssemblyInfo.cs(1,191): error CS1056: Unexpected character '\0' [C:\Users\Nhan\OneDrive - Rincovitch\00. Nhan\CSharp\RincoMTO\RincoMTO_fsauzi5n_wpftmp.csproj::TargetFramework=net48]
C:\Users\Nhan\OneDrive - Rincovitch\00. Nhan\CSharp\RincoMTO\BIMTOOL\obj\Release R26\Tools\MTO Group Bar\UI\MtoGroupBarWindow.g.cs(1,186): error CS1056: Unexpected character '\0' [C:\Users\Nhan\OneDrive - Rincovitch\00. Nhan\CSharp\RincoMTO\RincoMTO_fsauzi5n_wpftmp.csproj::TargetFramework=net48]
C:\Users\Nhan\OneDrive - Rincovitch\00. Nhan\CSharp\RincoMTO\BIMTOOL\obj\Release R26\RincoMTO.AssemblyInfo.cs(1,192): error CS1056: Unexpected character '\0' [C:\Users\Nhan\OneDrive - Rincovitch\00. Nhan\CSharp\RincoMTO\RincoMTO_fsauzi5n_wpftmp.csproj::TargetFramework=net48]
C:\Users\Nhan\OneDrive - Rincovitch\00. Nhan\CSharp\RincoMTO\BIMTOOL\obj\Release R26\Tools\MTO Group Bar\UI\MtoGroupBarWindow.g.cs(1,187): error CS1056: Unexpected character '\0' [C:\Users\Nhan\OneDrive - Rincovitch\00. Nhan\CSharp\RincoMTO\RincoMTO_fsauzi5n_wpftmp.csproj::TargetFramework=net48]
C:\Users\Nhan\OneDrive - Rincovitch\00. Nhan\CSharp\RincoMTO\BIMTOOL\obj\Release R26\RincoMTO.AssemblyInfo.cs(1,193): error CS1056: Unexpected character '\0' [C:\Users\Nhan\OneDrive - Rincovitch\00. Nhan\CSharp\RincoMTO\RincoMTO_fsauzi5n_wpftmp.csproj::TargetFramework=net48]
C:\Users\Nhan\OneDrive - Rincovitch\00. Nhan\CSharp\RincoMTO\BIMTOOL\obj\Release R26\Tools\MTO Group Bar\UI\MtoGroupBarWindow.g.cs(1,188): error CS1056: Unexpected character '\0' [C:\Users\Nhan\OneDrive - Rincovitch\00. Nhan\CSharp\RincoMTO\RincoMTO_fsauzi5n_wpftmp.csproj::TargetFramework=net48]
C:\Users\Nhan\OneDrive - Rincovitch\00. Nhan\CSharp\RincoMTO\BIMTOOL\obj\Release R26\RincoMTO.AssemblyInfo.cs(1,194): error CS1056: Unexpected character '\0' [C:\Users\Nhan\OneDrive - Rincovitch\00. Nhan\CSharp\RincoMTO\RincoMTO_fsauzi5n_wpftmp.csproj::TargetFramework=net48]
C:\Users\Nhan\OneDrive - Rincovitch\00. Nhan\CSharp\RincoMTO\BIMTOOL\obj\Release R26\Tools\MTO Group Bar\UI\MtoGroupBarWindow.g.cs(1,189): error CS1056: Unexpected character '\0' [C:\Users\Nhan\OneDrive - Rincovitch\00. Nhan\CSharp\RincoMTO\RincoMTO_fsauzi5n_wpftmp.csproj::TargetFramework=net48]
C:\Users\Nhan\OneDrive - Rincovitch\00. Nhan\CSharp\RincoMTO\BIMTOOL\obj\Release R26\RincoMTO.AssemblyInfo.cs(1,195): error CS1056: Unexpected character '\0' [C:\Users\Nhan\OneDrive - Rincovitch\00. Nhan\CSharp\RincoMTO\RincoMTO_fsauzi5n_wpftmp.csproj::TargetFramework=net48]
C:\Users\Nhan\OneDrive - Rincovitch\00. Nhan\CSharp\RincoMTO\BIMTOOL\obj\Release R26\Tools\MTO Group Bar\UI\MtoGroupBarWindow.g.cs(1,190): error CS1056: Unexpected character '\0' [C:\Users\Nhan\OneDrive - Rincovitch\00. Nhan\CSharp\RincoMTO\RincoMTO_fsauzi5n_wpftmp.csproj::TargetFramework=net48]
C:\Users\Nhan\OneDrive - Rincovitch\00. Nhan\CSharp\RincoMTO\BIMTOOL\obj\Release R26\RincoMTO.AssemblyInfo.cs(1,196): error CS1056: Unexpected character '\0' [C:\Users\Nhan\OneDrive - Rincovitch\00. Nhan\CSharp\RincoMTO\RincoMTO_fsauzi5n_wpftmp.csproj::TargetFramework=net48]
C:\Users\Nhan\OneDrive - Rincovitch\00. Nhan\CSharp\RincoMTO\BIMTOOL\obj\Release R26\Tools\MTO Group Bar\UI\MtoGroupBarWindow.g.cs(1,191): error CS1056: Unexpected character '\0' [C:\Users\Nhan\OneDrive - Rincovitch\00. Nhan\CSharp\RincoMTO\RincoMTO_fsauzi5n_wpftmp.csproj::TargetFramework=net48]
C:\Users\Nhan\OneDrive - Rincovitch\00. Nhan\CSharp\RincoMTO\BIMTOOL\obj\Release R26\RincoMTO.AssemblyInfo.cs(1,197): error CS1056: Unexpected character '\0' [C:\Users\Nhan\OneDrive - Rincovitch\00. Nhan\CSharp\RincoMTO\RincoMTO_fsauzi5n_wpftmp.csproj::TargetFramework=net48]
C:\Users\Nhan\OneDrive - Rincovitch\00. Nhan\CSharp\RincoMTO\BIMTOOL\obj\Release R26\RincoMTO.AssemblyInfo.cs(1,198): error CS1056: Unexpected character '\0' [C:\Users\Nhan\OneDrive - Rincovitch\00. Nhan\CSharp\RincoMTO\RincoMTO_fsauzi5n_wpftmp.csproj::TargetFramework=net48]
C:\Users\Nhan\OneDrive - Rincovitch\00. Nhan\CSharp\RincoMTO\BIMTOOL\obj\Release R26\Tools\MTO Group Bar\UI\MtoGroupBarWindow.g.cs(1,192): error CS1056: Unexpected character '\0' [C:\Users\Nhan\OneDrive - Rincovitch\00. Nhan\CSharp\RincoMTO\RincoMTO_fsauzi5n_wpftmp.csproj::TargetFramework=net48]
C:\Users\Nhan\OneDrive - Rincovitch\00. Nhan\CSharp\RincoMTO\BIMTOOL\obj\Release R26\RincoMTO.AssemblyInfo.cs(1,199): error CS1056: Unexpected character '\0' [C:\Users\Nhan\OneDrive - Rincovitch\00. Nhan\CSharp\RincoMTO\RincoMTO_fsauzi5n_wpftmp.csproj::TargetFramework=net48]
C:\Users\Nhan\OneDrive - Rincovitch\00. Nhan\CSharp\RincoMTO\BIMTOOL\obj\Release R26\Tools\MTO Group Bar\UI\MtoGroupBarWindow.g.cs(1,193): error CS1056: Unexpected character '\0' [C:\Users\Nhan\OneDrive - Rincovitch\00. Nhan\CSharp\RincoMTO\RincoMTO_fsauzi5n_wpftmp.csproj::TargetFramework=net48]
C:\Users\Nhan\OneDrive - Rincovitch\00. Nhan\CSharp\RincoMTO\BIMTOOL\obj\Release R26\RincoMTO.AssemblyInfo.cs(1,200): error CS1056: Unexpected character '\0' [C:\Users\Nhan\OneDrive - Rincovitch\00. Nhan\CSharp\RincoMTO\RincoMTO_fsauzi5n_wpftmp.csproj::TargetFramework=net48]
C:\Users\Nhan\OneDrive - Rincovitch\00. Nhan\CSharp\RincoMTO\BIMTOOL\obj\Release R26\Tools\MTO Group Bar\UI\MtoGroupBarWindow.g.cs(1,194): error CS1056: Unexpected character '\0' [C:\Users\Nhan\OneDrive - Rincovitch\00. Nhan\CSharp\RincoMTO\RincoMTO_fsauzi5n_wpftmp.csproj::TargetFramework=net48]
C:\Users\Nhan\OneDrive - Rincovitch\00. Nhan\CSharp\RincoMTO\BIMTOOL\obj\Release R26\Tools\MTO Group Bar\UI\MtoGroupBarWindow.g.cs(1,195): error CS1056: Unexpected character '\0' [C:\Users\Nhan\OneDrive - Rincovitch\00. Nhan\CSharp\RincoMTO\RincoMTO_fsauzi5n_wpftmp.csproj::TargetFramework=net48]
C:\Users\Nhan\OneDrive - Rincovitch\00. Nhan\CSharp\RincoMTO\BIMTOOL\obj\Release R26\RincoMTO.AssemblyInfo.cs(1,201): error CS1056: Unexpected character '\0' [C:\Users\Nhan\OneDrive - Rincovitch\00. Nhan\CSharp\RincoMTO\RincoMTO_fsauzi5n_wpftmp.csproj::TargetFramework=net48]
C:\Users\Nhan\OneDrive - Rincovitch\00. Nhan\CSharp\RincoMTO\BIMTOOL\obj\Release R26\Tools\MTO Group Bar\UI\MtoGroupBarWindow.g.cs(1,196): error CS1056: Unexpected character '\0' [C:\Users\Nhan\OneDrive - Rincovitch\00. Nhan\CSharp\RincoMTO\RincoMTO_fsauzi5n_wpftmp.csproj::TargetFramework=net48]
C:\Users\Nhan\OneDrive - Rincovitch\00. Nhan\CSharp\RincoMTO\BIMTOOL\obj\Release R26\Tools\MTO Group Bar\UI\MtoGroupBarWindow.g.cs(1,197): error CS1056: Unexpected character '\0' [C:\Users\Nhan\OneDrive - Rincovitch\00. Nhan\CSharp\RincoMTO\RincoMTO_fsauzi5n_wpftmp.csproj::TargetFramework=net48]
C:\Users\Nhan\OneDrive - Rincovitch\00. Nhan\CSharp\RincoMTO\BIMTOOL\obj\Release R26\Tools\MTO Group Bar\UI\MtoGroupBarWindow.g.cs(1,198): error CS1056: Unexpected character '\0' [C:\Users\Nhan\OneDrive - Rincovitch\00. Nhan\CSharp\RincoMTO\RincoMTO_fsauzi5n_wpftmp.csproj::TargetFramework=net48]
C:\Users\Nhan\OneDrive - Rincovitch\00. Nhan\CSharp\RincoMTO\BIMTOOL\obj\Release R26\RincoMTO.AssemblyInfo.cs(1,202): error CS1056: Unexpected character '\0\0\0\0\0\0\0\0\0\0\0\0\0\0\0\0\0\0\0\0\0\0\0\0\0\0\0\0\0\0\0\0\0\0\0\0\0\0\0\0\0\0\0\0\0\0\0\0\0\0\0\0\0\0\0\0\0\0\0\0\0\0\0\0\0\0\0\0\0\0\0\0\0\0\0\0\0\0\0\0\0\0\0\0\0\0\0\0\0\0\0\0\0\0\0\0\0\0\0\0\0\0\0\0\0\0\0\0\0\0\0\0\0\0\0\0\0\0\0\0\0\0\0\0\0\0\0\0\0\0\0\0\0\0\0\0\0\0\0\0\0\0\0\0\0\0\0\0\0\0\0\0\0\0\0\0\0\0\0\0\0\0\0\0\0\0\0\0\0\0\0\0\0\0\0\0\0\0\0\0\0\0\0\0\0\0\0\0\0\0\0\0\0\0\0\0\0\0\0\0\0\0\0\0\0\0\0\0\0\0\0\0\0\0\0\0\0\0\0\0\0\0\0\0\0\0\0\0\0\0\0\0\0\0\0\0\0\0\0\0\0\0\0\0\0\0\0\0\0\0\0\0\0\0\0\0\0\0\0\0\0\0\0\0\0\0\0\0\0\0\0\0\0\0\0\0\0\0\0\0\0\0\0\0\0\0\0\0\0\0\0\0\0\0\0\0\0\0\0\0\0\0\0\0\0\0\0\0\0\0\0\0\0\0\0\0\0\0\0\0\0\0\0\0\0\0\0\0\0\0\0\0\0\0\0\0\0\0\0\0\0\0\0\0\0\0\0\0\0\0\0\0\0\0\0\0\0\0\0\0\0\0\0\0\0\0\0\0\0\0\0\0\0\0\0\0\0\0\0\0\0\0\0\0\0\0\0\0\0\0\0\0\0\0\0\0\0\0\0\0\0\0\0\0\0\0\0\0\0\0\0\0\0\0\0\0\0\0\0\0\0\0\0\0\0\0\0\0\0\0\0\0\0\0\0\0\0\0\0\0\0\0\0\0\0\0\0\0\0\0\0\0\0\0\0\0\0\0\0\0\0\0\0\0\0\0\0\0\0\0\0\0\0\0\0\0\0\0\0\0\0\0\0\0\0\0\0\0\0\0\0\0\0\0\0\0\0\0\0\0\0\0\0\0\0\0\0\0\0\0\0\0\0\0\0\0\0\0\0\0\0\0\0\0\0\0\0\0\0\0\0\0\0\0\0\0\0\0\0\0\0\0\0\0\0\0\0\0\0\0\0\0\0\0\0\0\0\0\0\0\0\0\0\0\0\0\0\0\0\0\0\0\0\0\0\0\0\0\0\0\0\0\0\0\0\0\0\0\0\0\0\0\0\0\0\0\0\0\0\0\0\0\0\0\0\0\0\0\0\0\0\0\0\0\0\0\0\0\0\0\0\0\0\0\0\0\0\0\0\0\0\0\0\0\0\0\0\0\0\0\0\0\0\0\0\0\0\0\0\0\0\0\0\0\0\0\0\0\0\0\0\0\0\0\0\0\0\0\0\0\0\0\0\0\0\0\0\0\0\0\0\0\0\0\0\0\0\0\0\0\0\0\0\0\0\0\0\0\0\0\0\0\0\0\0\0\0\0\0\0\0\0\0\0\0\0\0\0\0\0\0\0\0\0\0\0\0\0\0\0\0\0\0\0\0\0\0\0\0\0\0\0\0\0\0\0\0\0\0\0\0\0\0\0\0\0\0\0\0\0\0\0\0\0\0\0\0\0\0\0\0\0\0\0\0\0\0\0\0\0\0\0\0\0\0\0\0\0\0\0\0\0\0\0\0\0\0\0\0\0\0\0\0\0\0\0\0\0\0\0\0\0\0\0\0\0\0\0\0\0\0\0\0\0\0\0\0\0\0\0\0\0\0\0\0\0\0\0\0\0\0\0\0\0\0\0\0\0\0\0\0\0\0\0\0\0\0\0\0\0\0\0\0\0\0\0\0\0\0\0\0\0\0\0\0\0\0\0\0\0\0\0\0\0\0\0\0\0\0\0\0\0\0\0\0\0\0\0\0\0\0\0\0\0\0\0\0\0\0\0\0\0\0\0\0\0\0\0\0\0\0\0\0\0\0\0\0\0\0\0\0\0\0\0\0\0\0\0\0\0\0\0\0\0\0\0\0\0\0\0\0\0\0\0\0\0\0\0\0\0\0\0' [C:\Users\Nhan\OneDrive - Rincovitch\00. Nhan\CSharp\RincoMTO\RincoMTO_fsauzi5n_wpftmp.csproj::TargetFramework=net48]
C:\Users\Nhan\OneDrive - Rincovitch\00. Nhan\CSharp\RincoMTO\BIMTOOL\obj\Release R26\Tools\MTO Group Bar\UI\MtoGroupBarWindow.g.cs(1,199): error CS1056: Unexpected character '\0' [C:\Users\Nhan\OneDrive - Rincovitch\00. Nhan\CSharp\RincoMTO\RincoMTO_fsauzi5n_wpftmp.csproj::TargetFramework=net48]
C:\Users\Nhan\OneDrive - Rincovitch\00. Nhan\CSharp\RincoMTO\BIMTOOL\obj\Release R26\Tools\MTO Group Bar\UI\MtoGroupBarWindow.g.cs(1,200): error CS1056: Unexpected character '\0' [C:\Users\Nhan\OneDrive - Rincovitch\00. Nhan\CSharp\RincoMTO\RincoMTO_fsauzi5n_wpftmp.csproj::TargetFramework=net48]
C:\Users\Nhan\OneDrive - Rincovitch\00. Nhan\CSharp\RincoMTO\BIMTOOL\obj\Release R26\Tools\MTO Group Bar\UI\MtoGroupBarWindow.g.cs(1,201): error CS1056: Unexpected character '\0' [C:\Users\Nhan\OneDrive - Rincovitch\00. Nhan\CSharp\RincoMTO\RincoMTO_fsauzi5n_wpftmp.csproj::TargetFramework=net48]
C:\Users\Nhan\OneDrive - Rincovitch\00. Nhan\CSharp\RincoMTO\BIMTOOL\obj\Release R26\Tools\MTO Group Bar\UI\MtoGroupBarWindow.g.cs(1,202): error CS1056: Unexpected character '\0\0\0\0\0\0\0\0\0\0\0\0\0\0\0\0\0\0\0\0\0\0\0\0\0\0\0\0\0\0\0\0\0\0\0\0\0\0\0\0\0\0\0\0\0\0\0\0\0\0\0\0\0\0\0\0\0\0\0\0\0\0\0\0\0\0\0\0\0\0\0\0\0\0\0\0\0\0\0\0\0\0\0\0\0\0\0\0\0\0\0\0\0\0\0\0\0\0\0\0\0\0\0\0\0\0\0\0\0\0\0\0\0\0\0\0\0\0\0\0\0\0\0\0\0\0\0\0\0\0\0\0\0\0\0\0\0\0\0\0\0\0\0\0\0\0\0\0\0\0\0\0\0\0\0\0\0\0\0\0\0\0\0\0\0\0\0\0\0\0\0\0\0\0\0\0\0\0\0\0\0\0\0\0\0\0\0\0\0\0\0\0\0\0\0\0\0\0\0\0\0\0\0\0\0\0\0\0\0\0\0\0\0\0\0\0\0\0\0\0\0\0\0\0\0\0\0\0\0\0\0\0\0\0\0\0\0\0\0\0\0\0\0\0\0\0\0\0\0\0\0\0\0\0\0\0\0\0\0\0\0\0\0\0\0\0\0\0\0\0\0\0\0\0\0\0\0\0\0\0\0\0\0\0\0\0\0\0\0\0\0\0\0\0\0\0\0\0\0\0\0\0\0\0\0\0\0\0\0\0\0\0\0\0\0\0\0\0\0\0\0\0\0\0\0\0\0\0\0\0\0\0\0\0\0\0\0\0\0\0\0\0\0\0\0\0\0\0\0\0\0\0\0\0\0\0\0\0\0\0\0\0\0\0\0\0\0\0\0\0\0\0\0\0\0\0\0\0\0\0\0\0\0\0\0\0\0\0\0\0\0\0\0\0\0\0\0\0\0\0\0\0\0\0\0\0\0\0\0\0\0\0\0\0\0\0\0\0\0\0\0\0\0\0\0\0\0\0\0\0\0\0\0\0\0\0\0\0\0\0\0\0\0\0\0\0\0\0\0\0\0\0\0\0\0\0\0\0\0\0\0\0\0\0\0\0\0\0\0\0\0\0\0\0\0\0\0\0\0\0\0\0\0\0\0\0\0\0\0\0\0\0\0\0\0\0\0\0\0\0\0\0\0\0\0\0\0\0\0\0\0\0\0\0\0\0\0\0\0\0\0\0\0\0\0\0\0\0\0\0\0\0\0\0\0\0\0\0\0\0\0\0\0\0\0\0\0\0\0\0\0\0\0\0\0\0\0\0\0\0\0\0\0\0\0\0\0\0\0\0\0\0\0\0\0\0\0\0\0\0\0\0\0\0\0\0\0\0\0\0\0\0\0\0\0\0\0\0\0\0\0\0\0\0\0\0\0\0\0\0\0\0\0\0\0\0\0\0\0\0\0\0\0\0\0\0\0\0\0\0\0\0\0\0\0\0\0\0\0\0\0\0\0\0\0\0\0\0\0\0\0\0\0\0\0\0\0\0\0\0\0\0\0\0\0\0\0\0\0\0\0\0\0\0\0\0\0\0\0\0\0\0\0\0\0\0\0\0\0\0\0\0\0\0\0\0\0\0\0\0\0\0\0\0\0\0\0\0\0\0\0\0\0\0\0\0\0\0\0\0\0\0\0\0\0\0\0\0\0\0\0\0\0\0\0\0\0\0\0\0\0\0\0\0\0\0\0\0\0\0\0\0\0\0\0\0\0\0\0\0\0\0\0\0\0\0\0\0\0\0\0\0\0\0\0\0\0\0\0\0\0\0\0\0\0\0\0\0\0\0\0\0\0\0\0\0\0\0\0\0\0\0\0\0\0\0\0\0\0\0\0\0\0\0\0\0\0\0\0\0\0\0\0\0\0\0\0\0\0\0\0\0\0\0\0\0\0\0\0\0\0\0\0\0\0\0\0\0\0\0\0\0\0\0\0\0\0\0\0\0\0\0\0\0\0\0\0\0\0\0\0\0\0\0\0\0\0\0\0\0\0\0\0\0\0\0\0\0\0\0\0\0\0\0\0\0\0\0\0\0\0\0\0\0\0\0\0\0\0\0\0\0\0\0\0\0\0\0\0\0\0\0\0\0\0\0\0\0\0\0\0\0\0\0\0\0\0\0\0\0\0\0\0\0\0\0\0\0\0\0\0\0\0\0\0\0\0\0\0\0\0\0\0\0\0\0\0\0\0\0\0\0\0\0\0\0\0\0\0\0\0\0\0\0\0\0\0\0\0\0\0\0\0\0\0\0\0\0\0\0\0\0\0\0\0\0\0\0\0\0\0\0\0\0\0\0\0\0\0\0\0\0\0\0\0\0\0\0\0\0\0\0\0\0\0\0\0\0\0\0\0\0\0\0\0\0\0\0\0\0\0\0\0\0\0\0\0\0\0\0\0\0\0\0\0\0\0\0\0\0\0\0\0\0\0\0\0\0\0\0\0\0\0\0\0\0\0\0\0\0\0\0\0\0\0\0\0\0\0\0\0\0\0\0\0\0\0\0\0\0\0\0\0\0\0\0\0\0\0\0\0\0\0\0\0\0\0\0\0\0\0\0\0\0\0\0\0\0\0\0\0\0\0\0\0\0\0\0\0\0\0\0\0\0\0\0\0\0\0\0\0\0\0\0\0\0\0\0\0\0\0\0\0\0\0\0\0\0\0\0\0\0\0\0\0\0\0\0\0\0\0\0\0\0\0\0\0\0\0\0\0\0\0\0\0\0\0\0\0\0\0\0\0\0\0\0\0\0\0\0\0\0\0\0\0\0\0\0\0\0\0\0\0\0\0\0\0\0\0\0\0\0\0\0\0\0\0\0\0\0\0\0\0\0\0\0\0\0\0\0\0\0\0\0\0\0\0\0\0\0\0\0\0\0\0\0\0\0\0\0\0\0\0\0\0\0\0\0\0\0\0\0\0\0\0\0\0\0\0\0\0\0\0\0\0\0\0\0\0\0\0\0\0\0\0\0\0\0\0\0\0\0\0\0\0\0\0\0\0\0\0\0\0\0\0\0\0\0\0\0\0\0\0\0\0\0\0\0\0\0\0\0\0\0\0\0\0\0\0\0\0\0\0\0\0\0\0\0\0\0\0\0\0\0\0\0\0\0\0\0\0\0\0\0\0\0\0\0\0\0\0\0\0\0\0\0\0\0\0\0\0\0\0\0\0\0\0\0\0\0\0\0\0\0\0\0\0\0\0\0\0\0\0\0\0\0\0\0\0\0\0\0\0\0\0\0\0\0\0\0\0\0\0\0\0\0\0\0\0\0\0\0\0\0\0\0\0\0\0\0\0\0\0\0\0\0\0\0\0\0\0\0\0\0\0\0\0\0\0\0\0\0\0\0\0\0\0\0\0\0\0\0\0\0\0\0\0\0\0\0\0\0\0\0\0\0\0\0\0\0\0\0\0\0\0\0\0\0\0\0\0\0\0\0\0\0\0\0\0\0\0\0\0\0\0\0\0\0\0\0\0\0\0\0\0\0\0\0\0\0\0\0\0\0\0\0\0\0\0\0\0\0\0\0\0\0\0\0\0\0\0\0\0\0\0\0\0\0\0\0\0\0\0\0\0\0\0\0\0\0\0\0\0\0\0\0\0\0\0\0\0\0\0\0\0\0\0\0\0\0\0\0\0\0\0\0\0\0\0\0\0\0\0\0\0\0\0\0\0\0\0\0\0\0\0\0\0\0\0\0\0\0\0\0\0\0\0\0\0\0\0\0\0\0\0\0\0\0\0\0\0\0\0\0\0\0\0\0\0\0\0\0\0\0\0\0\0\0\0\0\0\0\0\0\0\0\0\0\0\0\0\0\0\0\0\0\0\0\0\0\0\0\0\0\0\0\0\0\0\0\0\0\0\0\0\0\0\0\0\0\0\0\0\0\0\0\0\0\0\0\0\0\0\0\0\0\0\0\0\0\0\0\0\0\0\0\0\0\0\0\0\0\0\0\0\0\0\0\0\0\0\0\0\0\0\0\0\0\0\0\0\0\0\0\0\0\0\0\0\0\0\0\0\0\0\0\0\0\0\0\0\0\0\0\0\0\0\0\0\0\0\0\0\0\0\0\0\0\0\0\0\0\0\0\0\0\0\0\0\0\0\0\0\0\0\0\0\0\0\0\0\0\0\0\0\0\0\0\0\0\0\0\0\0\0\0\0\0\0\0\0\0\0\0\0\0\0\0\0\0\0\0\0\0\0\0\0\0\0\0\0\0\0\0\0\0\0\0\0\0\0\0\0\0\0\0\0\0\0\0\0\0\0\0\0\0\0\0\0\0\0\0\0\0\0\0\0\0\0\0\0\0\0\0\0\0\0\0\0\0\0\0\0\0\0\0\0\0\0\0\0\0\0\0\0\0\0\0\0\0\0\0\0\0\0\0\0\0\0\0\0\0\0\0\0\0\0\0\0\0\0\0\0\0\0\0\0\0\0\0\0\0\0\0\0\0\0\0\0\0\0\0\0\0\0\0\0\0\0\0\0\0\0\0\0\0\0\0\0\0\0\0\0\0\0\0\0\0\0\0\0\0\0\0\0\0\0\0\0\0\0\0\0\0\0\0\0\0\0\0\0\0\0\0\0\0\0\0\0\0\0\0\0\0\0\0\0\0\0\0\0\0\0\0\0\0\0\0\0\0\0\0\0\0\0\0\0\0\0\0\0\0\0\0\0\0\0\0\0\0\0\0\0\0\0\0\0\0\0\0\0\0\0\0\0\0\0\0\0\0\0\0\0\0\0\0\0\0\0\0\0\0\0\0\0\0\0\0\0\0\0\0\0\0\0\0\0\0\0\0\0\0\0\0\0\0\0\0\0\0\0\0\0\0\0\0\0\0\0\0\0\0\0\0\0\0\0\0\0\0\0\0\0\0\0\0\0\0\0\0\0\0\0\0\0\0\0\0\0\0\0\0\0\0\0\0\0\0\0\0\0\0\0\0\0\0\0\0\0\0\0\0\0\0\0\0\0\0\0\0\0\0\0\0\0\0\0\0\0\0\0\0\0\0\0\0\0\0\0\0\0\0\0\0\0\0\0\0\0\0\0\0\0\0\0\0\0\0\0\0\0\0\0\0\0\0\0\0\0\0\0\0\0\0\0\0\0\0\0\0\0\0\0\0\0\0\0\0\0\0\0\0\0\0\0\0\0\0\0\0\0\0\0\0\0\0\0\0\0\0\0\0\0\0\0\0\0\0\0\0\0\0\0\0\0\0\0\0\0\0\0\0\0\0\0\0\0\0\0\0\0\0\0\0\0\0\0\0\0\0\0\0\0\0\0\0\0\0\0\0\0\0\0\0\0\0\0\0\0\0\0\0\0\0\0\0\0\0\0\0\0\0\0\0\0\0\0\0\0\0\0\0\0\0\0\0\0\0\0\0\0\0\0\0\0\0\0\0\0\0\0\0\0\0\0\0\0\0\0\0\0\0\0\0\0\0\0\0\0\0\0\0\0\0\0\0\0\0\0\0\0\0\0\0\0\0\0\0\0\0\0\0\0\0\0\0\0\0\0\0\0\0\0\0\0\0\0\0\0\0\0\0\0\0\0\0\0\0\0\0\0\0\0\0\0\0\0\0\0\0\0\0\0\0\0\0\0\0\0\0\0\0\0\0\0\0\0\0\0\0\0\0\0\0\0\0\0\0\0\0\0\0\0\0\0\0\0\0\0\0\0\0\0\0\0\0\0\0\0\0\0\0\0\0\0\0\0\0\0\0\0\0\0\0\0\0\0\0\0\0\0\0\0\0\0\0\0\0\0\0\0\0\0\0\0\0\0\0\0\0\0\0\0\0\0\0\0\0\0\0\0\0\0\0\0\0\0\0\0\0\0\0\0\0\0\0\0\0\0\0\0\0\0\0\0\0\0\0\0\0\0\0\0\0\0\0\0\0\0\0\0\0\0\0\0\0\0\0\0\0\0\0\0\0\0\0\0\0\0\0\0\0\0\0\0\0\0\0\0\0\0\0\0\0\0\0\0\0\0\0\0\0\0\0\0\0\0\0\0\0\0\0\0\0\0\0\0\0\0\0\0\0\0\0\0\0\0\0\0\0\0\0\0\0\0\0\0\0\0\0\0\0\0\0\0\0\0\0\0\0\0\0\0\0\0\0\0\0\0\0\0\0\0\0\0\0\0\0\0\0\0\0\0\0\0\0\0\0\0\0\0\0\0\0\0\0\0\0\0\0\0\0\0\0\0\0\0\0\0\0\0\0\0\0\0\0\0\0\0\0\0\0\0\0\0\0\0\0\0\0\0\0\0\0\0\0\0\0\0\0\0\0\0\0\0\0\0\0\0\0\0\0\0\0\0\0\0\0\0\0\0\0\0\0\0\0\0\0\0\0\0\0\0\0\0\0\0\0\0\0\0\0\0\0\0\0\0\0\0\0\0\0\0\0\0\0\0\0\0\0\0\0\0\0\0\0\0\0\0\0\0\0\0\0\0\0\0\0\0\0\0\0\0\0\0\0\0\0\0\0\0\0\0\0\0\0\0\0\0\0\0\0\0\0\0\0\0\0\0\0\0\0\0\0\0\0\0\0\0\0\0\0\0\0\0\0\0\0\0\0\0\0\0\0\0\0\0\0\0\0\0\0\0\0\0\0\0\0\0\0\0\0\0\0\0\0\0\0\0\0\0\0\0\0\0\0\0\0\0\0\0\0\0\0\0\0\0\0\0\0\0\0\0\0\0\0\0\0\0\0\0\0\0\0\0\0\0\0\0\0\0\0\0\0\0\0\0\0\0\0\0\0\0\0\0\0\0\0\0\0\0\0\0\0\0\0\0\0\0\0\0\0\0\0\0\0\0\0\0\0\0\0\0\0\0\0\0\0\0\0\0\0\0\0\0\0\0\0\0\0\0\0\0\0\0\0\0\0\0\0\0\0\0\0\0\0\0\0\0\0\0\0\0\0\0\0\0\0\0\0\0\0\0\0\0\0\0\0\0\0\0\0\0\0\0\0\0\0\0\0\0\0\0\0\0\0\0\0\0\0\0\0\0\0\0\0\0\0\0\0\0\0\0\0\0\0\0\0\0\0\0\0\0\0\0\0\0\0\0\0\0\0\0\0\0\0\0\0\0\0\0\0\0\0\0\0\0\0\0\0\0\0\0\0\0\0\0\0\0\0\0\0\0\0\0\0\0\0\0\0\0\0\0\0\0\0\0\0\0\0\0\0\0\0\0\0\0\0\0\0\0\0\0\0\0\0\0\0\0\0\0\0\0\0\0\0\0\0\0\0\0\0\0\0\0\0\0\0\0\0\0\0\0\0\0\0\0\0\0\0\0\0\0\0\0\0\0\0\0\0\0\0\0\0\0\0\0\0\0\0\0\0\0\0\0\0\0\0\0\0\0\0\0\0\0\0\0\0\0\0\0\0\0\0\0\0\0\0\0\0\0\0\0\0\0\0\0\0\0\0\0\0\0\0\0\0\0\0\0\0\0\0\0\0\0\0\0\0\0\0\0\0\0\0\0\0\0\0\0\0\0\0\0\0\0\0\0\0\0\0\0\0\0\0\0\0\0\0\0\0\0\0\0\0\0\0\0\0\0\0\0\0\0\0\0\0\0\0\0\0\0\0\0\0\0\0\0\0\0\0\0\0\0\0\0\0\0\0\0\0\0\0\0\0\0\0\0\0\0\0\0\0\0\0\0\0\0\0\0\0\0\0\0\0\0\0\0\0\0\0\0\0\0\0\0\0\0\0\0\0\0\0\0\0\0\0\0\0\0\0\0\0\0\0\0\0\0\0\0\0\0\0\0\0\0\0\0\0\0\0\0\0\0\0\0\0\0\0\0\0\0\0\0\0\0\0\0\0\0\0\0\0\0\0\0\0\0\0\0\0\0\0\0\0\0\0\0\0\0\0\0\0\0\0\0\0\0\0\0\0\0\0\0\0\0\0\0\0\0\0\0\0\0\0\0\0\0\0\0\0\0\0\0\0\0\0\0\0\0\0\0\0\0\0\0\0\0\0\0\0\0\0\0\0\0\0\0\0\0\0\0\0\0\0\0\0\0\0\0\0\0\0\0\0\0\0\0\0\0\0\0\0\0\0\0\0\0\0\0\0\0\0\0\0\0\0\0\0\0\0\0\0\0\0\0\0\0\0\0\0\0\0\0\0\0\0\0\0\0\0\0\0\0\0\0\0\0\0\0\0\0\0\0\0\0\0\0\0\0\0\0\0\0\0\0\0\0\0\0\0\0\0\0\0\0\0\0\0\0\0\0\0\0\0\0\0\0\0\0\0\0\0\0\0\0\0\0\0\0\0\0\0\0\0\0\0\0\0\0\0\0\0\0\0\0\0\0\0\0\0\0\0\0\0\0\0\0\0\0\0\0\0\0\0\0\0\0\0\0\0\0\0\0\0\0\0\0\0\0\0\0\0\0\0\0\0\0\0\0\0\0\0\0\0\0\0\0\0\0\0\0\0\0\0\0\0\0\0\0\0\0\0\0\0\0\0\0\0\0\0\0\0\0\0\0\0\0\0\0\0\0\0\0\0\0\0\0\0\0\0\0\0\0\0\0\0\0\0\0\0\0\0\0\0\0\0\0\0\0\0\0\0\0\0\0\0\0\0\0\0\0\0\0\0\0\0\0\0\0\0\0\0\0\0\0\0\0\0\0\0\0\0\0\0\0\0\0\0\0\0\0\0\0\0\0\0\0\0\0\0\0\0\0\0\0\0\0\0\0\0\0\0\0\0\0\0\0\0\0\0\0\0\0\0\0\0\0\0\0\0\0\0\0\0\0\0\0\0\0\0\0\0\0\0\0\0\0\0\0\0\0\0\0\0\0\0\0\0\0\0\0\0\0\0\0\0\0\0\0\0\0\0\0\0\0\0\0\0\0\0\0\0\0\0\0\0\0\0\0\0\0\0\0\0\0\0\0\0\0\0\0\0\0\0\0\0\0\0\0\0\0\0\0\0\0\0\0\0\0\0\0\0\0\0\0\0\0\0\0\0\0\0\0\0\0\0\0\0\0\0\0\0\0\0\0\0\0\0\0\0\0\0\0\0\0\0\0\0\0\0\0\0\0\0\0\0\0\0\0\0\0\0\0\0\0\0\0\0\0\0\0\0\0\0\0\0\0\0\0\0\0\0\0\0\0\0\0\0\0\0\0\0\0\0\0\0\0\0\0\0\0\0\0\0\0\0\0\0\0\0\0\0\0\0\0\0\0\0\0\0\0\0\0\0\0\0\0\0\0\0\0\0\0\0\0\0\0\0\0\0\0\0\0\0\0\0\0\0\0\0\0\0\0\0\0\0\0\0\0\0\0\0\0\0\0\0\0\0\0\0\0\0\0\0\0\0\0\0\0\0\0\0\0\0\0\0\0\0\0\0\0\0\0\0\0\0\0\0\0\0\0\0\0\0\0\0\0\0\0\0\0\0\0\0\0\0\0\0\0\0\0\0\0\0\0\0\0\0\0\0\0\0\0\0\0\0\0\0\0\0\0\0\0\0\0\0\0\0\0\0\0\0\0\0\0\0\0\0\0\0\0\0\0\0\0\0\0\0\0\0\0\0\0\0\0\0\0\0\0\0\0\0\0\0\0\0\0\0\0\0\0\0\0\0\0\0\0\0\0\0\0\0\0\0\0\0\0\0\0\0\0\0\0\0\0\0\0\0\0\0\0\0\0\0\0\0\0\0\0\0\0\0\0\0\0\0\0\0\0\0\0\0\0\0\0\0\0\0\0\0\0\0\0\0\0\0\0\0\0\0\0\0\0\0\0\0\0\0\0\0\0\0\0\0\0\0\0\0\0\0\0\0\0\0\0\0\0\0\0\0\0\0\0\0\0\0\0\0\0\0\0\0\0\0\0\0\0\0\0\0\0\0\0\0\0\0\0\0\0\0\0\0\0\0\0\0\0\0\0\0\0\0\0\0\0\0\0\0\0\0\0\0\0\0\0\0\0\0\0\0\0\0\0\0\0\0\0\0\0\0\0\0\0\0\0\0\0\0\0\0\0\0\0\0\0\0\0\0\0\0\0\0\0\0\0\0\0\0\0\0\0\0\0\0\0\0\0\0\0\0\0\0\0\0\0\0\0\0\0\0\0\0\0\0\0\0\0\0\0\0\0\0\0\0\0\0\0\0\0\0\0\0\0\0\0\0\0\0\0\0\0\0\0\0\0' [C:\Users\Nhan\OneDrive - Rincovitch\00. Nhan\CSharp\RincoMTO\RincoMTO_fsauzi5n_wpftmp.csproj::TargetFramework=net48]
C:\Users\Nhan\OneDrive - Rincovitch\00. Nhan\CSharp\RincoMTO\BIMTOOL\obj\Release R26\Tools\MTO Query\UI\MtoQueryWindow.g.cs(1,1): error CS1056: Unexpected character '\0' [C:\Users\Nhan\OneDrive - Rincovitch\00. Nhan\CSharp\RincoMTO\RincoMTO_fsauzi5n_wpftmp.csproj::TargetFramework=net48]
C:\Users\Nhan\OneDrive - Rincovitch\00. Nhan\CSharp\RincoMTO\BIMTOOL\obj\Release R26\Tools\MTO Query\UI\MtoQueryWindow.g.cs(1,2): error CS1056: Unexpected character '\0' [C:\Users\Nhan\OneDrive - Rincovitch\00. Nhan\CSharp\RincoMTO\RincoMTO_fsauzi5n_wpftmp.csproj::TargetFramework=net48]
C:\Users\Nhan\OneDrive - Rincovitch\00. Nhan\CSharp\RincoMTO\BIMTOOL\obj\Release R26\Tools\MTO Query\UI\MtoQueryWindow.g.cs(1,3): error CS1056: Unexpected character '\0' [C:\Users\Nhan\OneDrive - Rincovitch\00. Nhan\CSharp\RincoMTO\RincoMTO_fsauzi5n_wpftmp.csproj::TargetFramework=net48]
C:\Users\Nhan\OneDrive - Rincovitch\00. Nhan\CSharp\RincoMTO\BIMTOOL\obj\Release R26\Tools\MTO Query\UI\MtoQueryWindow.g.cs(1,4): error CS1056: Unexpected character '\0' [C:\Users\Nhan\OneDrive - Rincovitch\00. Nhan\CSharp\RincoMTO\RincoMTO_fsauzi5n_wpftmp.csproj::TargetFramework=net48]
C:\Users\Nhan\OneDrive - Rincovitch\00. Nhan\CSharp\RincoMTO\BIMTOOL\obj\Release R26\Tools\MTO Query\UI\MtoQueryWindow.g.cs(1,5): error CS1056: Unexpected character '\0' [C:\Users\Nhan\OneDrive - Rincovitch\00. Nhan\CSharp\RincoMTO\RincoMTO_fsauzi5n_wpftmp.csproj::TargetFramework=net48]
C:\Users\Nhan\OneDrive - Rincovitch\00. Nhan\CSharp\RincoMTO\BIMTOOL\obj\Release R26\Tools\MTO Query\UI\MtoQueryWindow.g.cs(1,6): error CS1056: Unexpected character '\0' [C:\Users\Nhan\OneDrive - Rincovitch\00. Nhan\CSharp\RincoMTO\RincoMTO_fsauzi5n_wpftmp.csproj::TargetFramework=net48]
C:\Users\Nhan\OneDrive - Rincovitch\00. Nhan\CSharp\RincoMTO\BIMTOOL\obj\Release R26\Tools\MTO Query\UI\MtoQueryWindow.g.cs(1,7): error CS1056: Unexpected character '\0' [C:\Users\Nhan\OneDrive - Rincovitch\00. Nhan\CSharp\RincoMTO\RincoMTO_fsauzi5n_wpftmp.csproj::TargetFramework=net48]
C:\Users\Nhan\OneDrive - Rincovitch\00. Nhan\CSharp\RincoMTO\BIMTOOL\obj\Release R26\Tools\MTO Query\UI\MtoQueryWindow.g.cs(1,8): error CS1056: Unexpected character '\0' [C:\Users\Nhan\OneDrive - Rincovitch\00. Nhan\CSharp\RincoMTO\RincoMTO_fsauzi5n_wpftmp.csproj::TargetFramework=net48]
C:\Users\Nhan\OneDrive - Rincovitch\00. Nhan\CSharp\RincoMTO\BIMTOOL\obj\Release R26\Tools\MTO Query\UI\MtoQueryWindow.g.cs(1,9): error CS1056: Unexpected character '\0' [C:\Users\Nhan\OneDrive - Rincovitch\00. Nhan\CSharp\RincoMTO\RincoMTO_fsauzi5n_wpftmp.csproj::TargetFramework=net48]
C:\Users\Nhan\OneDrive - Rincovitch\00. Nhan\CSharp\RincoMTO\BIMTOOL\obj\Release R26\Tools\MTO Query\UI\MtoQueryWindow.g.cs(1,10): error CS1056: Unexpected character '\0' [C:\Users\Nhan\OneDrive - Rincovitch\00. Nhan\CSharp\RincoMTO\RincoMTO_fsauzi5n_wpftmp.csproj::TargetFramework=net48]
C:\Users\Nhan\OneDrive - Rincovitch\00. Nhan\CSharp\RincoMTO\BIMTOOL\obj\Release R26\Tools\MTO Query\UI\MtoQueryWindow.g.cs(1,11): error CS1056: Unexpected character '\0' [C:\Users\Nhan\OneDrive - Rincovitch\00. Nhan\CSharp\RincoMTO\RincoMTO_fsauzi5n_wpftmp.csproj::TargetFramework=net48]
C:\Users\Nhan\OneDrive - Rincovitch\00. Nhan\CSharp\RincoMTO\BIMTOOL\obj\Release R26\Tools\MTO Query\UI\MtoQueryWindow.g.cs(1,12): error CS1056: Unexpected character '\0' [C:\Users\Nhan\OneDrive - Rincovitch\00. Nhan\CSharp\RincoMTO\RincoMTO_fsauzi5n_wpftmp.csproj::TargetFramework=net48]
C:\Users\Nhan\OneDrive - Rincovitch\00. Nhan\CSharp\RincoMTO\BIMTOOL\obj\Release R26\Tools\MTO Query\UI\MtoQueryWindow.g.cs(1,13): error CS1056: Unexpected character '\0' [C:\Users\Nhan\OneDrive - Rincovitch\00. Nhan\CSharp\RincoMTO\RincoMTO_fsauzi5n_wpftmp.csproj::TargetFramework=net48]
C:\Users\Nhan\OneDrive - Rincovitch\00. Nhan\CSharp\RincoMTO\BIMTOOL\obj\Release R26\Tools\MTO Query\UI\MtoQueryWindow.g.cs(1,14): error CS1056: Unexpected character '\0' [C:\Users\Nhan\OneDrive - Rincovitch\00. Nhan\CSharp\RincoMTO\RincoMTO_fsauzi5n_wpftmp.csproj::TargetFramework=net48]
C:\Users\Nhan\OneDrive - Rincovitch\00. Nhan\CSharp\RincoMTO\BIMTOOL\obj\Release R26\Tools\MTO Query\UI\MtoQueryWindow.g.cs(1,15): error CS1056: Unexpected character '\0' [C:\Users\Nhan\OneDrive - Rincovitch\00. Nhan\CSharp\RincoMTO\RincoMTO_fsauzi5n_wpftmp.csproj::TargetFramework=net48]
C:\Users\Nhan\OneDrive - Rincovitch\00. Nhan\CSharp\RincoMTO\BIMTOOL\obj\Release R26\Tools\MTO Query\UI\MtoQueryWindow.g.cs(1,16): error CS1056: Unexpected character '\0' [C:\Users\Nhan\OneDrive - Rincovitch\00. Nhan\CSharp\RincoMTO\RincoMTO_fsauzi5n_wpftmp.csproj::TargetFramework=net48]
C:\Users\Nhan\OneDrive - Rincovitch\00. Nhan\CSharp\RincoMTO\BIMTOOL\obj\Release R26\Tools\MTO Query\UI\MtoQueryWindow.g.cs(1,17): error CS1056: Unexpected character '\0' [C:\Users\Nhan\OneDrive - Rincovitch\00. Nhan\CSharp\RincoMTO\RincoMTO_fsauzi5n_wpftmp.csproj::TargetFramework=net48]
C:\Users\Nhan\OneDrive - Rincovitch\00. Nhan\CSharp\RincoMTO\BIMTOOL\obj\Release R26\Tools\MTO Query\UI\MtoQueryWindow.g.cs(1,18): error CS1056: Unexpected character '\0' [C:\Users\Nhan\OneDrive - Rincovitch\00. Nhan\CSharp\RincoMTO\RincoMTO_fsauzi5n_wpftmp.csproj::TargetFramework=net48]
C:\Users\Nhan\OneDrive - Rincovitch\00. Nhan\CSharp\RincoMTO\BIMTOOL\obj\Release R26\Tools\MTO Query\UI\MtoQueryWindow.g.cs(1,19): error CS1056: Unexpected character '\0' [C:\Users\Nhan\OneDrive - Rincovitch\00. Nhan\CSharp\RincoMTO\RincoMTO_fsauzi5n_wpftmp.csproj::TargetFramework=net48]
C:\Users\Nhan\OneDrive - Rincovitch\00. Nhan\CSharp\RincoMTO\BIMTOOL\obj\Release R26\Tools\MTO Query\UI\MtoQueryWindow.g.cs(1,20): error CS1056: Unexpected character '\0' [C:\Users\Nhan\OneDrive - Rincovitch\00. Nhan\CSharp\RincoMTO\RincoMTO_fsauzi5n_wpftmp.csproj::TargetFramework=net48]
C:\Users\Nhan\OneDrive - Rincovitch\00. Nhan\CSharp\RincoMTO\BIMTOOL\obj\Release R26\Tools\MTO Query\UI\MtoQueryWindow.g.cs(1,21): error CS1056: Unexpected character '\0' [C:\Users\Nhan\OneDrive - Rincovitch\00. Nhan\CSharp\RincoMTO\RincoMTO_fsauzi5n_wpftmp.csproj::TargetFramework=net48]
C:\Users\Nhan\OneDrive - Rincovitch\00. Nhan\CSharp\RincoMTO\BIMTOOL\obj\Release R26\Tools\MTO Query\UI\MtoQueryWindow.g.cs(1,22): error CS1056: Unexpected character '\0' [C:\Users\Nhan\OneDrive - Rincovitch\00. Nhan\CSharp\RincoMTO\RincoMTO_fsauzi5n_wpftmp.csproj::TargetFramework=net48]
C:\Users\Nhan\OneDrive - Rincovitch\00. Nhan\CSharp\RincoMTO\BIMTOOL\obj\Release R26\Tools\MTO Query\UI\MtoQueryWindow.g.cs(1,23): error CS1056: Unexpected character '\0' [C:\Users\Nhan\OneDrive - Rincovitch\00. Nhan\CSharp\RincoMTO\RincoMTO_fsauzi5n_wpftmp.csproj::TargetFramework=net48]
C:\Users\Nhan\OneDrive - Rincovitch\00. Nhan\CSharp\RincoMTO\BIMTOOL\obj\Release R26\Tools\MTO Query\UI\MtoQueryWindow.g.cs(1,24): error CS1056: Unexpected character '\0' [C:\Users\Nhan\OneDrive - Rincovitch\00. Nhan\CSharp\RincoMTO\RincoMTO_fsauzi5n_wpftmp.csproj::TargetFramework=net48]
C:\Users\Nhan\OneDrive - Rincovitch\00. Nhan\CSharp\RincoMTO\BIMTOOL\obj\Release R26\Tools\MTO Query\UI\MtoQueryWindow.g.cs(1,25): error CS1056: Unexpected character '\0' [C:\Users\Nhan\OneDrive - Rincovitch\00. Nhan\CSharp\RincoMTO\RincoMTO_fsauzi5n_wpftmp.csproj::TargetFramework=net48]
C:\Users\Nhan\OneDrive - Rincovitch\00. Nhan\CSharp\RincoMTO\BIMTOOL\obj\Release R26\Tools\MTO Query\UI\MtoQueryWindow.g.cs(1,26): error CS1056: Unexpected character '\0' [C:\Users\Nhan\OneDrive - Rincovitch\00. Nhan\CSharp\RincoMTO\RincoMTO_fsauzi5n_wpftmp.csproj::TargetFramework=net48]
C:\Users\Nhan\OneDrive - Rincovitch\00. Nhan\CSharp\RincoMTO\BIMTOOL\obj\Release R26\Tools\MTO Query\UI\MtoQueryWindow.g.cs(1,27): error CS1056: Unexpected character '\0' [C:\Users\Nhan\OneDrive - Rincovitch\00. Nhan\CSharp\RincoMTO\RincoMTO_fsauzi5n_wpftmp.csproj::TargetFramework=net48]
C:\Users\Nhan\OneDrive - Rincovitch\00. Nhan\CSharp\RincoMTO\BIMTOOL\obj\Release R26\Tools\MTO Query\UI\MtoQueryWindow.g.cs(1,28): error CS1056: Unexpected character '\0' [C:\Users\Nhan\OneDrive - Rincovitch\00. Nhan\CSharp\RincoMTO\RincoMTO_fsauzi5n_wpftmp.csproj::TargetFramework=net48]
C:\Users\Nhan\OneDrive - Rincovitch\00. Nhan\CSharp\RincoMTO\BIMTOOL\obj\Release R26\Tools\MTO Query\UI\MtoQueryWindow.g.cs(1,29): error CS1056: Unexpected character '\0' [C:\Users\Nhan\OneDrive - Rincovitch\00. Nhan\CSharp\RincoMTO\RincoMTO_fsauzi5n_wpftmp.csproj::TargetFramework=net48]
C:\Users\Nhan\OneDrive - Rincovitch\00. Nhan\CSharp\RincoMTO\BIMTOOL\obj\Release R26\Tools\MTO Query\UI\MtoQueryWindow.g.cs(1,30): error CS1056: Unexpected character '\0' [C:\Users\Nhan\OneDrive - Rincovitch\00. Nhan\CSharp\RincoMTO\RincoMTO_fsauzi5n_wpftmp.csproj::TargetFramework=net48]
C:\Users\Nhan\OneDrive - Rincovitch\00. Nhan\CSharp\RincoMTO\BIMTOOL\obj\Release R26\Tools\MTO Query\UI\MtoQueryWindow.g.cs(1,31): error CS1056: Unexpected character '\0' [C:\Users\Nhan\OneDrive - Rincovitch\00. Nhan\CSharp\RincoMTO\RincoMTO_fsauzi5n_wpftmp.csproj::TargetFramework=net48]
C:\Users\Nhan\OneDrive - Rincovitch\00. Nhan\CSharp\RincoMTO\BIMTOOL\obj\Release R26\Tools\MTO Query\UI\MtoQueryWindow.g.cs(1,32): error CS1056: Unexpected character '\0' [C:\Users\Nhan\OneDrive - Rincovitch\00. Nhan\CSharp\RincoMTO\RincoMTO_fsauzi5n_wpftmp.csproj::TargetFramework=net48]
C:\Users\Nhan\OneDrive - Rincovitch\00. Nhan\CSharp\RincoMTO\BIMTOOL\obj\Release R26\Tools\MTO Query\UI\MtoQueryWindow.g.cs(1,33): error CS1056: Unexpected character '\0' [C:\Users\Nhan\OneDrive - Rincovitch\00. Nhan\CSharp\RincoMTO\RincoMTO_fsauzi5n_wpftmp.csproj::TargetFramework=net48]
C:\Users\Nhan\OneDrive - Rincovitch\00. Nhan\CSharp\RincoMTO\BIMTOOL\obj\Release R26\Tools\MTO Query\UI\MtoQueryWindow.g.cs(1,34): error CS1056: Unexpected character '\0' [C:\Users\Nhan\OneDrive - Rincovitch\00. Nhan\CSharp\RincoMTO\RincoMTO_fsauzi5n_wpftmp.csproj::TargetFramework=net48]
C:\Users\Nhan\OneDrive - Rincovitch\00. Nhan\CSharp\RincoMTO\BIMTOOL\obj\Release R26\Tools\MTO Query\UI\MtoQueryWindow.g.cs(1,35): error CS1056: Unexpected character '\0' [C:\Users\Nhan\OneDrive - Rincovitch\00. Nhan\CSharp\RincoMTO\RincoMTO_fsauzi5n_wpftmp.csproj::TargetFramework=net48]
C:\Users\Nhan\OneDrive - Rincovitch\00. Nhan\CSharp\RincoMTO\BIMTOOL\obj\Release R26\Tools\MTO Query\UI\MtoQueryWindow.g.cs(1,36): error CS1056: Unexpected character '\0' [C:\Users\Nhan\OneDrive - Rincovitch\00. Nhan\CSharp\RincoMTO\RincoMTO_fsauzi5n_wpftmp.csproj::TargetFramework=net48]
C:\Users\Nhan\OneDrive - Rincovitch\00. Nhan\CSharp\RincoMTO\BIMTOOL\obj\Release R26\Tools\MTO Query\UI\MtoQueryWindow.g.cs(1,37): error CS1056: Unexpected character '\0' [C:\Users\Nhan\OneDrive - Rincovitch\00. Nhan\CSharp\RincoMTO\RincoMTO_fsauzi5n_wpftmp.csproj::TargetFramework=net48]
C:\Users\Nhan\OneDrive - Rincovitch\00. Nhan\CSharp\RincoMTO\BIMTOOL\obj\Release R26\Tools\MTO Query\UI\MtoQueryWindow.g.cs(1,38): error CS1056: Unexpected character '\0' [C:\Users\Nhan\OneDrive - Rincovitch\00. Nhan\CSharp\RincoMTO\RincoMTO_fsauzi5n_wpftmp.csproj::TargetFramework=net48]
C:\Users\Nhan\OneDrive - Rincovitch\00. Nhan\CSharp\RincoMTO\BIMTOOL\obj\Release R26\Tools\MTO Query\UI\MtoQueryWindow.g.cs(1,39): error CS1056: Unexpected character '\0' [C:\Users\Nhan\OneDrive - Rincovitch\00. Nhan\CSharp\RincoMTO\RincoMTO_fsauzi5n_wpftmp.csproj::TargetFramework=net48]
C:\Users\Nhan\OneDrive - Rincovitch\00. Nhan\CSharp\RincoMTO\BIMTOOL\obj\Release R26\Tools\MTO Query\UI\MtoQueryWindow.g.cs(1,40): error CS1056: Unexpected character '\0' [C:\Users\Nhan\OneDrive - Rincovitch\00. Nhan\CSharp\RincoMTO\RincoMTO_fsauzi5n_wpftmp.csproj::TargetFramework=net48]
C:\Users\Nhan\OneDrive - Rincovitch\00. Nhan\CSharp\RincoMTO\BIMTOOL\obj\Release R26\Tools\MTO Query\UI\MtoQueryWindow.g.cs(1,41): error CS1056: Unexpected character '\0' [C:\Users\Nhan\OneDrive - Rincovitch\00. Nhan\CSharp\RincoMTO\RincoMTO_fsauzi5n_wpftmp.csproj::TargetFramework=net48]
C:\Users\Nhan\OneDrive - Rincovitch\00. Nhan\CSharp\RincoMTO\BIMTOOL\obj\Release R26\Tools\MTO Query\UI\MtoQueryWindow.g.cs(1,42): error CS1056: Unexpected character '\0' [C:\Users\Nhan\OneDrive - Rincovitch\00. Nhan\CSharp\RincoMTO\RincoMTO_fsauzi5n_wpftmp.csproj::TargetFramework=net48]
C:\Users\Nhan\OneDrive - Rincovitch\00. Nhan\CSharp\RincoMTO\BIMTOOL\obj\Release R26\Tools\MTO Query\UI\MtoQueryWindow.g.cs(1,43): error CS1056: Unexpected character '\0' [C:\Users\Nhan\OneDrive - Rincovitch\00. Nhan\CSharp\RincoMTO\RincoMTO_fsauzi5n_wpftmp.csproj::TargetFramework=net48]
C:\Users\Nhan\OneDrive - Rincovitch\00. Nhan\CSharp\RincoMTO\BIMTOOL\obj\Release R26\Tools\MTO Query\UI\MtoQueryWindow.g.cs(1,44): error CS1056: Unexpected character '\0' [C:\Users\Nhan\OneDrive - Rincovitch\00. Nhan\CSharp\RincoMTO\RincoMTO_fsauzi5n_wpftmp.csproj::TargetFramework=net48]
C:\Users\Nhan\OneDrive - Rincovitch\00. Nhan\CSharp\RincoMTO\BIMTOOL\obj\Release R26\Tools\MTO Query\UI\MtoQueryWindow.g.cs(1,45): error CS1056: Unexpected character '\0' [C:\Users\Nhan\OneDrive - Rincovitch\00. Nhan\CSharp\RincoMTO\RincoMTO_fsauzi5n_wpftmp.csproj::TargetFramework=net48]
C:\Users\Nhan\OneDrive - Rincovitch\00. Nhan\CSharp\RincoMTO\BIMTOOL\obj\Release R26\Tools\MTO Query\UI\MtoQueryWindow.g.cs(1,46): error CS1056: Unexpected character '\0' [C:\Users\Nhan\OneDrive - Rincovitch\00. Nhan\CSharp\RincoMTO\RincoMTO_fsauzi5n_wpftmp.csproj::TargetFramework=net48]
C:\Users\Nhan\OneDrive - Rincovitch\00. Nhan\CSharp\RincoMTO\BIMTOOL\obj\Release R26\Tools\MTO Query\UI\MtoQueryWindow.g.cs(1,47): error CS1056: Unexpected character '\0' [C:\Users\Nhan\OneDrive - Rincovitch\00. Nhan\CSharp\RincoMTO\RincoMTO_fsauzi5n_wpftmp.csproj::TargetFramework=net48]
C:\Users\Nhan\OneDrive - Rincovitch\00. Nhan\CSharp\RincoMTO\BIMTOOL\obj\Release R26\Tools\MTO Query\UI\MtoQueryWindow.g.cs(1,48): error CS1056: Unexpected character '\0' [C:\Users\Nhan\OneDrive - Rincovitch\00. Nhan\CSharp\RincoMTO\RincoMTO_fsauzi5n_wpftmp.csproj::TargetFramework=net48]
C:\Users\Nhan\OneDrive - Rincovitch\00. Nhan\CSharp\RincoMTO\BIMTOOL\obj\Release R26\Tools\MTO Query\UI\MtoQueryWindow.g.cs(1,49): error CS1056: Unexpected character '\0' [C:\Users\Nhan\OneDrive - Rincovitch\00. Nhan\CSharp\RincoMTO\RincoMTO_fsauzi5n_wpftmp.csproj::TargetFramework=net48]
C:\Users\Nhan\OneDrive - Rincovitch\00. Nhan\CSharp\RincoMTO\BIMTOOL\obj\Release R26\Tools\MTO Query\UI\MtoQueryWindow.g.cs(1,50): error CS1056: Unexpected character '\0' [C:\Users\Nhan\OneDrive - Rincovitch\00. Nhan\CSharp\RincoMTO\RincoMTO_fsauzi5n_wpftmp.csproj::TargetFramework=net48]
C:\Users\Nhan\OneDrive - Rincovitch\00. Nhan\CSharp\RincoMTO\BIMTOOL\obj\Release R26\Tools\MTO Query\UI\MtoQueryWindow.g.cs(1,51): error CS1056: Unexpected character '\0' [C:\Users\Nhan\OneDrive - Rincovitch\00. Nhan\CSharp\RincoMTO\RincoMTO_fsauzi5n_wpftmp.csproj::TargetFramework=net48]
C:\Users\Nhan\OneDrive - Rincovitch\00. Nhan\CSharp\RincoMTO\BIMTOOL\obj\Release R26\Tools\MTO Query\UI\MtoQueryWindow.g.cs(1,52): error CS1056: Unexpected character '\0' [C:\Users\Nhan\OneDrive - Rincovitch\00. Nhan\CSharp\RincoMTO\RincoMTO_fsauzi5n_wpftmp.csproj::TargetFramework=net48]
C:\Users\Nhan\OneDrive - Rincovitch\00. Nhan\CSharp\RincoMTO\BIMTOOL\obj\Release R26\Tools\MTO Query\UI\MtoQueryWindow.g.cs(1,53): error CS1056: Unexpected character '\0' [C:\Users\Nhan\OneDrive - Rincovitch\00. Nhan\CSharp\RincoMTO\RincoMTO_fsauzi5n_wpftmp.csproj::TargetFramework=net48]
C:\Users\Nhan\OneDrive - Rincovitch\00. Nhan\CSharp\RincoMTO\BIMTOOL\obj\Release R26\Tools\MTO Query\UI\MtoQueryWindow.g.cs(1,54): error CS1056: Unexpected character '\0' [C:\Users\Nhan\OneDrive - Rincovitch\00. Nhan\CSharp\RincoMTO\RincoMTO_fsauzi5n_wpftmp.csproj::TargetFramework=net48]
C:\Users\Nhan\OneDrive - Rincovitch\00. Nhan\CSharp\RincoMTO\BIMTOOL\obj\Release R26\Tools\MTO Query\UI\MtoQueryWindow.g.cs(1,55): error CS1056: Unexpected character '\0' [C:\Users\Nhan\OneDrive - Rincovitch\00. Nhan\CSharp\RincoMTO\RincoMTO_fsauzi5n_wpftmp.csproj::TargetFramework=net48]
C:\Users\Nhan\OneDrive - Rincovitch\00. Nhan\CSharp\RincoMTO\BIMTOOL\obj\Release R26\Tools\MTO Query\UI\MtoQueryWindow.g.cs(1,56): error CS1056: Unexpected character '\0' [C:\Users\Nhan\OneDrive - Rincovitch\00. Nhan\CSharp\RincoMTO\RincoMTO_fsauzi5n_wpftmp.csproj::TargetFramework=net48]
C:\Users\Nhan\OneDrive - Rincovitch\00. Nhan\CSharp\RincoMTO\BIMTOOL\obj\Release R26\Tools\MTO Query\UI\MtoQueryWindow.g.cs(1,57): error CS1056: Unexpected character '\0' [C:\Users\Nhan\OneDrive - Rincovitch\00. Nhan\CSharp\RincoMTO\RincoMTO_fsauzi5n_wpftmp.csproj::TargetFramework=net48]
C:\Users\Nhan\OneDrive - Rincovitch\00. Nhan\CSharp\RincoMTO\BIMTOOL\obj\Release R26\Tools\MTO Query\UI\MtoQueryWindow.g.cs(1,58): error CS1056: Unexpected character '\0' [C:\Users\Nhan\OneDrive - Rincovitch\00. Nhan\CSharp\RincoMTO\RincoMTO_fsauzi5n_wpftmp.csproj::TargetFramework=net48]
C:\Users\Nhan\OneDrive - Rincovitch\00. Nhan\CSharp\RincoMTO\BIMTOOL\obj\Release R26\Tools\MTO Query\UI\MtoQueryWindow.g.cs(1,59): error CS1056: Unexpected character '\0' [C:\Users\Nhan\OneDrive - Rincovitch\00. Nhan\CSharp\RincoMTO\RincoMTO_fsauzi5n_wpftmp.csproj::TargetFramework=net48]
C:\Users\Nhan\OneDrive - Rincovitch\00. Nhan\CSharp\RincoMTO\BIMTOOL\obj\Release R26\Tools\MTO Query\UI\MtoQueryWindow.g.cs(1,60): error CS1056: Unexpected character '\0' [C:\Users\Nhan\OneDrive - Rincovitch\00. Nhan\CSharp\RincoMTO\RincoMTO_fsauzi5n_wpftmp.csproj::TargetFramework=net48]
C:\Users\Nhan\OneDrive - Rincovitch\00. Nhan\CSharp\RincoMTO\BIMTOOL\obj\Release R26\Tools\MTO Query\UI\MtoQueryWindow.g.cs(1,61): error CS1056: Unexpected character '\0' [C:\Users\Nhan\OneDrive - Rincovitch\00. Nhan\CSharp\RincoMTO\RincoMTO_fsauzi5n_wpftmp.csproj::TargetFramework=net48]
C:\Users\Nhan\OneDrive - Rincovitch\00. Nhan\CSharp\RincoMTO\BIMTOOL\obj\Release R26\Tools\MTO Query\UI\MtoQueryWindow.g.cs(1,62): error CS1056: Unexpected character '\0' [C:\Users\Nhan\OneDrive - Rincovitch\00. Nhan\CSharp\RincoMTO\RincoMTO_fsauzi5n_wpftmp.csproj::TargetFramework=net48]
C:\Users\Nhan\OneDrive - Rincovitch\00. Nhan\CSharp\RincoMTO\BIMTOOL\obj\Release R26\Tools\MTO Query\UI\MtoQueryWindow.g.cs(1,63): error CS1056: Unexpected character '\0' [C:\Users\Nhan\OneDrive - Rincovitch\00. Nhan\CSharp\RincoMTO\RincoMTO_fsauzi5n_wpftmp.csproj::TargetFramework=net48]
C:\Users\Nhan\OneDrive - Rincovitch\00. Nhan\CSharp\RincoMTO\BIMTOOL\obj\Release R26\Tools\MTO Query\UI\MtoQueryWindow.g.cs(1,64): error CS1056: Unexpected character '\0' [C:\Users\Nhan\OneDrive - Rincovitch\00. Nhan\CSharp\RincoMTO\RincoMTO_fsauzi5n_wpftmp.csproj::TargetFramework=net48]
C:\Users\Nhan\OneDrive - Rincovitch\00. Nhan\CSharp\RincoMTO\BIMTOOL\obj\Release R26\Tools\MTO Query\UI\MtoQueryWindow.g.cs(1,65): error CS1056: Unexpected character '\0' [C:\Users\Nhan\OneDrive - Rincovitch\00. Nhan\CSharp\RincoMTO\RincoMTO_fsauzi5n_wpftmp.csproj::TargetFramework=net48]
C:\Users\Nhan\OneDrive - Rincovitch\00. Nhan\CSharp\RincoMTO\BIMTOOL\obj\Release R26\Tools\MTO Query\UI\MtoQueryWindow.g.cs(1,66): error CS1056: Unexpected character '\0' [C:\Users\Nhan\OneDrive - Rincovitch\00. Nhan\CSharp\RincoMTO\RincoMTO_fsauzi5n_wpftmp.csproj::TargetFramework=net48]
C:\Users\Nhan\OneDrive - Rincovitch\00. Nhan\CSharp\RincoMTO\BIMTOOL\obj\Release R26\Tools\MTO Query\UI\MtoQueryWindow.g.cs(1,67): error CS1056: Unexpected character '\0' [C:\Users\Nhan\OneDrive - Rincovitch\00. Nhan\CSharp\RincoMTO\RincoMTO_fsauzi5n_wpftmp.csproj::TargetFramework=net48]
C:\Users\Nhan\OneDrive - Rincovitch\00. Nhan\CSharp\RincoMTO\BIMTOOL\obj\Release R26\Tools\MTO Query\UI\MtoQueryWindow.g.cs(1,68): error CS1056: Unexpected character '\0' [C:\Users\Nhan\OneDrive - Rincovitch\00. Nhan\CSharp\RincoMTO\RincoMTO_fsauzi5n_wpftmp.csproj::TargetFramework=net48]
C:\Users\Nhan\OneDrive - Rincovitch\00. Nhan\CSharp\RincoMTO\BIMTOOL\obj\Release R26\Tools\MTO Query\UI\MtoQueryWindow.g.cs(1,69): error CS1056: Unexpected character '\0' [C:\Users\Nhan\OneDrive - Rincovitch\00. Nhan\CSharp\RincoMTO\RincoMTO_fsauzi5n_wpftmp.csproj::TargetFramework=net48]
C:\Users\Nhan\OneDrive - Rincovitch\00. Nhan\CSharp\RincoMTO\BIMTOOL\obj\Release R26\Tools\MTO Query\UI\MtoQueryWindow.g.cs(1,70): error CS1056: Unexpected character '\0' [C:\Users\Nhan\OneDrive - Rincovitch\00. Nhan\CSharp\RincoMTO\RincoMTO_fsauzi5n_wpftmp.csproj::TargetFramework=net48]
C:\Users\Nhan\OneDrive - Rincovitch\00. Nhan\CSharp\RincoMTO\BIMTOOL\obj\Release R26\Tools\MTO Query\UI\MtoQueryWindow.g.cs(1,71): error CS1056: Unexpected character '\0' [C:\Users\Nhan\OneDrive - Rincovitch\00. Nhan\CSharp\RincoMTO\RincoMTO_fsauzi5n_wpftmp.csproj::TargetFramework=net48]
C:\Users\Nhan\OneDrive - Rincovitch\00. Nhan\CSharp\RincoMTO\BIMTOOL\obj\Release R26\Tools\MTO Query\UI\MtoQueryWindow.g.cs(1,72): error CS1056: Unexpected character '\0' [C:\Users\Nhan\OneDrive - Rincovitch\00. Nhan\CSharp\RincoMTO\RincoMTO_fsauzi5n_wpftmp.csproj::TargetFramework=net48]
C:\Users\Nhan\OneDrive - Rincovitch\00. Nhan\CSharp\RincoMTO\BIMTOOL\obj\Release R26\Tools\MTO Query\UI\MtoQueryWindow.g.cs(1,73): error CS1056: Unexpected character '\0' [C:\Users\Nhan\OneDrive - Rincovitch\00. Nhan\CSharp\RincoMTO\RincoMTO_fsauzi5n_wpftmp.csproj::TargetFramework=net48]
C:\Users\Nhan\OneDrive - Rincovitch\00. Nhan\CSharp\RincoMTO\BIMTOOL\obj\Release R26\Tools\MTO Query\UI\MtoQueryWindow.g.cs(1,74): error CS1056: Unexpected character '\0' [C:\Users\Nhan\OneDrive - Rincovitch\00. Nhan\CSharp\RincoMTO\RincoMTO_fsauzi5n_wpftmp.csproj::TargetFramework=net48]
C:\Users\Nhan\OneDrive - Rincovitch\00. Nhan\CSharp\RincoMTO\BIMTOOL\obj\Release R26\Tools\MTO Query\UI\MtoQueryWindow.g.cs(1,75): error CS1056: Unexpected character '\0' [C:\Users\Nhan\OneDrive - Rincovitch\00. Nhan\CSharp\RincoMTO\RincoMTO_fsauzi5n_wpftmp.csproj::TargetFramework=net48]
C:\Users\Nhan\OneDrive - Rincovitch\00. Nhan\CSharp\RincoMTO\BIMTOOL\obj\Release R26\Tools\MTO Query\UI\MtoQueryWindow.g.cs(1,76): error CS1056: Unexpected character '\0' [C:\Users\Nhan\OneDrive - Rincovitch\00. Nhan\CSharp\RincoMTO\RincoMTO_fsauzi5n_wpftmp.csproj::TargetFramework=net48]
C:\Users\Nhan\OneDrive - Rincovitch\00. Nhan\CSharp\RincoMTO\BIMTOOL\obj\Release R26\Tools\MTO Query\UI\MtoQueryWindow.g.cs(1,77): error CS1056: Unexpected character '\0' [C:\Users\Nhan\OneDrive - Rincovitch\00. Nhan\CSharp\RincoMTO\RincoMTO_fsauzi5n_wpftmp.csproj::TargetFramework=net48]
C:\Users\Nhan\OneDrive - Rincovitch\00. Nhan\CSharp\RincoMTO\BIMTOOL\obj\Release R26\Tools\MTO Query\UI\MtoQueryWindow.g.cs(1,78): error CS1056: Unexpected character '\0' [C:\Users\Nhan\OneDrive - Rincovitch\00. Nhan\CSharp\RincoMTO\RincoMTO_fsauzi5n_wpftmp.csproj::TargetFramework=net48]
C:\Users\Nhan\OneDrive - Rincovitch\00. Nhan\CSharp\RincoMTO\BIMTOOL\obj\Release R26\Tools\MTO Query\UI\MtoQueryWindow.g.cs(1,79): error CS1056: Unexpected character '\0' [C:\Users\Nhan\OneDrive - Rincovitch\00. Nhan\CSharp\RincoMTO\RincoMTO_fsauzi5n_wpftmp.csproj::TargetFramework=net48]
C:\Users\Nhan\OneDrive - Rincovitch\00. Nhan\CSharp\RincoMTO\BIMTOOL\obj\Release R26\Tools\MTO Query\UI\MtoQueryWindow.g.cs(1,80): error CS1056: Unexpected character '\0' [C:\Users\Nhan\OneDrive - Rincovitch\00. Nhan\CSharp\RincoMTO\RincoMTO_fsauzi5n_wpftmp.csproj::TargetFramework=net48]
C:\Users\Nhan\OneDrive - Rincovitch\00. Nhan\CSharp\RincoMTO\BIMTOOL\obj\Release R26\Tools\MTO Query\UI\MtoQueryWindow.g.cs(1,81): error CS1056: Unexpected character '\0' [C:\Users\Nhan\OneDrive - Rincovitch\00. Nhan\CSharp\RincoMTO\RincoMTO_fsauzi5n_wpftmp.csproj::TargetFramework=net48]
C:\Users\Nhan\OneDrive - Rincovitch\00. Nhan\CSharp\RincoMTO\BIMTOOL\obj\Release R26\Tools\MTO Query\UI\MtoQueryWindow.g.cs(1,82): error CS1056: Unexpected character '\0' [C:\Users\Nhan\OneDrive - Rincovitch\00. Nhan\CSharp\RincoMTO\RincoMTO_fsauzi5n_wpftmp.csproj::TargetFramework=net48]
C:\Users\Nhan\OneDrive - Rincovitch\00. Nhan\CSharp\RincoMTO\BIMTOOL\obj\Release R26\Tools\MTO Query\UI\MtoQueryWindow.g.cs(1,83): error CS1056: Unexpected character '\0' [C:\Users\Nhan\OneDrive - Rincovitch\00. Nhan\CSharp\RincoMTO\RincoMTO_fsauzi5n_wpftmp.csproj::TargetFramework=net48]
C:\Users\Nhan\OneDrive - Rincovitch\00. Nhan\CSharp\RincoMTO\BIMTOOL\obj\Release R26\Tools\MTO Query\UI\MtoQueryWindow.g.cs(1,84): error CS1056: Unexpected character '\0' [C:\Users\Nhan\OneDrive - Rincovitch\00. Nhan\CSharp\RincoMTO\RincoMTO_fsauzi5n_wpftmp.csproj::TargetFramework=net48]
C:\Users\Nhan\OneDrive - Rincovitch\00. Nhan\CSharp\RincoMTO\BIMTOOL\obj\Release R26\Tools\MTO Query\UI\MtoQueryWindow.g.cs(1,85): error CS1056: Unexpected character '\0' [C:\Users\Nhan\OneDrive - Rincovitch\00. Nhan\CSharp\RincoMTO\RincoMTO_fsauzi5n_wpftmp.csproj::TargetFramework=net48]
C:\Users\Nhan\OneDrive - Rincovitch\00. Nhan\CSharp\RincoMTO\BIMTOOL\obj\Release R26\Tools\MTO Query\UI\MtoQueryWindow.g.cs(1,86): error CS1056: Unexpected character '\0' [C:\Users\Nhan\OneDrive - Rincovitch\00. Nhan\CSharp\RincoMTO\RincoMTO_fsauzi5n_wpftmp.csproj::TargetFramework=net48]
C:\Users\Nhan\OneDrive - Rincovitch\00. Nhan\CSharp\RincoMTO\BIMTOOL\obj\Release R26\Tools\MTO Query\UI\MtoQueryWindow.g.cs(1,87): error CS1056: Unexpected character '\0' [C:\Users\Nhan\OneDrive - Rincovitch\00. Nhan\CSharp\RincoMTO\RincoMTO_fsauzi5n_wpftmp.csproj::TargetFramework=net48]
C:\Users\Nhan\OneDrive - Rincovitch\00. Nhan\CSharp\RincoMTO\BIMTOOL\obj\Release R26\Tools\MTO Query\UI\MtoQueryWindow.g.cs(1,88): error CS1056: Unexpected character '\0' [C:\Users\Nhan\OneDrive - Rincovitch\00. Nhan\CSharp\RincoMTO\RincoMTO_fsauzi5n_wpftmp.csproj::TargetFramework=net48]
C:\Users\Nhan\OneDrive - Rincovitch\00. Nhan\CSharp\RincoMTO\BIMTOOL\obj\Release R26\Tools\MTO Query\UI\MtoQueryWindow.g.cs(1,89): error CS1056: Unexpected character '\0' [C:\Users\Nhan\OneDrive - Rincovitch\00. Nhan\CSharp\RincoMTO\RincoMTO_fsauzi5n_wpftmp.csproj::TargetFramework=net48]
C:\Users\Nhan\OneDrive - Rincovitch\00. Nhan\CSharp\RincoMTO\BIMTOOL\obj\Release R26\Tools\MTO Query\UI\MtoQueryWindow.g.cs(1,90): error CS1056: Unexpected character '\0' [C:\Users\Nhan\OneDrive - Rincovitch\00. Nhan\CSharp\RincoMTO\RincoMTO_fsauzi5n_wpftmp.csproj::TargetFramework=net48]
C:\Users\Nhan\OneDrive - Rincovitch\00. Nhan\CSharp\RincoMTO\BIMTOOL\obj\Release R26\Tools\MTO Query\UI\MtoQueryWindow.g.cs(1,91): error CS1056: Unexpected character '\0' [C:\Users\Nhan\OneDrive - Rincovitch\00. Nhan\CSharp\RincoMTO\RincoMTO_fsauzi5n_wpftmp.csproj::TargetFramework=net48]
C:\Users\Nhan\OneDrive - Rincovitch\00. Nhan\CSharp\RincoMTO\BIMTOOL\obj\Release R26\Tools\MTO Query\UI\MtoQueryWindow.g.cs(1,92): error CS1056: Unexpected character '\0' [C:\Users\Nhan\OneDrive - Rincovitch\00. Nhan\CSharp\RincoMTO\RincoMTO_fsauzi5n_wpftmp.csproj::TargetFramework=net48]
C:\Users\Nhan\OneDrive - Rincovitch\00. Nhan\CSharp\RincoMTO\BIMTOOL\obj\Release R26\Tools\MTO Query\UI\MtoQueryWindow.g.cs(1,93): error CS1056: Unexpected character '\0' [C:\Users\Nhan\OneDrive - Rincovitch\00. Nhan\CSharp\RincoMTO\RincoMTO_fsauzi5n_wpftmp.csproj::TargetFramework=net48]
C:\Users\Nhan\OneDrive - Rincovitch\00. Nhan\CSharp\RincoMTO\BIMTOOL\obj\Release R26\Tools\MTO Query\UI\MtoQueryWindow.g.cs(1,94): error CS1056: Unexpected character '\0' [C:\Users\Nhan\OneDrive - Rincovitch\00. Nhan\CSharp\RincoMTO\RincoMTO_fsauzi5n_wpftmp.csproj::TargetFramework=net48]
C:\Users\Nhan\OneDrive - Rincovitch\00. Nhan\CSharp\RincoMTO\BIMTOOL\obj\Release R26\Tools\MTO Query\UI\MtoQueryWindow.g.cs(1,95): error CS1056: Unexpected character '\0' [C:\Users\Nhan\OneDrive - Rincovitch\00. Nhan\CSharp\RincoMTO\RincoMTO_fsauzi5n_wpftmp.csproj::TargetFramework=net48]
C:\Users\Nhan\OneDrive - Rincovitch\00. Nhan\CSharp\RincoMTO\BIMTOOL\obj\Release R26\Tools\MTO Query\UI\MtoQueryWindow.g.cs(1,96): error CS1056: Unexpected character '\0' [C:\Users\Nhan\OneDrive - Rincovitch\00. Nhan\CSharp\RincoMTO\RincoMTO_fsauzi5n_wpftmp.csproj::TargetFramework=net48]
C:\Users\Nhan\OneDrive - Rincovitch\00. Nhan\CSharp\RincoMTO\BIMTOOL\obj\Release R26\Tools\MTO Query\UI\MtoQueryWindow.g.cs(1,97): error CS1056: Unexpected character '\0' [C:\Users\Nhan\OneDrive - Rincovitch\00. Nhan\CSharp\RincoMTO\RincoMTO_fsauzi5n_wpftmp.csproj::TargetFramework=net48]
C:\Users\Nhan\OneDrive - Rincovitch\00. Nhan\CSharp\RincoMTO\BIMTOOL\obj\Release R26\Tools\MTO Query\UI\MtoQueryWindow.g.cs(1,98): error CS1056: Unexpected character '\0' [C:\Users\Nhan\OneDrive - Rincovitch\00. Nhan\CSharp\RincoMTO\RincoMTO_fsauzi5n_wpftmp.csproj::TargetFramework=net48]
C:\Users\Nhan\OneDrive - Rincovitch\00. Nhan\CSharp\RincoMTO\BIMTOOL\obj\Release R26\Tools\MTO Query\UI\MtoQueryWindow.g.cs(1,99): error CS1056: Unexpected character '\0' [C:\Users\Nhan\OneDrive - Rincovitch\00. Nhan\CSharp\RincoMTO\RincoMTO_fsauzi5n_wpftmp.csproj::TargetFramework=net48]
C:\Users\Nhan\OneDrive - Rincovitch\00. Nhan\CSharp\RincoMTO\BIMTOOL\obj\Release R26\Tools\MTO Query\UI\MtoQueryWindow.g.cs(1,100): error CS1056: Unexpected character '\0' [C:\Users\Nhan\OneDrive - Rincovitch\00. Nhan\CSharp\RincoMTO\RincoMTO_fsauzi5n_wpftmp.csproj::TargetFramework=net48]
C:\Users\Nhan\OneDrive - Rincovitch\00. Nhan\CSharp\RincoMTO\BIMTOOL\obj\Release R26\Tools\MTO Query\UI\MtoQueryWindow.g.cs(1,101): error CS1056: Unexpected character '\0' [C:\Users\Nhan\OneDrive - Rincovitch\00. Nhan\CSharp\RincoMTO\RincoMTO_fsauzi5n_wpftmp.csproj::TargetFramework=net48]
C:\Users\Nhan\OneDrive - Rincovitch\00. Nhan\CSharp\RincoMTO\BIMTOOL\obj\Release R26\Tools\MTO Query\UI\MtoQueryWindow.g.cs(1,102): error CS1056: Unexpected character '\0' [C:\Users\Nhan\OneDrive - Rincovitch\00. Nhan\CSharp\RincoMTO\RincoMTO_fsauzi5n_wpftmp.csproj::TargetFramework=net48]
C:\Users\Nhan\OneDrive - Rincovitch\00. Nhan\CSharp\RincoMTO\BIMTOOL\obj\Release R26\Tools\MTO Query\UI\MtoQueryWindow.g.cs(1,103): error CS1056: Unexpected character '\0' [C:\Users\Nhan\OneDrive - Rincovitch\00. Nhan\CSharp\RincoMTO\RincoMTO_fsauzi5n_wpftmp.csproj::TargetFramework=net48]
C:\Users\Nhan\OneDrive - Rincovitch\00. Nhan\CSharp\RincoMTO\BIMTOOL\obj\Release R26\Tools\MTO Query\UI\MtoQueryWindow.g.cs(1,104): error CS1056: Unexpected character '\0' [C:\Users\Nhan\OneDrive - Rincovitch\00. Nhan\CSharp\RincoMTO\RincoMTO_fsauzi5n_wpftmp.csproj::TargetFramework=net48]
C:\Users\Nhan\OneDrive - Rincovitch\00. Nhan\CSharp\RincoMTO\BIMTOOL\obj\Release R26\Tools\MTO Query\UI\MtoQueryWindow.g.cs(1,105): error CS1056: Unexpected character '\0' [C:\Users\Nhan\OneDrive - Rincovitch\00. Nhan\CSharp\RincoMTO\RincoMTO_fsauzi5n_wpftmp.csproj::TargetFramework=net48]
C:\Users\Nhan\OneDrive - Rincovitch\00. Nhan\CSharp\RincoMTO\BIMTOOL\obj\Release R26\Tools\MTO Query\UI\MtoQueryWindow.g.cs(1,106): error CS1056: Unexpected character '\0' [C:\Users\Nhan\OneDrive - Rincovitch\00. Nhan\CSharp\RincoMTO\RincoMTO_fsauzi5n_wpftmp.csproj::TargetFramework=net48]
C:\Users\Nhan\OneDrive - Rincovitch\00. Nhan\CSharp\RincoMTO\BIMTOOL\obj\Release R26\Tools\MTO Query\UI\MtoQueryWindow.g.cs(1,107): error CS1056: Unexpected character '\0' [C:\Users\Nhan\OneDrive - Rincovitch\00. Nhan\CSharp\RincoMTO\RincoMTO_fsauzi5n_wpftmp.csproj::TargetFramework=net48]
C:\Users\Nhan\OneDrive - Rincovitch\00. Nhan\CSharp\RincoMTO\BIMTOOL\obj\Release R26\Tools\MTO Query\UI\MtoQueryWindow.g.cs(1,108): error CS1056: Unexpected character '\0' [C:\Users\Nhan\OneDrive - Rincovitch\00. Nhan\CSharp\RincoMTO\RincoMTO_fsauzi5n_wpftmp.csproj::TargetFramework=net48]
C:\Users\Nhan\OneDrive - Rincovitch\00. Nhan\CSharp\RincoMTO\BIMTOOL\obj\Release R26\Tools\MTO Query\UI\MtoQueryWindow.g.cs(1,109): error CS1056: Unexpected character '\0' [C:\Users\Nhan\OneDrive - Rincovitch\00. Nhan\CSharp\RincoMTO\RincoMTO_fsauzi5n_wpftmp.csproj::TargetFramework=net48]
C:\Users\Nhan\OneDrive - Rincovitch\00. Nhan\CSharp\RincoMTO\BIMTOOL\obj\Release R26\Tools\MTO Query\UI\MtoQueryWindow.g.cs(1,110): error CS1056: Unexpected character '\0' [C:\Users\Nhan\OneDrive - Rincovitch\00. Nhan\CSharp\RincoMTO\RincoMTO_fsauzi5n_wpftmp.csproj::TargetFramework=net48]
C:\Users\Nhan\OneDrive - Rincovitch\00. Nhan\CSharp\RincoMTO\BIMTOOL\obj\Release R26\Tools\MTO Query\UI\MtoQueryWindow.g.cs(1,111): error CS1056: Unexpected character '\0' [C:\Users\Nhan\OneDrive - Rincovitch\00. Nhan\CSharp\RincoMTO\RincoMTO_fsauzi5n_wpftmp.csproj::TargetFramework=net48]
C:\Users\Nhan\OneDrive - Rincovitch\00. Nhan\CSharp\RincoMTO\BIMTOOL\obj\Release R26\Tools\MTO Query\UI\MtoQueryWindow.g.cs(1,112): error CS1056: Unexpected character '\0' [C:\Users\Nhan\OneDrive - Rincovitch\00. Nhan\CSharp\RincoMTO\RincoMTO_fsauzi5n_wpftmp.csproj::TargetFramework=net48]
C:\Users\Nhan\OneDrive - Rincovitch\00. Nhan\CSharp\RincoMTO\BIMTOOL\obj\Release R26\Tools\MTO Query\UI\MtoQueryWindow.g.cs(1,113): error CS1056: Unexpected character '\0' [C:\Users\Nhan\OneDrive - Rincovitch\00. Nhan\CSharp\RincoMTO\RincoMTO_fsauzi5n_wpftmp.csproj::TargetFramework=net48]
C:\Users\Nhan\OneDrive - Rincovitch\00. Nhan\CSharp\RincoMTO\BIMTOOL\obj\Release R26\Tools\MTO Query\UI\MtoQueryWindow.g.cs(1,114): error CS1056: Unexpected character '\0' [C:\Users\Nhan\OneDrive - Rincovitch\00. Nhan\CSharp\RincoMTO\RincoMTO_fsauzi5n_wpftmp.csproj::TargetFramework=net48]
C:\Users\Nhan\OneDrive - Rincovitch\00. Nhan\CSharp\RincoMTO\BIMTOOL\obj\Release R26\Tools\MTO Query\UI\MtoQueryWindow.g.cs(1,115): error CS1056: Unexpected character '\0' [C:\Users\Nhan\OneDrive - Rincovitch\00. Nhan\CSharp\RincoMTO\RincoMTO_fsauzi5n_wpftmp.csproj::TargetFramework=net48]
C:\Users\Nhan\OneDrive - Rincovitch\00. Nhan\CSharp\RincoMTO\BIMTOOL\obj\Release R26\Tools\MTO Query\UI\MtoQueryWindow.g.cs(1,116): error CS1056: Unexpected character '\0' [C:\Users\Nhan\OneDrive - Rincovitch\00. Nhan\CSharp\RincoMTO\RincoMTO_fsauzi5n_wpftmp.csproj::TargetFramework=net48]
C:\Users\Nhan\OneDrive - Rincovitch\00. Nhan\CSharp\RincoMTO\BIMTOOL\obj\Release R26\Tools\MTO Query\UI\MtoQueryWindow.g.cs(1,117): error CS1056: Unexpected character '\0' [C:\Users\Nhan\OneDrive - Rincovitch\00. Nhan\CSharp\RincoMTO\RincoMTO_fsauzi5n_wpftmp.csproj::TargetFramework=net48]
C:\Users\Nhan\OneDrive - Rincovitch\00. Nhan\CSharp\RincoMTO\BIMTOOL\obj\Release R26\Tools\MTO Query\UI\MtoQueryWindow.g.cs(1,118): error CS1056: Unexpected character '\0' [C:\Users\Nhan\OneDrive - Rincovitch\00. Nhan\CSharp\RincoMTO\RincoMTO_fsauzi5n_wpftmp.csproj::TargetFramework=net48]
C:\Users\Nhan\OneDrive - Rincovitch\00. Nhan\CSharp\RincoMTO\BIMTOOL\obj\Release R26\Tools\MTO Query\UI\MtoQueryWindow.g.cs(1,119): error CS1056: Unexpected character '\0' [C:\Users\Nhan\OneDrive - Rincovitch\00. Nhan\CSharp\RincoMTO\RincoMTO_fsauzi5n_wpftmp.csproj::TargetFramework=net48]
C:\Users\Nhan\OneDrive - Rincovitch\00. Nhan\CSharp\RincoMTO\BIMTOOL\obj\Release R26\Tools\MTO Query\UI\MtoQueryWindow.g.cs(1,120): error CS1056: Unexpected character '\0' [C:\Users\Nhan\OneDrive - Rincovitch\00. Nhan\CSharp\RincoMTO\RincoMTO_fsauzi5n_wpftmp.csproj::TargetFramework=net48]
C:\Users\Nhan\OneDrive - Rincovitch\00. Nhan\CSharp\RincoMTO\BIMTOOL\obj\Release R26\Tools\MTO Query\UI\MtoQueryWindow.g.cs(1,121): error CS1056: Unexpected character '\0' [C:\Users\Nhan\OneDrive - Rincovitch\00. Nhan\CSharp\RincoMTO\RincoMTO_fsauzi5n_wpftmp.csproj::TargetFramework=net48]
C:\Users\Nhan\OneDrive - Rincovitch\00. Nhan\CSharp\RincoMTO\BIMTOOL\obj\Release R26\Tools\MTO Query\UI\MtoQueryWindow.g.cs(1,122): error CS1056: Unexpected character '\0' [C:\Users\Nhan\OneDrive - Rincovitch\00. Nhan\CSharp\RincoMTO\RincoMTO_fsauzi5n_wpftmp.csproj::TargetFramework=net48]
C:\Users\Nhan\OneDrive - Rincovitch\00. Nhan\CSharp\RincoMTO\BIMTOOL\obj\Release R26\Tools\MTO Query\UI\MtoQueryWindow.g.cs(1,123): error CS1056: Unexpected character '\0' [C:\Users\Nhan\OneDrive - Rincovitch\00. Nhan\CSharp\RincoMTO\RincoMTO_fsauzi5n_wpftmp.csproj::TargetFramework=net48]
C:\Users\Nhan\OneDrive - Rincovitch\00. Nhan\CSharp\RincoMTO\BIMTOOL\obj\Release R26\Tools\MTO Query\UI\MtoQueryWindow.g.cs(1,124): error CS1056: Unexpected character '\0' [C:\Users\Nhan\OneDrive - Rincovitch\00. Nhan\CSharp\RincoMTO\RincoMTO_fsauzi5n_wpftmp.csproj::TargetFramework=net48]
C:\Users\Nhan\OneDrive - Rincovitch\00. Nhan\CSharp\RincoMTO\BIMTOOL\obj\Release R26\Tools\MTO Query\UI\MtoQueryWindow.g.cs(1,125): error CS1056: Unexpected character '\0' [C:\Users\Nhan\OneDrive - Rincovitch\00. Nhan\CSharp\RincoMTO\RincoMTO_fsauzi5n_wpftmp.csproj::TargetFramework=net48]
C:\Users\Nhan\OneDrive - Rincovitch\00. Nhan\CSharp\RincoMTO\BIMTOOL\obj\Release R26\Tools\MTO Query\UI\MtoQueryWindow.g.cs(1,126): error CS1056: Unexpected character '\0' [C:\Users\Nhan\OneDrive - Rincovitch\00. Nhan\CSharp\RincoMTO\RincoMTO_fsauzi5n_wpftmp.csproj::TargetFramework=net48]
C:\Users\Nhan\OneDrive - Rincovitch\00. Nhan\CSharp\RincoMTO\BIMTOOL\obj\Release R26\Tools\MTO Query\UI\MtoQueryWindow.g.cs(1,127): error CS1056: Unexpected character '\0' [C:\Users\Nhan\OneDrive - Rincovitch\00. Nhan\CSharp\RincoMTO\RincoMTO_fsauzi5n_wpftmp.csproj::TargetFramework=net48]
C:\Users\Nhan\OneDrive - Rincovitch\00. Nhan\CSharp\RincoMTO\BIMTOOL\obj\Release R26\Tools\MTO Query\UI\MtoQueryWindow.g.cs(1,128): error CS1056: Unexpected character '\0' [C:\Users\Nhan\OneDrive - Rincovitch\00. Nhan\CSharp\RincoMTO\RincoMTO_fsauzi5n_wpftmp.csproj::TargetFramework=net48]
C:\Users\Nhan\OneDrive - Rincovitch\00. Nhan\CSharp\RincoMTO\BIMTOOL\obj\Release R26\Tools\MTO Query\UI\MtoQueryWindow.g.cs(1,129): error CS1056: Unexpected character '\0' [C:\Users\Nhan\OneDrive - Rincovitch\00. Nhan\CSharp\RincoMTO\RincoMTO_fsauzi5n_wpftmp.csproj::TargetFramework=net48]
C:\Users\Nhan\OneDrive - Rincovitch\00. Nhan\CSharp\RincoMTO\BIMTOOL\obj\Release R26\Tools\MTO Query\UI\MtoQueryWindow.g.cs(1,130): error CS1056: Unexpected character '\0' [C:\Users\Nhan\OneDrive - Rincovitch\00. Nhan\CSharp\RincoMTO\RincoMTO_fsauzi5n_wpftmp.csproj::TargetFramework=net48]
C:\Users\Nhan\OneDrive - Rincovitch\00. Nhan\CSharp\RincoMTO\BIMTOOL\obj\Release R26\Tools\MTO Query\UI\MtoQueryWindow.g.cs(1,131): error CS1056: Unexpected character '\0' [C:\Users\Nhan\OneDrive - Rincovitch\00. Nhan\CSharp\RincoMTO\RincoMTO_fsauzi5n_wpftmp.csproj::TargetFramework=net48]
C:\Users\Nhan\OneDrive - Rincovitch\00. Nhan\CSharp\RincoMTO\BIMTOOL\obj\Release R26\Tools\MTO Query\UI\MtoQueryWindow.g.cs(1,132): error CS1056: Unexpected character '\0' [C:\Users\Nhan\OneDrive - Rincovitch\00. Nhan\CSharp\RincoMTO\RincoMTO_fsauzi5n_wpftmp.csproj::TargetFramework=net48]
C:\Users\Nhan\OneDrive - Rincovitch\00. Nhan\CSharp\RincoMTO\BIMTOOL\obj\Release R26\Tools\MTO Query\UI\MtoQueryWindow.g.cs(1,133): error CS1056: Unexpected character '\0' [C:\Users\Nhan\OneDrive - Rincovitch\00. Nhan\CSharp\RincoMTO\RincoMTO_fsauzi5n_wpftmp.csproj::TargetFramework=net48]
C:\Users\Nhan\OneDrive - Rincovitch\00. Nhan\CSharp\RincoMTO\BIMTOOL\obj\Release R26\Tools\MTO Query\UI\MtoQueryWindow.g.cs(1,134): error CS1056: Unexpected character '\0' [C:\Users\Nhan\OneDrive - Rincovitch\00. Nhan\CSharp\RincoMTO\RincoMTO_fsauzi5n_wpftmp.csproj::TargetFramework=net48]
C:\Users\Nhan\OneDrive - Rincovitch\00. Nhan\CSharp\RincoMTO\BIMTOOL\obj\Release R26\Tools\MTO Query\UI\MtoQueryWindow.g.cs(1,135): error CS1056: Unexpected character '\0' [C:\Users\Nhan\OneDrive - Rincovitch\00. Nhan\CSharp\RincoMTO\RincoMTO_fsauzi5n_wpftmp.csproj::TargetFramework=net48]
C:\Users\Nhan\OneDrive - Rincovitch\00. Nhan\CSharp\RincoMTO\BIMTOOL\obj\Release R26\Tools\MTO Query\UI\MtoQueryWindow.g.cs(1,136): error CS1056: Unexpected character '\0' [C:\Users\Nhan\OneDrive - Rincovitch\00. Nhan\CSharp\RincoMTO\RincoMTO_fsauzi5n_wpftmp.csproj::TargetFramework=net48]
C:\Users\Nhan\OneDrive - Rincovitch\00. Nhan\CSharp\RincoMTO\BIMTOOL\obj\Release R26\Tools\MTO Query\UI\MtoQueryWindow.g.cs(1,137): error CS1056: Unexpected character '\0' [C:\Users\Nhan\OneDrive - Rincovitch\00. Nhan\CSharp\RincoMTO\RincoMTO_fsauzi5n_wpftmp.csproj::TargetFramework=net48]
C:\Users\Nhan\OneDrive - Rincovitch\00. Nhan\CSharp\RincoMTO\BIMTOOL\obj\Release R26\Tools\MTO Query\UI\MtoQueryWindow.g.cs(1,138): error CS1056: Unexpected character '\0' [C:\Users\Nhan\OneDrive - Rincovitch\00. Nhan\CSharp\RincoMTO\RincoMTO_fsauzi5n_wpftmp.csproj::TargetFramework=net48]
C:\Users\Nhan\OneDrive - Rincovitch\00. Nhan\CSharp\RincoMTO\BIMTOOL\obj\Release R26\Tools\MTO Query\UI\MtoQueryWindow.g.cs(1,139): error CS1056: Unexpected character '\0' [C:\Users\Nhan\OneDrive - Rincovitch\00. Nhan\CSharp\RincoMTO\RincoMTO_fsauzi5n_wpftmp.csproj::TargetFramework=net48]
C:\Users\Nhan\OneDrive - Rincovitch\00. Nhan\CSharp\RincoMTO\BIMTOOL\obj\Release R26\Tools\MTO Query\UI\MtoQueryWindow.g.cs(1,140): error CS1056: Unexpected character '\0' [C:\Users\Nhan\OneDrive - Rincovitch\00. Nhan\CSharp\RincoMTO\RincoMTO_fsauzi5n_wpftmp.csproj::TargetFramework=net48]
C:\Users\Nhan\OneDrive - Rincovitch\00. Nhan\CSharp\RincoMTO\BIMTOOL\obj\Release R26\Tools\MTO Query\UI\MtoQueryWindow.g.cs(1,141): error CS1056: Unexpected character '\0' [C:\Users\Nhan\OneDrive - Rincovitch\00. Nhan\CSharp\RincoMTO\RincoMTO_fsauzi5n_wpftmp.csproj::TargetFramework=net48]
C:\Users\Nhan\OneDrive - Rincovitch\00. Nhan\CSharp\RincoMTO\BIMTOOL\obj\Release R26\Tools\MTO Query\UI\MtoQueryWindow.g.cs(1,142): error CS1056: Unexpected character '\0' [C:\Users\Nhan\OneDrive - Rincovitch\00. Nhan\CSharp\RincoMTO\RincoMTO_fsauzi5n_wpftmp.csproj::TargetFramework=net48]
C:\Users\Nhan\OneDrive - Rincovitch\00. Nhan\CSharp\RincoMTO\BIMTOOL\obj\Release R26\Tools\MTO Query\UI\MtoQueryWindow.g.cs(1,143): error CS1056: Unexpected character '\0' [C:\Users\Nhan\OneDrive - Rincovitch\00. Nhan\CSharp\RincoMTO\RincoMTO_fsauzi5n_wpftmp.csproj::TargetFramework=net48]
C:\Users\Nhan\OneDrive - Rincovitch\00. Nhan\CSharp\RincoMTO\BIMTOOL\obj\Release R26\Tools\MTO Query\UI\MtoQueryWindow.g.cs(1,144): error CS1056: Unexpected character '\0' [C:\Users\Nhan\OneDrive - Rincovitch\00. Nhan\CSharp\RincoMTO\RincoMTO_fsauzi5n_wpftmp.csproj::TargetFramework=net48]
C:\Users\Nhan\OneDrive - Rincovitch\00. Nhan\CSharp\RincoMTO\BIMTOOL\obj\Release R26\Tools\MTO Query\UI\MtoQueryWindow.g.cs(1,145): error CS1056: Unexpected character '\0' [C:\Users\Nhan\OneDrive - Rincovitch\00. Nhan\CSharp\RincoMTO\RincoMTO_fsauzi5n_wpftmp.csproj::TargetFramework=net48]
C:\Users\Nhan\OneDrive - Rincovitch\00. Nhan\CSharp\RincoMTO\BIMTOOL\obj\Release R26\Tools\MTO Query\UI\MtoQueryWindow.g.cs(1,146): error CS1056: Unexpected character '\0' [C:\Users\Nhan\OneDrive - Rincovitch\00. Nhan\CSharp\RincoMTO\RincoMTO_fsauzi5n_wpftmp.csproj::TargetFramework=net48]
C:\Users\Nhan\OneDrive - Rincovitch\00. Nhan\CSharp\RincoMTO\BIMTOOL\obj\Release R26\Tools\MTO Query\UI\MtoQueryWindow.g.cs(1,147): error CS1056: Unexpected character '\0' [C:\Users\Nhan\OneDrive - Rincovitch\00. Nhan\CSharp\RincoMTO\RincoMTO_fsauzi5n_wpftmp.csproj::TargetFramework=net48]
C:\Users\Nhan\OneDrive - Rincovitch\00. Nhan\CSharp\RincoMTO\BIMTOOL\obj\Release R26\Tools\MTO Query\UI\MtoQueryWindow.g.cs(1,148): error CS1056: Unexpected character '\0' [C:\Users\Nhan\OneDrive - Rincovitch\00. Nhan\CSharp\RincoMTO\RincoMTO_fsauzi5n_wpftmp.csproj::TargetFramework=net48]
C:\Users\Nhan\OneDrive - Rincovitch\00. Nhan\CSharp\RincoMTO\BIMTOOL\obj\Release R26\Tools\MTO Query\UI\MtoQueryWindow.g.cs(1,149): error CS1056: Unexpected character '\0' [C:\Users\Nhan\OneDrive - Rincovitch\00. Nhan\CSharp\RincoMTO\RincoMTO_fsauzi5n_wpftmp.csproj::TargetFramework=net48]
C:\Users\Nhan\OneDrive - Rincovitch\00. Nhan\CSharp\RincoMTO\BIMTOOL\obj\Release R26\Tools\MTO Query\UI\MtoQueryWindow.g.cs(1,150): error CS1056: Unexpected character '\0' [C:\Users\Nhan\OneDrive - Rincovitch\00. Nhan\CSharp\RincoMTO\RincoMTO_fsauzi5n_wpftmp.csproj::TargetFramework=net48]
C:\Users\Nhan\OneDrive - Rincovitch\00. Nhan\CSharp\RincoMTO\BIMTOOL\obj\Release R26\Tools\MTO Query\UI\MtoQueryWindow.g.cs(1,151): error CS1056: Unexpected character '\0' [C:\Users\Nhan\OneDrive - Rincovitch\00. Nhan\CSharp\RincoMTO\RincoMTO_fsauzi5n_wpftmp.csproj::TargetFramework=net48]
C:\Users\Nhan\OneDrive - Rincovitch\00. Nhan\CSharp\RincoMTO\BIMTOOL\obj\Release R26\Tools\MTO Query\UI\MtoQueryWindow.g.cs(1,152): error CS1056: Unexpected character '\0' [C:\Users\Nhan\OneDrive - Rincovitch\00. Nhan\CSharp\RincoMTO\RincoMTO_fsauzi5n_wpftmp.csproj::TargetFramework=net48]
C:\Users\Nhan\OneDrive - Rincovitch\00. Nhan\CSharp\RincoMTO\BIMTOOL\obj\Release R26\Tools\MTO Query\UI\MtoQueryWindow.g.cs(1,153): error CS1056: Unexpected character '\0' [C:\Users\Nhan\OneDrive - Rincovitch\00. Nhan\CSharp\RincoMTO\RincoMTO_fsauzi5n_wpftmp.csproj::TargetFramework=net48]
C:\Users\Nhan\OneDrive - Rincovitch\00. Nhan\CSharp\RincoMTO\BIMTOOL\obj\Release R26\Tools\MTO Query\UI\MtoQueryWindow.g.cs(1,154): error CS1056: Unexpected character '\0' [C:\Users\Nhan\OneDrive - Rincovitch\00. Nhan\CSharp\RincoMTO\RincoMTO_fsauzi5n_wpftmp.csproj::TargetFramework=net48]
C:\Users\Nhan\OneDrive - Rincovitch\00. Nhan\CSharp\RincoMTO\BIMTOOL\obj\Release R26\Tools\MTO Query\UI\MtoQueryWindow.g.cs(1,155): error CS1056: Unexpected character '\0' [C:\Users\Nhan\OneDrive - Rincovitch\00. Nhan\CSharp\RincoMTO\RincoMTO_fsauzi5n_wpftmp.csproj::TargetFramework=net48]
C:\Users\Nhan\OneDrive - Rincovitch\00. Nhan\CSharp\RincoMTO\BIMTOOL\obj\Release R26\Tools\MTO Query\UI\MtoQueryWindow.g.cs(1,156): error CS1056: Unexpected character '\0' [C:\Users\Nhan\OneDrive - Rincovitch\00. Nhan\CSharp\RincoMTO\RincoMTO_fsauzi5n_wpftmp.csproj::TargetFramework=net48]
C:\Users\Nhan\OneDrive - Rincovitch\00. Nhan\CSharp\RincoMTO\BIMTOOL\obj\Release R26\Tools\MTO Query\UI\MtoQueryWindow.g.cs(1,157): error CS1056: Unexpected character '\0' [C:\Users\Nhan\OneDrive - Rincovitch\00. Nhan\CSharp\RincoMTO\RincoMTO_fsauzi5n_wpftmp.csproj::TargetFramework=net48]
C:\Users\Nhan\OneDrive - Rincovitch\00. Nhan\CSharp\RincoMTO\BIMTOOL\obj\Release R26\Tools\MTO Query\UI\MtoQueryWindow.g.cs(1,158): error CS1056: Unexpected character '\0' [C:\Users\Nhan\OneDrive - Rincovitch\00. Nhan\CSharp\RincoMTO\RincoMTO_fsauzi5n_wpftmp.csproj::TargetFramework=net48]
C:\Users\Nhan\OneDrive - Rincovitch\00. Nhan\CSharp\RincoMTO\BIMTOOL\obj\Release R26\Tools\MTO Query\UI\MtoQueryWindow.g.cs(1,159): error CS1056: Unexpected character '\0' [C:\Users\Nhan\OneDrive - Rincovitch\00. Nhan\CSharp\RincoMTO\RincoMTO_fsauzi5n_wpftmp.csproj::TargetFramework=net48]
C:\Users\Nhan\OneDrive - Rincovitch\00. Nhan\CSharp\RincoMTO\BIMTOOL\obj\Release R26\Tools\MTO Query\UI\MtoQueryWindow.g.cs(1,160): error CS1056: Unexpected character '\0' [C:\Users\Nhan\OneDrive - Rincovitch\00. Nhan\CSharp\RincoMTO\RincoMTO_fsauzi5n_wpftmp.csproj::TargetFramework=net48]
C:\Users\Nhan\OneDrive - Rincovitch\00. Nhan\CSharp\RincoMTO\BIMTOOL\obj\Release R26\Tools\MTO Query\UI\MtoQueryWindow.g.cs(1,161): error CS1056: Unexpected character '\0' [C:\Users\Nhan\OneDrive - Rincovitch\00. Nhan\CSharp\RincoMTO\RincoMTO_fsauzi5n_wpftmp.csproj::TargetFramework=net48]
C:\Users\Nhan\OneDrive - Rincovitch\00. Nhan\CSharp\RincoMTO\BIMTOOL\obj\Release R26\Tools\MTO Query\UI\MtoQueryWindow.g.cs(1,162): error CS1056: Unexpected character '\0' [C:\Users\Nhan\OneDrive - Rincovitch\00. Nhan\CSharp\RincoMTO\RincoMTO_fsauzi5n_wpftmp.csproj::TargetFramework=net48]
C:\Users\Nhan\OneDrive - Rincovitch\00. Nhan\CSharp\RincoMTO\BIMTOOL\obj\Release R26\Tools\MTO Query\UI\MtoQueryWindow.g.cs(1,163): error CS1056: Unexpected character '\0' [C:\Users\Nhan\OneDrive - Rincovitch\00. Nhan\CSharp\RincoMTO\RincoMTO_fsauzi5n_wpftmp.csproj::TargetFramework=net48]
C:\Users\Nhan\OneDrive - Rincovitch\00. Nhan\CSharp\RincoMTO\BIMTOOL\obj\Release R26\Tools\MTO Query\UI\MtoQueryWindow.g.cs(1,164): error CS1056: Unexpected character '\0' [C:\Users\Nhan\OneDrive - Rincovitch\00. Nhan\CSharp\RincoMTO\RincoMTO_fsauzi5n_wpftmp.csproj::TargetFramework=net48]
C:\Users\Nhan\OneDrive - Rincovitch\00. Nhan\CSharp\RincoMTO\BIMTOOL\obj\Release R26\Tools\MTO Query\UI\MtoQueryWindow.g.cs(1,165): error CS1056: Unexpected character '\0' [C:\Users\Nhan\OneDrive - Rincovitch\00. Nhan\CSharp\RincoMTO\RincoMTO_fsauzi5n_wpftmp.csproj::TargetFramework=net48]
C:\Users\Nhan\OneDrive - Rincovitch\00. Nhan\CSharp\RincoMTO\BIMTOOL\obj\Release R26\Tools\MTO Query\UI\MtoQueryWindow.g.cs(1,166): error CS1056: Unexpected character '\0' [C:\Users\Nhan\OneDrive - Rincovitch\00. Nhan\CSharp\RincoMTO\RincoMTO_fsauzi5n_wpftmp.csproj::TargetFramework=net48]
C:\Users\Nhan\OneDrive - Rincovitch\00. Nhan\CSharp\RincoMTO\BIMTOOL\obj\Release R26\Tools\MTO Query\UI\MtoQueryWindow.g.cs(1,167): error CS1056: Unexpected character '\0' [C:\Users\Nhan\OneDrive - Rincovitch\00. Nhan\CSharp\RincoMTO\RincoMTO_fsauzi5n_wpftmp.csproj::TargetFramework=net48]
C:\Users\Nhan\OneDrive - Rincovitch\00. Nhan\CSharp\RincoMTO\BIMTOOL\obj\Release R26\Tools\MTO Query\UI\MtoQueryWindow.g.cs(1,168): error CS1056: Unexpected character '\0' [C:\Users\Nhan\OneDrive - Rincovitch\00. Nhan\CSharp\RincoMTO\RincoMTO_fsauzi5n_wpftmp.csproj::TargetFramework=net48]
C:\Users\Nhan\OneDrive - Rincovitch\00. Nhan\CSharp\RincoMTO\BIMTOOL\obj\Release R26\Tools\MTO Query\UI\MtoQueryWindow.g.cs(1,169): error CS1056: Unexpected character '\0' [C:\Users\Nhan\OneDrive - Rincovitch\00. Nhan\CSharp\RincoMTO\RincoMTO_fsauzi5n_wpftmp.csproj::TargetFramework=net48]
C:\Users\Nhan\OneDrive - Rincovitch\00. Nhan\CSharp\RincoMTO\BIMTOOL\obj\Release R26\Tools\MTO Query\UI\MtoQueryWindow.g.cs(1,170): error CS1056: Unexpected character '\0' [C:\Users\Nhan\OneDrive - Rincovitch\00. Nhan\CSharp\RincoMTO\RincoMTO_fsauzi5n_wpftmp.csproj::TargetFramework=net48]
C:\Users\Nhan\OneDrive - Rincovitch\00. Nhan\CSharp\RincoMTO\BIMTOOL\obj\Release R26\Tools\MTO Query\UI\MtoQueryWindow.g.cs(1,171): error CS1056: Unexpected character '\0' [C:\Users\Nhan\OneDrive - Rincovitch\00. Nhan\CSharp\RincoMTO\RincoMTO_fsauzi5n_wpftmp.csproj::TargetFramework=net48]
C:\Users\Nhan\OneDrive - Rincovitch\00. Nhan\CSharp\RincoMTO\BIMTOOL\obj\Release R26\Tools\MTO Query\UI\MtoQueryWindow.g.cs(1,172): error CS1056: Unexpected character '\0' [C:\Users\Nhan\OneDrive - Rincovitch\00. Nhan\CSharp\RincoMTO\RincoMTO_fsauzi5n_wpftmp.csproj::TargetFramework=net48]
C:\Users\Nhan\OneDrive - Rincovitch\00. Nhan\CSharp\RincoMTO\BIMTOOL\obj\Release R26\Tools\MTO Query\UI\MtoQueryWindow.g.cs(1,173): error CS1056: Unexpected character '\0' [C:\Users\Nhan\OneDrive - Rincovitch\00. Nhan\CSharp\RincoMTO\RincoMTO_fsauzi5n_wpftmp.csproj::TargetFramework=net48]
C:\Users\Nhan\OneDrive - Rincovitch\00. Nhan\CSharp\RincoMTO\BIMTOOL\obj\Release R26\Tools\MTO Query\UI\MtoQueryWindow.g.cs(1,174): error CS1056: Unexpected character '\0' [C:\Users\Nhan\OneDrive - Rincovitch\00. Nhan\CSharp\RincoMTO\RincoMTO_fsauzi5n_wpftmp.csproj::TargetFramework=net48]
C:\Users\Nhan\OneDrive - Rincovitch\00. Nhan\CSharp\RincoMTO\BIMTOOL\obj\Release R26\Tools\MTO Query\UI\MtoQueryWindow.g.cs(1,175): error CS1056: Unexpected character '\0' [C:\Users\Nhan\OneDrive - Rincovitch\00. Nhan\CSharp\RincoMTO\RincoMTO_fsauzi5n_wpftmp.csproj::TargetFramework=net48]
C:\Users\Nhan\OneDrive - Rincovitch\00. Nhan\CSharp\RincoMTO\BIMTOOL\obj\Release R26\Tools\MTO Query\UI\MtoQueryWindow.g.cs(1,176): error CS1056: Unexpected character '\0' [C:\Users\Nhan\OneDrive - Rincovitch\00. Nhan\CSharp\RincoMTO\RincoMTO_fsauzi5n_wpftmp.csproj::TargetFramework=net48]
C:\Users\Nhan\OneDrive - Rincovitch\00. Nhan\CSharp\RincoMTO\BIMTOOL\obj\Release R26\Tools\MTO Query\UI\MtoQueryWindow.g.cs(1,177): error CS1056: Unexpected character '\0' [C:\Users\Nhan\OneDrive - Rincovitch\00. Nhan\CSharp\RincoMTO\RincoMTO_fsauzi5n_wpftmp.csproj::TargetFramework=net48]
C:\Users\Nhan\OneDrive - Rincovitch\00. Nhan\CSharp\RincoMTO\BIMTOOL\obj\Release R26\Tools\MTO Query\UI\MtoQueryWindow.g.cs(1,178): error CS1056: Unexpected character '\0' [C:\Users\Nhan\OneDrive - Rincovitch\00. Nhan\CSharp\RincoMTO\RincoMTO_fsauzi5n_wpftmp.csproj::TargetFramework=net48]
C:\Users\Nhan\OneDrive - Rincovitch\00. Nhan\CSharp\RincoMTO\BIMTOOL\obj\Release R26\Tools\MTO Query\UI\MtoQueryWindow.g.cs(1,179): error CS1056: Unexpected character '\0' [C:\Users\Nhan\OneDrive - Rincovitch\00. Nhan\CSharp\RincoMTO\RincoMTO_fsauzi5n_wpftmp.csproj::TargetFramework=net48]
C:\Users\Nhan\OneDrive - Rincovitch\00. Nhan\CSharp\RincoMTO\BIMTOOL\obj\Release R26\Tools\MTO Query\UI\MtoQueryWindow.g.cs(1,180): error CS1056: Unexpected character '\0' [C:\Users\Nhan\OneDrive - Rincovitch\00. Nhan\CSharp\RincoMTO\RincoMTO_fsauzi5n_wpftmp.csproj::TargetFramework=net48]
C:\Users\Nhan\OneDrive - Rincovitch\00. Nhan\CSharp\RincoMTO\BIMTOOL\obj\Release R26\Tools\MTO Query\UI\MtoQueryWindow.g.cs(1,181): error CS1056: Unexpected character '\0' [C:\Users\Nhan\OneDrive - Rincovitch\00. Nhan\CSharp\RincoMTO\RincoMTO_fsauzi5n_wpftmp.csproj::TargetFramework=net48]
C:\Users\Nhan\OneDrive - Rincovitch\00. Nhan\CSharp\RincoMTO\BIMTOOL\obj\Release R26\Tools\MTO Query\UI\MtoQueryWindow.g.cs(1,182): error CS1056: Unexpected character '\0' [C:\Users\Nhan\OneDrive - Rincovitch\00. Nhan\CSharp\RincoMTO\RincoMTO_fsauzi5n_wpftmp.csproj::TargetFramework=net48]
C:\Users\Nhan\OneDrive - Rincovitch\00. Nhan\CSharp\RincoMTO\BIMTOOL\obj\Release R26\Tools\MTO Query\UI\MtoQueryWindow.g.cs(1,183): error CS1056: Unexpected character '\0' [C:\Users\Nhan\OneDrive - Rincovitch\00. Nhan\CSharp\RincoMTO\RincoMTO_fsauzi5n_wpftmp.csproj::TargetFramework=net48]
C:\Users\Nhan\OneDrive - Rincovitch\00. Nhan\CSharp\RincoMTO\BIMTOOL\obj\Release R26\Tools\MTO Query\UI\MtoQueryWindow.g.cs(1,184): error CS1056: Unexpected character '\0' [C:\Users\Nhan\OneDrive - Rincovitch\00. Nhan\CSharp\RincoMTO\RincoMTO_fsauzi5n_wpftmp.csproj::TargetFramework=net48]
C:\Users\Nhan\OneDrive - Rincovitch\00. Nhan\CSharp\RincoMTO\BIMTOOL\obj\Release R26\Tools\MTO Query\UI\MtoQueryWindow.g.cs(1,185): error CS1056: Unexpected character '\0' [C:\Users\Nhan\OneDrive - Rincovitch\00. Nhan\CSharp\RincoMTO\RincoMTO_fsauzi5n_wpftmp.csproj::TargetFramework=net48]
C:\Users\Nhan\OneDrive - Rincovitch\00. Nhan\CSharp\RincoMTO\BIMTOOL\obj\Release R26\Tools\MTO Query\UI\MtoQueryWindow.g.cs(1,186): error CS1056: Unexpected character '\0' [C:\Users\Nhan\OneDrive - Rincovitch\00. Nhan\CSharp\RincoMTO\RincoMTO_fsauzi5n_wpftmp.csproj::TargetFramework=net48]
C:\Users\Nhan\OneDrive - Rincovitch\00. Nhan\CSharp\RincoMTO\BIMTOOL\obj\Release R26\Tools\MTO Query\UI\MtoQueryWindow.g.cs(1,187): error CS1056: Unexpected character '\0' [C:\Users\Nhan\OneDrive - Rincovitch\00. Nhan\CSharp\RincoMTO\RincoMTO_fsauzi5n_wpftmp.csproj::TargetFramework=net48]
C:\Users\Nhan\OneDrive - Rincovitch\00. Nhan\CSharp\RincoMTO\BIMTOOL\obj\Release R26\Tools\MTO Query\UI\MtoQueryWindow.g.cs(1,188): error CS1056: Unexpected character '\0' [C:\Users\Nhan\OneDrive - Rincovitch\00. Nhan\CSharp\RincoMTO\RincoMTO_fsauzi5n_wpftmp.csproj::TargetFramework=net48]
C:\Users\Nhan\OneDrive - Rincovitch\00. Nhan\CSharp\RincoMTO\BIMTOOL\obj\Release R26\Tools\MTO Query\UI\MtoQueryWindow.g.cs(1,189): error CS1056: Unexpected character '\0' [C:\Users\Nhan\OneDrive - Rincovitch\00. Nhan\CSharp\RincoMTO\RincoMTO_fsauzi5n_wpftmp.csproj::TargetFramework=net48]
C:\Users\Nhan\OneDrive - Rincovitch\00. Nhan\CSharp\RincoMTO\BIMTOOL\obj\Release R26\Tools\MTO Query\UI\MtoQueryWindow.g.cs(1,190): error CS1056: Unexpected character '\0' [C:\Users\Nhan\OneDrive - Rincovitch\00. Nhan\CSharp\RincoMTO\RincoMTO_fsauzi5n_wpftmp.csproj::TargetFramework=net48]
C:\Users\Nhan\OneDrive - Rincovitch\00. Nhan\CSharp\RincoMTO\BIMTOOL\obj\Release R26\Tools\MTO Query\UI\MtoQueryWindow.g.cs(1,191): error CS1056: Unexpected character '\0' [C:\Users\Nhan\OneDrive - Rincovitch\00. Nhan\CSharp\RincoMTO\RincoMTO_fsauzi5n_wpftmp.csproj::TargetFramework=net48]
C:\Users\Nhan\OneDrive - Rincovitch\00. Nhan\CSharp\RincoMTO\BIMTOOL\obj\Release R26\Tools\MTO Query\UI\MtoQueryWindow.g.cs(1,192): error CS1056: Unexpected character '\0' [C:\Users\Nhan\OneDrive - Rincovitch\00. Nhan\CSharp\RincoMTO\RincoMTO_fsauzi5n_wpftmp.csproj::TargetFramework=net48]
C:\Users\Nhan\OneDrive - Rincovitch\00. Nhan\CSharp\RincoMTO\BIMTOOL\obj\Release R26\Tools\MTO Query\UI\MtoQueryWindow.g.cs(1,193): error CS1056: Unexpected character '\0' [C:\Users\Nhan\OneDrive - Rincovitch\00. Nhan\CSharp\RincoMTO\RincoMTO_fsauzi5n_wpftmp.csproj::TargetFramework=net48]
C:\Users\Nhan\OneDrive - Rincovitch\00. Nhan\CSharp\RincoMTO\BIMTOOL\obj\Release R26\Tools\MTO Query\UI\MtoQueryWindow.g.cs(1,194): error CS1056: Unexpected character '\0' [C:\Users\Nhan\OneDrive - Rincovitch\00. Nhan\CSharp\RincoMTO\RincoMTO_fsauzi5n_wpftmp.csproj::TargetFramework=net48]
C:\Users\Nhan\OneDrive - Rincovitch\00. Nhan\CSharp\RincoMTO\BIMTOOL\obj\Release R26\Tools\MTO Query\UI\MtoQueryWindow.g.cs(1,195): error CS1056: Unexpected character '\0' [C:\Users\Nhan\OneDrive - Rincovitch\00. Nhan\CSharp\RincoMTO\RincoMTO_fsauzi5n_wpftmp.csproj::TargetFramework=net48]
C:\Users\Nhan\OneDrive - Rincovitch\00. Nhan\CSharp\RincoMTO\BIMTOOL\obj\Release R26\Tools\MTO Query\UI\MtoQueryWindow.g.cs(1,196): error CS1056: Unexpected character '\0' [C:\Users\Nhan\OneDrive - Rincovitch\00. Nhan\CSharp\RincoMTO\RincoMTO_fsauzi5n_wpftmp.csproj::TargetFramework=net48]
C:\Users\Nhan\OneDrive - Rincovitch\00. Nhan\CSharp\RincoMTO\BIMTOOL\obj\Release R26\Tools\MTO Query\UI\MtoQueryWindow.g.cs(1,197): error CS1056: Unexpected character '\0' [C:\Users\Nhan\OneDrive - Rincovitch\00. Nhan\CSharp\RincoMTO\RincoMTO_fsauzi5n_wpftmp.csproj::TargetFramework=net48]
C:\Users\Nhan\OneDrive - Rincovitch\00. Nhan\CSharp\RincoMTO\BIMTOOL\obj\Release R26\Tools\MTO Query\UI\MtoQueryWindow.g.cs(1,198): error CS1056: Unexpected character '\0' [C:\Users\Nhan\OneDrive - Rincovitch\00. Nhan\CSharp\RincoMTO\RincoMTO_fsauzi5n_wpftmp.csproj::TargetFramework=net48]
C:\Users\Nhan\OneDrive - Rincovitch\00. Nhan\CSharp\RincoMTO\BIMTOOL\obj\Release R26\Tools\MTO Query\UI\MtoQueryWindow.g.cs(1,199): error CS1056: Unexpected character '\0' [C:\Users\Nhan\OneDrive - Rincovitch\00. Nhan\CSharp\RincoMTO\RincoMTO_fsauzi5n_wpftmp.csproj::TargetFramework=net48]
C:\Users\Nhan\OneDrive - Rincovitch\00. Nhan\CSharp\RincoMTO\BIMTOOL\obj\Release R26\Tools\MTO Query\UI\MtoQueryWindow.g.cs(1,200): error CS1056: Unexpected character '\0' [C:\Users\Nhan\OneDrive - Rincovitch\00. Nhan\CSharp\RincoMTO\RincoMTO_fsauzi5n_wpftmp.csproj::TargetFramework=net48]
C:\Users\Nhan\OneDrive - Rincovitch\00. Nhan\CSharp\RincoMTO\BIMTOOL\obj\Release R26\Tools\MTO Query\UI\MtoQueryWindow.g.cs(1,201): error CS1056: Unexpected character '\0' [C:\Users\Nhan\OneDrive - Rincovitch\00. Nhan\CSharp\RincoMTO\RincoMTO_fsauzi5n_wpftmp.csproj::TargetFramework=net48]
C:\Users\Nhan\OneDrive - Rincovitch\00. Nhan\CSharp\RincoMTO\BIMTOOL\obj\Release R26\Tools\MTO Query\UI\MtoQueryWindow.g.cs(1,202): error CS1056: Unexpected character '\0\0\0\0\0\0\0\0\0\0\0\0\0\0\0\0\0\0\0\0\0\0\0\0\0\0\0\0\0\0\0\0\0\0\0\0\0\0\0\0\0\0\0\0\0\0\0\0\0\0\0\0\0\0\0\0\0\0\0\0\0\0\0\0\0\0\0\0\0\0\0\0\0\0\0\0\0\0\0\0\0\0\0\0\0\0\0\0\0\0\0\0\0\0\0\0\0\0\0\0\0\0\0\0\0\0\0\0\0\0\0\0\0\0\0\0\0\0\0\0\0\0\0\0\0\0\0\0\0\0\0\0\0\0\0\0\0\0\0\0\0\0\0\0\0\0\0\0\0\0\0\0\0\0\0\0\0\0\0\0\0\0\0\0\0\0\0\0\0\0\0\0\0\0\0\0\0\0\0\0\0\0\0\0\0\0\0\0\0\0\0\0\0\0\0\0\0\0\0\0\0\0\0\0\0\0\0\0\0\0\0\0\0\0\0\0\0\0\0\0\0\0\0\0\0\0\0\0\0\0\0\0\0\0\0\0\0\0\0\0\0\0\0\0\0\0\0\0\0\0\0\0\0\0\0\0\0\0\0\0\0\0\0\0\0\0\0\0\0\0\0\0\0\0\0\0\0\0\0\0\0\0\0\0\0\0\0\0\0\0\0\0\0\0\0\0\0\0\0\0\0\0\0\0\0\0\0\0\0\0\0\0\0\0\0\0\0\0\0\0\0\0\0\0\0\0\0\0\0\0\0\0\0\0\0\0\0\0\0\0\0\0\0\0\0\0\0\0\0\0\0\0\0\0\0\0\0\0\0\0\0\0\0\0\0\0\0\0\0\0\0\0\0\0\0\0\0\0\0\0\0\0\0\0\0\0\0\0\0\0\0\0\0\0\0\0\0\0\0\0\0\0\0\0\0\0\0\0\0\0\0\0\0\0\0\0\0\0\0\0\0\0\0\0\0\0\0\0\0\0\0\0\0\0\0\0\0\0\0\0\0\0\0\0\0\0\0\0\0\0\0\0\0\0\0\0\0\0\0\0\0\0\0\0\0\0\0\0\0\0\0\0\0\0\0\0\0\0\0\0\0\0\0\0\0\0\0\0\0\0\0\0\0\0\0\0\0\0\0\0\0\0\0\0\0\0\0\0\0\0\0\0\0\0\0\0\0\0\0\0\0\0\0\0\0\0\0\0\0\0\0\0\0\0\0\0\0\0\0\0\0\0\0\0\0\0\0\0\0\0\0\0\0\0\0\0\0\0\0\0\0\0\0\0\0\0\0\0\0\0\0\0\0\0\0\0\0\0\0\0\0\0\0\0\0\0\0\0\0\0\0\0\0\0\0\0\0\0\0\0\0\0\0\0\0\0\0\0\0\0\0\0\0\0\0\0\0\0\0\0\0\0\0\0\0\0\0\0\0\0\0\0\0\0\0\0\0\0\0\0\0\0\0\0\0\0\0\0\0\0\0\0\0\0\0\0\0\0\0\0\0\0\0\0\0\0\0\0\0\0\0\0\0\0\0\0\0\0\0\0\0\0\0\0\0\0\0\0\0\0\0\0\0\0\0\0\0\0\0\0\0\0\0\0\0\0\0\0\0\0\0\0\0\0\0\0\0\0\0\0\0\0\0\0\0\0\0\0\0\0\0\0\0\0\0\0\0\0\0\0\0\0\0\0\0\0\0\0\0\0\0\0\0\0\0\0\0\0\0\0\0\0\0\0\0\0\0\0\0\0\0\0\0\0\0\0\0\0\0\0\0\0\0\0\0\0\0\0\0\0\0\0\0\0\0\0\0\0\0\0\0\0\0\0\0\0\0\0\0\0\0\0\0\0\0\0\0\0\0\0\0\0\0\0\0\0\0\0\0\0\0\0\0\0\0\0\0\0\0\0\0\0\0\0\0\0\0\0\0\0\0\0\0\0\0\0\0\0\0\0\0\0\0\0\0\0\0\0\0\0\0\0\0\0\0\0\0\0\0\0\0\0\0\0\0\0\0\0\0\0\0\0\0\0\0\0\0\0\0\0\0\0\0\0\0\0\0\0\0\0\0\0\0\0\0\0\0\0\0\0\0\0\0\0\0\0\0\0\0\0\0\0\0\0\0\0\0\0\0\0\0\0\0\0\0\0\0\0\0\0\0\0\0\0\0\0\0\0\0\0\0\0\0\0\0\0\0\0\0\0\0\0\0\0\0\0\0\0\0\0\0\0\0\0\0\0\0\0\0\0\0\0\0\0\0\0\0\0\0\0\0\0\0\0\0\0\0\0\0\0\0\0\0\0\0\0\0\0\0\0\0\0\0\0\0\0\0\0\0\0\0\0\0\0\0\0\0\0\0\0\0\0\0\0\0\0\0\0\0\0\0\0\0\0\0\0\0\0\0\0\0\0\0\0\0\0\0\0\0\0\0\0\0\0\0\0\0\0\0\0\0\0\0\0\0\0\0\0\0\0\0\0\0\0\0\0\0\0\0\0\0\0\0\0\0\0\0\0\0\0\0\0\0\0\0\0\0\0\0\0\0\0\0\0\0\0\0\0\0\0\0\0\0\0\0\0\0\0\0\0\0\0\0\0\0\0\0\0\0\0\0\0\0\0\0\0\0\0\0\0\0\0\0\0\0\0\0\0\0\0\0\0\0\0\0\0\0\0\0\0\0\0\0\0\0\0\0\0\0\0\0\0\0\0\0\0\0\0\0\0\0\0\0\0\0\0\0\0\0\0\0\0\0\0\0\0\0\0\0\0\0\0\0\0\0\0\0\0\0\0\0\0\0\0\0\0\0\0\0\0\0\0\0\0\0\0\0\0\0\0\0\0\0\0\0\0\0\0\0\0\0\0\0\0\0\0\0\0\0\0\0\0\0\0\0\0\0\0\0\0\0\0\0\0\0\0\0\0\0\0\0\0\0\0\0\0\0\0\0\0\0\0\0\0\0\0\0\0\0\0\0\0\0\0\0\0\0\0\0\0\0\0\0\0\0\0\0\0\0\0\0\0\0\0\0\0\0\0\0\0\0\0\0\0\0\0\0\0\0\0\0\0\0\0\0\0\0\0\0\0\0\0\0\0\0\0\0\0\0\0\0\0\0\0\0\0\0\0\0\0\0\0\0\0\0\0\0\0\0\0\0\0\0\0\0\0\0\0\0\0\0\0\0\0\0\0\0\0\0\0\0\0\0\0\0\0\0\0\0\0\0\0\0\0\0\0\0\0\0\0\0\0\0\0\0\0\0\0\0\0\0\0\0\0\0\0\0\0\0\0\0\0\0\0\0\0\0\0\0\0\0\0\0\0\0\0\0\0\0\0\0\0\0\0\0\0\0\0\0\0\0\0\0\0\0\0\0\0\0\0\0\0\0\0\0\0\0\0\0\0\0\0\0\0\0\0\0\0\0\0\0\0\0\0\0\0\0\0\0\0\0\0\0\0\0\0\0\0\0\0\0\0\0\0\0\0\0\0\0\0\0\0\0\0\0\0\0\0\0\0\0\0\0\0\0\0\0\0\0\0\0\0\0\0\0\0\0\0\0\0\0\0\0\0\0\0\0\0\0\0\0\0\0\0\0\0\0\0\0\0\0\0\0\0\0\0\0\0\0\0\0\0\0\0\0\0\0\0\0\0\0\0\0\0\0\0\0\0\0\0\0\0\0\0\0\0\0\0\0\0\0\0\0\0\0\0\0\0\0\0\0\0\0\0\0\0\0\0\0\0\0\0\0\0\0\0\0\0\0\0\0\0\0\0\0\0\0\0\0\0\0\0\0\0\0\0\0\0\0\0\0\0\0\0\0\0\0\0\0\0\0\0\0\0\0\0\0\0\0\0\0\0\0\0\0\0\0\0\0\0\0\0\0\0\0\0\0\0\0\0\0\0\0\0\0\0\0\0\0\0\0\0\0\0\0\0\0\0\0\0\0\0\0\0\0\0\0\0\0\0\0\0\0\0\0\0\0\0\0\0\0\0\0\0\0\0\0\0\0\0\0\0\0\0\0\0\0\0\0\0\0\0\0\0\0\0\0\0\0\0\0\0\0\0\0\0\0\0\0\0\0\0\0\0\0\0\0\0\0\0\0\0\0\0\0\0\0\0\0\0\0\0\0\0\0\0\0\0\0\0\0\0\0\0\0\0\0\0\0\0\0\0\0\0\0\0\0\0\0\0\0\0\0\0\0\0\0\0\0\0\0\0\0\0\0\0\0\0\0\0\0\0\0\0\0\0\0\0\0\0\0\0\0\0\0\0\0\0\0\0\0\0\0\0\0\0\0\0\0\0\0\0\0\0\0\0\0\0\0\0\0\0\0\0\0\0\0\0\0\0\0\0\0\0\0\0\0\0\0\0\0\0\0\0\0\0\0\0\0\0\0\0\0\0\0\0\0\0\0\0\0\0\0\0\0\0\0\0\0\0\0\0\0\0\0\0\0\0\0\0\0\0\0\0\0\0\0\0\0\0\0\0\0\0\0\0\0\0\0\0\0\0\0\0\0\0\0\0\0\0\0\0\0\0\0\0\0\0\0\0\0\0\0\0\0\0\0\0\0\0\0\0\0\0\0\0\0\0\0\0\0\0\0\0\0\0\0\0\0\0\0\0\0\0\0\0\0\0\0\0\0\0\0\0\0\0\0\0\0\0\0\0\0\0\0\0\0\0\0\0\0\0\0\0\0\0\0\0\0\0\0\0\0\0\0\0\0\0\0\0\0\0\0\0\0\0\0\0\0\0\0\0\0\0\0\0\0\0\0\0\0\0\0\0\0\0\0\0\0\0\0\0\0\0\0\0\0\0\0\0\0\0\0\0\0\0\0\0\0\0\0\0\0\0\0\0\0\0\0\0\0\0\0\0\0\0\0\0\0\0\0\0\0\0\0\0\0\0\0\0\0\0\0\0\0\0\0\0\0\0\0\0\0\0\0\0\0\0\0\0\0\0\0\0\0\0\0\0\0\0\0\0\0\0\0\0\0\0\0\0\0\0\0\0\0\0\0\0\0\0\0\0\0\0\0\0\0\0\0\0\0\0\0\0\0\0\0\0\0\0\0\0\0\0\0\0\0\0\0\0\0\0\0\0\0\0\0\0\0\0\0\0\0\0\0\0\0\0\0\0\0\0\0\0\0\0\0\0\0\0\0\0\0\0\0\0\0\0\0\0\0\0\0\0\0\0\0\0\0\0\0\0\0\0\0\0\0\0\0\0\0\0\0\0\0\0\0\0\0\0\0\0\0\0\0\0\0\0\0\0\0\0\0\0\0\0\0\0\0\0\0\0\0\0\0\0\0\0\0\0\0\0\0\0\0\0\0\0\0\0\0\0\0\0\0\0\0\0\0\0\0\0\0\0\0\0\0\0\0\0\0\0\0\0\0\0\0\0\0\0\0\0\0\0\0\0\0\0\0\0\0\0\0\0\0\0\0\0\0\0\0\0\0\0\0\0\0\0\0\0\0\0\0\0\0\0\0\0\0\0\0\0\0\0\0\0\0\0\0\0\0\0\0\0\0\0\0\0\0\0\0\0\0\0\0\0\0\0\0\0\0\0\0\0\0\0\0\0\0\0\0\0\0\0\0\0\0\0\0\0\0\0\0\0\0\0\0\0\0\0\0\0\0\0\0\0\0\0\0\0\0\0\0\0\0\0\0\0\0\0\0\0\0\0\0\0\0\0\0\0\0\0\0\0\0\0\0\0\0\0\0\0\0\0\0\0\0\0\0\0\0\0\0\0\0\0\0\0\0\0\0\0\0\0\0\0\0\0\0\0\0\0\0\0\0\0\0\0\0\0\0\0\0\0\0\0\0\0\0\0\0\0\0\0\0\0\0\0\0\0\0\0\0\0\0\0\0\0\0\0\0\0\0\0\0\0\0\0\0\0\0\0\0\0\0\0\0\0\0\0\0\0\0\0\0\0\0\0\0\0\0\0\0\0\0\0\0\0\0\0\0\0\0\0\0\0\0\0\0\0\0\0\0\0\0\0\0\0\0\0\0\0\0\0\0\0\0\0\0\0\0\0\0\0\0\0\0\0\0\0\0\0\0\0\0\0\0\0\0\0\0\0\0\0\0\0\0\0\0\0\0\0\0\0\0\0\0\0\0\0\0\0\0\0\0\0\0\0\0\0\0\0\0\0\0\0\0\0\0\0\0\0\0\0\0\0\0\0\0\0\0\0\0\0\0\0\0\0\0\0\0\0\0\0\0\0\0\0\0\0\0\0\0\0\0\0\0\0\0\0\0\0\0\0\0\0\0\0\0\0\0\0\0\0\0\0\0\0\0\0\0\0\0\0\0\0\0\0\0\0\0\0\0\0\0\0\0\0\0\0\0\0\0\0\0\0\0\0\0\0\0\0\0\0\0\0\0\0\0\0\0\0\0\0\0\0\0\0\0\0\0\0\0\0\0\0\0\0\0\0\0\0\0\0\0\0\0\0\0\0\0\0\0\0\0\0\0\0\0\0\0\0\0\0\0\0\0\0\0\0\0\0\0\0\0\0\0\0\0\0\0\0\0\0\0\0\0\0\0\0\0\0\0\0\0\0\0\0\0\0\0\0\0\0\0\0\0\0\0\0\0\0\0\0\0\0\0\0\0\0\0\0\0\0\0\0\0\0\0\0\0\0\0\0\0\0\0\0\0\0\0\0\0\0\0\0\0\0\0\0\0\0\0\0\0\0\0\0\0\0\0\0\0\0\0\0\0\0\0\0\0\0\0\0\0\0\0\0\0\0\0\0\0\0\0\0\0\0\0\0\0\0\0\0\0\0\0\0\0\0\0\0\0\0\0\0\0\0\0\0\0\0\0\0\0\0\0\0\0\0\0\0\0\0\0\0\0\0\0\0\0\0\0\0\0\0\0\0\0\0\0\0\0\0\0\0\0\0\0\0\0\0\0\0\0\0\0\0\0\0\0\0\0\0\0\0\0\0\0\0\0\0\0\0\0\0\0\0\0\0\0\0\0\0\0\0\0\0\0\0\0\0\0\0\0\0\0\0\0\0\0\0\0\0\0\0\0\0\0\0\0\0\0\0\0\0\0\0\0\0\0\0\0\0\0\0\0\0\0\0\0\0\0\0\0\0\0\0\0\0\0\0\0\0\0\0\0\0\0\0\0\0\0\0\0\0\0\0\0\0\0\0\0\0\0\0\0\0\0\0\0\0\0\0\0\0\0\0\0\0\0\0\0\0\0\0\0\0\0\0\0\0\0\0\0\0\0\0\0\0\0\0\0\0\0\0\0\0\0\0\0\0\0\0\0\0\0\0\0\0\0\0\0\0\0\0\0\0\0\0\0\0\0\0\0\0\0\0\0\0\0\0\0\0\0\0\0\0\0\0\0\0\0\0\0\0\0\0\0\0\0\0\0\0\0\0\0\0\0\0\0\0\0\0\0\0\0\0\0\0\0\0\0\0\0\0\0\0\0\0\0\0\0\0\0\0\0\0\0\0\0\0\0\0\0\0\0\0\0\0\0\0\0\0\0\0\0\0\0\0\0\0\0\0\0\0\0\0\0\0\0\0\0\0' [C:\Users\Nhan\OneDrive - Rincovitch\00. Nhan\CSharp\RincoMTO\RincoMTO_fsauzi5n_wpftmp.csproj::TargetFramework=net48]
C:\Users\Nhan\OneDrive - Rincovitch\00. Nhan\CSharp\RincoMTO\BIMTOOL\obj\Release R26\Tools\MTO Smart Tag\UI\MtoSmartTagWindow.g.cs(1,1): error CS1056: Unexpected character '\0' [C:\Users\Nhan\OneDrive - Rincovitch\00. Nhan\CSharp\RincoMTO\RincoMTO_fsauzi5n_wpftmp.csproj::TargetFramework=net48]
C:\Users\Nhan\OneDrive - Rincovitch\00. Nhan\CSharp\RincoMTO\BIMTOOL\obj\Release R26\Tools\MTO Smart Tag\UI\MtoSmartTagWindow.g.cs(1,2): error CS1056: Unexpected character '\0' [C:\Users\Nhan\OneDrive - Rincovitch\00. Nhan\CSharp\RincoMTO\RincoMTO_fsauzi5n_wpftmp.csproj::TargetFramework=net48]
C:\Users\Nhan\OneDrive - Rincovitch\00. Nhan\CSharp\RincoMTO\BIMTOOL\obj\Release R26\Tools\MTO Smart Tag\UI\MtoSmartTagWindow.g.cs(1,3): error CS1056: Unexpected character '\0' [C:\Users\Nhan\OneDrive - Rincovitch\00. Nhan\CSharp\RincoMTO\RincoMTO_fsauzi5n_wpftmp.csproj::TargetFramework=net48]
C:\Users\Nhan\OneDrive - Rincovitch\00. Nhan\CSharp\RincoMTO\BIMTOOL\obj\Release R26\Tools\MTO Smart Tag\UI\MtoSmartTagWindow.g.cs(1,4): error CS1056: Unexpected character '\0' [C:\Users\Nhan\OneDrive - Rincovitch\00. Nhan\CSharp\RincoMTO\RincoMTO_fsauzi5n_wpftmp.csproj::TargetFramework=net48]
C:\Users\Nhan\OneDrive - Rincovitch\00. Nhan\CSharp\RincoMTO\BIMTOOL\obj\Release R26\Tools\MTO Smart Tag\UI\MtoSmartTagWindow.g.cs(1,5): error CS1056: Unexpected character '\0' [C:\Users\Nhan\OneDrive - Rincovitch\00. Nhan\CSharp\RincoMTO\RincoMTO_fsauzi5n_wpftmp.csproj::TargetFramework=net48]
C:\Users\Nhan\OneDrive - Rincovitch\00. Nhan\CSharp\RincoMTO\BIMTOOL\obj\Release R26\Tools\MTO Smart Tag\UI\MtoSmartTagWindow.g.cs(1,6): error CS1056: Unexpected character '\0' [C:\Users\Nhan\OneDrive - Rincovitch\00. Nhan\CSharp\RincoMTO\RincoMTO_fsauzi5n_wpftmp.csproj::TargetFramework=net48]
C:\Users\Nhan\OneDrive - Rincovitch\00. Nhan\CSharp\RincoMTO\BIMTOOL\obj\Release R26\Tools\MTO Smart Tag\UI\MtoSmartTagWindow.g.cs(1,7): error CS1056: Unexpected character '\0' [C:\Users\Nhan\OneDrive - Rincovitch\00. Nhan\CSharp\RincoMTO\RincoMTO_fsauzi5n_wpftmp.csproj::TargetFramework=net48]
C:\Users\Nhan\OneDrive - Rincovitch\00. Nhan\CSharp\RincoMTO\BIMTOOL\obj\Release R26\Tools\MTO Smart Tag\UI\MtoSmartTagWindow.g.cs(1,8): error CS1056: Unexpected character '\0' [C:\Users\Nhan\OneDrive - Rincovitch\00. Nhan\CSharp\RincoMTO\RincoMTO_fsauzi5n_wpftmp.csproj::TargetFramework=net48]
C:\Users\Nhan\OneDrive - Rincovitch\00. Nhan\CSharp\RincoMTO\BIMTOOL\obj\Release R26\Tools\MTO Smart Tag\UI\MtoSmartTagWindow.g.cs(1,9): error CS1056: Unexpected character '\0' [C:\Users\Nhan\OneDrive - Rincovitch\00. Nhan\CSharp\RincoMTO\RincoMTO_fsauzi5n_wpftmp.csproj::TargetFramework=net48]
C:\Users\Nhan\OneDrive - Rincovitch\00. Nhan\CSharp\RincoMTO\BIMTOOL\obj\Release R26\Tools\MTO Smart Tag\UI\MtoSmartTagWindow.g.cs(1,10): error CS1056: Unexpected character '\0' [C:\Users\Nhan\OneDrive - Rincovitch\00. Nhan\CSharp\RincoMTO\RincoMTO_fsauzi5n_wpftmp.csproj::TargetFramework=net48]
C:\Users\Nhan\OneDrive - Rincovitch\00. Nhan\CSharp\RincoMTO\BIMTOOL\obj\Release R26\Tools\MTO Smart Tag\UI\MtoSmartTagWindow.g.cs(1,11): error CS1056: Unexpected character '\0' [C:\Users\Nhan\OneDrive - Rincovitch\00. Nhan\CSharp\RincoMTO\RincoMTO_fsauzi5n_wpftmp.csproj::TargetFramework=net48]
C:\Users\Nhan\OneDrive - Rincovitch\00. Nhan\CSharp\RincoMTO\BIMTOOL\obj\Release R26\Tools\MTO Smart Tag\UI\MtoSmartTagWindow.g.cs(1,12): error CS1056: Unexpected character '\0' [C:\Users\Nhan\OneDrive - Rincovitch\00. Nhan\CSharp\RincoMTO\RincoMTO_fsauzi5n_wpftmp.csproj::TargetFramework=net48]
C:\Users\Nhan\OneDrive - Rincovitch\00. Nhan\CSharp\RincoMTO\BIMTOOL\obj\Release R26\Tools\MTO Smart Tag\UI\MtoSmartTagWindow.g.cs(1,13): error CS1056: Unexpected character '\0' [C:\Users\Nhan\OneDrive - Rincovitch\00. Nhan\CSharp\RincoMTO\RincoMTO_fsauzi5n_wpftmp.csproj::TargetFramework=net48]
C:\Users\Nhan\OneDrive - Rincovitch\00. Nhan\CSharp\RincoMTO\BIMTOOL\obj\Release R26\Tools\MTO Smart Tag\UI\MtoSmartTagWindow.g.cs(1,14): error CS1056: Unexpected character '\0' [C:\Users\Nhan\OneDrive - Rincovitch\00. Nhan\CSharp\RincoMTO\RincoMTO_fsauzi5n_wpftmp.csproj::TargetFramework=net48]
C:\Users\Nhan\OneDrive - Rincovitch\00. Nhan\CSharp\RincoMTO\BIMTOOL\obj\Release R26\Tools\MTO Smart Tag\UI\MtoSmartTagWindow.g.cs(1,15): error CS1056: Unexpected character '\0' [C:\Users\Nhan\OneDrive - Rincovitch\00. Nhan\CSharp\RincoMTO\RincoMTO_fsauzi5n_wpftmp.csproj::TargetFramework=net48]
C:\Users\Nhan\OneDrive - Rincovitch\00. Nhan\CSharp\RincoMTO\BIMTOOL\obj\Release R26\Tools\MTO Smart Tag\UI\MtoSmartTagWindow.g.cs(1,16): error CS1056: Unexpected character '\0' [C:\Users\Nhan\OneDrive - Rincovitch\00. Nhan\CSharp\RincoMTO\RincoMTO_fsauzi5n_wpftmp.csproj::TargetFramework=net48]
C:\Users\Nhan\OneDrive - Rincovitch\00. Nhan\CSharp\RincoMTO\BIMTOOL\obj\Release R26\Tools\MTO Smart Tag\UI\MtoSmartTagWindow.g.cs(1,17): error CS1056: Unexpected character '\0' [C:\Users\Nhan\OneDrive - Rincovitch\00. Nhan\CSharp\RincoMTO\RincoMTO_fsauzi5n_wpftmp.csproj::TargetFramework=net48]
C:\Users\Nhan\OneDrive - Rincovitch\00. Nhan\CSharp\RincoMTO\BIMTOOL\obj\Release R26\Tools\MTO Smart Tag\UI\MtoSmartTagWindow.g.cs(1,18): error CS1056: Unexpected character '\0' [C:\Users\Nhan\OneDrive - Rincovitch\00. Nhan\CSharp\RincoMTO\RincoMTO_fsauzi5n_wpftmp.csproj::TargetFramework=net48]
C:\Users\Nhan\OneDrive - Rincovitch\00. Nhan\CSharp\RincoMTO\BIMTOOL\obj\Release R26\Tools\MTO Smart Tag\UI\MtoSmartTagWindow.g.cs(1,19): error CS1056: Unexpected character '\0' [C:\Users\Nhan\OneDrive - Rincovitch\00. Nhan\CSharp\RincoMTO\RincoMTO_fsauzi5n_wpftmp.csproj::TargetFramework=net48]
C:\Users\Nhan\OneDrive - Rincovitch\00. Nhan\CSharp\RincoMTO\BIMTOOL\obj\Release R26\Tools\MTO Smart Tag\UI\MtoSmartTagWindow.g.cs(1,20): error CS1056: Unexpected character '\0' [C:\Users\Nhan\OneDrive - Rincovitch\00. Nhan\CSharp\RincoMTO\RincoMTO_fsauzi5n_wpftmp.csproj::TargetFramework=net48]
C:\Users\Nhan\OneDrive - Rincovitch\00. Nhan\CSharp\RincoMTO\BIMTOOL\obj\Release R26\Tools\MTO Smart Tag\UI\MtoSmartTagWindow.g.cs(1,21): error CS1056: Unexpected character '\0' [C:\Users\Nhan\OneDrive - Rincovitch\00. Nhan\CSharp\RincoMTO\RincoMTO_fsauzi5n_wpftmp.csproj::TargetFramework=net48]
C:\Users\Nhan\OneDrive - Rincovitch\00. Nhan\CSharp\RincoMTO\BIMTOOL\obj\Release R26\Tools\MTO Smart Tag\UI\MtoSmartTagWindow.g.cs(1,22): error CS1056: Unexpected character '\0' [C:\Users\Nhan\OneDrive - Rincovitch\00. Nhan\CSharp\RincoMTO\RincoMTO_fsauzi5n_wpftmp.csproj::TargetFramework=net48]
C:\Users\Nhan\OneDrive - Rincovitch\00. Nhan\CSharp\RincoMTO\BIMTOOL\obj\Release R26\Tools\MTO Smart Tag\UI\MtoSmartTagWindow.g.cs(1,23): error CS1056: Unexpected character '\0' [C:\Users\Nhan\OneDrive - Rincovitch\00. Nhan\CSharp\RincoMTO\RincoMTO_fsauzi5n_wpftmp.csproj::TargetFramework=net48]
C:\Users\Nhan\OneDrive - Rincovitch\00. Nhan\CSharp\RincoMTO\BIMTOOL\obj\Release R26\Tools\MTO Smart Tag\UI\MtoSmartTagWindow.g.cs(1,24): error CS1056: Unexpected character '\0' [C:\Users\Nhan\OneDrive - Rincovitch\00. Nhan\CSharp\RincoMTO\RincoMTO_fsauzi5n_wpftmp.csproj::TargetFramework=net48]
C:\Users\Nhan\OneDrive - Rincovitch\00. Nhan\CSharp\RincoMTO\BIMTOOL\obj\Release R26\Tools\MTO Smart Tag\UI\MtoSmartTagWindow.g.cs(1,25): error CS1056: Unexpected character '\0' [C:\Users\Nhan\OneDrive - Rincovitch\00. Nhan\CSharp\RincoMTO\RincoMTO_fsauzi5n_wpftmp.csproj::TargetFramework=net48]
C:\Users\Nhan\OneDrive - Rincovitch\00. Nhan\CSharp\RincoMTO\BIMTOOL\obj\Release R26\Tools\MTO Smart Tag\UI\MtoSmartTagWindow.g.cs(1,26): error CS1056: Unexpected character '\0' [C:\Users\Nhan\OneDrive - Rincovitch\00. Nhan\CSharp\RincoMTO\RincoMTO_fsauzi5n_wpftmp.csproj::TargetFramework=net48]
C:\Users\Nhan\OneDrive - Rincovitch\00. Nhan\CSharp\RincoMTO\BIMTOOL\obj\Release R26\Tools\MTO Smart Tag\UI\MtoSmartTagWindow.g.cs(1,27): error CS1056: Unexpected character '\0' [C:\Users\Nhan\OneDrive - Rincovitch\00. Nhan\CSharp\RincoMTO\RincoMTO_fsauzi5n_wpftmp.csproj::TargetFramework=net48]
C:\Users\Nhan\OneDrive - Rincovitch\00. Nhan\CSharp\RincoMTO\BIMTOOL\obj\Release R26\Tools\MTO Smart Tag\UI\MtoSmartTagWindow.g.cs(1,28): error CS1056: Unexpected character '\0' [C:\Users\Nhan\OneDrive - Rincovitch\00. Nhan\CSharp\RincoMTO\RincoMTO_fsauzi5n_wpftmp.csproj::TargetFramework=net48]
C:\Users\Nhan\OneDrive - Rincovitch\00. Nhan\CSharp\RincoMTO\BIMTOOL\obj\Release R26\Tools\MTO Smart Tag\UI\MtoSmartTagWindow.g.cs(1,29): error CS1056: Unexpected character '\0' [C:\Users\Nhan\OneDrive - Rincovitch\00. Nhan\CSharp\RincoMTO\RincoMTO_fsauzi5n_wpftmp.csproj::TargetFramework=net48]
C:\Users\Nhan\OneDrive - Rincovitch\00. Nhan\CSharp\RincoMTO\BIMTOOL\obj\Release R26\Tools\MTO Smart Tag\UI\MtoSmartTagWindow.g.cs(1,30): error CS1056: Unexpected character '\0' [C:\Users\Nhan\OneDrive - Rincovitch\00. Nhan\CSharp\RincoMTO\RincoMTO_fsauzi5n_wpftmp.csproj::TargetFramework=net48]
C:\Users\Nhan\OneDrive - Rincovitch\00. Nhan\CSharp\RincoMTO\BIMTOOL\obj\Release R26\Tools\MTO Smart Tag\UI\MtoSmartTagWindow.g.cs(1,31): error CS1056: Unexpected character '\0' [C:\Users\Nhan\OneDrive - Rincovitch\00. Nhan\CSharp\RincoMTO\RincoMTO_fsauzi5n_wpftmp.csproj::TargetFramework=net48]
C:\Users\Nhan\OneDrive - Rincovitch\00. Nhan\CSharp\RincoMTO\BIMTOOL\obj\Release R26\Tools\MTO Smart Tag\UI\MtoSmartTagWindow.g.cs(1,32): error CS1056: Unexpected character '\0' [C:\Users\Nhan\OneDrive - Rincovitch\00. Nhan\CSharp\RincoMTO\RincoMTO_fsauzi5n_wpftmp.csproj::TargetFramework=net48]
C:\Users\Nhan\OneDrive - Rincovitch\00. Nhan\CSharp\RincoMTO\BIMTOOL\obj\Release R26\Tools\MTO Smart Tag\UI\MtoSmartTagWindow.g.cs(1,33): error CS1056: Unexpected character '\0' [C:\Users\Nhan\OneDrive - Rincovitch\00. Nhan\CSharp\RincoMTO\RincoMTO_fsauzi5n_wpftmp.csproj::TargetFramework=net48]
C:\Users\Nhan\OneDrive - Rincovitch\00. Nhan\CSharp\RincoMTO\BIMTOOL\obj\Release R26\Tools\MTO Smart Tag\UI\MtoSmartTagWindow.g.cs(1,34): error CS1056: Unexpected character '\0' [C:\Users\Nhan\OneDrive - Rincovitch\00. Nhan\CSharp\RincoMTO\RincoMTO_fsauzi5n_wpftmp.csproj::TargetFramework=net48]
C:\Users\Nhan\OneDrive - Rincovitch\00. Nhan\CSharp\RincoMTO\BIMTOOL\obj\Release R26\Tools\MTO Smart Tag\UI\MtoSmartTagWindow.g.cs(1,35): error CS1056: Unexpected character '\0' [C:\Users\Nhan\OneDrive - Rincovitch\00. Nhan\CSharp\RincoMTO\RincoMTO_fsauzi5n_wpftmp.csproj::TargetFramework=net48]
C:\Users\Nhan\OneDrive - Rincovitch\00. Nhan\CSharp\RincoMTO\BIMTOOL\obj\Release R26\Tools\MTO Smart Tag\UI\MtoSmartTagWindow.g.cs(1,36): error CS1056: Unexpected character '\0' [C:\Users\Nhan\OneDrive - Rincovitch\00. Nhan\CSharp\RincoMTO\RincoMTO_fsauzi5n_wpftmp.csproj::TargetFramework=net48]
C:\Users\Nhan\OneDrive - Rincovitch\00. Nhan\CSharp\RincoMTO\BIMTOOL\obj\Release R26\Tools\MTO Smart Tag\UI\MtoSmartTagWindow.g.cs(1,37): error CS1056: Unexpected character '\0' [C:\Users\Nhan\OneDrive - Rincovitch\00. Nhan\CSharp\RincoMTO\RincoMTO_fsauzi5n_wpftmp.csproj::TargetFramework=net48]
C:\Users\Nhan\OneDrive - Rincovitch\00. Nhan\CSharp\RincoMTO\BIMTOOL\obj\Release R26\Tools\MTO Smart Tag\UI\MtoSmartTagWindow.g.cs(1,38): error CS1056: Unexpected character '\0' [C:\Users\Nhan\OneDrive - Rincovitch\00. Nhan\CSharp\RincoMTO\RincoMTO_fsauzi5n_wpftmp.csproj::TargetFramework=net48]
C:\Users\Nhan\OneDrive - Rincovitch\00. Nhan\CSharp\RincoMTO\BIMTOOL\obj\Release R26\Tools\MTO Smart Tag\UI\MtoSmartTagWindow.g.cs(1,39): error CS1056: Unexpected character '\0' [C:\Users\Nhan\OneDrive - Rincovitch\00. Nhan\CSharp\RincoMTO\RincoMTO_fsauzi5n_wpftmp.csproj::TargetFramework=net48]
C:\Users\Nhan\OneDrive - Rincovitch\00. Nhan\CSharp\RincoMTO\BIMTOOL\obj\Release R26\Tools\MTO Smart Tag\UI\MtoSmartTagWindow.g.cs(1,40): error CS1056: Unexpected character '\0' [C:\Users\Nhan\OneDrive - Rincovitch\00. Nhan\CSharp\RincoMTO\RincoMTO_fsauzi5n_wpftmp.csproj::TargetFramework=net48]
C:\Users\Nhan\OneDrive - Rincovitch\00. Nhan\CSharp\RincoMTO\BIMTOOL\obj\Release R26\Tools\MTO Smart Tag\UI\MtoSmartTagWindow.g.cs(1,41): error CS1056: Unexpected character '\0' [C:\Users\Nhan\OneDrive - Rincovitch\00. Nhan\CSharp\RincoMTO\RincoMTO_fsauzi5n_wpftmp.csproj::TargetFramework=net48]
C:\Users\Nhan\OneDrive - Rincovitch\00. Nhan\CSharp\RincoMTO\BIMTOOL\obj\Release R26\Tools\MTO Smart Tag\UI\MtoSmartTagWindow.g.cs(1,42): error CS1056: Unexpected character '\0' [C:\Users\Nhan\OneDrive - Rincovitch\00. Nhan\CSharp\RincoMTO\RincoMTO_fsauzi5n_wpftmp.csproj::TargetFramework=net48]
C:\Users\Nhan\OneDrive - Rincovitch\00. Nhan\CSharp\RincoMTO\BIMTOOL\obj\Release R26\Tools\MTO Smart Tag\UI\MtoSmartTagWindow.g.cs(1,43): error CS1056: Unexpected character '\0' [C:\Users\Nhan\OneDrive - Rincovitch\00. Nhan\CSharp\RincoMTO\RincoMTO_fsauzi5n_wpftmp.csproj::TargetFramework=net48]
C:\Users\Nhan\OneDrive - Rincovitch\00. Nhan\CSharp\RincoMTO\BIMTOOL\obj\Release R26\Tools\MTO Smart Tag\UI\MtoSmartTagWindow.g.cs(1,44): error CS1056: Unexpected character '\0' [C:\Users\Nhan\OneDrive - Rincovitch\00. Nhan\CSharp\RincoMTO\RincoMTO_fsauzi5n_wpftmp.csproj::TargetFramework=net48]
C:\Users\Nhan\OneDrive - Rincovitch\00. Nhan\CSharp\RincoMTO\BIMTOOL\obj\Release R26\Tools\MTO Smart Tag\UI\MtoSmartTagWindow.g.cs(1,45): error CS1056: Unexpected character '\0' [C:\Users\Nhan\OneDrive - Rincovitch\00. Nhan\CSharp\RincoMTO\RincoMTO_fsauzi5n_wpftmp.csproj::TargetFramework=net48]
C:\Users\Nhan\OneDrive - Rincovitch\00. Nhan\CSharp\RincoMTO\BIMTOOL\obj\Release R26\Tools\MTO Smart Tag\UI\MtoSmartTagWindow.g.cs(1,46): error CS1056: Unexpected character '\0' [C:\Users\Nhan\OneDrive - Rincovitch\00. Nhan\CSharp\RincoMTO\RincoMTO_fsauzi5n_wpftmp.csproj::TargetFramework=net48]
C:\Users\Nhan\OneDrive - Rincovitch\00. Nhan\CSharp\RincoMTO\BIMTOOL\obj\Release R26\Tools\MTO Smart Tag\UI\MtoSmartTagWindow.g.cs(1,47): error CS1056: Unexpected character '\0' [C:\Users\Nhan\OneDrive - Rincovitch\00. Nhan\CSharp\RincoMTO\RincoMTO_fsauzi5n_wpftmp.csproj::TargetFramework=net48]
C:\Users\Nhan\OneDrive - Rincovitch\00. Nhan\CSharp\RincoMTO\BIMTOOL\obj\Release R26\Tools\MTO Smart Tag\UI\MtoSmartTagWindow.g.cs(1,48): error CS1056: Unexpected character '\0' [C:\Users\Nhan\OneDrive - Rincovitch\00. Nhan\CSharp\RincoMTO\RincoMTO_fsauzi5n_wpftmp.csproj::TargetFramework=net48]
C:\Users\Nhan\OneDrive - Rincovitch\00. Nhan\CSharp\RincoMTO\BIMTOOL\obj\Release R26\Tools\MTO Smart Tag\UI\MtoSmartTagWindow.g.cs(1,49): error CS1056: Unexpected character '\0' [C:\Users\Nhan\OneDrive - Rincovitch\00. Nhan\CSharp\RincoMTO\RincoMTO_fsauzi5n_wpftmp.csproj::TargetFramework=net48]
C:\Users\Nhan\OneDrive - Rincovitch\00. Nhan\CSharp\RincoMTO\BIMTOOL\obj\Release R26\Tools\MTO Smart Tag\UI\MtoSmartTagWindow.g.cs(1,50): error CS1056: Unexpected character '\0' [C:\Users\Nhan\OneDrive - Rincovitch\00. Nhan\CSharp\RincoMTO\RincoMTO_fsauzi5n_wpftmp.csproj::TargetFramework=net48]
C:\Users\Nhan\OneDrive - Rincovitch\00. Nhan\CSharp\RincoMTO\BIMTOOL\obj\Release R26\Tools\MTO Smart Tag\UI\MtoSmartTagWindow.g.cs(1,51): error CS1056: Unexpected character '\0' [C:\Users\Nhan\OneDrive - Rincovitch\00. Nhan\CSharp\RincoMTO\RincoMTO_fsauzi5n_wpftmp.csproj::TargetFramework=net48]
C:\Users\Nhan\OneDrive - Rincovitch\00. Nhan\CSharp\RincoMTO\BIMTOOL\obj\Release R26\Tools\MTO Smart Tag\UI\MtoSmartTagWindow.g.cs(1,52): error CS1056: Unexpected character '\0' [C:\Users\Nhan\OneDrive - Rincovitch\00. Nhan\CSharp\RincoMTO\RincoMTO_fsauzi5n_wpftmp.csproj::TargetFramework=net48]
C:\Users\Nhan\OneDrive - Rincovitch\00. Nhan\CSharp\RincoMTO\BIMTOOL\obj\Release R26\Tools\MTO Smart Tag\UI\MtoSmartTagWindow.g.cs(1,53): error CS1056: Unexpected character '\0' [C:\Users\Nhan\OneDrive - Rincovitch\00. Nhan\CSharp\RincoMTO\RincoMTO_fsauzi5n_wpftmp.csproj::TargetFramework=net48]
C:\Users\Nhan\OneDrive - Rincovitch\00. Nhan\CSharp\RincoMTO\BIMTOOL\obj\Release R26\Tools\MTO Smart Tag\UI\MtoSmartTagWindow.g.cs(1,54): error CS1056: Unexpected character '\0' [C:\Users\Nhan\OneDrive - Rincovitch\00. Nhan\CSharp\RincoMTO\RincoMTO_fsauzi5n_wpftmp.csproj::TargetFramework=net48]
C:\Users\Nhan\OneDrive - Rincovitch\00. Nhan\CSharp\RincoMTO\BIMTOOL\obj\Release R26\Tools\MTO Smart Tag\UI\MtoSmartTagWindow.g.cs(1,55): error CS1056: Unexpected character '\0' [C:\Users\Nhan\OneDrive - Rincovitch\00. Nhan\CSharp\RincoMTO\RincoMTO_fsauzi5n_wpftmp.csproj::TargetFramework=net48]
C:\Users\Nhan\OneDrive - Rincovitch\00. Nhan\CSharp\RincoMTO\BIMTOOL\obj\Release R26\Tools\MTO Smart Tag\UI\MtoSmartTagWindow.g.cs(1,56): error CS1056: Unexpected character '\0' [C:\Users\Nhan\OneDrive - Rincovitch\00. Nhan\CSharp\RincoMTO\RincoMTO_fsauzi5n_wpftmp.csproj::TargetFramework=net48]
C:\Users\Nhan\OneDrive - Rincovitch\00. Nhan\CSharp\RincoMTO\BIMTOOL\obj\Release R26\Tools\MTO Smart Tag\UI\MtoSmartTagWindow.g.cs(1,57): error CS1056: Unexpected character '\0' [C:\Users\Nhan\OneDrive - Rincovitch\00. Nhan\CSharp\RincoMTO\RincoMTO_fsauzi5n_wpftmp.csproj::TargetFramework=net48]
C:\Users\Nhan\OneDrive - Rincovitch\00. Nhan\CSharp\RincoMTO\BIMTOOL\obj\Release R26\Tools\MTO Smart Tag\UI\MtoSmartTagWindow.g.cs(1,58): error CS1056: Unexpected character '\0' [C:\Users\Nhan\OneDrive - Rincovitch\00. Nhan\CSharp\RincoMTO\RincoMTO_fsauzi5n_wpftmp.csproj::TargetFramework=net48]
C:\Users\Nhan\OneDrive - Rincovitch\00. Nhan\CSharp\RincoMTO\BIMTOOL\obj\Release R26\Tools\MTO Smart Tag\UI\MtoSmartTagWindow.g.cs(1,59): error CS1056: Unexpected character '\0' [C:\Users\Nhan\OneDrive - Rincovitch\00. Nhan\CSharp\RincoMTO\RincoMTO_fsauzi5n_wpftmp.csproj::TargetFramework=net48]
C:\Users\Nhan\OneDrive - Rincovitch\00. Nhan\CSharp\RincoMTO\BIMTOOL\obj\Release R26\Tools\MTO Smart Tag\UI\MtoSmartTagWindow.g.cs(1,60): error CS1056: Unexpected character '\0' [C:\Users\Nhan\OneDrive - Rincovitch\00. Nhan\CSharp\RincoMTO\RincoMTO_fsauzi5n_wpftmp.csproj::TargetFramework=net48]
C:\Users\Nhan\OneDrive - Rincovitch\00. Nhan\CSharp\RincoMTO\BIMTOOL\obj\Release R26\Tools\MTO Smart Tag\UI\MtoSmartTagWindow.g.cs(1,61): error CS1056: Unexpected character '\0' [C:\Users\Nhan\OneDrive - Rincovitch\00. Nhan\CSharp\RincoMTO\RincoMTO_fsauzi5n_wpftmp.csproj::TargetFramework=net48]
C:\Users\Nhan\OneDrive - Rincovitch\00. Nhan\CSharp\RincoMTO\BIMTOOL\obj\Release R26\Tools\MTO Smart Tag\UI\MtoSmartTagWindow.g.cs(1,62): error CS1056: Unexpected character '\0' [C:\Users\Nhan\OneDrive - Rincovitch\00. Nhan\CSharp\RincoMTO\RincoMTO_fsauzi5n_wpftmp.csproj::TargetFramework=net48]
C:\Users\Nhan\OneDrive - Rincovitch\00. Nhan\CSharp\RincoMTO\BIMTOOL\obj\Release R26\Tools\MTO Smart Tag\UI\MtoSmartTagWindow.g.cs(1,63): error CS1056: Unexpected character '\0' [C:\Users\Nhan\OneDrive - Rincovitch\00. Nhan\CSharp\RincoMTO\RincoMTO_fsauzi5n_wpftmp.csproj::TargetFramework=net48]
C:\Users\Nhan\OneDrive - Rincovitch\00. Nhan\CSharp\RincoMTO\BIMTOOL\obj\Release R26\Tools\MTO Smart Tag\UI\MtoSmartTagWindow.g.cs(1,64): error CS1056: Unexpected character '\0' [C:\Users\Nhan\OneDrive - Rincovitch\00. Nhan\CSharp\RincoMTO\RincoMTO_fsauzi5n_wpftmp.csproj::TargetFramework=net48]
C:\Users\Nhan\OneDrive - Rincovitch\00. Nhan\CSharp\RincoMTO\BIMTOOL\obj\Release R26\Tools\MTO Smart Tag\UI\MtoSmartTagWindow.g.cs(1,65): error CS1056: Unexpected character '\0' [C:\Users\Nhan\OneDrive - Rincovitch\00. Nhan\CSharp\RincoMTO\RincoMTO_fsauzi5n_wpftmp.csproj::TargetFramework=net48]
C:\Users\Nhan\OneDrive - Rincovitch\00. Nhan\CSharp\RincoMTO\BIMTOOL\obj\Release R26\Tools\MTO Smart Tag\UI\MtoSmartTagWindow.g.cs(1,66): error CS1056: Unexpected character '\0' [C:\Users\Nhan\OneDrive - Rincovitch\00. Nhan\CSharp\RincoMTO\RincoMTO_fsauzi5n_wpftmp.csproj::TargetFramework=net48]
C:\Users\Nhan\OneDrive - Rincovitch\00. Nhan\CSharp\RincoMTO\BIMTOOL\obj\Release R26\Tools\MTO Smart Tag\UI\MtoSmartTagWindow.g.cs(1,67): error CS1056: Unexpected character '\0' [C:\Users\Nhan\OneDrive - Rincovitch\00. Nhan\CSharp\RincoMTO\RincoMTO_fsauzi5n_wpftmp.csproj::TargetFramework=net48]
C:\Users\Nhan\OneDrive - Rincovitch\00. Nhan\CSharp\RincoMTO\BIMTOOL\obj\Release R26\Tools\MTO Smart Tag\UI\MtoSmartTagWindow.g.cs(1,68): error CS1056: Unexpected character '\0' [C:\Users\Nhan\OneDrive - Rincovitch\00. Nhan\CSharp\RincoMTO\RincoMTO_fsauzi5n_wpftmp.csproj::TargetFramework=net48]
C:\Users\Nhan\OneDrive - Rincovitch\00. Nhan\CSharp\RincoMTO\BIMTOOL\obj\Release R26\Tools\MTO Smart Tag\UI\MtoSmartTagWindow.g.cs(1,69): error CS1056: Unexpected character '\0' [C:\Users\Nhan\OneDrive - Rincovitch\00. Nhan\CSharp\RincoMTO\RincoMTO_fsauzi5n_wpftmp.csproj::TargetFramework=net48]
C:\Users\Nhan\OneDrive - Rincovitch\00. Nhan\CSharp\RincoMTO\BIMTOOL\obj\Release R26\Tools\MTO Smart Tag\UI\MtoSmartTagWindow.g.cs(1,70): error CS1056: Unexpected character '\0' [C:\Users\Nhan\OneDrive - Rincovitch\00. Nhan\CSharp\RincoMTO\RincoMTO_fsauzi5n_wpftmp.csproj::TargetFramework=net48]
C:\Users\Nhan\OneDrive - Rincovitch\00. Nhan\CSharp\RincoMTO\BIMTOOL\obj\Release R26\Tools\MTO Smart Tag\UI\MtoSmartTagWindow.g.cs(1,71): error CS1056: Unexpected character '\0' [C:\Users\Nhan\OneDrive - Rincovitch\00. Nhan\CSharp\RincoMTO\RincoMTO_fsauzi5n_wpftmp.csproj::TargetFramework=net48]
C:\Users\Nhan\OneDrive - Rincovitch\00. Nhan\CSharp\RincoMTO\BIMTOOL\obj\Release R26\Tools\MTO Smart Tag\UI\MtoSmartTagWindow.g.cs(1,72): error CS1056: Unexpected character '\0' [C:\Users\Nhan\OneDrive - Rincovitch\00. Nhan\CSharp\RincoMTO\RincoMTO_fsauzi5n_wpftmp.csproj::TargetFramework=net48]
C:\Users\Nhan\OneDrive - Rincovitch\00. Nhan\CSharp\RincoMTO\BIMTOOL\obj\Release R26\Tools\MTO Smart Tag\UI\MtoSmartTagWindow.g.cs(1,73): error CS1056: Unexpected character '\0' [C:\Users\Nhan\OneDrive - Rincovitch\00. Nhan\CSharp\RincoMTO\RincoMTO_fsauzi5n_wpftmp.csproj::TargetFramework=net48]
C:\Users\Nhan\OneDrive - Rincovitch\00. Nhan\CSharp\RincoMTO\BIMTOOL\obj\Release R26\Tools\MTO Smart Tag\UI\MtoSmartTagWindow.g.cs(1,74): error CS1056: Unexpected character '\0' [C:\Users\Nhan\OneDrive - Rincovitch\00. Nhan\CSharp\RincoMTO\RincoMTO_fsauzi5n_wpftmp.csproj::TargetFramework=net48]
C:\Users\Nhan\OneDrive - Rincovitch\00. Nhan\CSharp\RincoMTO\BIMTOOL\obj\Release R26\Tools\MTO Smart Tag\UI\MtoSmartTagWindow.g.cs(1,75): error CS1056: Unexpected character '\0' [C:\Users\Nhan\OneDrive - Rincovitch\00. Nhan\CSharp\RincoMTO\RincoMTO_fsauzi5n_wpftmp.csproj::TargetFramework=net48]
C:\Users\Nhan\OneDrive - Rincovitch\00. Nhan\CSharp\RincoMTO\BIMTOOL\obj\Release R26\Tools\MTO Smart Tag\UI\MtoSmartTagWindow.g.cs(1,76): error CS1056: Unexpected character '\0' [C:\Users\Nhan\OneDrive - Rincovitch\00. Nhan\CSharp\RincoMTO\RincoMTO_fsauzi5n_wpftmp.csproj::TargetFramework=net48]
C:\Users\Nhan\OneDrive - Rincovitch\00. Nhan\CSharp\RincoMTO\BIMTOOL\obj\Release R26\Tools\MTO Smart Tag\UI\MtoSmartTagWindow.g.cs(1,77): error CS1056: Unexpected character '\0' [C:\Users\Nhan\OneDrive - Rincovitch\00. Nhan\CSharp\RincoMTO\RincoMTO_fsauzi5n_wpftmp.csproj::TargetFramework=net48]
C:\Users\Nhan\OneDrive - Rincovitch\00. Nhan\CSharp\RincoMTO\BIMTOOL\obj\Release R26\Tools\MTO Smart Tag\UI\MtoSmartTagWindow.g.cs(1,78): error CS1056: Unexpected character '\0' [C:\Users\Nhan\OneDrive - Rincovitch\00. Nhan\CSharp\RincoMTO\RincoMTO_fsauzi5n_wpftmp.csproj::TargetFramework=net48]
C:\Users\Nhan\OneDrive - Rincovitch\00. Nhan\CSharp\RincoMTO\BIMTOOL\obj\Release R26\Tools\MTO Smart Tag\UI\MtoSmartTagWindow.g.cs(1,79): error CS1056: Unexpected character '\0' [C:\Users\Nhan\OneDrive - Rincovitch\00. Nhan\CSharp\RincoMTO\RincoMTO_fsauzi5n_wpftmp.csproj::TargetFramework=net48]
C:\Users\Nhan\OneDrive - Rincovitch\00. Nhan\CSharp\RincoMTO\BIMTOOL\obj\Release R26\Tools\MTO Smart Tag\UI\MtoSmartTagWindow.g.cs(1,80): error CS1056: Unexpected character '\0' [C:\Users\Nhan\OneDrive - Rincovitch\00. Nhan\CSharp\RincoMTO\RincoMTO_fsauzi5n_wpftmp.csproj::TargetFramework=net48]
C:\Users\Nhan\OneDrive - Rincovitch\00. Nhan\CSharp\RincoMTO\BIMTOOL\obj\Release R26\Tools\MTO Smart Tag\UI\MtoSmartTagWindow.g.cs(1,81): error CS1056: Unexpected character '\0' [C:\Users\Nhan\OneDrive - Rincovitch\00. Nhan\CSharp\RincoMTO\RincoMTO_fsauzi5n_wpftmp.csproj::TargetFramework=net48]
C:\Users\Nhan\OneDrive - Rincovitch\00. Nhan\CSharp\RincoMTO\BIMTOOL\obj\Release R26\Tools\MTO Smart Tag\UI\MtoSmartTagWindow.g.cs(1,82): error CS1056: Unexpected character '\0' [C:\Users\Nhan\OneDrive - Rincovitch\00. Nhan\CSharp\RincoMTO\RincoMTO_fsauzi5n_wpftmp.csproj::TargetFramework=net48]
C:\Users\Nhan\OneDrive - Rincovitch\00. Nhan\CSharp\RincoMTO\BIMTOOL\obj\Release R26\Tools\MTO Smart Tag\UI\MtoSmartTagWindow.g.cs(1,83): error CS1056: Unexpected character '\0' [C:\Users\Nhan\OneDrive - Rincovitch\00. Nhan\CSharp\RincoMTO\RincoMTO_fsauzi5n_wpftmp.csproj::TargetFramework=net48]
C:\Users\Nhan\OneDrive - Rincovitch\00. Nhan\CSharp\RincoMTO\BIMTOOL\obj\Release R26\Tools\MTO Smart Tag\UI\MtoSmartTagWindow.g.cs(1,84): error CS1056: Unexpected character '\0' [C:\Users\Nhan\OneDrive - Rincovitch\00. Nhan\CSharp\RincoMTO\RincoMTO_fsauzi5n_wpftmp.csproj::TargetFramework=net48]
C:\Users\Nhan\OneDrive - Rincovitch\00. Nhan\CSharp\RincoMTO\BIMTOOL\obj\Release R26\Tools\MTO Smart Tag\UI\MtoSmartTagWindow.g.cs(1,85): error CS1056: Unexpected character '\0' [C:\Users\Nhan\OneDrive - Rincovitch\00. Nhan\CSharp\RincoMTO\RincoMTO_fsauzi5n_wpftmp.csproj::TargetFramework=net48]
C:\Users\Nhan\OneDrive - Rincovitch\00. Nhan\CSharp\RincoMTO\BIMTOOL\obj\Release R26\Tools\MTO Smart Tag\UI\MtoSmartTagWindow.g.cs(1,86): error CS1056: Unexpected character '\0' [C:\Users\Nhan\OneDrive - Rincovitch\00. Nhan\CSharp\RincoMTO\RincoMTO_fsauzi5n_wpftmp.csproj::TargetFramework=net48]
C:\Users\Nhan\OneDrive - Rincovitch\00. Nhan\CSharp\RincoMTO\BIMTOOL\obj\Release R26\Tools\MTO Smart Tag\UI\MtoSmartTagWindow.g.cs(1,87): error CS1056: Unexpected character '\0' [C:\Users\Nhan\OneDrive - Rincovitch\00. Nhan\CSharp\RincoMTO\RincoMTO_fsauzi5n_wpftmp.csproj::TargetFramework=net48]
C:\Users\Nhan\OneDrive - Rincovitch\00. Nhan\CSharp\RincoMTO\BIMTOOL\obj\Release R26\Tools\MTO Smart Tag\UI\MtoSmartTagWindow.g.cs(1,88): error CS1056: Unexpected character '\0' [C:\Users\Nhan\OneDrive - Rincovitch\00. Nhan\CSharp\RincoMTO\RincoMTO_fsauzi5n_wpftmp.csproj::TargetFramework=net48]
C:\Users\Nhan\OneDrive - Rincovitch\00. Nhan\CSharp\RincoMTO\BIMTOOL\obj\Release R26\Tools\MTO Smart Tag\UI\MtoSmartTagWindow.g.cs(1,89): error CS1056: Unexpected character '\0' [C:\Users\Nhan\OneDrive - Rincovitch\00. Nhan\CSharp\RincoMTO\RincoMTO_fsauzi5n_wpftmp.csproj::TargetFramework=net48]
C:\Users\Nhan\OneDrive - Rincovitch\00. Nhan\CSharp\RincoMTO\BIMTOOL\obj\Release R26\Tools\MTO Smart Tag\UI\MtoSmartTagWindow.g.cs(1,90): error CS1056: Unexpected character '\0' [C:\Users\Nhan\OneDrive - Rincovitch\00. Nhan\CSharp\RincoMTO\RincoMTO_fsauzi5n_wpftmp.csproj::TargetFramework=net48]
C:\Users\Nhan\OneDrive - Rincovitch\00. Nhan\CSharp\RincoMTO\BIMTOOL\obj\Release R26\Tools\MTO Smart Tag\UI\MtoSmartTagWindow.g.cs(1,91): error CS1056: Unexpected character '\0' [C:\Users\Nhan\OneDrive - Rincovitch\00. Nhan\CSharp\RincoMTO\RincoMTO_fsauzi5n_wpftmp.csproj::TargetFramework=net48]
C:\Users\Nhan\OneDrive - Rincovitch\00. Nhan\CSharp\RincoMTO\BIMTOOL\obj\Release R26\Tools\MTO Smart Tag\UI\MtoSmartTagWindow.g.cs(1,92): error CS1056: Unexpected character '\0' [C:\Users\Nhan\OneDrive - Rincovitch\00. Nhan\CSharp\RincoMTO\RincoMTO_fsauzi5n_wpftmp.csproj::TargetFramework=net48]
C:\Users\Nhan\OneDrive - Rincovitch\00. Nhan\CSharp\RincoMTO\BIMTOOL\obj\Release R26\Tools\MTO Smart Tag\UI\MtoSmartTagWindow.g.cs(1,93): error CS1056: Unexpected character '\0' [C:\Users\Nhan\OneDrive - Rincovitch\00. Nhan\CSharp\RincoMTO\RincoMTO_fsauzi5n_wpftmp.csproj::TargetFramework=net48]
C:\Users\Nhan\OneDrive - Rincovitch\00. Nhan\CSharp\RincoMTO\BIMTOOL\obj\Release R26\Tools\MTO Smart Tag\UI\MtoSmartTagWindow.g.cs(1,94): error CS1056: Unexpected character '\0' [C:\Users\Nhan\OneDrive - Rincovitch\00. Nhan\CSharp\RincoMTO\RincoMTO_fsauzi5n_wpftmp.csproj::TargetFramework=net48]
C:\Users\Nhan\OneDrive - Rincovitch\00. Nhan\CSharp\RincoMTO\BIMTOOL\obj\Release R26\Tools\MTO Smart Tag\UI\MtoSmartTagWindow.g.cs(1,95): error CS1056: Unexpected character '\0' [C:\Users\Nhan\OneDrive - Rincovitch\00. Nhan\CSharp\RincoMTO\RincoMTO_fsauzi5n_wpftmp.csproj::TargetFramework=net48]
C:\Users\Nhan\OneDrive - Rincovitch\00. Nhan\CSharp\RincoMTO\BIMTOOL\obj\Release R26\Tools\MTO Smart Tag\UI\MtoSmartTagWindow.g.cs(1,96): error CS1056: Unexpected character '\0' [C:\Users\Nhan\OneDrive - Rincovitch\00. Nhan\CSharp\RincoMTO\RincoMTO_fsauzi5n_wpftmp.csproj::TargetFramework=net48]
C:\Users\Nhan\OneDrive - Rincovitch\00. Nhan\CSharp\RincoMTO\BIMTOOL\obj\Release R26\Tools\MTO Smart Tag\UI\MtoSmartTagWindow.g.cs(1,97): error CS1056: Unexpected character '\0' [C:\Users\Nhan\OneDrive - Rincovitch\00. Nhan\CSharp\RincoMTO\RincoMTO_fsauzi5n_wpftmp.csproj::TargetFramework=net48]
C:\Users\Nhan\OneDrive - Rincovitch\00. Nhan\CSharp\RincoMTO\BIMTOOL\obj\Release R26\Tools\MTO Smart Tag\UI\MtoSmartTagWindow.g.cs(1,98): error CS1056: Unexpected character '\0' [C:\Users\Nhan\OneDrive - Rincovitch\00. Nhan\CSharp\RincoMTO\RincoMTO_fsauzi5n_wpftmp.csproj::TargetFramework=net48]
C:\Users\Nhan\OneDrive - Rincovitch\00. Nhan\CSharp\RincoMTO\BIMTOOL\obj\Release R26\Tools\MTO Smart Tag\UI\MtoSmartTagWindow.g.cs(1,99): error CS1056: Unexpected character '\0' [C:\Users\Nhan\OneDrive - Rincovitch\00. Nhan\CSharp\RincoMTO\RincoMTO_fsauzi5n_wpftmp.csproj::TargetFramework=net48]
C:\Users\Nhan\OneDrive - Rincovitch\00. Nhan\CSharp\RincoMTO\BIMTOOL\obj\Release R26\Tools\MTO Smart Tag\UI\MtoSmartTagWindow.g.cs(1,100): error CS1056: Unexpected character '\0' [C:\Users\Nhan\OneDrive - Rincovitch\00. Nhan\CSharp\RincoMTO\RincoMTO_fsauzi5n_wpftmp.csproj::TargetFramework=net48]
C:\Users\Nhan\OneDrive - Rincovitch\00. Nhan\CSharp\RincoMTO\BIMTOOL\obj\Release R26\Tools\MTO Smart Tag\UI\MtoSmartTagWindow.g.cs(1,101): error CS1056: Unexpected character '\0' [C:\Users\Nhan\OneDrive - Rincovitch\00. Nhan\CSharp\RincoMTO\RincoMTO_fsauzi5n_wpftmp.csproj::TargetFramework=net48]
C:\Users\Nhan\OneDrive - Rincovitch\00. Nhan\CSharp\RincoMTO\BIMTOOL\obj\Release R26\Tools\MTO Smart Tag\UI\MtoSmartTagWindow.g.cs(1,102): error CS1056: Unexpected character '\0' [C:\Users\Nhan\OneDrive - Rincovitch\00. Nhan\CSharp\RincoMTO\RincoMTO_fsauzi5n_wpftmp.csproj::TargetFramework=net48]
C:\Users\Nhan\OneDrive - Rincovitch\00. Nhan\CSharp\RincoMTO\BIMTOOL\obj\Release R26\Tools\MTO Smart Tag\UI\MtoSmartTagWindow.g.cs(1,103): error CS1056: Unexpected character '\0' [C:\Users\Nhan\OneDrive - Rincovitch\00. Nhan\CSharp\RincoMTO\RincoMTO_fsauzi5n_wpftmp.csproj::TargetFramework=net48]
C:\Users\Nhan\OneDrive - Rincovitch\00. Nhan\CSharp\RincoMTO\BIMTOOL\obj\Release R26\Tools\MTO Smart Tag\UI\MtoSmartTagWindow.g.cs(1,104): error CS1056: Unexpected character '\0' [C:\Users\Nhan\OneDrive - Rincovitch\00. Nhan\CSharp\RincoMTO\RincoMTO_fsauzi5n_wpftmp.csproj::TargetFramework=net48]
C:\Users\Nhan\OneDrive - Rincovitch\00. Nhan\CSharp\RincoMTO\BIMTOOL\obj\Release R26\Tools\MTO Smart Tag\UI\MtoSmartTagWindow.g.cs(1,105): error CS1056: Unexpected character '\0' [C:\Users\Nhan\OneDrive - Rincovitch\00. Nhan\CSharp\RincoMTO\RincoMTO_fsauzi5n_wpftmp.csproj::TargetFramework=net48]
C:\Users\Nhan\OneDrive - Rincovitch\00. Nhan\CSharp\RincoMTO\BIMTOOL\obj\Release R26\Tools\MTO Smart Tag\UI\MtoSmartTagWindow.g.cs(1,106): error CS1056: Unexpected character '\0' [C:\Users\Nhan\OneDrive - Rincovitch\00. Nhan\CSharp\RincoMTO\RincoMTO_fsauzi5n_wpftmp.csproj::TargetFramework=net48]
C:\Users\Nhan\OneDrive - Rincovitch\00. Nhan\CSharp\RincoMTO\BIMTOOL\obj\Release R26\Tools\MTO Smart Tag\UI\MtoSmartTagWindow.g.cs(1,107): error CS1056: Unexpected character '\0' [C:\Users\Nhan\OneDrive - Rincovitch\00. Nhan\CSharp\RincoMTO\RincoMTO_fsauzi5n_wpftmp.csproj::TargetFramework=net48]
C:\Users\Nhan\OneDrive - Rincovitch\00. Nhan\CSharp\RincoMTO\BIMTOOL\obj\Release R26\Tools\MTO Smart Tag\UI\MtoSmartTagWindow.g.cs(1,108): error CS1056: Unexpected character '\0' [C:\Users\Nhan\OneDrive - Rincovitch\00. Nhan\CSharp\RincoMTO\RincoMTO_fsauzi5n_wpftmp.csproj::TargetFramework=net48]
C:\Users\Nhan\OneDrive - Rincovitch\00. Nhan\CSharp\RincoMTO\BIMTOOL\obj\Release R26\Tools\MTO Smart Tag\UI\MtoSmartTagWindow.g.cs(1,109): error CS1056: Unexpected character '\0' [C:\Users\Nhan\OneDrive - Rincovitch\00. Nhan\CSharp\RincoMTO\RincoMTO_fsauzi5n_wpftmp.csproj::TargetFramework=net48]
C:\Users\Nhan\OneDrive - Rincovitch\00. Nhan\CSharp\RincoMTO\BIMTOOL\obj\Release R26\Tools\MTO Smart Tag\UI\MtoSmartTagWindow.g.cs(1,110): error CS1056: Unexpected character '\0' [C:\Users\Nhan\OneDrive - Rincovitch\00. Nhan\CSharp\RincoMTO\RincoMTO_fsauzi5n_wpftmp.csproj::TargetFramework=net48]
C:\Users\Nhan\OneDrive - Rincovitch\00. Nhan\CSharp\RincoMTO\BIMTOOL\obj\Release R26\Tools\MTO Smart Tag\UI\MtoSmartTagWindow.g.cs(1,111): error CS1056: Unexpected character '\0' [C:\Users\Nhan\OneDrive - Rincovitch\00. Nhan\CSharp\RincoMTO\RincoMTO_fsauzi5n_wpftmp.csproj::TargetFramework=net48]
C:\Users\Nhan\OneDrive - Rincovitch\00. Nhan\CSharp\RincoMTO\BIMTOOL\obj\Release R26\Tools\MTO Smart Tag\UI\MtoSmartTagWindow.g.cs(1,112): error CS1056: Unexpected character '\0' [C:\Users\Nhan\OneDrive - Rincovitch\00. Nhan\CSharp\RincoMTO\RincoMTO_fsauzi5n_wpftmp.csproj::TargetFramework=net48]
C:\Users\Nhan\OneDrive - Rincovitch\00. Nhan\CSharp\RincoMTO\BIMTOOL\obj\Release R26\Tools\MTO Smart Tag\UI\MtoSmartTagWindow.g.cs(1,113): error CS1056: Unexpected character '\0' [C:\Users\Nhan\OneDrive - Rincovitch\00. Nhan\CSharp\RincoMTO\RincoMTO_fsauzi5n_wpftmp.csproj::TargetFramework=net48]
C:\Users\Nhan\OneDrive - Rincovitch\00. Nhan\CSharp\RincoMTO\BIMTOOL\obj\Release R26\Tools\MTO Smart Tag\UI\MtoSmartTagWindow.g.cs(1,114): error CS1056: Unexpected character '\0' [C:\Users\Nhan\OneDrive - Rincovitch\00. Nhan\CSharp\RincoMTO\RincoMTO_fsauzi5n_wpftmp.csproj::TargetFramework=net48]
C:\Users\Nhan\OneDrive - Rincovitch\00. Nhan\CSharp\RincoMTO\BIMTOOL\obj\Release R26\Tools\MTO Smart Tag\UI\MtoSmartTagWindow.g.cs(1,115): error CS1056: Unexpected character '\0' [C:\Users\Nhan\OneDrive - Rincovitch\00. Nhan\CSharp\RincoMTO\RincoMTO_fsauzi5n_wpftmp.csproj::TargetFramework=net48]
C:\Users\Nhan\OneDrive - Rincovitch\00. Nhan\CSharp\RincoMTO\BIMTOOL\obj\Release R26\Tools\MTO Smart Tag\UI\MtoSmartTagWindow.g.cs(1,116): error CS1056: Unexpected character '\0' [C:\Users\Nhan\OneDrive - Rincovitch\00. Nhan\CSharp\RincoMTO\RincoMTO_fsauzi5n_wpftmp.csproj::TargetFramework=net48]
C:\Users\Nhan\OneDrive - Rincovitch\00. Nhan\CSharp\RincoMTO\BIMTOOL\obj\Release R26\Tools\MTO Smart Tag\UI\MtoSmartTagWindow.g.cs(1,117): error CS1056: Unexpected character '\0' [C:\Users\Nhan\OneDrive - Rincovitch\00. Nhan\CSharp\RincoMTO\RincoMTO_fsauzi5n_wpftmp.csproj::TargetFramework=net48]
C:\Users\Nhan\OneDrive - Rincovitch\00. Nhan\CSharp\RincoMTO\BIMTOOL\obj\Release R26\Tools\MTO Smart Tag\UI\MtoSmartTagWindow.g.cs(1,118): error CS1056: Unexpected character '\0' [C:\Users\Nhan\OneDrive - Rincovitch\00. Nhan\CSharp\RincoMTO\RincoMTO_fsauzi5n_wpftmp.csproj::TargetFramework=net48]
C:\Users\Nhan\OneDrive - Rincovitch\00. Nhan\CSharp\RincoMTO\BIMTOOL\obj\Release R26\Tools\MTO Smart Tag\UI\MtoSmartTagWindow.g.cs(1,119): error CS1056: Unexpected character '\0' [C:\Users\Nhan\OneDrive - Rincovitch\00. Nhan\CSharp\RincoMTO\RincoMTO_fsauzi5n_wpftmp.csproj::TargetFramework=net48]
C:\Users\Nhan\OneDrive - Rincovitch\00. Nhan\CSharp\RincoMTO\BIMTOOL\obj\Release R26\Tools\MTO Smart Tag\UI\MtoSmartTagWindow.g.cs(1,120): error CS1056: Unexpected character '\0' [C:\Users\Nhan\OneDrive - Rincovitch\00. Nhan\CSharp\RincoMTO\RincoMTO_fsauzi5n_wpftmp.csproj::TargetFramework=net48]
C:\Users\Nhan\OneDrive - Rincovitch\00. Nhan\CSharp\RincoMTO\BIMTOOL\obj\Release R26\Tools\MTO Smart Tag\UI\MtoSmartTagWindow.g.cs(1,121): error CS1056: Unexpected character '\0' [C:\Users\Nhan\OneDrive - Rincovitch\00. Nhan\CSharp\RincoMTO\RincoMTO_fsauzi5n_wpftmp.csproj::TargetFramework=net48]
C:\Users\Nhan\OneDrive - Rincovitch\00. Nhan\CSharp\RincoMTO\BIMTOOL\obj\Release R26\Tools\MTO Smart Tag\UI\MtoSmartTagWindow.g.cs(1,122): error CS1056: Unexpected character '\0' [C:\Users\Nhan\OneDrive - Rincovitch\00. Nhan\CSharp\RincoMTO\RincoMTO_fsauzi5n_wpftmp.csproj::TargetFramework=net48]
C:\Users\Nhan\OneDrive - Rincovitch\00. Nhan\CSharp\RincoMTO\BIMTOOL\obj\Release R26\Tools\MTO Smart Tag\UI\MtoSmartTagWindow.g.cs(1,123): error CS1056: Unexpected character '\0' [C:\Users\Nhan\OneDrive - Rincovitch\00. Nhan\CSharp\RincoMTO\RincoMTO_fsauzi5n_wpftmp.csproj::TargetFramework=net48]
C:\Users\Nhan\OneDrive - Rincovitch\00. Nhan\CSharp\RincoMTO\BIMTOOL\obj\Release R26\Tools\MTO Smart Tag\UI\MtoSmartTagWindow.g.cs(1,124): error CS1056: Unexpected character '\0' [C:\Users\Nhan\OneDrive - Rincovitch\00. Nhan\CSharp\RincoMTO\RincoMTO_fsauzi5n_wpftmp.csproj::TargetFramework=net48]
C:\Users\Nhan\OneDrive - Rincovitch\00. Nhan\CSharp\RincoMTO\BIMTOOL\obj\Release R26\Tools\MTO Smart Tag\UI\MtoSmartTagWindow.g.cs(1,125): error CS1056: Unexpected character '\0' [C:\Users\Nhan\OneDrive - Rincovitch\00. Nhan\CSharp\RincoMTO\RincoMTO_fsauzi5n_wpftmp.csproj::TargetFramework=net48]
C:\Users\Nhan\OneDrive - Rincovitch\00. Nhan\CSharp\RincoMTO\BIMTOOL\obj\Release R26\Tools\MTO Smart Tag\UI\MtoSmartTagWindow.g.cs(1,126): error CS1056: Unexpected character '\0' [C:\Users\Nhan\OneDrive - Rincovitch\00. Nhan\CSharp\RincoMTO\RincoMTO_fsauzi5n_wpftmp.csproj::TargetFramework=net48]
C:\Users\Nhan\OneDrive - Rincovitch\00. Nhan\CSharp\RincoMTO\BIMTOOL\obj\Release R26\Tools\MTO Smart Tag\UI\MtoSmartTagWindow.g.cs(1,127): error CS1056: Unexpected character '\0' [C:\Users\Nhan\OneDrive - Rincovitch\00. Nhan\CSharp\RincoMTO\RincoMTO_fsauzi5n_wpftmp.csproj::TargetFramework=net48]
C:\Users\Nhan\OneDrive - Rincovitch\00. Nhan\CSharp\RincoMTO\BIMTOOL\obj\Release R26\Tools\MTO Smart Tag\UI\MtoSmartTagWindow.g.cs(1,128): error CS1056: Unexpected character '\0' [C:\Users\Nhan\OneDrive - Rincovitch\00. Nhan\CSharp\RincoMTO\RincoMTO_fsauzi5n_wpftmp.csproj::TargetFramework=net48]
C:\Users\Nhan\OneDrive - Rincovitch\00. Nhan\CSharp\RincoMTO\BIMTOOL\obj\Release R26\Tools\MTO Smart Tag\UI\MtoSmartTagWindow.g.cs(1,129): error CS1056: Unexpected character '\0' [C:\Users\Nhan\OneDrive - Rincovitch\00. Nhan\CSharp\RincoMTO\RincoMTO_fsauzi5n_wpftmp.csproj::TargetFramework=net48]
C:\Users\Nhan\OneDrive - Rincovitch\00. Nhan\CSharp\RincoMTO\BIMTOOL\obj\Release R26\Tools\MTO Smart Tag\UI\MtoSmartTagWindow.g.cs(1,130): error CS1056: Unexpected character '\0' [C:\Users\Nhan\OneDrive - Rincovitch\00. Nhan\CSharp\RincoMTO\RincoMTO_fsauzi5n_wpftmp.csproj::TargetFramework=net48]
C:\Users\Nhan\OneDrive - Rincovitch\00. Nhan\CSharp\RincoMTO\BIMTOOL\obj\Release R26\Tools\MTO Smart Tag\UI\MtoSmartTagWindow.g.cs(1,131): error CS1056: Unexpected character '\0' [C:\Users\Nhan\OneDrive - Rincovitch\00. Nhan\CSharp\RincoMTO\RincoMTO_fsauzi5n_wpftmp.csproj::TargetFramework=net48]
C:\Users\Nhan\OneDrive - Rincovitch\00. Nhan\CSharp\RincoMTO\BIMTOOL\obj\Release R26\Tools\MTO Smart Tag\UI\MtoSmartTagWindow.g.cs(1,132): error CS1056: Unexpected character '\0' [C:\Users\Nhan\OneDrive - Rincovitch\00. Nhan\CSharp\RincoMTO\RincoMTO_fsauzi5n_wpftmp.csproj::TargetFramework=net48]
C:\Users\Nhan\OneDrive - Rincovitch\00. Nhan\CSharp\RincoMTO\BIMTOOL\obj\Release R26\Tools\MTO Smart Tag\UI\MtoSmartTagWindow.g.cs(1,133): error CS1056: Unexpected character '\0' [C:\Users\Nhan\OneDrive - Rincovitch\00. Nhan\CSharp\RincoMTO\RincoMTO_fsauzi5n_wpftmp.csproj::TargetFramework=net48]
C:\Users\Nhan\OneDrive - Rincovitch\00. Nhan\CSharp\RincoMTO\BIMTOOL\obj\Release R26\Tools\MTO Smart Tag\UI\MtoSmartTagWindow.g.cs(1,134): error CS1056: Unexpected character '\0' [C:\Users\Nhan\OneDrive - Rincovitch\00. Nhan\CSharp\RincoMTO\RincoMTO_fsauzi5n_wpftmp.csproj::TargetFramework=net48]
C:\Users\Nhan\OneDrive - Rincovitch\00. Nhan\CSharp\RincoMTO\BIMTOOL\obj\Release R26\Tools\MTO Smart Tag\UI\MtoSmartTagWindow.g.cs(1,135): error CS1056: Unexpected character '\0' [C:\Users\Nhan\OneDrive - Rincovitch\00. Nhan\CSharp\RincoMTO\RincoMTO_fsauzi5n_wpftmp.csproj::TargetFramework=net48]
C:\Users\Nhan\OneDrive - Rincovitch\00. Nhan\CSharp\RincoMTO\BIMTOOL\obj\Release R26\Tools\MTO Smart Tag\UI\MtoSmartTagWindow.g.cs(1,136): error CS1056: Unexpected character '\0' [C:\Users\Nhan\OneDrive - Rincovitch\00. Nhan\CSharp\RincoMTO\RincoMTO_fsauzi5n_wpftmp.csproj::TargetFramework=net48]
C:\Users\Nhan\OneDrive - Rincovitch\00. Nhan\CSharp\RincoMTO\BIMTOOL\obj\Release R26\Tools\MTO Smart Tag\UI\MtoSmartTagWindow.g.cs(1,137): error CS1056: Unexpected character '\0' [C:\Users\Nhan\OneDrive - Rincovitch\00. Nhan\CSharp\RincoMTO\RincoMTO_fsauzi5n_wpftmp.csproj::TargetFramework=net48]
C:\Users\Nhan\OneDrive - Rincovitch\00. Nhan\CSharp\RincoMTO\BIMTOOL\obj\Release R26\Tools\MTO Smart Tag\UI\MtoSmartTagWindow.g.cs(1,138): error CS1056: Unexpected character '\0' [C:\Users\Nhan\OneDrive - Rincovitch\00. Nhan\CSharp\RincoMTO\RincoMTO_fsauzi5n_wpftmp.csproj::TargetFramework=net48]
C:\Users\Nhan\OneDrive - Rincovitch\00. Nhan\CSharp\RincoMTO\BIMTOOL\obj\Release R26\Tools\MTO Smart Tag\UI\MtoSmartTagWindow.g.cs(1,139): error CS1056: Unexpected character '\0' [C:\Users\Nhan\OneDrive - Rincovitch\00. Nhan\CSharp\RincoMTO\RincoMTO_fsauzi5n_wpftmp.csproj::TargetFramework=net48]
C:\Users\Nhan\OneDrive - Rincovitch\00. Nhan\CSharp\RincoMTO\BIMTOOL\obj\Release R26\Tools\MTO Smart Tag\UI\MtoSmartTagWindow.g.cs(1,140): error CS1056: Unexpected character '\0' [C:\Users\Nhan\OneDrive - Rincovitch\00. Nhan\CSharp\RincoMTO\RincoMTO_fsauzi5n_wpftmp.csproj::TargetFramework=net48]
C:\Users\Nhan\OneDrive - Rincovitch\00. Nhan\CSharp\RincoMTO\BIMTOOL\obj\Release R26\Tools\MTO Smart Tag\UI\MtoSmartTagWindow.g.cs(1,141): error CS1056: Unexpected character '\0' [C:\Users\Nhan\OneDrive - Rincovitch\00. Nhan\CSharp\RincoMTO\RincoMTO_fsauzi5n_wpftmp.csproj::TargetFramework=net48]
C:\Users\Nhan\OneDrive - Rincovitch\00. Nhan\CSharp\RincoMTO\BIMTOOL\obj\Release R26\Tools\MTO Smart Tag\UI\MtoSmartTagWindow.g.cs(1,142): error CS1056: Unexpected character '\0' [C:\Users\Nhan\OneDrive - Rincovitch\00. Nhan\CSharp\RincoMTO\RincoMTO_fsauzi5n_wpftmp.csproj::TargetFramework=net48]
C:\Users\Nhan\OneDrive - Rincovitch\00. Nhan\CSharp\RincoMTO\BIMTOOL\obj\Release R26\Tools\MTO Smart Tag\UI\MtoSmartTagWindow.g.cs(1,143): error CS1056: Unexpected character '\0' [C:\Users\Nhan\OneDrive - Rincovitch\00. Nhan\CSharp\RincoMTO\RincoMTO_fsauzi5n_wpftmp.csproj::TargetFramework=net48]
C:\Users\Nhan\OneDrive - Rincovitch\00. Nhan\CSharp\RincoMTO\BIMTOOL\obj\Release R26\Tools\MTO Smart Tag\UI\MtoSmartTagWindow.g.cs(1,144): error CS1056: Unexpected character '\0' [C:\Users\Nhan\OneDrive - Rincovitch\00. Nhan\CSharp\RincoMTO\RincoMTO_fsauzi5n_wpftmp.csproj::TargetFramework=net48]
C:\Users\Nhan\OneDrive - Rincovitch\00. Nhan\CSharp\RincoMTO\BIMTOOL\obj\Release R26\Tools\MTO Smart Tag\UI\MtoSmartTagWindow.g.cs(1,145): error CS1056: Unexpected character '\0' [C:\Users\Nhan\OneDrive - Rincovitch\00. Nhan\CSharp\RincoMTO\RincoMTO_fsauzi5n_wpftmp.csproj::TargetFramework=net48]
C:\Users\Nhan\OneDrive - Rincovitch\00. Nhan\CSharp\RincoMTO\BIMTOOL\obj\Release R26\Tools\MTO Smart Tag\UI\MtoSmartTagWindow.g.cs(1,146): error CS1056: Unexpected character '\0' [C:\Users\Nhan\OneDrive - Rincovitch\00. Nhan\CSharp\RincoMTO\RincoMTO_fsauzi5n_wpftmp.csproj::TargetFramework=net48]
C:\Users\Nhan\OneDrive - Rincovitch\00. Nhan\CSharp\RincoMTO\BIMTOOL\obj\Release R26\Tools\MTO Smart Tag\UI\MtoSmartTagWindow.g.cs(1,147): error CS1056: Unexpected character '\0' [C:\Users\Nhan\OneDrive - Rincovitch\00. Nhan\CSharp\RincoMTO\RincoMTO_fsauzi5n_wpftmp.csproj::TargetFramework=net48]
C:\Users\Nhan\OneDrive - Rincovitch\00. Nhan\CSharp\RincoMTO\BIMTOOL\obj\Release R26\Tools\MTO Smart Tag\UI\MtoSmartTagWindow.g.cs(1,148): error CS1056: Unexpected character '\0' [C:\Users\Nhan\OneDrive - Rincovitch\00. Nhan\CSharp\RincoMTO\RincoMTO_fsauzi5n_wpftmp.csproj::TargetFramework=net48]
C:\Users\Nhan\OneDrive - Rincovitch\00. Nhan\CSharp\RincoMTO\BIMTOOL\obj\Release R26\Tools\MTO Smart Tag\UI\MtoSmartTagWindow.g.cs(1,149): error CS1056: Unexpected character '\0' [C:\Users\Nhan\OneDrive - Rincovitch\00. Nhan\CSharp\RincoMTO\RincoMTO_fsauzi5n_wpftmp.csproj::TargetFramework=net48]
C:\Users\Nhan\OneDrive - Rincovitch\00. Nhan\CSharp\RincoMTO\BIMTOOL\obj\Release R26\Tools\MTO Smart Tag\UI\MtoSmartTagWindow.g.cs(1,150): error CS1056: Unexpected character '\0' [C:\Users\Nhan\OneDrive - Rincovitch\00. Nhan\CSharp\RincoMTO\RincoMTO_fsauzi5n_wpftmp.csproj::TargetFramework=net48]
C:\Users\Nhan\OneDrive - Rincovitch\00. Nhan\CSharp\RincoMTO\BIMTOOL\obj\Release R26\Tools\MTO Smart Tag\UI\MtoSmartTagWindow.g.cs(1,151): error CS1056: Unexpected character '\0' [C:\Users\Nhan\OneDrive - Rincovitch\00. Nhan\CSharp\RincoMTO\RincoMTO_fsauzi5n_wpftmp.csproj::TargetFramework=net48]
C:\Users\Nhan\OneDrive - Rincovitch\00. Nhan\CSharp\RincoMTO\BIMTOOL\obj\Release R26\Tools\MTO Smart Tag\UI\MtoSmartTagWindow.g.cs(1,152): error CS1056: Unexpected character '\0' [C:\Users\Nhan\OneDrive - Rincovitch\00. Nhan\CSharp\RincoMTO\RincoMTO_fsauzi5n_wpftmp.csproj::TargetFramework=net48]
C:\Users\Nhan\OneDrive - Rincovitch\00. Nhan\CSharp\RincoMTO\BIMTOOL\obj\Release R26\Tools\MTO Smart Tag\UI\MtoSmartTagWindow.g.cs(1,153): error CS1056: Unexpected character '\0' [C:\Users\Nhan\OneDrive - Rincovitch\00. Nhan\CSharp\RincoMTO\RincoMTO_fsauzi5n_wpftmp.csproj::TargetFramework=net48]
C:\Users\Nhan\OneDrive - Rincovitch\00. Nhan\CSharp\RincoMTO\BIMTOOL\obj\Release R26\Tools\MTO Smart Tag\UI\MtoSmartTagWindow.g.cs(1,154): error CS1056: Unexpected character '\0' [C:\Users\Nhan\OneDrive - Rincovitch\00. Nhan\CSharp\RincoMTO\RincoMTO_fsauzi5n_wpftmp.csproj::TargetFramework=net48]
C:\Users\Nhan\OneDrive - Rincovitch\00. Nhan\CSharp\RincoMTO\BIMTOOL\obj\Release R26\Tools\MTO Smart Tag\UI\MtoSmartTagWindow.g.cs(1,155): error CS1056: Unexpected character '\0' [C:\Users\Nhan\OneDrive - Rincovitch\00. Nhan\CSharp\RincoMTO\RincoMTO_fsauzi5n_wpftmp.csproj::TargetFramework=net48]
C:\Users\Nhan\OneDrive - Rincovitch\00. Nhan\CSharp\RincoMTO\BIMTOOL\obj\Release R26\Tools\MTO Smart Tag\UI\MtoSmartTagWindow.g.cs(1,156): error CS1056: Unexpected character '\0' [C:\Users\Nhan\OneDrive - Rincovitch\00. Nhan\CSharp\RincoMTO\RincoMTO_fsauzi5n_wpftmp.csproj::TargetFramework=net48]
C:\Users\Nhan\OneDrive - Rincovitch\00. Nhan\CSharp\RincoMTO\BIMTOOL\obj\Release R26\Tools\MTO Smart Tag\UI\MtoSmartTagWindow.g.cs(1,157): error CS1056: Unexpected character '\0' [C:\Users\Nhan\OneDrive - Rincovitch\00. Nhan\CSharp\RincoMTO\RincoMTO_fsauzi5n_wpftmp.csproj::TargetFramework=net48]
C:\Users\Nhan\OneDrive - Rincovitch\00. Nhan\CSharp\RincoMTO\BIMTOOL\obj\Release R26\Tools\MTO Smart Tag\UI\MtoSmartTagWindow.g.cs(1,158): error CS1056: Unexpected character '\0' [C:\Users\Nhan\OneDrive - Rincovitch\00. Nhan\CSharp\RincoMTO\RincoMTO_fsauzi5n_wpftmp.csproj::TargetFramework=net48]
C:\Users\Nhan\OneDrive - Rincovitch\00. Nhan\CSharp\RincoMTO\BIMTOOL\obj\Release R26\Tools\MTO Smart Tag\UI\MtoSmartTagWindow.g.cs(1,159): error CS1056: Unexpected character '\0' [C:\Users\Nhan\OneDrive - Rincovitch\00. Nhan\CSharp\RincoMTO\RincoMTO_fsauzi5n_wpftmp.csproj::TargetFramework=net48]
C:\Users\Nhan\OneDrive - Rincovitch\00. Nhan\CSharp\RincoMTO\BIMTOOL\obj\Release R26\Tools\MTO Smart Tag\UI\MtoSmartTagWindow.g.cs(1,160): error CS1056: Unexpected character '\0' [C:\Users\Nhan\OneDrive - Rincovitch\00. Nhan\CSharp\RincoMTO\RincoMTO_fsauzi5n_wpftmp.csproj::TargetFramework=net48]
C:\Users\Nhan\OneDrive - Rincovitch\00. Nhan\CSharp\RincoMTO\BIMTOOL\obj\Release R26\Tools\MTO Smart Tag\UI\MtoSmartTagWindow.g.cs(1,161): error CS1056: Unexpected character '\0' [C:\Users\Nhan\OneDrive - Rincovitch\00. Nhan\CSharp\RincoMTO\RincoMTO_fsauzi5n_wpftmp.csproj::TargetFramework=net48]
C:\Users\Nhan\OneDrive - Rincovitch\00. Nhan\CSharp\RincoMTO\BIMTOOL\obj\Release R26\Tools\MTO Smart Tag\UI\MtoSmartTagWindow.g.cs(1,162): error CS1056: Unexpected character '\0' [C:\Users\Nhan\OneDrive - Rincovitch\00. Nhan\CSharp\RincoMTO\RincoMTO_fsauzi5n_wpftmp.csproj::TargetFramework=net48]
C:\Users\Nhan\OneDrive - Rincovitch\00. Nhan\CSharp\RincoMTO\BIMTOOL\obj\Release R26\Tools\MTO Smart Tag\UI\MtoSmartTagWindow.g.cs(1,163): error CS1056: Unexpected character '\0' [C:\Users\Nhan\OneDrive - Rincovitch\00. Nhan\CSharp\RincoMTO\RincoMTO_fsauzi5n_wpftmp.csproj::TargetFramework=net48]
C:\Users\Nhan\OneDrive - Rincovitch\00. Nhan\CSharp\RincoMTO\BIMTOOL\obj\Release R26\Tools\MTO Smart Tag\UI\MtoSmartTagWindow.g.cs(1,164): error CS1056: Unexpected character '\0' [C:\Users\Nhan\OneDrive - Rincovitch\00. Nhan\CSharp\RincoMTO\RincoMTO_fsauzi5n_wpftmp.csproj::TargetFramework=net48]
C:\Users\Nhan\OneDrive - Rincovitch\00. Nhan\CSharp\RincoMTO\BIMTOOL\obj\Release R26\Tools\MTO Smart Tag\UI\MtoSmartTagWindow.g.cs(1,165): error CS1056: Unexpected character '\0' [C:\Users\Nhan\OneDrive - Rincovitch\00. Nhan\CSharp\RincoMTO\RincoMTO_fsauzi5n_wpftmp.csproj::TargetFramework=net48]
C:\Users\Nhan\OneDrive - Rincovitch\00. Nhan\CSharp\RincoMTO\BIMTOOL\obj\Release R26\Tools\MTO Smart Tag\UI\MtoSmartTagWindow.g.cs(1,166): error CS1056: Unexpected character '\0' [C:\Users\Nhan\OneDrive - Rincovitch\00. Nhan\CSharp\RincoMTO\RincoMTO_fsauzi5n_wpftmp.csproj::TargetFramework=net48]
C:\Users\Nhan\OneDrive - Rincovitch\00. Nhan\CSharp\RincoMTO\BIMTOOL\obj\Release R26\Tools\MTO Smart Tag\UI\MtoSmartTagWindow.g.cs(1,167): error CS1056: Unexpected character '\0' [C:\Users\Nhan\OneDrive - Rincovitch\00. Nhan\CSharp\RincoMTO\RincoMTO_fsauzi5n_wpftmp.csproj::TargetFramework=net48]
C:\Users\Nhan\OneDrive - Rincovitch\00. Nhan\CSharp\RincoMTO\BIMTOOL\obj\Release R26\Tools\MTO Smart Tag\UI\MtoSmartTagWindow.g.cs(1,168): error CS1056: Unexpected character '\0' [C:\Users\Nhan\OneDrive - Rincovitch\00. Nhan\CSharp\RincoMTO\RincoMTO_fsauzi5n_wpftmp.csproj::TargetFramework=net48]
C:\Users\Nhan\OneDrive - Rincovitch\00. Nhan\CSharp\RincoMTO\BIMTOOL\obj\Release R26\Tools\MTO Smart Tag\UI\MtoSmartTagWindow.g.cs(1,169): error CS1056: Unexpected character '\0' [C:\Users\Nhan\OneDrive - Rincovitch\00. Nhan\CSharp\RincoMTO\RincoMTO_fsauzi5n_wpftmp.csproj::TargetFramework=net48]
C:\Users\Nhan\OneDrive - Rincovitch\00. Nhan\CSharp\RincoMTO\BIMTOOL\obj\Release R26\Tools\MTO Smart Tag\UI\MtoSmartTagWindow.g.cs(1,170): error CS1056: Unexpected character '\0' [C:\Users\Nhan\OneDrive - Rincovitch\00. Nhan\CSharp\RincoMTO\RincoMTO_fsauzi5n_wpftmp.csproj::TargetFramework=net48]
C:\Users\Nhan\OneDrive - Rincovitch\00. Nhan\CSharp\RincoMTO\BIMTOOL\obj\Release R26\Tools\MTO Smart Tag\UI\MtoSmartTagWindow.g.cs(1,171): error CS1056: Unexpected character '\0' [C:\Users\Nhan\OneDrive - Rincovitch\00. Nhan\CSharp\RincoMTO\RincoMTO_fsauzi5n_wpftmp.csproj::TargetFramework=net48]
C:\Users\Nhan\OneDrive - Rincovitch\00. Nhan\CSharp\RincoMTO\BIMTOOL\obj\Release R26\Tools\MTO Smart Tag\UI\MtoSmartTagWindow.g.cs(1,172): error CS1056: Unexpected character '\0' [C:\Users\Nhan\OneDrive - Rincovitch\00. Nhan\CSharp\RincoMTO\RincoMTO_fsauzi5n_wpftmp.csproj::TargetFramework=net48]
C:\Users\Nhan\OneDrive - Rincovitch\00. Nhan\CSharp\RincoMTO\BIMTOOL\obj\Release R26\Tools\MTO Smart Tag\UI\MtoSmartTagWindow.g.cs(1,173): error CS1056: Unexpected character '\0' [C:\Users\Nhan\OneDrive - Rincovitch\00. Nhan\CSharp\RincoMTO\RincoMTO_fsauzi5n_wpftmp.csproj::TargetFramework=net48]
C:\Users\Nhan\OneDrive - Rincovitch\00. Nhan\CSharp\RincoMTO\BIMTOOL\obj\Release R26\Tools\MTO Smart Tag\UI\MtoSmartTagWindow.g.cs(1,174): error CS1056: Unexpected character '\0' [C:\Users\Nhan\OneDrive - Rincovitch\00. Nhan\CSharp\RincoMTO\RincoMTO_fsauzi5n_wpftmp.csproj::TargetFramework=net48]
C:\Users\Nhan\OneDrive - Rincovitch\00. Nhan\CSharp\RincoMTO\BIMTOOL\obj\Release R26\Tools\MTO Smart Tag\UI\MtoSmartTagWindow.g.cs(1,175): error CS1056: Unexpected character '\0' [C:\Users\Nhan\OneDrive - Rincovitch\00. Nhan\CSharp\RincoMTO\RincoMTO_fsauzi5n_wpftmp.csproj::TargetFramework=net48]
C:\Users\Nhan\OneDrive - Rincovitch\00. Nhan\CSharp\RincoMTO\BIMTOOL\obj\Release R26\Tools\MTO Smart Tag\UI\MtoSmartTagWindow.g.cs(1,176): error CS1056: Unexpected character '\0' [C:\Users\Nhan\OneDrive - Rincovitch\00. Nhan\CSharp\RincoMTO\RincoMTO_fsauzi5n_wpftmp.csproj::TargetFramework=net48]
C:\Users\Nhan\OneDrive - Rincovitch\00. Nhan\CSharp\RincoMTO\BIMTOOL\obj\Release R26\Tools\MTO Smart Tag\UI\MtoSmartTagWindow.g.cs(1,177): error CS1056: Unexpected character '\0' [C:\Users\Nhan\OneDrive - Rincovitch\00. Nhan\CSharp\RincoMTO\RincoMTO_fsauzi5n_wpftmp.csproj::TargetFramework=net48]
C:\Users\Nhan\OneDrive - Rincovitch\00. Nhan\CSharp\RincoMTO\BIMTOOL\obj\Release R26\Tools\MTO Smart Tag\UI\MtoSmartTagWindow.g.cs(1,178): error CS1056: Unexpected character '\0' [C:\Users\Nhan\OneDrive - Rincovitch\00. Nhan\CSharp\RincoMTO\RincoMTO_fsauzi5n_wpftmp.csproj::TargetFramework=net48]
C:\Users\Nhan\OneDrive - Rincovitch\00. Nhan\CSharp\RincoMTO\BIMTOOL\obj\Release R26\Tools\MTO Smart Tag\UI\MtoSmartTagWindow.g.cs(1,179): error CS1056: Unexpected character '\0' [C:\Users\Nhan\OneDrive - Rincovitch\00. Nhan\CSharp\RincoMTO\RincoMTO_fsauzi5n_wpftmp.csproj::TargetFramework=net48]
C:\Users\Nhan\OneDrive - Rincovitch\00. Nhan\CSharp\RincoMTO\BIMTOOL\obj\Release R26\Tools\MTO Smart Tag\UI\MtoSmartTagWindow.g.cs(1,180): error CS1056: Unexpected character '\0' [C:\Users\Nhan\OneDrive - Rincovitch\00. Nhan\CSharp\RincoMTO\RincoMTO_fsauzi5n_wpftmp.csproj::TargetFramework=net48]
C:\Users\Nhan\OneDrive - Rincovitch\00. Nhan\CSharp\RincoMTO\BIMTOOL\obj\Release R26\Tools\MTO Smart Tag\UI\MtoSmartTagWindow.g.cs(1,181): error CS1056: Unexpected character '\0' [C:\Users\Nhan\OneDrive - Rincovitch\00. Nhan\CSharp\RincoMTO\RincoMTO_fsauzi5n_wpftmp.csproj::TargetFramework=net48]
C:\Users\Nhan\OneDrive - Rincovitch\00. Nhan\CSharp\RincoMTO\BIMTOOL\obj\Release R26\Tools\MTO Smart Tag\UI\MtoSmartTagWindow.g.cs(1,182): error CS1056: Unexpected character '\0' [C:\Users\Nhan\OneDrive - Rincovitch\00. Nhan\CSharp\RincoMTO\RincoMTO_fsauzi5n_wpftmp.csproj::TargetFramework=net48]
C:\Users\Nhan\OneDrive - Rincovitch\00. Nhan\CSharp\RincoMTO\BIMTOOL\obj\Release R26\Tools\MTO Smart Tag\UI\MtoSmartTagWindow.g.cs(1,183): error CS1056: Unexpected character '\0' [C:\Users\Nhan\OneDrive - Rincovitch\00. Nhan\CSharp\RincoMTO\RincoMTO_fsauzi5n_wpftmp.csproj::TargetFramework=net48]
C:\Users\Nhan\OneDrive - Rincovitch\00. Nhan\CSharp\RincoMTO\BIMTOOL\obj\Release R26\Tools\MTO Smart Tag\UI\MtoSmartTagWindow.g.cs(1,184): error CS1056: Unexpected character '\0' [C:\Users\Nhan\OneDrive - Rincovitch\00. Nhan\CSharp\RincoMTO\RincoMTO_fsauzi5n_wpftmp.csproj::TargetFramework=net48]
C:\Users\Nhan\OneDrive - Rincovitch\00. Nhan\CSharp\RincoMTO\BIMTOOL\obj\Release R26\Tools\MTO Smart Tag\UI\MtoSmartTagWindow.g.cs(1,185): error CS1056: Unexpected character '\0' [C:\Users\Nhan\OneDrive - Rincovitch\00. Nhan\CSharp\RincoMTO\RincoMTO_fsauzi5n_wpftmp.csproj::TargetFramework=net48]
C:\Users\Nhan\OneDrive - Rincovitch\00. Nhan\CSharp\RincoMTO\BIMTOOL\obj\Release R26\Tools\MTO Smart Tag\UI\MtoSmartTagWindow.g.cs(1,186): error CS1056: Unexpected character '\0' [C:\Users\Nhan\OneDrive - Rincovitch\00. Nhan\CSharp\RincoMTO\RincoMTO_fsauzi5n_wpftmp.csproj::TargetFramework=net48]
C:\Users\Nhan\OneDrive - Rincovitch\00. Nhan\CSharp\RincoMTO\BIMTOOL\obj\Release R26\Tools\MTO Smart Tag\UI\MtoSmartTagWindow.g.cs(1,187): error CS1056: Unexpected character '\0' [C:\Users\Nhan\OneDrive - Rincovitch\00. Nhan\CSharp\RincoMTO\RincoMTO_fsauzi5n_wpftmp.csproj::TargetFramework=net48]
C:\Users\Nhan\OneDrive - Rincovitch\00. Nhan\CSharp\RincoMTO\BIMTOOL\obj\Release R26\Tools\MTO Smart Tag\UI\MtoSmartTagWindow.g.cs(1,188): error CS1056: Unexpected character '\0' [C:\Users\Nhan\OneDrive - Rincovitch\00. Nhan\CSharp\RincoMTO\RincoMTO_fsauzi5n_wpftmp.csproj::TargetFramework=net48]
C:\Users\Nhan\OneDrive - Rincovitch\00. Nhan\CSharp\RincoMTO\BIMTOOL\obj\Release R26\Tools\MTO Smart Tag\UI\MtoSmartTagWindow.g.cs(1,189): error CS1056: Unexpected character '\0' [C:\Users\Nhan\OneDrive - Rincovitch\00. Nhan\CSharp\RincoMTO\RincoMTO_fsauzi5n_wpftmp.csproj::TargetFramework=net48]
C:\Users\Nhan\OneDrive - Rincovitch\00. Nhan\CSharp\RincoMTO\BIMTOOL\obj\Release R26\Tools\MTO Smart Tag\UI\MtoSmartTagWindow.g.cs(1,190): error CS1056: Unexpected character '\0' [C:\Users\Nhan\OneDrive - Rincovitch\00. Nhan\CSharp\RincoMTO\RincoMTO_fsauzi5n_wpftmp.csproj::TargetFramework=net48]
C:\Users\Nhan\OneDrive - Rincovitch\00. Nhan\CSharp\RincoMTO\BIMTOOL\obj\Release R26\Tools\MTO Smart Tag\UI\MtoSmartTagWindow.g.cs(1,191): error CS1056: Unexpected character '\0' [C:\Users\Nhan\OneDrive - Rincovitch\00. Nhan\CSharp\RincoMTO\RincoMTO_fsauzi5n_wpftmp.csproj::TargetFramework=net48]
C:\Users\Nhan\OneDrive - Rincovitch\00. Nhan\CSharp\RincoMTO\BIMTOOL\obj\Release R26\Tools\MTO Smart Tag\UI\MtoSmartTagWindow.g.cs(1,192): error CS1056: Unexpected character '\0' [C:\Users\Nhan\OneDrive - Rincovitch\00. Nhan\CSharp\RincoMTO\RincoMTO_fsauzi5n_wpftmp.csproj::TargetFramework=net48]
C:\Users\Nhan\OneDrive - Rincovitch\00. Nhan\CSharp\RincoMTO\BIMTOOL\obj\Release R26\Tools\MTO Smart Tag\UI\MtoSmartTagWindow.g.cs(1,193): error CS1056: Unexpected character '\0' [C:\Users\Nhan\OneDrive - Rincovitch\00. Nhan\CSharp\RincoMTO\RincoMTO_fsauzi5n_wpftmp.csproj::TargetFramework=net48]
C:\Users\Nhan\OneDrive - Rincovitch\00. Nhan\CSharp\RincoMTO\BIMTOOL\obj\Release R26\Tools\MTO Smart Tag\UI\MtoSmartTagWindow.g.cs(1,194): error CS1056: Unexpected character '\0' [C:\Users\Nhan\OneDrive - Rincovitch\00. Nhan\CSharp\RincoMTO\RincoMTO_fsauzi5n_wpftmp.csproj::TargetFramework=net48]
C:\Users\Nhan\OneDrive - Rincovitch\00. Nhan\CSharp\RincoMTO\BIMTOOL\obj\Release R26\Tools\MTO Smart Tag\UI\MtoSmartTagWindow.g.cs(1,195): error CS1056: Unexpected character '\0' [C:\Users\Nhan\OneDrive - Rincovitch\00. Nhan\CSharp\RincoMTO\RincoMTO_fsauzi5n_wpftmp.csproj::TargetFramework=net48]
C:\Users\Nhan\OneDrive - Rincovitch\00. Nhan\CSharp\RincoMTO\BIMTOOL\obj\Release R26\Tools\MTO Smart Tag\UI\MtoSmartTagWindow.g.cs(1,196): error CS1056: Unexpected character '\0' [C:\Users\Nhan\OneDrive - Rincovitch\00. Nhan\CSharp\RincoMTO\RincoMTO_fsauzi5n_wpftmp.csproj::TargetFramework=net48]
C:\Users\Nhan\OneDrive - Rincovitch\00. Nhan\CSharp\RincoMTO\BIMTOOL\obj\Release R26\Tools\MTO Smart Tag\UI\MtoSmartTagWindow.g.cs(1,197): error CS1056: Unexpected character '\0' [C:\Users\Nhan\OneDrive - Rincovitch\00. Nhan\CSharp\RincoMTO\RincoMTO_fsauzi5n_wpftmp.csproj::TargetFramework=net48]
C:\Users\Nhan\OneDrive - Rincovitch\00. Nhan\CSharp\RincoMTO\BIMTOOL\obj\Release R26\Tools\MTO Smart Tag\UI\MtoSmartTagWindow.g.cs(1,198): error CS1056: Unexpected character '\0' [C:\Users\Nhan\OneDrive - Rincovitch\00. Nhan\CSharp\RincoMTO\RincoMTO_fsauzi5n_wpftmp.csproj::TargetFramework=net48]
C:\Users\Nhan\OneDrive - Rincovitch\00. Nhan\CSharp\RincoMTO\BIMTOOL\obj\Release R26\Tools\MTO Smart Tag\UI\MtoSmartTagWindow.g.cs(1,199): error CS1056: Unexpected character '\0' [C:\Users\Nhan\OneDrive - Rincovitch\00. Nhan\CSharp\RincoMTO\RincoMTO_fsauzi5n_wpftmp.csproj::TargetFramework=net48]
C:\Users\Nhan\OneDrive - Rincovitch\00. Nhan\CSharp\RincoMTO\BIMTOOL\obj\Release R26\Tools\MTO Smart Tag\UI\MtoSmartTagWindow.g.cs(1,200): error CS1056: Unexpected character '\0' [C:\Users\Nhan\OneDrive - Rincovitch\00. Nhan\CSharp\RincoMTO\RincoMTO_fsauzi5n_wpftmp.csproj::TargetFramework=net48]
C:\Users\Nhan\OneDrive - Rincovitch\00. Nhan\CSharp\RincoMTO\BIMTOOL\obj\Release R26\Tools\MTO Smart Tag\UI\MtoSmartTagWindow.g.cs(1,201): error CS1056: Unexpected character '\0' [C:\Users\Nhan\OneDrive - Rincovitch\00. Nhan\CSharp\RincoMTO\RincoMTO_fsauzi5n_wpftmp.csproj::TargetFramework=net48]
C:\Users\Nhan\OneDrive - Rincovitch\00. Nhan\CSharp\RincoMTO\BIMTOOL\obj\Release R26\Tools\MTO Smart Tag\UI\MtoSmartTagWindow.g.cs(1,202): error CS1056: Unexpected character '\0\0\0\0\0\0\0\0\0\0\0\0\0\0\0\0\0\0\0\0\0\0\0\0\0\0\0\0\0\0\0\0\0\0\0\0\0\0\0\0\0\0\0\0\0\0\0\0\0\0\0\0\0\0\0\0\0\0\0\0\0\0\0\0\0\0\0\0\0\0\0\0\0\0\0\0\0\0\0\0\0\0\0\0\0\0\0\0\0\0\0\0\0\0\0\0\0\0\0\0\0\0\0\0\0\0\0\0\0\0\0\0\0\0\0\0\0\0\0\0\0\0\0\0\0\0\0\0\0\0\0\0\0\0\0\0\0\0\0\0\0\0\0\0\0\0\0\0\0\0\0\0\0\0\0\0\0\0\0\0\0\0\0\0\0\0\0\0\0\0\0\0\0\0\0\0\0\0\0\0\0\0\0\0\0\0\0\0\0\0\0\0\0\0\0\0\0\0\0\0\0\0\0\0\0\0\0\0\0\0\0\0\0\0\0\0\0\0\0\0\0\0\0\0\0\0\0\0\0\0\0\0\0\0\0\0\0\0\0\0\0\0\0\0\0\0\0\0\0\0\0\0\0\0\0\0\0\0\0\0\0\0\0\0\0\0\0\0\0\0\0\0\0\0\0\0\0\0\0\0\0\0\0\0\0\0\0\0\0\0\0\0\0\0\0\0\0\0\0\0\0\0\0\0\0\0\0\0\0\0\0\0\0\0\0\0\0\0\0\0\0\0\0\0\0\0\0\0\0\0\0\0\0\0\0\0\0\0\0\0\0\0\0\0\0\0\0\0\0\0\0\0\0\0\0\0\0\0\0\0\0\0\0\0\0\0\0\0\0\0\0\0\0\0\0\0\0\0\0\0\0\0\0\0\0\0\0\0\0\0\0\0\0\0\0\0\0\0\0\0\0\0\0\0\0\0\0\0\0\0\0\0\0\0\0\0\0\0\0\0\0\0\0\0\0\0\0\0\0\0\0\0\0\0\0\0\0\0\0\0\0\0\0\0\0\0\0\0\0\0\0\0\0\0\0\0\0\0\0\0\0\0\0\0\0\0\0\0\0\0\0\0\0\0\0\0\0\0\0\0\0\0\0\0\0\0\0\0\0\0\0\0\0\0\0\0\0\0\0\0\0\0\0\0\0\0\0\0\0\0\0\0\0\0\0\0\0\0\0\0\0\0\0\0\0\0\0\0\0\0\0\0\0\0\0\0\0\0\0\0\0\0\0\0\0\0\0\0\0\0\0\0\0\0\0\0\0\0\0\0\0\0\0\0\0\0\0\0\0\0\0\0\0\0\0\0\0\0\0\0\0\0\0\0\0\0\0\0\0\0\0\0\0\0\0\0\0\0\0\0\0\0\0\0\0\0\0\0\0\0\0\0\0\0\0\0\0\0\0\0\0\0\0\0\0\0\0\0\0\0\0\0\0\0\0\0\0\0\0\0\0\0\0\0\0\0\0\0\0\0\0\0\0\0\0\0\0\0\0\0\0\0\0\0\0\0\0\0\0\0\0\0\0\0\0\0\0\0\0\0\0\0\0\0\0\0\0\0\0\0\0\0\0\0\0\0\0\0\0\0\0\0\0\0\0\0\0\0\0\0\0\0\0\0\0\0\0\0\0\0\0\0\0\0\0\0\0\0\0\0\0\0\0\0\0\0\0\0\0\0\0\0\0\0\0\0\0\0\0\0\0\0\0\0\0\0\0\0\0\0\0\0\0\0\0\0\0\0\0\0\0\0\0\0\0\0\0\0\0\0\0\0\0\0\0\0\0\0\0\0\0\0\0\0\0\0\0\0\0\0\0\0\0\0\0\0\0\0\0\0\0\0\0\0\0\0\0\0\0\0\0\0\0\0\0\0\0\0\0\0\0\0\0\0\0\0\0\0\0\0\0\0\0\0\0\0\0\0\0\0\0\0\0\0\0\0\0\0\0\0\0\0\0\0\0\0\0\0\0\0\0\0\0\0\0\0\0\0\0\0\0\0\0\0\0\0\0\0\0\0\0\0\0\0\0\0\0\0\0\0\0\0\0\0\0\0\0\0\0\0\0\0\0\0\0\0\0\0\0\0\0\0\0\0\0\0\0\0\0\0\0\0\0\0\0\0\0\0\0\0\0\0\0\0\0\0\0\0\0\0\0\0\0\0\0\0\0\0\0\0\0\0\0\0\0\0\0\0\0\0\0\0\0\0\0\0\0\0\0\0\0\0\0\0\0\0\0\0\0\0\0\0\0\0\0\0\0\0\0\0\0\0\0\0\0\0\0\0\0\0\0\0\0\0\0\0\0\0\0\0\0\0\0\0\0\0\0\0\0\0\0\0\0\0\0\0\0\0\0\0\0\0\0\0\0\0\0\0\0\0\0\0\0\0\0\0\0\0\0\0\0\0\0\0\0\0\0\0\0\0\0\0\0\0\0\0\0\0\0\0\0\0\0\0\0\0\0\0\0\0\0\0\0\0\0\0\0\0\0\0\0\0\0\0\0\0\0\0\0\0\0\0\0\0\0\0\0\0\0\0\0\0\0\0\0\0\0\0\0\0\0\0\0\0\0\0\0\0\0\0\0\0\0\0\0\0\0\0\0\0\0\0\0\0\0\0\0\0\0\0\0\0\0\0\0\0\0\0\0\0\0\0\0\0\0\0\0\0\0\0\0\0\0\0\0\0\0\0\0\0\0\0\0\0\0\0\0\0\0\0\0\0\0\0\0\0\0\0\0\0\0\0\0\0\0\0\0\0\0\0\0\0\0\0\0\0\0\0\0\0\0\0\0\0\0\0\0\0\0\0\0\0\0\0\0\0\0\0\0\0\0\0\0\0\0\0\0\0\0\0\0\0\0\0\0\0\0\0\0\0\0\0\0\0\0\0\0\0\0\0\0\0\0\0\0\0\0\0\0\0\0\0\0\0\0\0\0\0\0\0\0\0\0\0\0\0\0\0\0\0\0\0\0\0\0\0\0\0\0\0\0\0\0\0\0\0\0\0\0\0\0\0\0\0\0\0\0\0\0\0\0\0\0\0\0\0\0\0\0\0\0\0\0\0\0\0\0\0\0\0\0\0\0\0\0\0\0\0\0\0\0\0\0\0\0\0\0\0\0\0\0\0\0\0\0\0\0\0\0\0\0\0\0\0\0\0\0\0\0\0\0\0\0\0\0\0\0\0\0\0\0\0\0\0\0\0\0\0\0\0\0\0\0\0\0\0\0\0\0\0\0\0\0\0\0\0\0\0\0\0\0\0\0\0\0\0\0\0\0\0\0\0\0\0\0\0\0\0\0\0\0\0\0\0\0\0\0\0\0\0\0\0\0\0\0\0\0\0\0\0\0\0\0\0\0\0\0\0\0\0\0\0\0\0\0\0\0\0\0\0\0\0\0\0\0\0\0\0\0\0\0\0\0\0\0\0\0\0\0\0\0\0\0\0\0\0\0\0\0\0\0\0\0\0\0\0\0\0\0\0\0\0\0\0\0\0\0\0\0\0\0\0\0\0\0\0\0\0\0\0\0\0\0\0\0\0\0\0\0\0\0\0\0\0\0\0\0\0\0\0\0\0\0\0\0\0\0\0\0\0\0\0\0\0\0\0\0\0\0\0\0\0\0\0\0\0\0\0\0\0\0\0\0\0\0\0\0\0\0\0\0\0\0\0\0\0\0\0\0\0\0\0\0\0\0\0\0\0\0\0\0\0\0\0\0\0\0\0\0\0\0\0\0\0\0\0\0\0\0\0\0\0\0\0\0\0\0\0\0\0\0\0\0\0\0\0\0\0\0\0\0\0\0\0\0\0\0\0\0\0\0\0\0\0\0\0\0\0\0\0\0\0\0\0\0\0\0\0\0\0\0\0\0\0\0\0\0\0\0\0\0\0\0\0\0\0\0\0\0\0\0\0\0\0\0\0\0\0\0\0\0\0\0\0\0\0\0\0\0\0\0\0\0\0\0\0\0\0\0\0\0\0\0\0\0\0\0\0\0\0\0\0\0\0\0\0\0\0\0\0\0\0\0\0\0\0\0\0\0\0\0\0\0\0\0\0\0\0\0\0\0\0\0\0\0\0\0\0\0\0\0\0\0\0\0\0\0\0\0\0\0\0\0\0\0\0\0\0\0\0\0\0\0\0\0\0\0\0\0\0\0\0\0\0\0\0\0\0\0\0\0\0\0\0\0\0\0\0\0\0\0\0\0\0\0\0\0\0\0\0\0\0\0\0\0\0\0\0\0\0\0\0\0\0\0\0\0\0\0\0\0\0\0\0\0\0\0\0\0\0\0\0\0\0\0\0\0\0\0\0\0\0\0\0\0\0\0\0\0\0\0\0\0\0\0\0\0\0\0\0\0\0\0\0\0\0\0\0\0\0\0\0\0\0\0\0\0\0\0\0\0\0\0\0\0\0\0\0\0\0\0\0\0\0\0\0\0\0\0\0\0\0\0\0\0\0\0\0\0\0\0\0\0\0\0\0\0\0\0\0\0\0\0\0\0\0\0\0\0\0\0\0\0\0\0\0\0\0\0\0\0\0\0\0\0\0\0\0\0\0\0\0\0\0\0\0\0\0\0\0\0\0\0\0\0\0\0\0\0\0\0\0\0\0\0\0\0\0\0\0\0\0\0\0\0\0\0\0\0\0\0\0\0\0\0\0\0\0\0\0\0\0\0\0\0\0\0\0\0\0\0\0\0\0\0\0\0\0\0\0\0\0\0\0\0\0\0\0\0\0\0\0\0\0\0\0\0\0\0\0\0\0\0\0\0\0\0\0\0\0\0\0\0\0\0\0\0\0\0\0\0\0\0\0\0\0\0\0\0\0\0\0\0\0\0\0\0\0\0\0\0\0\0\0\0\0\0\0\0\0\0\0\0\0\0\0\0\0\0\0\0\0\0\0\0\0\0\0\0\0\0\0\0\0\0\0\0\0\0\0\0\0\0\0\0\0\0\0\0\0\0\0\0\0\0\0\0\0\0\0\0\0\0\0\0\0\0\0\0\0\0\0\0\0\0\0\0\0\0\0\0\0\0\0\0\0\0\0\0\0\0\0\0\0\0\0\0\0\0\0\0\0\0\0\0\0\0\0\0\0\0\0\0\0\0\0\0\0\0\0\0\0\0\0\0\0\0\0\0\0\0\0\0\0\0\0\0\0\0\0\0\0\0\0\0\0\0\0\0\0\0\0\0\0\0\0\0\0\0\0\0\0\0\0\0\0\0\0\0\0\0\0\0\0\0\0\0\0\0\0\0\0\0\0\0\0\0\0\0\0\0\0\0\0\0\0\0\0\0\0\0\0\0\0\0\0\0\0\0\0\0\0\0\0\0\0\0\0\0\0\0\0\0\0\0\0\0\0\0\0\0\0\0\0\0\0\0\0\0\0\0\0\0\0\0\0\0\0\0\0\0\0\0\0\0\0\0\0\0\0\0\0\0\0\0\0\0\0\0\0\0\0\0\0\0\0\0\0\0\0\0\0\0\0\0\0\0\0\0\0\0\0\0\0\0\0\0\0\0\0\0\0\0\0\0\0\0\0\0\0\0\0\0\0\0\0\0\0\0\0\0\0\0\0\0\0\0\0\0\0\0\0\0\0\0\0\0\0\0\0\0\0\0\0\0\0\0\0\0\0\0\0\0\0\0\0\0\0\0\0\0\0\0\0\0\0\0\0\0\0\0\0\0\0\0\0\0\0\0\0\0\0\0\0\0\0\0\0\0\0\0\0\0\0\0\0\0\0\0\0\0\0\0\0\0\0\0\0\0\0\0\0\0\0\0\0\0\0\0\0\0\0\0\0\0\0\0\0\0\0\0\0\0\0\0\0\0\0\0\0\0\0\0\0\0\0\0\0\0\0\0\0\0\0\0\0\0\0\0\0\0\0\0\0\0\0\0\0\0\0\0\0\0\0\0\0\0\0\0\0\0\0\0\0\0\0\0\0\0\0\0\0\0\0\0\0\0\0\0\0\0\0\0\0\0\0\0\0\0\0\0\0\0\0\0\0\0\0\0\0\0\0\0\0\0\0\0\0\0\0\0\0\0\0\0\0\0\0\0\0\0\0\0\0\0\0\0\0\0\0\0\0\0\0\0\0\0\0\0\0\0\0\0\0\0\0\0\0\0\0\0\0\0\0\0\0\0\0\0\0\0\0\0\0\0\0\0\0\0\0\0\0\0\0\0\0\0\0\0\0\0\0\0\0\0\0\0\0\0\0\0\0\0\0\0\0\0\0\0\0\0\0\0\0\0\0\0\0\0\0\0\0\0\0\0\0\0\0\0\0\0\0\0\0\0\0\0\0\0\0\0\0\0\0\0\0\0\0\0\0\0\0\0\0\0\0\0\0\0\0\0\0\0\0\0\0\0\0\0\0\0\0\0\0\0\0\0\0\0\0\0\0\0\0\0\0\0\0\0\0\0\0\0\0\0\0\0\0\0\0\0\0\0\0\0\0\0\0\0\0\0\0\0\0\0\0\0\0\0\0\0\0\0\0\0\0\0\0\0\0\0\0\0\0\0\0\0\0\0\0\0\0\0\0\0\0\0\0\0\0\0\0\0\0\0\0\0\0\0\0\0\0\0\0\0\0\0\0\0\0\0\0\0\0\0\0\0\0\0\0\0\0\0\0\0\0\0\0\0\0\0\0\0\0\0\0\0\0\0\0\0\0\0\0\0\0\0\0\0\0\0\0\0\0\0\0\0\0\0\0\0\0\0\0\0\0\0\0\0\0\0\0\0\0\0\0\0\0\0\0\0\0\0\0\0\0\0\0\0\0\0\0\0\0\0\0\0\0\0\0\0\0\0\0\0\0\0\0\0\0\0\0\0\0\0\0\0\0\0\0\0\0\0\0\0\0\0\0\0\0\0\0\0\0\0\0\0\0\0\0\0\0\0\0\0\0\0\0\0\0\0\0\0\0\0\0\0\0\0\0\0\0\0\0\0\0\0\0\0\0\0\0\0\0\0\0\0\0\0\0\0\0\0\0\0\0\0\0\0\0\0\0\0\0\0\0\0\0\0\0\0\0\0\0\0\0\0\0\0\0\0\0\0\0\0\0\0\0\0\0\0\0\0\0\0\0\0\0\0\0\0\0\0\0\0\0\0\0\0\0\0\0\0\0\0\0\0\0\0\0\0\0\0\0\0\0\0\0\0\0\0\0\0\0\0\0\0\0\0\0\0\0\0\0\0\0\0\0\0\0\0\0\0\0\0\0\0\0\0\0\0\0\0\0\0\0\0\0\0\0\0\0\0\0\0\0\0\0\0\0\0\0\0\0\0\0\0\0\0\0\0\0\0\0\0\0\0\0\0\0\0\0\0\0\0\0\0\0\0\0\0\0\0\0\0\0\0\0\0\0\0\0\0\0\0\0\0\0\0\0\0\0\0\0\0\0\0\0\0\0\0\0\0\0\0\0\0\0\0\0\0\0\0\0\0\0\0\0\0\0\0\0\0\0\0\0\0\0\0\0\0\0\0\0\0\0\0\0\0\0\0\0\0\0\0\0\0\0\0\0\0\0\0\0\0\0\0\0\0\0\0\0\0\0\0\0\0\0\0\0\0\0\0\0\0\0\0\0\0\0\0\0\0\0\0\0\0\0\0\0\0\0\0\0\0\0\0\0\0\0\0\0\0\0\0\0\0\0\0\0\0\0\0\0\0\0\0\0\0\0\0\0\0\0\0\0\0\0\0\0\0\0\0\0\0\0\0\0\0\0\0\0\0\0\0\0\0\0\0\0\0\0\0\0\0\0\0\0\0\0\0\0\0\0\0\0\0\0\0\0\0\0\0\0\0\0\0\0\0\0\0\0\0\0\0\0\0\0\0\0\0\0\0\0\0\0\0\0\0\0\0\0\0\0\0\0\0\0\0\0\0\0\0\0\0\0\0\0\0\0\0\0\0\0\0\0\0\0\0\0\0\0\0\0\0\0\0\0\0\0\0\0\0\0\0\0\0\0\0\0\0\0\0\0\0\0\0\0\0\0\0\0\0\0\0\0\0\0\0\0\0\0\0\0\0\0\0\0\0\0\0\0\0\0\0\0\0\0\0\0\0\0\0\0\0\0\0\0\0\0\0\0\0\0\0\0\0\0\0\0\0\0\0\0\0\0\0\0\0\0\0\0\0\0\0\0\0\0\0\0\0\0\0\0\0\0\0\0\0\0\0\0\0\0\0\0\0\0\0\0\0\0\0\0\0\0\0\0\0\0\0\0\0\0\0\0\0\0\0\0\0\0\0\0\0\0\0\0\0\0\0\0\0\0\0\0\0\0\0\0\0\0\0\0\0\0\0\0\0\0\0\0\0\0\0\0\0\0\0\0\0\0\0\0\0\0\0\0\0\0\0\0\0\0\0\0\0\0\0\0\0\0\0\0\0\0\0\0\0\0\0\0\0\0\0\0\0\0\0\0\0\0\0\0\0\0\0\0\0\0\0\0\0\0\0\0\0\0\0\0\0\0\0\0\0\0\0\0\0\0\0\0\0\0\0\0\0\0\0\0\0\0\0\0\0\0\0\0\0\0\0\0\0\0\0\0\0\0\0\0\0\0\0\0\0\0\0\0\0\0\0\0\0\0\0\0\0\0\0\0\0\0\0\0\0\0\0\0\0\0\0\0\0\0\0\0\0\0\0\0\0\0\0\0\0\0\0\0\0\0\0\0\0\0\0\0\0\0\0\0\0\0\0\0\0\0\0\0\0\0\0\0\0\0\0\0\0\0\0\0\0\0\0\0\0\0\0\0\0\0\0\0\0\0\0\0\0\0\0\0\0\0\0\0\0\0\0\0\0\0\0\0\0\0\0\0\0\0\0\0\0\0\0\0\0\0\0\0\0\0\0\0\0\0\0\0\0\0\0\0\0\0\0\0\0\0\0\0\0\0\0\0\0\0\0\0\0\0\0\0\0\0\0\0\0\0\0\0\0\0\0\0\0\0\0\0\0\0\0\0\0\0\0\0\0\0\0\0\0\0\0\0\0\0\0\0\0\0\0\0\0\0\0\0\0\0\0\0\0\0\0\0\0\0\0\0\0\0\0\0\0\0\0\0\0\0\0\0\0\0\0\0\0\0\0\0\0\0\0\0\0\0\0\0\0\0\0\0\0\0\0\0\0\0\0\0\0\0\0\0\0\0\0\0\0\0\0\0\0\0\0\0\0\0\0\0\0\0\0\0\0\0\0\0\0\0\0\0\0\0\0\0\0\0\0\0\0\0\0\0\0\0\0\0\0\0\0\0\0\0\0\0\0\0\0\0\0\0\0\0\0\0\0\0\0\0\0\0\0\0\0\0\0\0\0\0\0\0\0\0\0\0\0\0\0\0\0\0\0\0\0\0\0\0\0\0\0\0\0\0\0\0\0\0\0\0\0\0\0\0\0\0\0\0\0\0\0\0\0\0\0\0\0\0\0\0\0\0\0\0\0\0\0\0\0\0\0\0\0\0\0\0\0\0\0\0\0\0\0\0\0\0\0\0\0\0\0\0\0\0\0\0\0\0\0\0\0\0\0\0\0\0\0\0\0\0\0\0\0\0\0\0\0\0\0\0\0\0\0\0\0\0\0\0\0\0\0\0\0\0\0\0\0\0\0\0\0\0\0\0\0\0\0\0\0\0\0\0\0\0\0\0\0\0\0\0\0\0\0\0\0\0\0\0\0\0\0\0\0\0\0\0\0\0\0\0\0\0\0\0\0\0\0\0\0\0\0\0\0\0\0\0\0\0\0\0\0\0\0\0\0\0\0\0\0\0\0\0\0\0\0\0\0\0\0\0\0\0\0\0\0\0\0\0\0\0\0\0\0\0\0\0\0\0\0\0\0\0\0\0\0\0\0\0\0\0\0\0\0\0\0\0\0\0\0\0\0\0\0\0\0\0\0\0\0\0\0\0\0\0\0\0\0\0\0\0\0\0\0\0\0\0\0\0\0\0\0\0\0\0\0\0\0\0\0\0\0\0\0\0\0\0\0\0\0\0\0\0\0\0\0\0\0\0\0\0\0\0\0\0\0\0\0\0\0\0\0\0\0\0\0\0\0\0\0\0\0\0\0\0\0\0\0\0\0\0\0\0\0\0\0\0\0\0\0\0\0\0\0\0\0\0\0\0\0\0\0\0\0\0\0\0\0\0\0\0\0\0\0\0\0\0\0\0\0\0\0\0\0\0\0\0\0\0\0\0\0\0\0\0\0\0\0\0\0\0\0\0\0\0\0\0\0\0\0\0\0\0\0\0\0\0\0\0\0\0\0\0\0\0\0\0\0\0\0\0\0\0\0\0\0\0\0\0\0\0\0\0\0\0\0\0\0\0\0\0\0\0\0\0\0\0\0\0\0\0\0\0\0\0\0\0\0\0\0\0\0\0\0\0\0\0\0\0\0\0\0\0\0\0\0\0\0\0\0\0\0\0\0\0\0\0\0\0\0\0\0\0\0\0\0\0\0\0\0\0\0\0\0\0\0\0\0\0\0\0\0\0\0\0\0\0\0\0\0\0\0\0\0\0\0\0\0\0\0\0\0\0\0\0\0\0\0\0\0\0\0\0\0\0\0\0\0\0\0\0\0\0\0\0\0\0\0\0\0\0\0\0\0\0\0\0\0\0\0\0\0\0\0\0\0\0\0\0\0\0\0\0\0\0\0\0\0\0\0\0\0\0\0\0\0\0\0\0\0\0\0\0\0\0\0\0\0\0\0\0\0\0\0\0\0\0\0\0\0\0\0\0\0\0\0\0\0\0\0\0\0\0\0\0\0\0\0\0\0\0\0\0\0\0\0\0\0\0\0\0\0\0\0\0\0\0\0\0\0\0\0\0\0\0\0\0\0\0\0\0\0\0\0\0\0\0\0\0\0\0\0\0\0\0\0\0\0\0\0\0\0\0\0\0\0\0\0\0\0\0\0\0\0\0\0\0\0\0\0\0\0\0\0\0\0\0\0\0\0\0\0\0\0\0\0\0\0\0\0\0\0\0\0\0\0\0\0\0\0\0\0\0\0\0\0\0\0\0\0\0\0\0\0\0\0\0\0\0\0\0\0\0\0\0\0\0\0\0\0\0\0\0\0\0\0\0\0\0\0\0\0\0\0\0\0\0\0\0\0\0\0\0\0\0\0\0\0\0\0\0\0\0\0\0\0\0\0\0\0\0\0\0\0\0\0\0\0\0\0\0\0\0\0\0\0\0\0\0\0\0\0\0\0\0\0\0\0\0\0\0\0\0\0\0\0\0\0\0\0\0\0\0\0\0\0\0\0\0\0\0\0\0\0\0\0\0\0\0\0\0\0\0\0\0\0\0\0\0\0\0\0\0\0\0\0\0\0\0\0\0\0\0\0\0\0\0\0\0\0\0\0\0\0\0\0\0\0\0\0\0\0\0\0\0\0\0\0\0\0\0\0\0\0\0\0\0\0\0\0\0\0\0\0\0\0\0\0\0\0\0\0\0\0\0\0\0\0\0\0\0\0\0\0\0\0\0\0\0\0\0\0\0\0\0\0\0\0\0\0\0\0\0\0\0\0\0\0\0\0\0\0\0\0\0\0\0\0\0\0\0\0\0\0\0\0\0\0\0\0\0\0\0\0\0\0\0\0\0\0\0\0\0\0\0\0\0\0\0\0\0\0\0\0\0\0\0\0\0\0\0\0\0\0\0\0\0\0\0\0\0\0\0\0\0\0\0\0\0\0\0\0\0\0\0\0\0\0\0\0\0\0\0\0\0\0\0\0\0\0\0\0\0\0\0\0\0\0\0\0\0\0\0\0\0\0\0\0\0\0\0\0\0\0\0\0\0\0\0\0\0\0\0\0\0\0\0\0\0\0\0\0\0\0\0\0\0\0\0\0\0\0\0\0\0\0\0\0\0\0\0\0\0\0\0\0\0\0\0\0\0\0\0\0\0\0\0\0\0\0\0\0\0\0\0\0\0\0\0\0\0\0\0\0\0\0\0\0\0\0\0\0\0\0\0\0\0\0\0\0\0\0\0\0\0\0\0\0\0\0\0\0\0\0\0\0\0\0\0\0\0\0\0\0\0\0\0\0\0\0\0\0\0\0\0\0\0\0\0\0\0\0\0\0\0\0\0\0\0\0\0\0\0\0\0\0\0\0\0\0\0\0\0\0\0\0\0\0\0\0\0\0\0\0\0\0\0\0\0\0\0\0\0\0\0\0\0\0\0\0\0\0\0\0\0\0\0\0\0\0\0\0\0\0\0\0\0\0\0\0\0\0\0\0\0\0\0\0\0\0\0\0\0\0\0\0\0\0\0\0\0\0\0\0\0\0\0\0\0\0\0\0\0\0\0\0\0\0\0\0\0\0\0\0\0\0\0\0\0\0\0\0\0\0\0\0\0\0\0\0\0\0\0\0\0\0\0\0\0\0\0\0\0\0\0\0\0\0\0\0\0\0\0\0\0\0\0\0\0\0\0\0\0\0\0\0\0\0\0\0\0\0\0\0\0\0\0\0\0\0\0\0\0\0\0\0\0\0\0\0\0\0\0\0\0\0\0\0\0\0\0\0\0\0\0\0\0\0\0\0\0\0\0\0\0\0\0\0\0\0\0\0\0\0\0\0\0\0\0\0\0\0\0\0\0\0\0\0\0\0\0\0\0\0\0\0\0\0\0\0\0\0\0\0\0\0\0\0\0\0\0\0\0\0\0\0\0\0\0\0\0\0\0\0\0\0\0\0\0\0\0\0\0\0\0\0\0\0\0\0\0\0\0\0\0\0\0\0\0\0\0\0\0\0\0\0\0\0\0\0\0\0\0\0\0\0\0\0\0\0\0\0\0\0\0\0\0\0\0\0\0\0\0\0\0\0\0\0\0\0\0\0\0\0\0\0\0\0\0\0\0\0\0\0\0\0\0\0\0\0\0\0\0\0\0\0\0\0\0\0\0\0\0\0\0\0\0\0\0\0\0\0\0\0\0\0\0\0\0\0\0\0\0\0\0\0\0\0\0\0\0\0\0\0\0\0\0\0\0\0\0\0\0\0\0\0\0\0\0\0\0\0\0\0\0\0\0\0\0\0\0\0\0\0\0\0\0\0\0\0\0\0\0\0\0\0\0\0\0\0\0\0\0\0\0\0\0\0\0\0\0\0\0\0\0\0\0\0\0\0\0\0\0\0\0\0\0\0\0\0\0\0\0\0\0\0\0\0\0\0\0\0\0\0\0\0\0\0\0\0\0\0\0\0\0\0\0\0\0\0\0\0\0\0\0\0\0\0\0\0\0\0\0\0\0\0\0\0\0\0\0\0\0\0\0\0\0\0\0\0\0\0\0\0\0\0\0\0\0\0\0\0\0\0\0\0\0\0\0\0\0\0\0\0\0\0\0\0\0\0\0\0\0\0\0\0\0\0\0\0\0\0\0\0\0\0\0\0\0\0\0\0\0\0\0\0\0\0\0\0\0\0\0\0\0\0\0\0\0\0\0\0\0\0\0\0\0\0\0\0\0\0\0\0\0\0\0\0\0\0\0\0\0\0\0\0\0\0\0\0\0\0\0\0\0\0\0\0\0\0\0\0\0\0\0\0\0\0\0\0\0\0\0\0\0\0\0\0\0\0\0\0\0\0\0\0\0\0\0\0\0\0\0\0\0\0\0\0\0\0\0\0\0\0\0\0\0\0\0\0\0\0\0\0\0\0\0\0\0\0\0\0\0\0\0\0\0\0\0\0\0\0\0\0\0\0\0\0\0\0\0\0\0\0\0\0\0\0\0\0\0\0\0\0\0\0\0\0\0\0\0\0\0\0\0\0\0\0\0\0\0\0\0\0\0\0\0\0\0\0\0\0\0\0\0\0\0\0\0\0\0\0\0\0\0\0\0\0\0\0\0\0\0\0\0\0\0\0\0\0\0\0\0\0\0\0\0\0\0\0\0\0\0\0' [C:\Users\Nhan\OneDrive - Rincovitch\00. Nhan\CSharp\RincoMTO\RincoMTO_fsauzi5n_wpftmp.csproj::TargetFramework=net48]
C:\Users\Nhan\OneDrive - Rincovitch\00. Nhan\CSharp\RincoMTO\BIMTOOL\obj\Release R26\Tools\MTO Group Bar\UI\MtoGroupBarWindow.g.cs(1,1): error CS1056: Unexpected character '\0' [C:\Users\Nhan\OneDrive - Rincovitch\00. Nhan\CSharp\RincoMTO\RincoMTO_djj4tpge_wpftmp.csproj::TargetFramework=net8.0-windows]
C:\Users\Nhan\OneDrive - Rincovitch\00. Nhan\CSharp\RincoMTO\BIMTOOL\obj\Release R26\Tools\MTO Group Bar\UI\MtoGroupBarWindow.g.cs(1,2): error CS1056: Unexpected character '\0' [C:\Users\Nhan\OneDrive - Rincovitch\00. Nhan\CSharp\RincoMTO\RincoMTO_djj4tpge_wpftmp.csproj::TargetFramework=net8.0-windows]
C:\Users\Nhan\OneDrive - Rincovitch\00. Nhan\CSharp\RincoMTO\BIMTOOL\obj\Release R26\GeneratedInternalTypeHelper.g.cs(1,1): error CS1056: Unexpected character '\0' [C:\Users\Nhan\OneDrive - Rincovitch\00. Nhan\CSharp\RincoMTO\RincoMTO_djj4tpge_wpftmp.csproj::TargetFramework=net8.0-windows]
C:\Users\Nhan\OneDrive - Rincovitch\00. Nhan\CSharp\RincoMTO\BIMTOOL\obj\Release R26\Tools\MTO Group Bar\UI\MtoGroupBarWindow.g.cs(1,3): error CS1056: Unexpected character '\0' [C:\Users\Nhan\OneDrive - Rincovitch\00. Nhan\CSharp\RincoMTO\RincoMTO_djj4tpge_wpftmp.csproj::TargetFramework=net8.0-windows]
C:\Users\Nhan\OneDrive - Rincovitch\00. Nhan\CSharp\RincoMTO\BIMTOOL\obj\Release R26\GeneratedInternalTypeHelper.g.cs(1,2): error CS1056: Unexpected character '\0' [C:\Users\Nhan\OneDrive - Rincovitch\00. Nhan\CSharp\RincoMTO\RincoMTO_djj4tpge_wpftmp.csproj::TargetFramework=net8.0-windows]
C:\Users\Nhan\OneDrive - Rincovitch\00. Nhan\CSharp\RincoMTO\BIMTOOL\obj\Release R26\GeneratedInternalTypeHelper.g.cs(1,3): error CS1056: Unexpected character '\0' [C:\Users\Nhan\OneDrive - Rincovitch\00. Nhan\CSharp\RincoMTO\RincoMTO_djj4tpge_wpftmp.csproj::TargetFramework=net8.0-windows]
C:\Users\Nhan\OneDrive - Rincovitch\00. Nhan\CSharp\RincoMTO\BIMTOOL\obj\Release R26\Tools\MTO Group Bar\UI\MtoGroupBarWindow.g.cs(1,4): error CS1056: Unexpected character '\0' [C:\Users\Nhan\OneDrive - Rincovitch\00. Nhan\CSharp\RincoMTO\RincoMTO_djj4tpge_wpftmp.csproj::TargetFramework=net8.0-windows]
C:\Users\Nhan\OneDrive - Rincovitch\00. Nhan\CSharp\RincoMTO\BIMTOOL\obj\Release R26\GeneratedInternalTypeHelper.g.cs(1,4): error CS1056: Unexpected character '\0' [C:\Users\Nhan\OneDrive - Rincovitch\00. Nhan\CSharp\RincoMTO\RincoMTO_djj4tpge_wpftmp.csproj::TargetFramework=net8.0-windows]
C:\Users\Nhan\OneDrive - Rincovitch\00. Nhan\CSharp\RincoMTO\BIMTOOL\obj\Release R26\Tools\MTO Group Bar\UI\MtoGroupBarWindow.g.cs(1,5): error CS1056: Unexpected character '\0' [C:\Users\Nhan\OneDrive - Rincovitch\00. Nhan\CSharp\RincoMTO\RincoMTO_djj4tpge_wpftmp.csproj::TargetFramework=net8.0-windows]
C:\Users\Nhan\OneDrive - Rincovitch\00. Nhan\CSharp\RincoMTO\BIMTOOL\obj\Release R26\GeneratedInternalTypeHelper.g.cs(1,5): error CS1056: Unexpected character '\0' [C:\Users\Nhan\OneDrive - Rincovitch\00. Nhan\CSharp\RincoMTO\RincoMTO_djj4tpge_wpftmp.csproj::TargetFramework=net8.0-windows]
C:\Users\Nhan\OneDrive - Rincovitch\00. Nhan\CSharp\RincoMTO\BIMTOOL\obj\Release R26\Tools\MTO Group Bar\UI\MtoGroupBarWindow.g.cs(1,6): error CS1056: Unexpected character '\0' [C:\Users\Nhan\OneDrive - Rincovitch\00. Nhan\CSharp\RincoMTO\RincoMTO_djj4tpge_wpftmp.csproj::TargetFramework=net8.0-windows]
C:\Users\Nhan\OneDrive - Rincovitch\00. Nhan\CSharp\RincoMTO\BIMTOOL\obj\Release R26\GeneratedInternalTypeHelper.g.cs(1,6): error CS1056: Unexpected character '\0' [C:\Users\Nhan\OneDrive - Rincovitch\00. Nhan\CSharp\RincoMTO\RincoMTO_djj4tpge_wpftmp.csproj::TargetFramework=net8.0-windows]
C:\Users\Nhan\OneDrive - Rincovitch\00. Nhan\CSharp\RincoMTO\BIMTOOL\obj\Release R26\GeneratedInternalTypeHelper.g.cs(1,7): error CS1056: Unexpected character '\0' [C:\Users\Nhan\OneDrive - Rincovitch\00. Nhan\CSharp\RincoMTO\RincoMTO_djj4tpge_wpftmp.csproj::TargetFramework=net8.0-windows]
C:\Users\Nhan\OneDrive - Rincovitch\00. Nhan\CSharp\RincoMTO\BIMTOOL\obj\Release R26\Tools\MTO Group Bar\UI\MtoGroupBarWindow.g.cs(1,7): error CS1056: Unexpected character '\0' [C:\Users\Nhan\OneDrive - Rincovitch\00. Nhan\CSharp\RincoMTO\RincoMTO_djj4tpge_wpftmp.csproj::TargetFramework=net8.0-windows]
C:\Users\Nhan\OneDrive - Rincovitch\00. Nhan\CSharp\RincoMTO\BIMTOOL\obj\Release R26\Tools\MTO Group Bar\UI\MtoGroupBarWindow.g.cs(1,8): error CS1056: Unexpected character '\0' [C:\Users\Nhan\OneDrive - Rincovitch\00. Nhan\CSharp\RincoMTO\RincoMTO_djj4tpge_wpftmp.csproj::TargetFramework=net8.0-windows]
C:\Users\Nhan\OneDrive - Rincovitch\00. Nhan\CSharp\RincoMTO\BIMTOOL\obj\Release R26\Tools\MTO Group Bar\UI\MtoGroupBarWindow.g.cs(1,9): error CS1056: Unexpected character '\0' [C:\Users\Nhan\OneDrive - Rincovitch\00. Nhan\CSharp\RincoMTO\RincoMTO_djj4tpge_wpftmp.csproj::TargetFramework=net8.0-windows]
C:\Users\Nhan\OneDrive - Rincovitch\00. Nhan\CSharp\RincoMTO\BIMTOOL\obj\Release R26\Tools\MTO Group Bar\UI\MtoGroupBarWindow.g.cs(1,10): error CS1056: Unexpected character '\0' [C:\Users\Nhan\OneDrive - Rincovitch\00. Nhan\CSharp\RincoMTO\RincoMTO_djj4tpge_wpftmp.csproj::TargetFramework=net8.0-windows]
C:\Users\Nhan\OneDrive - Rincovitch\00. Nhan\CSharp\RincoMTO\BIMTOOL\obj\Release R26\Tools\MTO Group Bar\UI\MtoGroupBarWindow.g.cs(1,11): error CS1056: Unexpected character '\0' [C:\Users\Nhan\OneDrive - Rincovitch\00. Nhan\CSharp\RincoMTO\RincoMTO_djj4tpge_wpftmp.csproj::TargetFramework=net8.0-windows]
C:\Users\Nhan\OneDrive - Rincovitch\00. Nhan\CSharp\RincoMTO\BIMTOOL\obj\Release R26\Tools\MTO Group Bar\UI\MtoGroupBarWindow.g.cs(1,12): error CS1056: Unexpected character '\0' [C:\Users\Nhan\OneDrive - Rincovitch\00. Nhan\CSharp\RincoMTO\RincoMTO_djj4tpge_wpftmp.csproj::TargetFramework=net8.0-windows]
C:\Users\Nhan\OneDrive - Rincovitch\00. Nhan\CSharp\RincoMTO\BIMTOOL\obj\Release R26\Tools\MTO Group Bar\UI\MtoGroupBarWindow.g.cs(1,13): error CS1056: Unexpected character '\0' [C:\Users\Nhan\OneDrive - Rincovitch\00. Nhan\CSharp\RincoMTO\RincoMTO_djj4tpge_wpftmp.csproj::TargetFramework=net8.0-windows]
C:\Users\Nhan\OneDrive - Rincovitch\00. Nhan\CSharp\RincoMTO\BIMTOOL\obj\Release R26\Tools\MTO Group Bar\UI\MtoGroupBarWindow.g.cs(1,14): error CS1056: Unexpected character '\0' [C:\Users\Nhan\OneDrive - Rincovitch\00. Nhan\CSharp\RincoMTO\RincoMTO_djj4tpge_wpftmp.csproj::TargetFramework=net8.0-windows]
C:\Users\Nhan\OneDrive - Rincovitch\00. Nhan\CSharp\RincoMTO\BIMTOOL\obj\Release R26\Tools\MTO Group Bar\UI\MtoGroupBarWindow.g.cs(1,15): error CS1056: Unexpected character '\0' [C:\Users\Nhan\OneDrive - Rincovitch\00. Nhan\CSharp\RincoMTO\RincoMTO_djj4tpge_wpftmp.csproj::TargetFramework=net8.0-windows]
C:\Users\Nhan\OneDrive - Rincovitch\00. Nhan\CSharp\RincoMTO\BIMTOOL\obj\Release R26\RincoMTO.AssemblyInfo.cs(1,1): error CS1056: Unexpected character '\0' [C:\Users\Nhan\OneDrive - Rincovitch\00. Nhan\CSharp\RincoMTO\RincoMTO_djj4tpge_wpftmp.csproj::TargetFramework=net8.0-windows]
C:\Users\Nhan\OneDrive - Rincovitch\00. Nhan\CSharp\RincoMTO\BIMTOOL\obj\Release R26\Tools\MTO Group Bar\UI\MtoGroupBarWindow.g.cs(1,16): error CS1056: Unexpected character '\0' [C:\Users\Nhan\OneDrive - Rincovitch\00. Nhan\CSharp\RincoMTO\RincoMTO_djj4tpge_wpftmp.csproj::TargetFramework=net8.0-windows]
C:\Users\Nhan\OneDrive - Rincovitch\00. Nhan\CSharp\RincoMTO\BIMTOOL\obj\Release R26\RincoMTO.AssemblyInfo.cs(1,2): error CS1056: Unexpected character '\0' [C:\Users\Nhan\OneDrive - Rincovitch\00. Nhan\CSharp\RincoMTO\RincoMTO_djj4tpge_wpftmp.csproj::TargetFramework=net8.0-windows]
C:\Users\Nhan\OneDrive - Rincovitch\00. Nhan\CSharp\RincoMTO\BIMTOOL\obj\Release R26\Tools\MTO Group Bar\UI\MtoGroupBarWindow.g.cs(1,17): error CS1056: Unexpected character '\0' [C:\Users\Nhan\OneDrive - Rincovitch\00. Nhan\CSharp\RincoMTO\RincoMTO_djj4tpge_wpftmp.csproj::TargetFramework=net8.0-windows]
C:\Users\Nhan\OneDrive - Rincovitch\00. Nhan\CSharp\RincoMTO\BIMTOOL\obj\Release R26\Tools\MTO Group Bar\UI\MtoGroupBarWindow.g.cs(1,18): error CS1056: Unexpected character '\0' [C:\Users\Nhan\OneDrive - Rincovitch\00. Nhan\CSharp\RincoMTO\RincoMTO_djj4tpge_wpftmp.csproj::TargetFramework=net8.0-windows]
C:\Users\Nhan\OneDrive - Rincovitch\00. Nhan\CSharp\RincoMTO\BIMTOOL\obj\Release R26\Tools\MTO Group Bar\UI\MtoGroupBarWindow.g.cs(1,19): error CS1056: Unexpected character '\0' [C:\Users\Nhan\OneDrive - Rincovitch\00. Nhan\CSharp\RincoMTO\RincoMTO_djj4tpge_wpftmp.csproj::TargetFramework=net8.0-windows]
C:\Users\Nhan\OneDrive - Rincovitch\00. Nhan\CSharp\RincoMTO\BIMTOOL\obj\Release R26\RincoMTO.AssemblyInfo.cs(1,3): error CS1056: Unexpected character '\0' [C:\Users\Nhan\OneDrive - Rincovitch\00. Nhan\CSharp\RincoMTO\RincoMTO_djj4tpge_wpftmp.csproj::TargetFramework=net8.0-windows]
C:\Users\Nhan\OneDrive - Rincovitch\00. Nhan\CSharp\RincoMTO\BIMTOOL\obj\Release R26\Tools\MTO Group Bar\UI\MtoGroupBarWindow.g.cs(1,20): error CS1056: Unexpected character '\0' [C:\Users\Nhan\OneDrive - Rincovitch\00. Nhan\CSharp\RincoMTO\RincoMTO_djj4tpge_wpftmp.csproj::TargetFramework=net8.0-windows]
C:\Users\Nhan\OneDrive - Rincovitch\00. Nhan\CSharp\RincoMTO\BIMTOOL\obj\Release R26\RincoMTO.AssemblyInfo.cs(1,4): error CS1056: Unexpected character '\0' [C:\Users\Nhan\OneDrive - Rincovitch\00. Nhan\CSharp\RincoMTO\RincoMTO_djj4tpge_wpftmp.csproj::TargetFramework=net8.0-windows]
C:\Users\Nhan\OneDrive - Rincovitch\00. Nhan\CSharp\RincoMTO\BIMTOOL\obj\Release R26\Tools\MTO Group Bar\UI\MtoGroupBarWindow.g.cs(1,21): error CS1056: Unexpected character '\0' [C:\Users\Nhan\OneDrive - Rincovitch\00. Nhan\CSharp\RincoMTO\RincoMTO_djj4tpge_wpftmp.csproj::TargetFramework=net8.0-windows]
C:\Users\Nhan\OneDrive - Rincovitch\00. Nhan\CSharp\RincoMTO\BIMTOOL\obj\Release R26\Tools\MTO Group Bar\UI\MtoGroupBarWindow.g.cs(1,22): error CS1056: Unexpected character '\0' [C:\Users\Nhan\OneDrive - Rincovitch\00. Nhan\CSharp\RincoMTO\RincoMTO_djj4tpge_wpftmp.csproj::TargetFramework=net8.0-windows]
C:\Users\Nhan\OneDrive - Rincovitch\00. Nhan\CSharp\RincoMTO\BIMTOOL\obj\Release R26\RincoMTO.AssemblyInfo.cs(1,5): error CS1056: Unexpected character '\0' [C:\Users\Nhan\OneDrive - Rincovitch\00. Nhan\CSharp\RincoMTO\RincoMTO_djj4tpge_wpftmp.csproj::TargetFramework=net8.0-windows]
C:\Users\Nhan\OneDrive - Rincovitch\00. Nhan\CSharp\RincoMTO\BIMTOOL\obj\Release R26\RincoMTO.AssemblyInfo.cs(1,6): error CS1056: Unexpected character '\0' [C:\Users\Nhan\OneDrive - Rincovitch\00. Nhan\CSharp\RincoMTO\RincoMTO_djj4tpge_wpftmp.csproj::TargetFramework=net8.0-windows]
C:\Users\Nhan\OneDrive - Rincovitch\00. Nhan\CSharp\RincoMTO\BIMTOOL\obj\Release R26\Tools\MTO Group Bar\UI\MtoGroupBarWindow.g.cs(1,23): error CS1056: Unexpected character '\0' [C:\Users\Nhan\OneDrive - Rincovitch\00. Nhan\CSharp\RincoMTO\RincoMTO_djj4tpge_wpftmp.csproj::TargetFramework=net8.0-windows]
C:\Users\Nhan\OneDrive - Rincovitch\00. Nhan\CSharp\RincoMTO\BIMTOOL\obj\Release R26\RincoMTO.AssemblyInfo.cs(1,7): error CS1056: Unexpected character '\0' [C:\Users\Nhan\OneDrive - Rincovitch\00. Nhan\CSharp\RincoMTO\RincoMTO_djj4tpge_wpftmp.csproj::TargetFramework=net8.0-windows]
C:\Users\Nhan\OneDrive - Rincovitch\00. Nhan\CSharp\RincoMTO\BIMTOOL\obj\Release R26\RincoMTO.AssemblyInfo.cs(1,8): error CS1056: Unexpected character '\0' [C:\Users\Nhan\OneDrive - Rincovitch\00. Nhan\CSharp\RincoMTO\RincoMTO_djj4tpge_wpftmp.csproj::TargetFramework=net8.0-windows]
C:\Users\Nhan\OneDrive - Rincovitch\00. Nhan\CSharp\RincoMTO\BIMTOOL\obj\Release R26\RincoMTO.AssemblyInfo.cs(1,9): error CS1056: Unexpected character '\0' [C:\Users\Nhan\OneDrive - Rincovitch\00. Nhan\CSharp\RincoMTO\RincoMTO_djj4tpge_wpftmp.csproj::TargetFramework=net8.0-windows]
C:\Users\Nhan\OneDrive - Rincovitch\00. Nhan\CSharp\RincoMTO\BIMTOOL\obj\Release R26\Tools\MTO Group Bar\UI\MtoGroupBarWindow.g.cs(1,24): error CS1056: Unexpected character '\0' [C:\Users\Nhan\OneDrive - Rincovitch\00. Nhan\CSharp\RincoMTO\RincoMTO_djj4tpge_wpftmp.csproj::TargetFramework=net8.0-windows]
C:\Users\Nhan\OneDrive - Rincovitch\00. Nhan\CSharp\RincoMTO\BIMTOOL\obj\Release R26\RincoMTO.AssemblyInfo.cs(1,10): error CS1056: Unexpected character '\0' [C:\Users\Nhan\OneDrive - Rincovitch\00. Nhan\CSharp\RincoMTO\RincoMTO_djj4tpge_wpftmp.csproj::TargetFramework=net8.0-windows]
C:\Users\Nhan\OneDrive - Rincovitch\00. Nhan\CSharp\RincoMTO\BIMTOOL\obj\Release R26\Tools\MTO Group Bar\UI\MtoGroupBarWindow.g.cs(1,25): error CS1056: Unexpected character '\0' [C:\Users\Nhan\OneDrive - Rincovitch\00. Nhan\CSharp\RincoMTO\RincoMTO_djj4tpge_wpftmp.csproj::TargetFramework=net8.0-windows]
C:\Users\Nhan\OneDrive - Rincovitch\00. Nhan\CSharp\RincoMTO\BIMTOOL\obj\Release R26\RincoMTO.AssemblyInfo.cs(1,11): error CS1056: Unexpected character '\0' [C:\Users\Nhan\OneDrive - Rincovitch\00. Nhan\CSharp\RincoMTO\RincoMTO_djj4tpge_wpftmp.csproj::TargetFramework=net8.0-windows]
C:\Users\Nhan\OneDrive - Rincovitch\00. Nhan\CSharp\RincoMTO\BIMTOOL\obj\Release R26\Tools\MTO Group Bar\UI\MtoGroupBarWindow.g.cs(1,26): error CS1056: Unexpected character '\0' [C:\Users\Nhan\OneDrive - Rincovitch\00. Nhan\CSharp\RincoMTO\RincoMTO_djj4tpge_wpftmp.csproj::TargetFramework=net8.0-windows]
C:\Users\Nhan\OneDrive - Rincovitch\00. Nhan\CSharp\RincoMTO\BIMTOOL\obj\Release R26\RincoMTO.AssemblyInfo.cs(1,12): error CS1056: Unexpected character '\0' [C:\Users\Nhan\OneDrive - Rincovitch\00. Nhan\CSharp\RincoMTO\RincoMTO_djj4tpge_wpftmp.csproj::TargetFramework=net8.0-windows]
C:\Users\Nhan\OneDrive - Rincovitch\00. Nhan\CSharp\RincoMTO\BIMTOOL\obj\Release R26\Tools\MTO Group Bar\UI\MtoGroupBarWindow.g.cs(1,27): error CS1056: Unexpected character '\0' [C:\Users\Nhan\OneDrive - Rincovitch\00. Nhan\CSharp\RincoMTO\RincoMTO_djj4tpge_wpftmp.csproj::TargetFramework=net8.0-windows]
C:\Users\Nhan\OneDrive - Rincovitch\00. Nhan\CSharp\RincoMTO\BIMTOOL\obj\Release R26\RincoMTO.AssemblyInfo.cs(1,13): error CS1056: Unexpected character '\0' [C:\Users\Nhan\OneDrive - Rincovitch\00. Nhan\CSharp\RincoMTO\RincoMTO_djj4tpge_wpftmp.csproj::TargetFramework=net8.0-windows]
C:\Users\Nhan\OneDrive - Rincovitch\00. Nhan\CSharp\RincoMTO\BIMTOOL\obj\Release R26\Tools\MTO Group Bar\UI\MtoGroupBarWindow.g.cs(1,28): error CS1056: Unexpected character '\0' [C:\Users\Nhan\OneDrive - Rincovitch\00. Nhan\CSharp\RincoMTO\RincoMTO_djj4tpge_wpftmp.csproj::TargetFramework=net8.0-windows]
C:\Users\Nhan\OneDrive - Rincovitch\00. Nhan\CSharp\RincoMTO\BIMTOOL\obj\Release R26\Tools\MTO Group Bar\UI\MtoGroupBarWindow.g.cs(1,29): error CS1056: Unexpected character '\0' [C:\Users\Nhan\OneDrive - Rincovitch\00. Nhan\CSharp\RincoMTO\RincoMTO_djj4tpge_wpftmp.csproj::TargetFramework=net8.0-windows]
C:\Users\Nhan\OneDrive - Rincovitch\00. Nhan\CSharp\RincoMTO\BIMTOOL\obj\Release R26\RincoMTO.AssemblyInfo.cs(1,14): error CS1056: Unexpected character '\0' [C:\Users\Nhan\OneDrive - Rincovitch\00. Nhan\CSharp\RincoMTO\RincoMTO_djj4tpge_wpftmp.csproj::TargetFramework=net8.0-windows]
C:\Users\Nhan\OneDrive - Rincovitch\00. Nhan\CSharp\RincoMTO\BIMTOOL\obj\Release R26\RincoMTO.AssemblyInfo.cs(1,15): error CS1056: Unexpected character '\0' [C:\Users\Nhan\OneDrive - Rincovitch\00. Nhan\CSharp\RincoMTO\RincoMTO_djj4tpge_wpftmp.csproj::TargetFramework=net8.0-windows]
C:\Users\Nhan\OneDrive - Rincovitch\00. Nhan\CSharp\RincoMTO\BIMTOOL\obj\Release R26\Tools\MTO Group Bar\UI\MtoGroupBarWindow.g.cs(1,30): error CS1056: Unexpected character '\0' [C:\Users\Nhan\OneDrive - Rincovitch\00. Nhan\CSharp\RincoMTO\RincoMTO_djj4tpge_wpftmp.csproj::TargetFramework=net8.0-windows]
C:\Users\Nhan\OneDrive - Rincovitch\00. Nhan\CSharp\RincoMTO\BIMTOOL\obj\Release R26\RincoMTO.AssemblyInfo.cs(1,16): error CS1056: Unexpected character '\0' [C:\Users\Nhan\OneDrive - Rincovitch\00. Nhan\CSharp\RincoMTO\RincoMTO_djj4tpge_wpftmp.csproj::TargetFramework=net8.0-windows]
C:\Users\Nhan\OneDrive - Rincovitch\00. Nhan\CSharp\RincoMTO\BIMTOOL\obj\Release R26\Tools\MTO Group Bar\UI\MtoGroupBarWindow.g.cs(1,31): error CS1056: Unexpected character '\0' [C:\Users\Nhan\OneDrive - Rincovitch\00. Nhan\CSharp\RincoMTO\RincoMTO_djj4tpge_wpftmp.csproj::TargetFramework=net8.0-windows]
C:\Users\Nhan\OneDrive - Rincovitch\00. Nhan\CSharp\RincoMTO\BIMTOOL\obj\Release R26\Tools\MTO Group Bar\UI\MtoGroupBarWindow.g.cs(1,32): error CS1056: Unexpected character '\0' [C:\Users\Nhan\OneDrive - Rincovitch\00. Nhan\CSharp\RincoMTO\RincoMTO_djj4tpge_wpftmp.csproj::TargetFramework=net8.0-windows]
C:\Users\Nhan\OneDrive - Rincovitch\00. Nhan\CSharp\RincoMTO\BIMTOOL\obj\Release R26\RincoMTO.AssemblyInfo.cs(1,17): error CS1056: Unexpected character '\0' [C:\Users\Nhan\OneDrive - Rincovitch\00. Nhan\CSharp\RincoMTO\RincoMTO_djj4tpge_wpftmp.csproj::TargetFramework=net8.0-windows]
C:\Users\Nhan\OneDrive - Rincovitch\00. Nhan\CSharp\RincoMTO\BIMTOOL\obj\Release R26\Tools\MTO Group Bar\UI\MtoGroupBarWindow.g.cs(1,33): error CS1056: Unexpected character '\0' [C:\Users\Nhan\OneDrive - Rincovitch\00. Nhan\CSharp\RincoMTO\RincoMTO_djj4tpge_wpftmp.csproj::TargetFramework=net8.0-windows]
C:\Users\Nhan\OneDrive - Rincovitch\00. Nhan\CSharp\RincoMTO\BIMTOOL\obj\Release R26\RincoMTO.AssemblyInfo.cs(1,18): error CS1056: Unexpected character '\0' [C:\Users\Nhan\OneDrive - Rincovitch\00. Nhan\CSharp\RincoMTO\RincoMTO_djj4tpge_wpftmp.csproj::TargetFramework=net8.0-windows]
C:\Users\Nhan\OneDrive - Rincovitch\00. Nhan\CSharp\RincoMTO\BIMTOOL\obj\Release R26\Tools\MTO Group Bar\UI\MtoGroupBarWindow.g.cs(1,34): error CS1056: Unexpected character '\0' [C:\Users\Nhan\OneDrive - Rincovitch\00. Nhan\CSharp\RincoMTO\RincoMTO_djj4tpge_wpftmp.csproj::TargetFramework=net8.0-windows]
C:\Users\Nhan\OneDrive - Rincovitch\00. Nhan\CSharp\RincoMTO\BIMTOOL\obj\Release R26\RincoMTO.AssemblyInfo.cs(1,19): error CS1056: Unexpected character '\0' [C:\Users\Nhan\OneDrive - Rincovitch\00. Nhan\CSharp\RincoMTO\RincoMTO_djj4tpge_wpftmp.csproj::TargetFramework=net8.0-windows]
C:\Users\Nhan\OneDrive - Rincovitch\00. Nhan\CSharp\RincoMTO\BIMTOOL\obj\Release R26\Tools\MTO Group Bar\UI\MtoGroupBarWindow.g.cs(1,35): error CS1056: Unexpected character '\0' [C:\Users\Nhan\OneDrive - Rincovitch\00. Nhan\CSharp\RincoMTO\RincoMTO_djj4tpge_wpftmp.csproj::TargetFramework=net8.0-windows]
C:\Users\Nhan\OneDrive - Rincovitch\00. Nhan\CSharp\RincoMTO\BIMTOOL\obj\Release R26\Tools\MTO Group Bar\UI\MtoGroupBarWindow.g.cs(1,36): error CS1056: Unexpected character '\0' [C:\Users\Nhan\OneDrive - Rincovitch\00. Nhan\CSharp\RincoMTO\RincoMTO_djj4tpge_wpftmp.csproj::TargetFramework=net8.0-windows]
C:\Users\Nhan\OneDrive - Rincovitch\00. Nhan\CSharp\RincoMTO\BIMTOOL\obj\Release R26\RincoMTO.AssemblyInfo.cs(1,20): error CS1056: Unexpected character '\0' [C:\Users\Nhan\OneDrive - Rincovitch\00. Nhan\CSharp\RincoMTO\RincoMTO_djj4tpge_wpftmp.csproj::TargetFramework=net8.0-windows]
C:\Users\Nhan\OneDrive - Rincovitch\00. Nhan\CSharp\RincoMTO\BIMTOOL\obj\Release R26\Tools\MTO Group Bar\UI\MtoGroupBarWindow.g.cs(1,37): error CS1056: Unexpected character '\0' [C:\Users\Nhan\OneDrive - Rincovitch\00. Nhan\CSharp\RincoMTO\RincoMTO_djj4tpge_wpftmp.csproj::TargetFramework=net8.0-windows]
C:\Users\Nhan\OneDrive - Rincovitch\00. Nhan\CSharp\RincoMTO\BIMTOOL\obj\Release R26\RincoMTO.AssemblyInfo.cs(1,21): error CS1056: Unexpected character '\0' [C:\Users\Nhan\OneDrive - Rincovitch\00. Nhan\CSharp\RincoMTO\RincoMTO_djj4tpge_wpftmp.csproj::TargetFramework=net8.0-windows]
C:\Users\Nhan\OneDrive - Rincovitch\00. Nhan\CSharp\RincoMTO\BIMTOOL\obj\Release R26\Tools\MTO Group Bar\UI\MtoGroupBarWindow.g.cs(1,38): error CS1056: Unexpected character '\0' [C:\Users\Nhan\OneDrive - Rincovitch\00. Nhan\CSharp\RincoMTO\RincoMTO_djj4tpge_wpftmp.csproj::TargetFramework=net8.0-windows]
C:\Users\Nhan\OneDrive - Rincovitch\00. Nhan\CSharp\RincoMTO\BIMTOOL\obj\Release R26\Tools\MTO Group Bar\UI\MtoGroupBarWindow.g.cs(1,39): error CS1056: Unexpected character '\0' [C:\Users\Nhan\OneDrive - Rincovitch\00. Nhan\CSharp\RincoMTO\RincoMTO_djj4tpge_wpftmp.csproj::TargetFramework=net8.0-windows]
C:\Users\Nhan\OneDrive - Rincovitch\00. Nhan\CSharp\RincoMTO\BIMTOOL\obj\Release R26\RincoMTO.AssemblyInfo.cs(1,22): error CS1056: Unexpected character '\0' [C:\Users\Nhan\OneDrive - Rincovitch\00. Nhan\CSharp\RincoMTO\RincoMTO_djj4tpge_wpftmp.csproj::TargetFramework=net8.0-windows]
C:\Users\Nhan\OneDrive - Rincovitch\00. Nhan\CSharp\RincoMTO\BIMTOOL\obj\Release R26\Tools\MTO Group Bar\UI\MtoGroupBarWindow.g.cs(1,40): error CS1056: Unexpected character '\0' [C:\Users\Nhan\OneDrive - Rincovitch\00. Nhan\CSharp\RincoMTO\RincoMTO_djj4tpge_wpftmp.csproj::TargetFramework=net8.0-windows]
C:\Users\Nhan\OneDrive - Rincovitch\00. Nhan\CSharp\RincoMTO\BIMTOOL\obj\Release R26\RincoMTO.AssemblyInfo.cs(1,23): error CS1056: Unexpected character '\0' [C:\Users\Nhan\OneDrive - Rincovitch\00. Nhan\CSharp\RincoMTO\RincoMTO_djj4tpge_wpftmp.csproj::TargetFramework=net8.0-windows]
C:\Users\Nhan\OneDrive - Rincovitch\00. Nhan\CSharp\RincoMTO\BIMTOOL\obj\Release R26\Tools\MTO Group Bar\UI\MtoGroupBarWindow.g.cs(1,41): error CS1056: Unexpected character '\0' [C:\Users\Nhan\OneDrive - Rincovitch\00. Nhan\CSharp\RincoMTO\RincoMTO_djj4tpge_wpftmp.csproj::TargetFramework=net8.0-windows]
C:\Users\Nhan\OneDrive - Rincovitch\00. Nhan\CSharp\RincoMTO\BIMTOOL\obj\Release R26\RincoMTO.AssemblyInfo.cs(1,24): error CS1056: Unexpected character '\0' [C:\Users\Nhan\OneDrive - Rincovitch\00. Nhan\CSharp\RincoMTO\RincoMTO_djj4tpge_wpftmp.csproj::TargetFramework=net8.0-windows]
C:\Users\Nhan\OneDrive - Rincovitch\00. Nhan\CSharp\RincoMTO\BIMTOOL\obj\Release R26\Tools\MTO Group Bar\UI\MtoGroupBarWindow.g.cs(1,42): error CS1056: Unexpected character '\0' [C:\Users\Nhan\OneDrive - Rincovitch\00. Nhan\CSharp\RincoMTO\RincoMTO_djj4tpge_wpftmp.csproj::TargetFramework=net8.0-windows]
C:\Users\Nhan\OneDrive - Rincovitch\00. Nhan\CSharp\RincoMTO\BIMTOOL\obj\Release R26\RincoMTO.AssemblyInfo.cs(1,25): error CS1056: Unexpected character '\0' [C:\Users\Nhan\OneDrive - Rincovitch\00. Nhan\CSharp\RincoMTO\RincoMTO_djj4tpge_wpftmp.csproj::TargetFramework=net8.0-windows]
C:\Users\Nhan\OneDrive - Rincovitch\00. Nhan\CSharp\RincoMTO\BIMTOOL\obj\Release R26\Tools\MTO Group Bar\UI\MtoGroupBarWindow.g.cs(1,43): error CS1056: Unexpected character '\0' [C:\Users\Nhan\OneDrive - Rincovitch\00. Nhan\CSharp\RincoMTO\RincoMTO_djj4tpge_wpftmp.csproj::TargetFramework=net8.0-windows]
C:\Users\Nhan\OneDrive - Rincovitch\00. Nhan\CSharp\RincoMTO\BIMTOOL\obj\Release R26\RincoMTO.AssemblyInfo.cs(1,26): error CS1056: Unexpected character '\0' [C:\Users\Nhan\OneDrive - Rincovitch\00. Nhan\CSharp\RincoMTO\RincoMTO_djj4tpge_wpftmp.csproj::TargetFramework=net8.0-windows]
C:\Users\Nhan\OneDrive - Rincovitch\00. Nhan\CSharp\RincoMTO\BIMTOOL\obj\Release R26\RincoMTO.AssemblyInfo.cs(1,27): error CS1056: Unexpected character '\0' [C:\Users\Nhan\OneDrive - Rincovitch\00. Nhan\CSharp\RincoMTO\RincoMTO_djj4tpge_wpftmp.csproj::TargetFramework=net8.0-windows]
C:\Users\Nhan\OneDrive - Rincovitch\00. Nhan\CSharp\RincoMTO\BIMTOOL\obj\Release R26\Tools\MTO Group Bar\UI\MtoGroupBarWindow.g.cs(1,44): error CS1056: Unexpected character '\0' [C:\Users\Nhan\OneDrive - Rincovitch\00. Nhan\CSharp\RincoMTO\RincoMTO_djj4tpge_wpftmp.csproj::TargetFramework=net8.0-windows]
C:\Users\Nhan\OneDrive - Rincovitch\00. Nhan\CSharp\RincoMTO\BIMTOOL\obj\Release R26\RincoMTO.AssemblyInfo.cs(1,28): error CS1056: Unexpected character '\0' [C:\Users\Nhan\OneDrive - Rincovitch\00. Nhan\CSharp\RincoMTO\RincoMTO_djj4tpge_wpftmp.csproj::TargetFramework=net8.0-windows]
C:\Users\Nhan\OneDrive - Rincovitch\00. Nhan\CSharp\RincoMTO\BIMTOOL\obj\Release R26\Tools\MTO Group Bar\UI\MtoGroupBarWindow.g.cs(1,45): error CS1056: Unexpected character '\0' [C:\Users\Nhan\OneDrive - Rincovitch\00. Nhan\CSharp\RincoMTO\RincoMTO_djj4tpge_wpftmp.csproj::TargetFramework=net8.0-windows]
C:\Users\Nhan\OneDrive - Rincovitch\00. Nhan\CSharp\RincoMTO\BIMTOOL\obj\Release R26\Tools\MTO Group Bar\UI\MtoGroupBarWindow.g.cs(1,46): error CS1056: Unexpected character '\0' [C:\Users\Nhan\OneDrive - Rincovitch\00. Nhan\CSharp\RincoMTO\RincoMTO_djj4tpge_wpftmp.csproj::TargetFramework=net8.0-windows]
C:\Users\Nhan\OneDrive - Rincovitch\00. Nhan\CSharp\RincoMTO\BIMTOOL\obj\Release R26\RincoMTO.AssemblyInfo.cs(1,29): error CS1056: Unexpected character '\0' [C:\Users\Nhan\OneDrive - Rincovitch\00. Nhan\CSharp\RincoMTO\RincoMTO_djj4tpge_wpftmp.csproj::TargetFramework=net8.0-windows]
C:\Users\Nhan\OneDrive - Rincovitch\00. Nhan\CSharp\RincoMTO\BIMTOOL\obj\Release R26\Tools\MTO Group Bar\UI\MtoGroupBarWindow.g.cs(1,47): error CS1056: Unexpected character '\0' [C:\Users\Nhan\OneDrive - Rincovitch\00. Nhan\CSharp\RincoMTO\RincoMTO_djj4tpge_wpftmp.csproj::TargetFramework=net8.0-windows]
C:\Users\Nhan\OneDrive - Rincovitch\00. Nhan\CSharp\RincoMTO\BIMTOOL\obj\Release R26\RincoMTO.AssemblyInfo.cs(1,30): error CS1056: Unexpected character '\0' [C:\Users\Nhan\OneDrive - Rincovitch\00. Nhan\CSharp\RincoMTO\RincoMTO_djj4tpge_wpftmp.csproj::TargetFramework=net8.0-windows]
C:\Users\Nhan\OneDrive - Rincovitch\00. Nhan\CSharp\RincoMTO\BIMTOOL\obj\Release R26\Tools\MTO Group Bar\UI\MtoGroupBarWindow.g.cs(1,48): error CS1056: Unexpected character '\0' [C:\Users\Nhan\OneDrive - Rincovitch\00. Nhan\CSharp\RincoMTO\RincoMTO_djj4tpge_wpftmp.csproj::TargetFramework=net8.0-windows]
C:\Users\Nhan\OneDrive - Rincovitch\00. Nhan\CSharp\RincoMTO\BIMTOOL\obj\Release R26\RincoMTO.AssemblyInfo.cs(1,31): error CS1056: Unexpected character '\0' [C:\Users\Nhan\OneDrive - Rincovitch\00. Nhan\CSharp\RincoMTO\RincoMTO_djj4tpge_wpftmp.csproj::TargetFramework=net8.0-windows]
C:\Users\Nhan\OneDrive - Rincovitch\00. Nhan\CSharp\RincoMTO\BIMTOOL\obj\Release R26\Tools\MTO Group Bar\UI\MtoGroupBarWindow.g.cs(1,49): error CS1056: Unexpected character '\0' [C:\Users\Nhan\OneDrive - Rincovitch\00. Nhan\CSharp\RincoMTO\RincoMTO_djj4tpge_wpftmp.csproj::TargetFramework=net8.0-windows]
C:\Users\Nhan\OneDrive - Rincovitch\00. Nhan\CSharp\RincoMTO\BIMTOOL\obj\Release R26\RincoMTO.AssemblyInfo.cs(1,32): error CS1056: Unexpected character '\0' [C:\Users\Nhan\OneDrive - Rincovitch\00. Nhan\CSharp\RincoMTO\RincoMTO_djj4tpge_wpftmp.csproj::TargetFramework=net8.0-windows]
C:\Users\Nhan\OneDrive - Rincovitch\00. Nhan\CSharp\RincoMTO\BIMTOOL\obj\Release R26\Tools\MTO Group Bar\UI\MtoGroupBarWindow.g.cs(1,50): error CS1056: Unexpected character '\0' [C:\Users\Nhan\OneDrive - Rincovitch\00. Nhan\CSharp\RincoMTO\RincoMTO_djj4tpge_wpftmp.csproj::TargetFramework=net8.0-windows]
C:\Users\Nhan\OneDrive - Rincovitch\00. Nhan\CSharp\RincoMTO\BIMTOOL\obj\Release R26\RincoMTO.AssemblyInfo.cs(1,33): error CS1056: Unexpected character '\0' [C:\Users\Nhan\OneDrive - Rincovitch\00. Nhan\CSharp\RincoMTO\RincoMTO_djj4tpge_wpftmp.csproj::TargetFramework=net8.0-windows]
C:\Users\Nhan\OneDrive - Rincovitch\00. Nhan\CSharp\RincoMTO\BIMTOOL\obj\Release R26\Tools\MTO Group Bar\UI\MtoGroupBarWindow.g.cs(1,51): error CS1056: Unexpected character '\0' [C:\Users\Nhan\OneDrive - Rincovitch\00. Nhan\CSharp\RincoMTO\RincoMTO_djj4tpge_wpftmp.csproj::TargetFramework=net8.0-windows]
C:\Users\Nhan\OneDrive - Rincovitch\00. Nhan\CSharp\RincoMTO\BIMTOOL\obj\Release R26\RincoMTO.AssemblyInfo.cs(1,34): error CS1056: Unexpected character '\0' [C:\Users\Nhan\OneDrive - Rincovitch\00. Nhan\CSharp\RincoMTO\RincoMTO_djj4tpge_wpftmp.csproj::TargetFramework=net8.0-windows]
C:\Users\Nhan\OneDrive - Rincovitch\00. Nhan\CSharp\RincoMTO\BIMTOOL\obj\Release R26\Tools\MTO Group Bar\UI\MtoGroupBarWindow.g.cs(1,52): error CS1056: Unexpected character '\0' [C:\Users\Nhan\OneDrive - Rincovitch\00. Nhan\CSharp\RincoMTO\RincoMTO_djj4tpge_wpftmp.csproj::TargetFramework=net8.0-windows]
C:\Users\Nhan\OneDrive - Rincovitch\00. Nhan\CSharp\RincoMTO\BIMTOOL\obj\Release R26\RincoMTO.AssemblyInfo.cs(1,35): error CS1056: Unexpected character '\0' [C:\Users\Nhan\OneDrive - Rincovitch\00. Nhan\CSharp\RincoMTO\RincoMTO_djj4tpge_wpftmp.csproj::TargetFramework=net8.0-windows]
C:\Users\Nhan\OneDrive - Rincovitch\00. Nhan\CSharp\RincoMTO\BIMTOOL\obj\Release R26\RincoMTO.AssemblyInfo.cs(1,36): error CS1056: Unexpected character '\0' [C:\Users\Nhan\OneDrive - Rincovitch\00. Nhan\CSharp\RincoMTO\RincoMTO_djj4tpge_wpftmp.csproj::TargetFramework=net8.0-windows]
C:\Users\Nhan\OneDrive - Rincovitch\00. Nhan\CSharp\RincoMTO\BIMTOOL\obj\Release R26\Tools\MTO Group Bar\UI\MtoGroupBarWindow.g.cs(1,53): error CS1056: Unexpected character '\0' [C:\Users\Nhan\OneDrive - Rincovitch\00. Nhan\CSharp\RincoMTO\RincoMTO_djj4tpge_wpftmp.csproj::TargetFramework=net8.0-windows]
C:\Users\Nhan\OneDrive - Rincovitch\00. Nhan\CSharp\RincoMTO\BIMTOOL\obj\Release R26\RincoMTO.AssemblyInfo.cs(1,37): error CS1056: Unexpected character '\0' [C:\Users\Nhan\OneDrive - Rincovitch\00. Nhan\CSharp\RincoMTO\RincoMTO_djj4tpge_wpftmp.csproj::TargetFramework=net8.0-windows]
C:\Users\Nhan\OneDrive - Rincovitch\00. Nhan\CSharp\RincoMTO\BIMTOOL\obj\Release R26\RincoMTO.AssemblyInfo.cs(1,38): error CS1056: Unexpected character '\0' [C:\Users\Nhan\OneDrive - Rincovitch\00. Nhan\CSharp\RincoMTO\RincoMTO_djj4tpge_wpftmp.csproj::TargetFramework=net8.0-windows]
C:\Users\Nhan\OneDrive - Rincovitch\00. Nhan\CSharp\RincoMTO\BIMTOOL\obj\Release R26\RincoMTO.AssemblyInfo.cs(1,39): error CS1056: Unexpected character '\0' [C:\Users\Nhan\OneDrive - Rincovitch\00. Nhan\CSharp\RincoMTO\RincoMTO_djj4tpge_wpftmp.csproj::TargetFramework=net8.0-windows]
C:\Users\Nhan\OneDrive - Rincovitch\00. Nhan\CSharp\RincoMTO\BIMTOOL\obj\Release R26\Tools\MTO Group Bar\UI\MtoGroupBarWindow.g.cs(1,54): error CS1056: Unexpected character '\0' [C:\Users\Nhan\OneDrive - Rincovitch\00. Nhan\CSharp\RincoMTO\RincoMTO_djj4tpge_wpftmp.csproj::TargetFramework=net8.0-windows]
C:\Users\Nhan\OneDrive - Rincovitch\00. Nhan\CSharp\RincoMTO\BIMTOOL\obj\Release R26\Tools\MTO Group Bar\UI\MtoGroupBarWindow.g.cs(1,55): error CS1056: Unexpected character '\0' [C:\Users\Nhan\OneDrive - Rincovitch\00. Nhan\CSharp\RincoMTO\RincoMTO_djj4tpge_wpftmp.csproj::TargetFramework=net8.0-windows]
C:\Users\Nhan\OneDrive - Rincovitch\00. Nhan\CSharp\RincoMTO\BIMTOOL\obj\Release R26\Tools\MTO Group Bar\UI\MtoGroupBarWindow.g.cs(1,56): error CS1056: Unexpected character '\0' [C:\Users\Nhan\OneDrive - Rincovitch\00. Nhan\CSharp\RincoMTO\RincoMTO_djj4tpge_wpftmp.csproj::TargetFramework=net8.0-windows]
C:\Users\Nhan\OneDrive - Rincovitch\00. Nhan\CSharp\RincoMTO\BIMTOOL\obj\Release R26\RincoMTO.AssemblyInfo.cs(1,40): error CS1056: Unexpected character '\0' [C:\Users\Nhan\OneDrive - Rincovitch\00. Nhan\CSharp\RincoMTO\RincoMTO_djj4tpge_wpftmp.csproj::TargetFramework=net8.0-windows]
C:\Users\Nhan\OneDrive - Rincovitch\00. Nhan\CSharp\RincoMTO\BIMTOOL\obj\Release R26\Tools\MTO Group Bar\UI\MtoGroupBarWindow.g.cs(1,57): error CS1056: Unexpected character '\0' [C:\Users\Nhan\OneDrive - Rincovitch\00. Nhan\CSharp\RincoMTO\RincoMTO_djj4tpge_wpftmp.csproj::TargetFramework=net8.0-windows]
C:\Users\Nhan\OneDrive - Rincovitch\00. Nhan\CSharp\RincoMTO\BIMTOOL\obj\Release R26\RincoMTO.AssemblyInfo.cs(1,41): error CS1056: Unexpected character '\0' [C:\Users\Nhan\OneDrive - Rincovitch\00. Nhan\CSharp\RincoMTO\RincoMTO_djj4tpge_wpftmp.csproj::TargetFramework=net8.0-windows]
C:\Users\Nhan\OneDrive - Rincovitch\00. Nhan\CSharp\RincoMTO\BIMTOOL\obj\Release R26\RincoMTO.AssemblyInfo.cs(1,42): error CS1056: Unexpected character '\0' [C:\Users\Nhan\OneDrive - Rincovitch\00. Nhan\CSharp\RincoMTO\RincoMTO_djj4tpge_wpftmp.csproj::TargetFramework=net8.0-windows]
C:\Users\Nhan\OneDrive - Rincovitch\00. Nhan\CSharp\RincoMTO\BIMTOOL\obj\Release R26\RincoMTO.AssemblyInfo.cs(1,43): error CS1056: Unexpected character '\0' [C:\Users\Nhan\OneDrive - Rincovitch\00. Nhan\CSharp\RincoMTO\RincoMTO_djj4tpge_wpftmp.csproj::TargetFramework=net8.0-windows]
C:\Users\Nhan\OneDrive - Rincovitch\00. Nhan\CSharp\RincoMTO\BIMTOOL\obj\Release R26\Tools\MTO Group Bar\UI\MtoGroupBarWindow.g.cs(1,58): error CS1056: Unexpected character '\0' [C:\Users\Nhan\OneDrive - Rincovitch\00. Nhan\CSharp\RincoMTO\RincoMTO_djj4tpge_wpftmp.csproj::TargetFramework=net8.0-windows]
C:\Users\Nhan\OneDrive - Rincovitch\00. Nhan\CSharp\RincoMTO\BIMTOOL\obj\Release R26\RincoMTO.AssemblyInfo.cs(1,44): error CS1056: Unexpected character '\0' [C:\Users\Nhan\OneDrive - Rincovitch\00. Nhan\CSharp\RincoMTO\RincoMTO_djj4tpge_wpftmp.csproj::TargetFramework=net8.0-windows]
C:\Users\Nhan\OneDrive - Rincovitch\00. Nhan\CSharp\RincoMTO\BIMTOOL\obj\Release R26\Tools\MTO Group Bar\UI\MtoGroupBarWindow.g.cs(1,59): error CS1056: Unexpected character '\0' [C:\Users\Nhan\OneDrive - Rincovitch\00. Nhan\CSharp\RincoMTO\RincoMTO_djj4tpge_wpftmp.csproj::TargetFramework=net8.0-windows]
C:\Users\Nhan\OneDrive - Rincovitch\00. Nhan\CSharp\RincoMTO\BIMTOOL\obj\Release R26\RincoMTO.AssemblyInfo.cs(1,45): error CS1056: Unexpected character '\0' [C:\Users\Nhan\OneDrive - Rincovitch\00. Nhan\CSharp\RincoMTO\RincoMTO_djj4tpge_wpftmp.csproj::TargetFramework=net8.0-windows]
C:\Users\Nhan\OneDrive - Rincovitch\00. Nhan\CSharp\RincoMTO\BIMTOOL\obj\Release R26\Tools\MTO Group Bar\UI\MtoGroupBarWindow.g.cs(1,60): error CS1056: Unexpected character '\0' [C:\Users\Nhan\OneDrive - Rincovitch\00. Nhan\CSharp\RincoMTO\RincoMTO_djj4tpge_wpftmp.csproj::TargetFramework=net8.0-windows]
C:\Users\Nhan\OneDrive - Rincovitch\00. Nhan\CSharp\RincoMTO\BIMTOOL\obj\Release R26\RincoMTO.AssemblyInfo.cs(1,46): error CS1056: Unexpected character '\0' [C:\Users\Nhan\OneDrive - Rincovitch\00. Nhan\CSharp\RincoMTO\RincoMTO_djj4tpge_wpftmp.csproj::TargetFramework=net8.0-windows]
C:\Users\Nhan\OneDrive - Rincovitch\00. Nhan\CSharp\RincoMTO\BIMTOOL\obj\Release R26\Tools\MTO Group Bar\UI\MtoGroupBarWindow.g.cs(1,61): error CS1056: Unexpected character '\0' [C:\Users\Nhan\OneDrive - Rincovitch\00. Nhan\CSharp\RincoMTO\RincoMTO_djj4tpge_wpftmp.csproj::TargetFramework=net8.0-windows]
C:\Users\Nhan\OneDrive - Rincovitch\00. Nhan\CSharp\RincoMTO\BIMTOOL\obj\Release R26\RincoMTO.AssemblyInfo.cs(1,47): error CS1056: Unexpected character '\0' [C:\Users\Nhan\OneDrive - Rincovitch\00. Nhan\CSharp\RincoMTO\RincoMTO_djj4tpge_wpftmp.csproj::TargetFramework=net8.0-windows]
C:\Users\Nhan\OneDrive - Rincovitch\00. Nhan\CSharp\RincoMTO\BIMTOOL\obj\Release R26\Tools\MTO Group Bar\UI\MtoGroupBarWindow.g.cs(1,62): error CS1056: Unexpected character '\0' [C:\Users\Nhan\OneDrive - Rincovitch\00. Nhan\CSharp\RincoMTO\RincoMTO_djj4tpge_wpftmp.csproj::TargetFramework=net8.0-windows]
C:\Users\Nhan\OneDrive - Rincovitch\00. Nhan\CSharp\RincoMTO\BIMTOOL\obj\Release R26\Tools\MTO Group Bar\UI\MtoGroupBarWindow.g.cs(1,63): error CS1056: Unexpected character '\0' [C:\Users\Nhan\OneDrive - Rincovitch\00. Nhan\CSharp\RincoMTO\RincoMTO_djj4tpge_wpftmp.csproj::TargetFramework=net8.0-windows]
C:\Users\Nhan\OneDrive - Rincovitch\00. Nhan\CSharp\RincoMTO\BIMTOOL\obj\Release R26\RincoMTO.AssemblyInfo.cs(1,48): error CS1056: Unexpected character '\0' [C:\Users\Nhan\OneDrive - Rincovitch\00. Nhan\CSharp\RincoMTO\RincoMTO_djj4tpge_wpftmp.csproj::TargetFramework=net8.0-windows]
C:\Users\Nhan\OneDrive - Rincovitch\00. Nhan\CSharp\RincoMTO\BIMTOOL\obj\Release R26\Tools\MTO Group Bar\UI\MtoGroupBarWindow.g.cs(1,64): error CS1056: Unexpected character '\0' [C:\Users\Nhan\OneDrive - Rincovitch\00. Nhan\CSharp\RincoMTO\RincoMTO_djj4tpge_wpftmp.csproj::TargetFramework=net8.0-windows]
C:\Users\Nhan\OneDrive - Rincovitch\00. Nhan\CSharp\RincoMTO\BIMTOOL\obj\Release R26\RincoMTO.AssemblyInfo.cs(1,49): error CS1056: Unexpected character '\0' [C:\Users\Nhan\OneDrive - Rincovitch\00. Nhan\CSharp\RincoMTO\RincoMTO_djj4tpge_wpftmp.csproj::TargetFramework=net8.0-windows]
C:\Users\Nhan\OneDrive - Rincovitch\00. Nhan\CSharp\RincoMTO\BIMTOOL\obj\Release R26\Tools\MTO Group Bar\UI\MtoGroupBarWindow.g.cs(1,65): error CS1056: Unexpected character '\0' [C:\Users\Nhan\OneDrive - Rincovitch\00. Nhan\CSharp\RincoMTO\RincoMTO_djj4tpge_wpftmp.csproj::TargetFramework=net8.0-windows]
C:\Users\Nhan\OneDrive - Rincovitch\00. Nhan\CSharp\RincoMTO\BIMTOOL\obj\Release R26\RincoMTO.AssemblyInfo.cs(1,50): error CS1056: Unexpected character '\0' [C:\Users\Nhan\OneDrive - Rincovitch\00. Nhan\CSharp\RincoMTO\RincoMTO_djj4tpge_wpftmp.csproj::TargetFramework=net8.0-windows]
C:\Users\Nhan\OneDrive - Rincovitch\00. Nhan\CSharp\RincoMTO\BIMTOOL\obj\Release R26\Tools\MTO Group Bar\UI\MtoGroupBarWindow.g.cs(1,66): error CS1056: Unexpected character '\0' [C:\Users\Nhan\OneDrive - Rincovitch\00. Nhan\CSharp\RincoMTO\RincoMTO_djj4tpge_wpftmp.csproj::TargetFramework=net8.0-windows]
C:\Users\Nhan\OneDrive - Rincovitch\00. Nhan\CSharp\RincoMTO\BIMTOOL\obj\Release R26\RincoMTO.AssemblyInfo.cs(1,51): error CS1056: Unexpected character '\0' [C:\Users\Nhan\OneDrive - Rincovitch\00. Nhan\CSharp\RincoMTO\RincoMTO_djj4tpge_wpftmp.csproj::TargetFramework=net8.0-windows]
C:\Users\Nhan\OneDrive - Rincovitch\00. Nhan\CSharp\RincoMTO\BIMTOOL\obj\Release R26\Tools\MTO Group Bar\UI\MtoGroupBarWindow.g.cs(1,67): error CS1056: Unexpected character '\0' [C:\Users\Nhan\OneDrive - Rincovitch\00. Nhan\CSharp\RincoMTO\RincoMTO_djj4tpge_wpftmp.csproj::TargetFramework=net8.0-windows]
C:\Users\Nhan\OneDrive - Rincovitch\00. Nhan\CSharp\RincoMTO\BIMTOOL\obj\Release R26\Tools\MTO Group Bar\UI\MtoGroupBarWindow.g.cs(1,68): error CS1056: Unexpected character '\0' [C:\Users\Nhan\OneDrive - Rincovitch\00. Nhan\CSharp\RincoMTO\RincoMTO_djj4tpge_wpftmp.csproj::TargetFramework=net8.0-windows]
C:\Users\Nhan\OneDrive - Rincovitch\00. Nhan\CSharp\RincoMTO\BIMTOOL\obj\Release R26\RincoMTO.AssemblyInfo.cs(1,52): error CS1056: Unexpected character '\0' [C:\Users\Nhan\OneDrive - Rincovitch\00. Nhan\CSharp\RincoMTO\RincoMTO_djj4tpge_wpftmp.csproj::TargetFramework=net8.0-windows]
C:\Users\Nhan\OneDrive - Rincovitch\00. Nhan\CSharp\RincoMTO\BIMTOOL\obj\Release R26\Tools\MTO Group Bar\UI\MtoGroupBarWindow.g.cs(1,69): error CS1056: Unexpected character '\0' [C:\Users\Nhan\OneDrive - Rincovitch\00. Nhan\CSharp\RincoMTO\RincoMTO_djj4tpge_wpftmp.csproj::TargetFramework=net8.0-windows]
C:\Users\Nhan\OneDrive - Rincovitch\00. Nhan\CSharp\RincoMTO\BIMTOOL\obj\Release R26\Tools\MTO Group Bar\UI\MtoGroupBarWindow.g.cs(1,70): error CS1056: Unexpected character '\0' [C:\Users\Nhan\OneDrive - Rincovitch\00. Nhan\CSharp\RincoMTO\RincoMTO_djj4tpge_wpftmp.csproj::TargetFramework=net8.0-windows]
C:\Users\Nhan\OneDrive - Rincovitch\00. Nhan\CSharp\RincoMTO\BIMTOOL\obj\Release R26\RincoMTO.AssemblyInfo.cs(1,53): error CS1056: Unexpected character '\0' [C:\Users\Nhan\OneDrive - Rincovitch\00. Nhan\CSharp\RincoMTO\RincoMTO_djj4tpge_wpftmp.csproj::TargetFramework=net8.0-windows]
C:\Users\Nhan\OneDrive - Rincovitch\00. Nhan\CSharp\RincoMTO\BIMTOOL\obj\Release R26\Tools\MTO Group Bar\UI\MtoGroupBarWindow.g.cs(1,71): error CS1056: Unexpected character '\0' [C:\Users\Nhan\OneDrive - Rincovitch\00. Nhan\CSharp\RincoMTO\RincoMTO_djj4tpge_wpftmp.csproj::TargetFramework=net8.0-windows]
C:\Users\Nhan\OneDrive - Rincovitch\00. Nhan\CSharp\RincoMTO\BIMTOOL\obj\Release R26\RincoMTO.AssemblyInfo.cs(1,54): error CS1056: Unexpected character '\0' [C:\Users\Nhan\OneDrive - Rincovitch\00. Nhan\CSharp\RincoMTO\RincoMTO_djj4tpge_wpftmp.csproj::TargetFramework=net8.0-windows]
C:\Users\Nhan\OneDrive - Rincovitch\00. Nhan\CSharp\RincoMTO\BIMTOOL\obj\Release R26\Tools\MTO Group Bar\UI\MtoGroupBarWindow.g.cs(1,72): error CS1056: Unexpected character '\0' [C:\Users\Nhan\OneDrive - Rincovitch\00. Nhan\CSharp\RincoMTO\RincoMTO_djj4tpge_wpftmp.csproj::TargetFramework=net8.0-windows]
C:\Users\Nhan\OneDrive - Rincovitch\00. Nhan\CSharp\RincoMTO\BIMTOOL\obj\Release R26\RincoMTO.AssemblyInfo.cs(1,55): error CS1056: Unexpected character '\0' [C:\Users\Nhan\OneDrive - Rincovitch\00. Nhan\CSharp\RincoMTO\RincoMTO_djj4tpge_wpftmp.csproj::TargetFramework=net8.0-windows]
C:\Users\Nhan\OneDrive - Rincovitch\00. Nhan\CSharp\RincoMTO\BIMTOOL\obj\Release R26\Tools\MTO Group Bar\UI\MtoGroupBarWindow.g.cs(1,73): error CS1056: Unexpected character '\0' [C:\Users\Nhan\OneDrive - Rincovitch\00. Nhan\CSharp\RincoMTO\RincoMTO_djj4tpge_wpftmp.csproj::TargetFramework=net8.0-windows]
C:\Users\Nhan\OneDrive - Rincovitch\00. Nhan\CSharp\RincoMTO\BIMTOOL\obj\Release R26\RincoMTO.AssemblyInfo.cs(1,56): error CS1056: Unexpected character '\0' [C:\Users\Nhan\OneDrive - Rincovitch\00. Nhan\CSharp\RincoMTO\RincoMTO_djj4tpge_wpftmp.csproj::TargetFramework=net8.0-windows]
C:\Users\Nhan\OneDrive - Rincovitch\00. Nhan\CSharp\RincoMTO\BIMTOOL\obj\Release R26\Tools\MTO Group Bar\UI\MtoGroupBarWindow.g.cs(1,74): error CS1056: Unexpected character '\0' [C:\Users\Nhan\OneDrive - Rincovitch\00. Nhan\CSharp\RincoMTO\RincoMTO_djj4tpge_wpftmp.csproj::TargetFramework=net8.0-windows]
C:\Users\Nhan\OneDrive - Rincovitch\00. Nhan\CSharp\RincoMTO\BIMTOOL\obj\Release R26\RincoMTO.AssemblyInfo.cs(1,57): error CS1056: Unexpected character '\0' [C:\Users\Nhan\OneDrive - Rincovitch\00. Nhan\CSharp\RincoMTO\RincoMTO_djj4tpge_wpftmp.csproj::TargetFramework=net8.0-windows]
C:\Users\Nhan\OneDrive - Rincovitch\00. Nhan\CSharp\RincoMTO\BIMTOOL\obj\Release R26\RincoMTO.AssemblyInfo.cs(1,58): error CS1056: Unexpected character '\0' [C:\Users\Nhan\OneDrive - Rincovitch\00. Nhan\CSharp\RincoMTO\RincoMTO_djj4tpge_wpftmp.csproj::TargetFramework=net8.0-windows]
C:\Users\Nhan\OneDrive - Rincovitch\00. Nhan\CSharp\RincoMTO\BIMTOOL\obj\Release R26\Tools\MTO Group Bar\UI\MtoGroupBarWindow.g.cs(1,75): error CS1056: Unexpected character '\0' [C:\Users\Nhan\OneDrive - Rincovitch\00. Nhan\CSharp\RincoMTO\RincoMTO_djj4tpge_wpftmp.csproj::TargetFramework=net8.0-windows]
C:\Users\Nhan\OneDrive - Rincovitch\00. Nhan\CSharp\RincoMTO\BIMTOOL\obj\Release R26\Tools\MTO Group Bar\UI\MtoGroupBarWindow.g.cs(1,76): error CS1056: Unexpected character '\0' [C:\Users\Nhan\OneDrive - Rincovitch\00. Nhan\CSharp\RincoMTO\RincoMTO_djj4tpge_wpftmp.csproj::TargetFramework=net8.0-windows]
C:\Users\Nhan\OneDrive - Rincovitch\00. Nhan\CSharp\RincoMTO\BIMTOOL\obj\Release R26\RincoMTO.AssemblyInfo.cs(1,59): error CS1056: Unexpected character '\0' [C:\Users\Nhan\OneDrive - Rincovitch\00. Nhan\CSharp\RincoMTO\RincoMTO_djj4tpge_wpftmp.csproj::TargetFramework=net8.0-windows]
C:\Users\Nhan\OneDrive - Rincovitch\00. Nhan\CSharp\RincoMTO\BIMTOOL\obj\Release R26\RincoMTO.AssemblyInfo.cs(1,60): error CS1056: Unexpected character '\0' [C:\Users\Nhan\OneDrive - Rincovitch\00. Nhan\CSharp\RincoMTO\RincoMTO_djj4tpge_wpftmp.csproj::TargetFramework=net8.0-windows]
C:\Users\Nhan\OneDrive - Rincovitch\00. Nhan\CSharp\RincoMTO\BIMTOOL\obj\Release R26\Tools\MTO Group Bar\UI\MtoGroupBarWindow.g.cs(1,77): error CS1056: Unexpected character '\0' [C:\Users\Nhan\OneDrive - Rincovitch\00. Nhan\CSharp\RincoMTO\RincoMTO_djj4tpge_wpftmp.csproj::TargetFramework=net8.0-windows]
C:\Users\Nhan\OneDrive - Rincovitch\00. Nhan\CSharp\RincoMTO\BIMTOOL\obj\Release R26\Tools\MTO Group Bar\UI\MtoGroupBarWindow.g.cs(1,78): error CS1056: Unexpected character '\0' [C:\Users\Nhan\OneDrive - Rincovitch\00. Nhan\CSharp\RincoMTO\RincoMTO_djj4tpge_wpftmp.csproj::TargetFramework=net8.0-windows]
C:\Users\Nhan\OneDrive - Rincovitch\00. Nhan\CSharp\RincoMTO\BIMTOOL\obj\Release R26\RincoMTO.AssemblyInfo.cs(1,61): error CS1056: Unexpected character '\0' [C:\Users\Nhan\OneDrive - Rincovitch\00. Nhan\CSharp\RincoMTO\RincoMTO_djj4tpge_wpftmp.csproj::TargetFramework=net8.0-windows]
C:\Users\Nhan\OneDrive - Rincovitch\00. Nhan\CSharp\RincoMTO\BIMTOOL\obj\Release R26\Tools\MTO Group Bar\UI\MtoGroupBarWindow.g.cs(1,79): error CS1056: Unexpected character '\0' [C:\Users\Nhan\OneDrive - Rincovitch\00. Nhan\CSharp\RincoMTO\RincoMTO_djj4tpge_wpftmp.csproj::TargetFramework=net8.0-windows]
C:\Users\Nhan\OneDrive - Rincovitch\00. Nhan\CSharp\RincoMTO\BIMTOOL\obj\Release R26\RincoMTO.AssemblyInfo.cs(1,62): error CS1056: Unexpected character '\0' [C:\Users\Nhan\OneDrive - Rincovitch\00. Nhan\CSharp\RincoMTO\RincoMTO_djj4tpge_wpftmp.csproj::TargetFramework=net8.0-windows]
C:\Users\Nhan\OneDrive - Rincovitch\00. Nhan\CSharp\RincoMTO\BIMTOOL\obj\Release R26\Tools\MTO Group Bar\UI\MtoGroupBarWindow.g.cs(1,80): error CS1056: Unexpected character '\0' [C:\Users\Nhan\OneDrive - Rincovitch\00. Nhan\CSharp\RincoMTO\RincoMTO_djj4tpge_wpftmp.csproj::TargetFramework=net8.0-windows]
C:\Users\Nhan\OneDrive - Rincovitch\00. Nhan\CSharp\RincoMTO\BIMTOOL\obj\Release R26\RincoMTO.AssemblyInfo.cs(1,63): error CS1056: Unexpected character '\0' [C:\Users\Nhan\OneDrive - Rincovitch\00. Nhan\CSharp\RincoMTO\RincoMTO_djj4tpge_wpftmp.csproj::TargetFramework=net8.0-windows]
C:\Users\Nhan\OneDrive - Rincovitch\00. Nhan\CSharp\RincoMTO\BIMTOOL\obj\Release R26\Tools\MTO Group Bar\UI\MtoGroupBarWindow.g.cs(1,81): error CS1056: Unexpected character '\0' [C:\Users\Nhan\OneDrive - Rincovitch\00. Nhan\CSharp\RincoMTO\RincoMTO_djj4tpge_wpftmp.csproj::TargetFramework=net8.0-windows]
C:\Users\Nhan\OneDrive - Rincovitch\00. Nhan\CSharp\RincoMTO\BIMTOOL\obj\Release R26\Tools\MTO Group Bar\UI\MtoGroupBarWindow.g.cs(1,82): error CS1056: Unexpected character '\0' [C:\Users\Nhan\OneDrive - Rincovitch\00. Nhan\CSharp\RincoMTO\RincoMTO_djj4tpge_wpftmp.csproj::TargetFramework=net8.0-windows]
C:\Users\Nhan\OneDrive - Rincovitch\00. Nhan\CSharp\RincoMTO\BIMTOOL\obj\Release R26\Tools\MTO Group Bar\UI\MtoGroupBarWindow.g.cs(1,83): error CS1056: Unexpected character '\0' [C:\Users\Nhan\OneDrive - Rincovitch\00. Nhan\CSharp\RincoMTO\RincoMTO_djj4tpge_wpftmp.csproj::TargetFramework=net8.0-windows]
C:\Users\Nhan\OneDrive - Rincovitch\00. Nhan\CSharp\RincoMTO\BIMTOOL\obj\Release R26\Tools\MTO Group Bar\UI\MtoGroupBarWindow.g.cs(1,84): error CS1056: Unexpected character '\0' [C:\Users\Nhan\OneDrive - Rincovitch\00. Nhan\CSharp\RincoMTO\RincoMTO_djj4tpge_wpftmp.csproj::TargetFramework=net8.0-windows]
C:\Users\Nhan\OneDrive - Rincovitch\00. Nhan\CSharp\RincoMTO\BIMTOOL\obj\Release R26\Tools\MTO Group Bar\UI\MtoGroupBarWindow.g.cs(1,85): error CS1056: Unexpected character '\0' [C:\Users\Nhan\OneDrive - Rincovitch\00. Nhan\CSharp\RincoMTO\RincoMTO_djj4tpge_wpftmp.csproj::TargetFramework=net8.0-windows]
C:\Users\Nhan\OneDrive - Rincovitch\00. Nhan\CSharp\RincoMTO\BIMTOOL\obj\Release R26\Tools\MTO Group Bar\UI\MtoGroupBarWindow.g.cs(1,86): error CS1056: Unexpected character '\0' [C:\Users\Nhan\OneDrive - Rincovitch\00. Nhan\CSharp\RincoMTO\RincoMTO_djj4tpge_wpftmp.csproj::TargetFramework=net8.0-windows]
C:\Users\Nhan\OneDrive - Rincovitch\00. Nhan\CSharp\RincoMTO\BIMTOOL\obj\Release R26\RincoMTO.AssemblyInfo.cs(1,64): error CS1056: Unexpected character '\0' [C:\Users\Nhan\OneDrive - Rincovitch\00. Nhan\CSharp\RincoMTO\RincoMTO_djj4tpge_wpftmp.csproj::TargetFramework=net8.0-windows]
C:\Users\Nhan\OneDrive - Rincovitch\00. Nhan\CSharp\RincoMTO\BIMTOOL\obj\Release R26\Tools\MTO Group Bar\UI\MtoGroupBarWindow.g.cs(1,87): error CS1056: Unexpected character '\0' [C:\Users\Nhan\OneDrive - Rincovitch\00. Nhan\CSharp\RincoMTO\RincoMTO_djj4tpge_wpftmp.csproj::TargetFramework=net8.0-windows]
C:\Users\Nhan\OneDrive - Rincovitch\00. Nhan\CSharp\RincoMTO\BIMTOOL\obj\Release R26\RincoMTO.AssemblyInfo.cs(1,65): error CS1056: Unexpected character '\0' [C:\Users\Nhan\OneDrive - Rincovitch\00. Nhan\CSharp\RincoMTO\RincoMTO_djj4tpge_wpftmp.csproj::TargetFramework=net8.0-windows]
C:\Users\Nhan\OneDrive - Rincovitch\00. Nhan\CSharp\RincoMTO\BIMTOOL\obj\Release R26\Tools\MTO Group Bar\UI\MtoGroupBarWindow.g.cs(1,88): error CS1056: Unexpected character '\0' [C:\Users\Nhan\OneDrive - Rincovitch\00. Nhan\CSharp\RincoMTO\RincoMTO_djj4tpge_wpftmp.csproj::TargetFramework=net8.0-windows]
C:\Users\Nhan\OneDrive - Rincovitch\00. Nhan\CSharp\RincoMTO\BIMTOOL\obj\Release R26\RincoMTO.AssemblyInfo.cs(1,66): error CS1056: Unexpected character '\0' [C:\Users\Nhan\OneDrive - Rincovitch\00. Nhan\CSharp\RincoMTO\RincoMTO_djj4tpge_wpftmp.csproj::TargetFramework=net8.0-windows]
C:\Users\Nhan\OneDrive - Rincovitch\00. Nhan\CSharp\RincoMTO\BIMTOOL\obj\Release R26\Tools\MTO Group Bar\UI\MtoGroupBarWindow.g.cs(1,89): error CS1056: Unexpected character '\0' [C:\Users\Nhan\OneDrive - Rincovitch\00. Nhan\CSharp\RincoMTO\RincoMTO_djj4tpge_wpftmp.csproj::TargetFramework=net8.0-windows]
C:\Users\Nhan\OneDrive - Rincovitch\00. Nhan\CSharp\RincoMTO\BIMTOOL\obj\Release R26\RincoMTO.AssemblyInfo.cs(1,67): error CS1056: Unexpected character '\0' [C:\Users\Nhan\OneDrive - Rincovitch\00. Nhan\CSharp\RincoMTO\RincoMTO_djj4tpge_wpftmp.csproj::TargetFramework=net8.0-windows]
C:\Users\Nhan\OneDrive - Rincovitch\00. Nhan\CSharp\RincoMTO\BIMTOOL\obj\Release R26\Tools\MTO Group Bar\UI\MtoGroupBarWindow.g.cs(1,90): error CS1056: Unexpected character '\0' [C:\Users\Nhan\OneDrive - Rincovitch\00. Nhan\CSharp\RincoMTO\RincoMTO_djj4tpge_wpftmp.csproj::TargetFramework=net8.0-windows]
C:\Users\Nhan\OneDrive - Rincovitch\00. Nhan\CSharp\RincoMTO\BIMTOOL\obj\Release R26\RincoMTO.AssemblyInfo.cs(1,68): error CS1056: Unexpected character '\0' [C:\Users\Nhan\OneDrive - Rincovitch\00. Nhan\CSharp\RincoMTO\RincoMTO_djj4tpge_wpftmp.csproj::TargetFramework=net8.0-windows]
C:\Users\Nhan\OneDrive - Rincovitch\00. Nhan\CSharp\RincoMTO\BIMTOOL\obj\Release R26\Tools\MTO Group Bar\UI\MtoGroupBarWindow.g.cs(1,91): error CS1056: Unexpected character '\0' [C:\Users\Nhan\OneDrive - Rincovitch\00. Nhan\CSharp\RincoMTO\RincoMTO_djj4tpge_wpftmp.csproj::TargetFramework=net8.0-windows]
C:\Users\Nhan\OneDrive - Rincovitch\00. Nhan\CSharp\RincoMTO\BIMTOOL\obj\Release R26\RincoMTO.AssemblyInfo.cs(1,69): error CS1056: Unexpected character '\0' [C:\Users\Nhan\OneDrive - Rincovitch\00. Nhan\CSharp\RincoMTO\RincoMTO_djj4tpge_wpftmp.csproj::TargetFramework=net8.0-windows]
C:\Users\Nhan\OneDrive - Rincovitch\00. Nhan\CSharp\RincoMTO\BIMTOOL\obj\Release R26\Tools\MTO Group Bar\UI\MtoGroupBarWindow.g.cs(1,92): error CS1056: Unexpected character '\0' [C:\Users\Nhan\OneDrive - Rincovitch\00. Nhan\CSharp\RincoMTO\RincoMTO_djj4tpge_wpftmp.csproj::TargetFramework=net8.0-windows]
C:\Users\Nhan\OneDrive - Rincovitch\00. Nhan\CSharp\RincoMTO\BIMTOOL\obj\Release R26\RincoMTO.AssemblyInfo.cs(1,70): error CS1056: Unexpected character '\0' [C:\Users\Nhan\OneDrive - Rincovitch\00. Nhan\CSharp\RincoMTO\RincoMTO_djj4tpge_wpftmp.csproj::TargetFramework=net8.0-windows]
C:\Users\Nhan\OneDrive - Rincovitch\00. Nhan\CSharp\RincoMTO\BIMTOOL\obj\Release R26\Tools\MTO Group Bar\UI\MtoGroupBarWindow.g.cs(1,93): error CS1056: Unexpected character '\0' [C:\Users\Nhan\OneDrive - Rincovitch\00. Nhan\CSharp\RincoMTO\RincoMTO_djj4tpge_wpftmp.csproj::TargetFramework=net8.0-windows]
C:\Users\Nhan\OneDrive - Rincovitch\00. Nhan\CSharp\RincoMTO\BIMTOOL\obj\Release R26\RincoMTO.AssemblyInfo.cs(1,71): error CS1056: Unexpected character '\0' [C:\Users\Nhan\OneDrive - Rincovitch\00. Nhan\CSharp\RincoMTO\RincoMTO_djj4tpge_wpftmp.csproj::TargetFramework=net8.0-windows]
C:\Users\Nhan\OneDrive - Rincovitch\00. Nhan\CSharp\RincoMTO\BIMTOOL\obj\Release R26\Tools\MTO Group Bar\UI\MtoGroupBarWindow.g.cs(1,94): error CS1056: Unexpected character '\0' [C:\Users\Nhan\OneDrive - Rincovitch\00. Nhan\CSharp\RincoMTO\RincoMTO_djj4tpge_wpftmp.csproj::TargetFramework=net8.0-windows]
C:\Users\Nhan\OneDrive - Rincovitch\00. Nhan\CSharp\RincoMTO\BIMTOOL\obj\Release R26\RincoMTO.AssemblyInfo.cs(1,72): error CS1056: Unexpected character '\0' [C:\Users\Nhan\OneDrive - Rincovitch\00. Nhan\CSharp\RincoMTO\RincoMTO_djj4tpge_wpftmp.csproj::TargetFramework=net8.0-windows]
C:\Users\Nhan\OneDrive - Rincovitch\00. Nhan\CSharp\RincoMTO\BIMTOOL\obj\Release R26\Tools\MTO Group Bar\UI\MtoGroupBarWindow.g.cs(1,95): error CS1056: Unexpected character '\0' [C:\Users\Nhan\OneDrive - Rincovitch\00. Nhan\CSharp\RincoMTO\RincoMTO_djj4tpge_wpftmp.csproj::TargetFramework=net8.0-windows]
C:\Users\Nhan\OneDrive - Rincovitch\00. Nhan\CSharp\RincoMTO\BIMTOOL\obj\Release R26\RincoMTO.AssemblyInfo.cs(1,73): error CS1056: Unexpected character '\0' [C:\Users\Nhan\OneDrive - Rincovitch\00. Nhan\CSharp\RincoMTO\RincoMTO_djj4tpge_wpftmp.csproj::TargetFramework=net8.0-windows]
C:\Users\Nhan\OneDrive - Rincovitch\00. Nhan\CSharp\RincoMTO\BIMTOOL\obj\Release R26\Tools\MTO Group Bar\UI\MtoGroupBarWindow.g.cs(1,96): error CS1056: Unexpected character '\0' [C:\Users\Nhan\OneDrive - Rincovitch\00. Nhan\CSharp\RincoMTO\RincoMTO_djj4tpge_wpftmp.csproj::TargetFramework=net8.0-windows]
C:\Users\Nhan\OneDrive - Rincovitch\00. Nhan\CSharp\RincoMTO\BIMTOOL\obj\Release R26\RincoMTO.AssemblyInfo.cs(1,74): error CS1056: Unexpected character '\0' [C:\Users\Nhan\OneDrive - Rincovitch\00. Nhan\CSharp\RincoMTO\RincoMTO_djj4tpge_wpftmp.csproj::TargetFramework=net8.0-windows]
C:\Users\Nhan\OneDrive - Rincovitch\00. Nhan\CSharp\RincoMTO\BIMTOOL\obj\Release R26\Tools\MTO Group Bar\UI\MtoGroupBarWindow.g.cs(1,97): error CS1056: Unexpected character '\0' [C:\Users\Nhan\OneDrive - Rincovitch\00. Nhan\CSharp\RincoMTO\RincoMTO_djj4tpge_wpftmp.csproj::TargetFramework=net8.0-windows]
C:\Users\Nhan\OneDrive - Rincovitch\00. Nhan\CSharp\RincoMTO\BIMTOOL\obj\Release R26\RincoMTO.AssemblyInfo.cs(1,75): error CS1056: Unexpected character '\0' [C:\Users\Nhan\OneDrive - Rincovitch\00. Nhan\CSharp\RincoMTO\RincoMTO_djj4tpge_wpftmp.csproj::TargetFramework=net8.0-windows]
C:\Users\Nhan\OneDrive - Rincovitch\00. Nhan\CSharp\RincoMTO\BIMTOOL\obj\Release R26\Tools\MTO Group Bar\UI\MtoGroupBarWindow.g.cs(1,98): error CS1056: Unexpected character '\0' [C:\Users\Nhan\OneDrive - Rincovitch\00. Nhan\CSharp\RincoMTO\RincoMTO_djj4tpge_wpftmp.csproj::TargetFramework=net8.0-windows]
C:\Users\Nhan\OneDrive - Rincovitch\00. Nhan\CSharp\RincoMTO\BIMTOOL\obj\Release R26\RincoMTO.AssemblyInfo.cs(1,76): error CS1056: Unexpected character '\0' [C:\Users\Nhan\OneDrive - Rincovitch\00. Nhan\CSharp\RincoMTO\RincoMTO_djj4tpge_wpftmp.csproj::TargetFramework=net8.0-windows]
C:\Users\Nhan\OneDrive - Rincovitch\00. Nhan\CSharp\RincoMTO\BIMTOOL\obj\Release R26\RincoMTO.AssemblyInfo.cs(1,77): error CS1056: Unexpected character '\0' [C:\Users\Nhan\OneDrive - Rincovitch\00. Nhan\CSharp\RincoMTO\RincoMTO_djj4tpge_wpftmp.csproj::TargetFramework=net8.0-windows]
C:\Users\Nhan\OneDrive - Rincovitch\00. Nhan\CSharp\RincoMTO\BIMTOOL\obj\Release R26\Tools\MTO Group Bar\UI\MtoGroupBarWindow.g.cs(1,99): error CS1056: Unexpected character '\0' [C:\Users\Nhan\OneDrive - Rincovitch\00. Nhan\CSharp\RincoMTO\RincoMTO_djj4tpge_wpftmp.csproj::TargetFramework=net8.0-windows]
C:\Users\Nhan\OneDrive - Rincovitch\00. Nhan\CSharp\RincoMTO\BIMTOOL\obj\Release R26\Tools\MTO Group Bar\UI\MtoGroupBarWindow.g.cs(1,100): error CS1056: Unexpected character '\0' [C:\Users\Nhan\OneDrive - Rincovitch\00. Nhan\CSharp\RincoMTO\RincoMTO_djj4tpge_wpftmp.csproj::TargetFramework=net8.0-windows]
C:\Users\Nhan\OneDrive - Rincovitch\00. Nhan\CSharp\RincoMTO\BIMTOOL\obj\Release R26\RincoMTO.AssemblyInfo.cs(1,78): error CS1056: Unexpected character '\0' [C:\Users\Nhan\OneDrive - Rincovitch\00. Nhan\CSharp\RincoMTO\RincoMTO_djj4tpge_wpftmp.csproj::TargetFramework=net8.0-windows]
C:\Users\Nhan\OneDrive - Rincovitch\00. Nhan\CSharp\RincoMTO\BIMTOOL\obj\Release R26\Tools\MTO Group Bar\UI\MtoGroupBarWindow.g.cs(1,101): error CS1056: Unexpected character '\0' [C:\Users\Nhan\OneDrive - Rincovitch\00. Nhan\CSharp\RincoMTO\RincoMTO_djj4tpge_wpftmp.csproj::TargetFramework=net8.0-windows]
C:\Users\Nhan\OneDrive - Rincovitch\00. Nhan\CSharp\RincoMTO\BIMTOOL\obj\Release R26\Tools\MTO Group Bar\UI\MtoGroupBarWindow.g.cs(1,102): error CS1056: Unexpected character '\0' [C:\Users\Nhan\OneDrive - Rincovitch\00. Nhan\CSharp\RincoMTO\RincoMTO_djj4tpge_wpftmp.csproj::TargetFramework=net8.0-windows]
C:\Users\Nhan\OneDrive - Rincovitch\00. Nhan\CSharp\RincoMTO\BIMTOOL\obj\Release R26\RincoMTO.AssemblyInfo.cs(1,79): error CS1056: Unexpected character '\0' [C:\Users\Nhan\OneDrive - Rincovitch\00. Nhan\CSharp\RincoMTO\RincoMTO_djj4tpge_wpftmp.csproj::TargetFramework=net8.0-windows]
C:\Users\Nhan\OneDrive - Rincovitch\00. Nhan\CSharp\RincoMTO\BIMTOOL\obj\Release R26\Tools\MTO Group Bar\UI\MtoGroupBarWindow.g.cs(1,103): error CS1056: Unexpected character '\0' [C:\Users\Nhan\OneDrive - Rincovitch\00. Nhan\CSharp\RincoMTO\RincoMTO_djj4tpge_wpftmp.csproj::TargetFramework=net8.0-windows]
C:\Users\Nhan\OneDrive - Rincovitch\00. Nhan\CSharp\RincoMTO\BIMTOOL\obj\Release R26\RincoMTO.AssemblyInfo.cs(1,80): error CS1056: Unexpected character '\0' [C:\Users\Nhan\OneDrive - Rincovitch\00. Nhan\CSharp\RincoMTO\RincoMTO_djj4tpge_wpftmp.csproj::TargetFramework=net8.0-windows]
C:\Users\Nhan\OneDrive - Rincovitch\00. Nhan\CSharp\RincoMTO\BIMTOOL\obj\Release R26\Tools\MTO Group Bar\UI\MtoGroupBarWindow.g.cs(1,104): error CS1056: Unexpected character '\0' [C:\Users\Nhan\OneDrive - Rincovitch\00. Nhan\CSharp\RincoMTO\RincoMTO_djj4tpge_wpftmp.csproj::TargetFramework=net8.0-windows]
C:\Users\Nhan\OneDrive - Rincovitch\00. Nhan\CSharp\RincoMTO\BIMTOOL\obj\Release R26\RincoMTO.AssemblyInfo.cs(1,81): error CS1056: Unexpected character '\0' [C:\Users\Nhan\OneDrive - Rincovitch\00. Nhan\CSharp\RincoMTO\RincoMTO_djj4tpge_wpftmp.csproj::TargetFramework=net8.0-windows]
C:\Users\Nhan\OneDrive - Rincovitch\00. Nhan\CSharp\RincoMTO\BIMTOOL\obj\Release R26\RincoMTO.AssemblyInfo.cs(1,82): error CS1056: Unexpected character '\0' [C:\Users\Nhan\OneDrive - Rincovitch\00. Nhan\CSharp\RincoMTO\RincoMTO_djj4tpge_wpftmp.csproj::TargetFramework=net8.0-windows]
C:\Users\Nhan\OneDrive - Rincovitch\00. Nhan\CSharp\RincoMTO\BIMTOOL\obj\Release R26\Tools\MTO Group Bar\UI\MtoGroupBarWindow.g.cs(1,105): error CS1056: Unexpected character '\0' [C:\Users\Nhan\OneDrive - Rincovitch\00. Nhan\CSharp\RincoMTO\RincoMTO_djj4tpge_wpftmp.csproj::TargetFramework=net8.0-windows]
C:\Users\Nhan\OneDrive - Rincovitch\00. Nhan\CSharp\RincoMTO\BIMTOOL\obj\Release R26\RincoMTO.AssemblyInfo.cs(1,83): error CS1056: Unexpected character '\0' [C:\Users\Nhan\OneDrive - Rincovitch\00. Nhan\CSharp\RincoMTO\RincoMTO_djj4tpge_wpftmp.csproj::TargetFramework=net8.0-windows]
C:\Users\Nhan\OneDrive - Rincovitch\00. Nhan\CSharp\RincoMTO\BIMTOOL\obj\Release R26\Tools\MTO Group Bar\UI\MtoGroupBarWindow.g.cs(1,106): error CS1056: Unexpected character '\0' [C:\Users\Nhan\OneDrive - Rincovitch\00. Nhan\CSharp\RincoMTO\RincoMTO_djj4tpge_wpftmp.csproj::TargetFramework=net8.0-windows]
C:\Users\Nhan\OneDrive - Rincovitch\00. Nhan\CSharp\RincoMTO\BIMTOOL\obj\Release R26\RincoMTO.AssemblyInfo.cs(1,84): error CS1056: Unexpected character '\0' [C:\Users\Nhan\OneDrive - Rincovitch\00. Nhan\CSharp\RincoMTO\RincoMTO_djj4tpge_wpftmp.csproj::TargetFramework=net8.0-windows]
C:\Users\Nhan\OneDrive - Rincovitch\00. Nhan\CSharp\RincoMTO\BIMTOOL\obj\Release R26\Tools\MTO Group Bar\UI\MtoGroupBarWindow.g.cs(1,107): error CS1056: Unexpected character '\0' [C:\Users\Nhan\OneDrive - Rincovitch\00. Nhan\CSharp\RincoMTO\RincoMTO_djj4tpge_wpftmp.csproj::TargetFramework=net8.0-windows]
C:\Users\Nhan\OneDrive - Rincovitch\00. Nhan\CSharp\RincoMTO\BIMTOOL\obj\Release R26\RincoMTO.AssemblyInfo.cs(1,85): error CS1056: Unexpected character '\0' [C:\Users\Nhan\OneDrive - Rincovitch\00. Nhan\CSharp\RincoMTO\RincoMTO_djj4tpge_wpftmp.csproj::TargetFramework=net8.0-windows]
C:\Users\Nhan\OneDrive - Rincovitch\00. Nhan\CSharp\RincoMTO\BIMTOOL\obj\Release R26\Tools\MTO Group Bar\UI\MtoGroupBarWindow.g.cs(1,108): error CS1056: Unexpected character '\0' [C:\Users\Nhan\OneDrive - Rincovitch\00. Nhan\CSharp\RincoMTO\RincoMTO_djj4tpge_wpftmp.csproj::TargetFramework=net8.0-windows]
C:\Users\Nhan\OneDrive - Rincovitch\00. Nhan\CSharp\RincoMTO\BIMTOOL\obj\Release R26\RincoMTO.AssemblyInfo.cs(1,86): error CS1056: Unexpected character '\0' [C:\Users\Nhan\OneDrive - Rincovitch\00. Nhan\CSharp\RincoMTO\RincoMTO_djj4tpge_wpftmp.csproj::TargetFramework=net8.0-windows]
C:\Users\Nhan\OneDrive - Rincovitch\00. Nhan\CSharp\RincoMTO\BIMTOOL\obj\Release R26\Tools\MTO Group Bar\UI\MtoGroupBarWindow.g.cs(1,109): error CS1056: Unexpected character '\0' [C:\Users\Nhan\OneDrive - Rincovitch\00. Nhan\CSharp\RincoMTO\RincoMTO_djj4tpge_wpftmp.csproj::TargetFramework=net8.0-windows]
C:\Users\Nhan\OneDrive - Rincovitch\00. Nhan\CSharp\RincoMTO\BIMTOOL\obj\Release R26\RincoMTO.AssemblyInfo.cs(1,87): error CS1056: Unexpected character '\0' [C:\Users\Nhan\OneDrive - Rincovitch\00. Nhan\CSharp\RincoMTO\RincoMTO_djj4tpge_wpftmp.csproj::TargetFramework=net8.0-windows]
C:\Users\Nhan\OneDrive - Rincovitch\00. Nhan\CSharp\RincoMTO\BIMTOOL\obj\Release R26\Tools\MTO Group Bar\UI\MtoGroupBarWindow.g.cs(1,110): error CS1056: Unexpected character '\0' [C:\Users\Nhan\OneDrive - Rincovitch\00. Nhan\CSharp\RincoMTO\RincoMTO_djj4tpge_wpftmp.csproj::TargetFramework=net8.0-windows]
C:\Users\Nhan\OneDrive - Rincovitch\00. Nhan\CSharp\RincoMTO\BIMTOOL\obj\Release R26\RincoMTO.AssemblyInfo.cs(1,88): error CS1056: Unexpected character '\0' [C:\Users\Nhan\OneDrive - Rincovitch\00. Nhan\CSharp\RincoMTO\RincoMTO_djj4tpge_wpftmp.csproj::TargetFramework=net8.0-windows]
C:\Users\Nhan\OneDrive - Rincovitch\00. Nhan\CSharp\RincoMTO\BIMTOOL\obj\Release R26\Tools\MTO Group Bar\UI\MtoGroupBarWindow.g.cs(1,111): error CS1056: Unexpected character '\0' [C:\Users\Nhan\OneDrive - Rincovitch\00. Nhan\CSharp\RincoMTO\RincoMTO_djj4tpge_wpftmp.csproj::TargetFramework=net8.0-windows]
C:\Users\Nhan\OneDrive - Rincovitch\00. Nhan\CSharp\RincoMTO\BIMTOOL\obj\Release R26\RincoMTO.AssemblyInfo.cs(1,89): error CS1056: Unexpected character '\0' [C:\Users\Nhan\OneDrive - Rincovitch\00. Nhan\CSharp\RincoMTO\RincoMTO_djj4tpge_wpftmp.csproj::TargetFramework=net8.0-windows]
C:\Users\Nhan\OneDrive - Rincovitch\00. Nhan\CSharp\RincoMTO\BIMTOOL\obj\Release R26\Tools\MTO Group Bar\UI\MtoGroupBarWindow.g.cs(1,112): error CS1056: Unexpected character '\0' [C:\Users\Nhan\OneDrive - Rincovitch\00. Nhan\CSharp\RincoMTO\RincoMTO_djj4tpge_wpftmp.csproj::TargetFramework=net8.0-windows]
C:\Users\Nhan\OneDrive - Rincovitch\00. Nhan\CSharp\RincoMTO\BIMTOOL\obj\Release R26\RincoMTO.AssemblyInfo.cs(1,90): error CS1056: Unexpected character '\0' [C:\Users\Nhan\OneDrive - Rincovitch\00. Nhan\CSharp\RincoMTO\RincoMTO_djj4tpge_wpftmp.csproj::TargetFramework=net8.0-windows]
C:\Users\Nhan\OneDrive - Rincovitch\00. Nhan\CSharp\RincoMTO\BIMTOOL\obj\Release R26\Tools\MTO Group Bar\UI\MtoGroupBarWindow.g.cs(1,113): error CS1056: Unexpected character '\0' [C:\Users\Nhan\OneDrive - Rincovitch\00. Nhan\CSharp\RincoMTO\RincoMTO_djj4tpge_wpftmp.csproj::TargetFramework=net8.0-windows]
C:\Users\Nhan\OneDrive - Rincovitch\00. Nhan\CSharp\RincoMTO\BIMTOOL\obj\Release R26\RincoMTO.AssemblyInfo.cs(1,91): error CS1056: Unexpected character '\0' [C:\Users\Nhan\OneDrive - Rincovitch\00. Nhan\CSharp\RincoMTO\RincoMTO_djj4tpge_wpftmp.csproj::TargetFramework=net8.0-windows]
C:\Users\Nhan\OneDrive - Rincovitch\00. Nhan\CSharp\RincoMTO\BIMTOOL\obj\Release R26\Tools\MTO Group Bar\UI\MtoGroupBarWindow.g.cs(1,114): error CS1056: Unexpected character '\0' [C:\Users\Nhan\OneDrive - Rincovitch\00. Nhan\CSharp\RincoMTO\RincoMTO_djj4tpge_wpftmp.csproj::TargetFramework=net8.0-windows]
C:\Users\Nhan\OneDrive - Rincovitch\00. Nhan\CSharp\RincoMTO\BIMTOOL\obj\Release R26\RincoMTO.AssemblyInfo.cs(1,92): error CS1056: Unexpected character '\0' [C:\Users\Nhan\OneDrive - Rincovitch\00. Nhan\CSharp\RincoMTO\RincoMTO_djj4tpge_wpftmp.csproj::TargetFramework=net8.0-windows]
C:\Users\Nhan\OneDrive - Rincovitch\00. Nhan\CSharp\RincoMTO\BIMTOOL\obj\Release R26\Tools\MTO Group Bar\UI\MtoGroupBarWindow.g.cs(1,115): error CS1056: Unexpected character '\0' [C:\Users\Nhan\OneDrive - Rincovitch\00. Nhan\CSharp\RincoMTO\RincoMTO_djj4tpge_wpftmp.csproj::TargetFramework=net8.0-windows]
C:\Users\Nhan\OneDrive - Rincovitch\00. Nhan\CSharp\RincoMTO\BIMTOOL\obj\Release R26\RincoMTO.AssemblyInfo.cs(1,93): error CS1056: Unexpected character '\0' [C:\Users\Nhan\OneDrive - Rincovitch\00. Nhan\CSharp\RincoMTO\RincoMTO_djj4tpge_wpftmp.csproj::TargetFramework=net8.0-windows]
C:\Users\Nhan\OneDrive - Rincovitch\00. Nhan\CSharp\RincoMTO\BIMTOOL\obj\Release R26\Tools\MTO Group Bar\UI\MtoGroupBarWindow.g.cs(1,116): error CS1056: Unexpected character '\0' [C:\Users\Nhan\OneDrive - Rincovitch\00. Nhan\CSharp\RincoMTO\RincoMTO_djj4tpge_wpftmp.csproj::TargetFramework=net8.0-windows]
C:\Users\Nhan\OneDrive - Rincovitch\00. Nhan\CSharp\RincoMTO\BIMTOOL\obj\Release R26\Tools\MTO Group Bar\UI\MtoGroupBarWindow.g.cs(1,117): error CS1056: Unexpected character '\0' [C:\Users\Nhan\OneDrive - Rincovitch\00. Nhan\CSharp\RincoMTO\RincoMTO_djj4tpge_wpftmp.csproj::TargetFramework=net8.0-windows]
C:\Users\Nhan\OneDrive - Rincovitch\00. Nhan\CSharp\RincoMTO\BIMTOOL\obj\Release R26\RincoMTO.AssemblyInfo.cs(1,94): error CS1056: Unexpected character '\0' [C:\Users\Nhan\OneDrive - Rincovitch\00. Nhan\CSharp\RincoMTO\RincoMTO_djj4tpge_wpftmp.csproj::TargetFramework=net8.0-windows]
C:\Users\Nhan\OneDrive - Rincovitch\00. Nhan\CSharp\RincoMTO\BIMTOOL\obj\Release R26\Tools\MTO Group Bar\UI\MtoGroupBarWindow.g.cs(1,118): error CS1056: Unexpected character '\0' [C:\Users\Nhan\OneDrive - Rincovitch\00. Nhan\CSharp\RincoMTO\RincoMTO_djj4tpge_wpftmp.csproj::TargetFramework=net8.0-windows]
C:\Users\Nhan\OneDrive - Rincovitch\00. Nhan\CSharp\RincoMTO\BIMTOOL\obj\Release R26\RincoMTO.AssemblyInfo.cs(1,95): error CS1056: Unexpected character '\0' [C:\Users\Nhan\OneDrive - Rincovitch\00. Nhan\CSharp\RincoMTO\RincoMTO_djj4tpge_wpftmp.csproj::TargetFramework=net8.0-windows]
C:\Users\Nhan\OneDrive - Rincovitch\00. Nhan\CSharp\RincoMTO\BIMTOOL\obj\Release R26\RincoMTO.AssemblyInfo.cs(1,96): error CS1056: Unexpected character '\0' [C:\Users\Nhan\OneDrive - Rincovitch\00. Nhan\CSharp\RincoMTO\RincoMTO_djj4tpge_wpftmp.csproj::TargetFramework=net8.0-windows]
C:\Users\Nhan\OneDrive - Rincovitch\00. Nhan\CSharp\RincoMTO\BIMTOOL\obj\Release R26\Tools\MTO Group Bar\UI\MtoGroupBarWindow.g.cs(1,119): error CS1056: Unexpected character '\0' [C:\Users\Nhan\OneDrive - Rincovitch\00. Nhan\CSharp\RincoMTO\RincoMTO_djj4tpge_wpftmp.csproj::TargetFramework=net8.0-windows]
C:\Users\Nhan\OneDrive - Rincovitch\00. Nhan\CSharp\RincoMTO\BIMTOOL\obj\Release R26\RincoMTO.AssemblyInfo.cs(1,97): error CS1056: Unexpected character '\0' [C:\Users\Nhan\OneDrive - Rincovitch\00. Nhan\CSharp\RincoMTO\RincoMTO_djj4tpge_wpftmp.csproj::TargetFramework=net8.0-windows]
C:\Users\Nhan\OneDrive - Rincovitch\00. Nhan\CSharp\RincoMTO\BIMTOOL\obj\Release R26\Tools\MTO Group Bar\UI\MtoGroupBarWindow.g.cs(1,120): error CS1056: Unexpected character '\0' [C:\Users\Nhan\OneDrive - Rincovitch\00. Nhan\CSharp\RincoMTO\RincoMTO_djj4tpge_wpftmp.csproj::TargetFramework=net8.0-windows]
C:\Users\Nhan\OneDrive - Rincovitch\00. Nhan\CSharp\RincoMTO\BIMTOOL\obj\Release R26\RincoMTO.AssemblyInfo.cs(1,98): error CS1056: Unexpected character '\0' [C:\Users\Nhan\OneDrive - Rincovitch\00. Nhan\CSharp\RincoMTO\RincoMTO_djj4tpge_wpftmp.csproj::TargetFramework=net8.0-windows]
C:\Users\Nhan\OneDrive - Rincovitch\00. Nhan\CSharp\RincoMTO\BIMTOOL\obj\Release R26\Tools\MTO Group Bar\UI\MtoGroupBarWindow.g.cs(1,121): error CS1056: Unexpected character '\0' [C:\Users\Nhan\OneDrive - Rincovitch\00. Nhan\CSharp\RincoMTO\RincoMTO_djj4tpge_wpftmp.csproj::TargetFramework=net8.0-windows]
C:\Users\Nhan\OneDrive - Rincovitch\00. Nhan\CSharp\RincoMTO\BIMTOOL\obj\Release R26\RincoMTO.AssemblyInfo.cs(1,99): error CS1056: Unexpected character '\0' [C:\Users\Nhan\OneDrive - Rincovitch\00. Nhan\CSharp\RincoMTO\RincoMTO_djj4tpge_wpftmp.csproj::TargetFramework=net8.0-windows]
C:\Users\Nhan\OneDrive - Rincovitch\00. Nhan\CSharp\RincoMTO\BIMTOOL\obj\Release R26\Tools\MTO Group Bar\UI\MtoGroupBarWindow.g.cs(1,122): error CS1056: Unexpected character '\0' [C:\Users\Nhan\OneDrive - Rincovitch\00. Nhan\CSharp\RincoMTO\RincoMTO_djj4tpge_wpftmp.csproj::TargetFramework=net8.0-windows]
C:\Users\Nhan\OneDrive - Rincovitch\00. Nhan\CSharp\RincoMTO\BIMTOOL\obj\Release R26\RincoMTO.AssemblyInfo.cs(1,100): error CS1056: Unexpected character '\0' [C:\Users\Nhan\OneDrive - Rincovitch\00. Nhan\CSharp\RincoMTO\RincoMTO_djj4tpge_wpftmp.csproj::TargetFramework=net8.0-windows]
C:\Users\Nhan\OneDrive - Rincovitch\00. Nhan\CSharp\RincoMTO\BIMTOOL\obj\Release R26\Tools\MTO Group Bar\UI\MtoGroupBarWindow.g.cs(1,123): error CS1056: Unexpected character '\0' [C:\Users\Nhan\OneDrive - Rincovitch\00. Nhan\CSharp\RincoMTO\RincoMTO_djj4tpge_wpftmp.csproj::TargetFramework=net8.0-windows]
C:\Users\Nhan\OneDrive - Rincovitch\00. Nhan\CSharp\RincoMTO\BIMTOOL\obj\Release R26\RincoMTO.AssemblyInfo.cs(1,101): error CS1056: Unexpected character '\0' [C:\Users\Nhan\OneDrive - Rincovitch\00. Nhan\CSharp\RincoMTO\RincoMTO_djj4tpge_wpftmp.csproj::TargetFramework=net8.0-windows]
C:\Users\Nhan\OneDrive - Rincovitch\00. Nhan\CSharp\RincoMTO\BIMTOOL\obj\Release R26\Tools\MTO Group Bar\UI\MtoGroupBarWindow.g.cs(1,124): error CS1056: Unexpected character '\0' [C:\Users\Nhan\OneDrive - Rincovitch\00. Nhan\CSharp\RincoMTO\RincoMTO_djj4tpge_wpftmp.csproj::TargetFramework=net8.0-windows]
C:\Users\Nhan\OneDrive - Rincovitch\00. Nhan\CSharp\RincoMTO\BIMTOOL\obj\Release R26\RincoMTO.AssemblyInfo.cs(1,102): error CS1056: Unexpected character '\0' [C:\Users\Nhan\OneDrive - Rincovitch\00. Nhan\CSharp\RincoMTO\RincoMTO_djj4tpge_wpftmp.csproj::TargetFramework=net8.0-windows]
C:\Users\Nhan\OneDrive - Rincovitch\00. Nhan\CSharp\RincoMTO\BIMTOOL\obj\Release R26\Tools\MTO Group Bar\UI\MtoGroupBarWindow.g.cs(1,125): error CS1056: Unexpected character '\0' [C:\Users\Nhan\OneDrive - Rincovitch\00. Nhan\CSharp\RincoMTO\RincoMTO_djj4tpge_wpftmp.csproj::TargetFramework=net8.0-windows]
C:\Users\Nhan\OneDrive - Rincovitch\00. Nhan\CSharp\RincoMTO\BIMTOOL\obj\Release R26\RincoMTO.AssemblyInfo.cs(1,103): error CS1056: Unexpected character '\0' [C:\Users\Nhan\OneDrive - Rincovitch\00. Nhan\CSharp\RincoMTO\RincoMTO_djj4tpge_wpftmp.csproj::TargetFramework=net8.0-windows]
C:\Users\Nhan\OneDrive - Rincovitch\00. Nhan\CSharp\RincoMTO\BIMTOOL\obj\Release R26\Tools\MTO Group Bar\UI\MtoGroupBarWindow.g.cs(1,126): error CS1056: Unexpected character '\0' [C:\Users\Nhan\OneDrive - Rincovitch\00. Nhan\CSharp\RincoMTO\RincoMTO_djj4tpge_wpftmp.csproj::TargetFramework=net8.0-windows]
C:\Users\Nhan\OneDrive - Rincovitch\00. Nhan\CSharp\RincoMTO\BIMTOOL\obj\Release R26\RincoMTO.AssemblyInfo.cs(1,104): error CS1056: Unexpected character '\0' [C:\Users\Nhan\OneDrive - Rincovitch\00. Nhan\CSharp\RincoMTO\RincoMTO_djj4tpge_wpftmp.csproj::TargetFramework=net8.0-windows]
C:\Users\Nhan\OneDrive - Rincovitch\00. Nhan\CSharp\RincoMTO\BIMTOOL\obj\Release R26\Tools\MTO Group Bar\UI\MtoGroupBarWindow.g.cs(1,127): error CS1056: Unexpected character '\0' [C:\Users\Nhan\OneDrive - Rincovitch\00. Nhan\CSharp\RincoMTO\RincoMTO_djj4tpge_wpftmp.csproj::TargetFramework=net8.0-windows]
C:\Users\Nhan\OneDrive - Rincovitch\00. Nhan\CSharp\RincoMTO\BIMTOOL\obj\Release R26\RincoMTO.AssemblyInfo.cs(1,105): error CS1056: Unexpected character '\0' [C:\Users\Nhan\OneDrive - Rincovitch\00. Nhan\CSharp\RincoMTO\RincoMTO_djj4tpge_wpftmp.csproj::TargetFramework=net8.0-windows]
C:\Users\Nhan\OneDrive - Rincovitch\00. Nhan\CSharp\RincoMTO\BIMTOOL\obj\Release R26\Tools\MTO Group Bar\UI\MtoGroupBarWindow.g.cs(1,128): error CS1056: Unexpected character '\0' [C:\Users\Nhan\OneDrive - Rincovitch\00. Nhan\CSharp\RincoMTO\RincoMTO_djj4tpge_wpftmp.csproj::TargetFramework=net8.0-windows]
C:\Users\Nhan\OneDrive - Rincovitch\00. Nhan\CSharp\RincoMTO\BIMTOOL\obj\Release R26\RincoMTO.AssemblyInfo.cs(1,106): error CS1056: Unexpected character '\0' [C:\Users\Nhan\OneDrive - Rincovitch\00. Nhan\CSharp\RincoMTO\RincoMTO_djj4tpge_wpftmp.csproj::TargetFramework=net8.0-windows]
C:\Users\Nhan\OneDrive - Rincovitch\00. Nhan\CSharp\RincoMTO\BIMTOOL\obj\Release R26\Tools\MTO Group Bar\UI\MtoGroupBarWindow.g.cs(1,129): error CS1056: Unexpected character '\0' [C:\Users\Nhan\OneDrive - Rincovitch\00. Nhan\CSharp\RincoMTO\RincoMTO_djj4tpge_wpftmp.csproj::TargetFramework=net8.0-windows]
C:\Users\Nhan\OneDrive - Rincovitch\00. Nhan\CSharp\RincoMTO\BIMTOOL\obj\Release R26\RincoMTO.AssemblyInfo.cs(1,107): error CS1056: Unexpected character '\0' [C:\Users\Nhan\OneDrive - Rincovitch\00. Nhan\CSharp\RincoMTO\RincoMTO_djj4tpge_wpftmp.csproj::TargetFramework=net8.0-windows]
C:\Users\Nhan\OneDrive - Rincovitch\00. Nhan\CSharp\RincoMTO\BIMTOOL\obj\Release R26\Tools\MTO Group Bar\UI\MtoGroupBarWindow.g.cs(1,130): error CS1056: Unexpected character '\0' [C:\Users\Nhan\OneDrive - Rincovitch\00. Nhan\CSharp\RincoMTO\RincoMTO_djj4tpge_wpftmp.csproj::TargetFramework=net8.0-windows]
C:\Users\Nhan\OneDrive - Rincovitch\00. Nhan\CSharp\RincoMTO\BIMTOOL\obj\Release R26\RincoMTO.AssemblyInfo.cs(1,108): error CS1056: Unexpected character '\0' [C:\Users\Nhan\OneDrive - Rincovitch\00. Nhan\CSharp\RincoMTO\RincoMTO_djj4tpge_wpftmp.csproj::TargetFramework=net8.0-windows]
C:\Users\Nhan\OneDrive - Rincovitch\00. Nhan\CSharp\RincoMTO\BIMTOOL\obj\Release R26\Tools\MTO Group Bar\UI\MtoGroupBarWindow.g.cs(1,131): error CS1056: Unexpected character '\0' [C:\Users\Nhan\OneDrive - Rincovitch\00. Nhan\CSharp\RincoMTO\RincoMTO_djj4tpge_wpftmp.csproj::TargetFramework=net8.0-windows]
C:\Users\Nhan\OneDrive - Rincovitch\00. Nhan\CSharp\RincoMTO\BIMTOOL\obj\Release R26\RincoMTO.AssemblyInfo.cs(1,109): error CS1056: Unexpected character '\0' [C:\Users\Nhan\OneDrive - Rincovitch\00. Nhan\CSharp\RincoMTO\RincoMTO_djj4tpge_wpftmp.csproj::TargetFramework=net8.0-windows]
C:\Users\Nhan\OneDrive - Rincovitch\00. Nhan\CSharp\RincoMTO\BIMTOOL\obj\Release R26\Tools\MTO Group Bar\UI\MtoGroupBarWindow.g.cs(1,132): error CS1056: Unexpected character '\0' [C:\Users\Nhan\OneDrive - Rincovitch\00. Nhan\CSharp\RincoMTO\RincoMTO_djj4tpge_wpftmp.csproj::TargetFramework=net8.0-windows]
C:\Users\Nhan\OneDrive - Rincovitch\00. Nhan\CSharp\RincoMTO\BIMTOOL\obj\Release R26\RincoMTO.AssemblyInfo.cs(1,110): error CS1056: Unexpected character '\0' [C:\Users\Nhan\OneDrive - Rincovitch\00. Nhan\CSharp\RincoMTO\RincoMTO_djj4tpge_wpftmp.csproj::TargetFramework=net8.0-windows]
C:\Users\Nhan\OneDrive - Rincovitch\00. Nhan\CSharp\RincoMTO\BIMTOOL\obj\Release R26\Tools\MTO Group Bar\UI\MtoGroupBarWindow.g.cs(1,133): error CS1056: Unexpected character '\0' [C:\Users\Nhan\OneDrive - Rincovitch\00. Nhan\CSharp\RincoMTO\RincoMTO_djj4tpge_wpftmp.csproj::TargetFramework=net8.0-windows]
C:\Users\Nhan\OneDrive - Rincovitch\00. Nhan\CSharp\RincoMTO\BIMTOOL\obj\Release R26\RincoMTO.AssemblyInfo.cs(1,111): error CS1056: Unexpected character '\0' [C:\Users\Nhan\OneDrive - Rincovitch\00. Nhan\CSharp\RincoMTO\RincoMTO_djj4tpge_wpftmp.csproj::TargetFramework=net8.0-windows]
C:\Users\Nhan\OneDrive - Rincovitch\00. Nhan\CSharp\RincoMTO\BIMTOOL\obj\Release R26\Tools\MTO Group Bar\UI\MtoGroupBarWindow.g.cs(1,134): error CS1056: Unexpected character '\0' [C:\Users\Nhan\OneDrive - Rincovitch\00. Nhan\CSharp\RincoMTO\RincoMTO_djj4tpge_wpftmp.csproj::TargetFramework=net8.0-windows]
C:\Users\Nhan\OneDrive - Rincovitch\00. Nhan\CSharp\RincoMTO\BIMTOOL\obj\Release R26\RincoMTO.AssemblyInfo.cs(1,112): error CS1056: Unexpected character '\0' [C:\Users\Nhan\OneDrive - Rincovitch\00. Nhan\CSharp\RincoMTO\RincoMTO_djj4tpge_wpftmp.csproj::TargetFramework=net8.0-windows]
C:\Users\Nhan\OneDrive - Rincovitch\00. Nhan\CSharp\RincoMTO\BIMTOOL\obj\Release R26\Tools\MTO Group Bar\UI\MtoGroupBarWindow.g.cs(1,135): error CS1056: Unexpected character '\0' [C:\Users\Nhan\OneDrive - Rincovitch\00. Nhan\CSharp\RincoMTO\RincoMTO_djj4tpge_wpftmp.csproj::TargetFramework=net8.0-windows]
C:\Users\Nhan\OneDrive - Rincovitch\00. Nhan\CSharp\RincoMTO\BIMTOOL\obj\Release R26\RincoMTO.AssemblyInfo.cs(1,113): error CS1056: Unexpected character '\0' [C:\Users\Nhan\OneDrive - Rincovitch\00. Nhan\CSharp\RincoMTO\RincoMTO_djj4tpge_wpftmp.csproj::TargetFramework=net8.0-windows]
C:\Users\Nhan\OneDrive - Rincovitch\00. Nhan\CSharp\RincoMTO\BIMTOOL\obj\Release R26\Tools\MTO Group Bar\UI\MtoGroupBarWindow.g.cs(1,136): error CS1056: Unexpected character '\0' [C:\Users\Nhan\OneDrive - Rincovitch\00. Nhan\CSharp\RincoMTO\RincoMTO_djj4tpge_wpftmp.csproj::TargetFramework=net8.0-windows]
C:\Users\Nhan\OneDrive - Rincovitch\00. Nhan\CSharp\RincoMTO\BIMTOOL\obj\Release R26\RincoMTO.AssemblyInfo.cs(1,114): error CS1056: Unexpected character '\0' [C:\Users\Nhan\OneDrive - Rincovitch\00. Nhan\CSharp\RincoMTO\RincoMTO_djj4tpge_wpftmp.csproj::TargetFramework=net8.0-windows]
C:\Users\Nhan\OneDrive - Rincovitch\00. Nhan\CSharp\RincoMTO\BIMTOOL\obj\Release R26\Tools\MTO Group Bar\UI\MtoGroupBarWindow.g.cs(1,137): error CS1056: Unexpected character '\0' [C:\Users\Nhan\OneDrive - Rincovitch\00. Nhan\CSharp\RincoMTO\RincoMTO_djj4tpge_wpftmp.csproj::TargetFramework=net8.0-windows]
C:\Users\Nhan\OneDrive - Rincovitch\00. Nhan\CSharp\RincoMTO\BIMTOOL\obj\Release R26\RincoMTO.AssemblyInfo.cs(1,115): error CS1056: Unexpected character '\0' [C:\Users\Nhan\OneDrive - Rincovitch\00. Nhan\CSharp\RincoMTO\RincoMTO_djj4tpge_wpftmp.csproj::TargetFramework=net8.0-windows]
C:\Users\Nhan\OneDrive - Rincovitch\00. Nhan\CSharp\RincoMTO\BIMTOOL\obj\Release R26\RincoMTO.AssemblyInfo.cs(1,116): error CS1056: Unexpected character '\0' [C:\Users\Nhan\OneDrive - Rincovitch\00. Nhan\CSharp\RincoMTO\RincoMTO_djj4tpge_wpftmp.csproj::TargetFramework=net8.0-windows]
C:\Users\Nhan\OneDrive - Rincovitch\00. Nhan\CSharp\RincoMTO\BIMTOOL\obj\Release R26\Tools\MTO Group Bar\UI\MtoGroupBarWindow.g.cs(1,138): error CS1056: Unexpected character '\0' [C:\Users\Nhan\OneDrive - Rincovitch\00. Nhan\CSharp\RincoMTO\RincoMTO_djj4tpge_wpftmp.csproj::TargetFramework=net8.0-windows]
C:\Users\Nhan\OneDrive - Rincovitch\00. Nhan\CSharp\RincoMTO\BIMTOOL\obj\Release R26\Tools\MTO Group Bar\UI\MtoGroupBarWindow.g.cs(1,139): error CS1056: Unexpected character '\0' [C:\Users\Nhan\OneDrive - Rincovitch\00. Nhan\CSharp\RincoMTO\RincoMTO_djj4tpge_wpftmp.csproj::TargetFramework=net8.0-windows]
C:\Users\Nhan\OneDrive - Rincovitch\00. Nhan\CSharp\RincoMTO\BIMTOOL\obj\Release R26\Tools\MTO Group Bar\UI\MtoGroupBarWindow.g.cs(1,140): error CS1056: Unexpected character '\0' [C:\Users\Nhan\OneDrive - Rincovitch\00. Nhan\CSharp\RincoMTO\RincoMTO_djj4tpge_wpftmp.csproj::TargetFramework=net8.0-windows]
C:\Users\Nhan\OneDrive - Rincovitch\00. Nhan\CSharp\RincoMTO\BIMTOOL\obj\Release R26\Tools\MTO Group Bar\UI\MtoGroupBarWindow.g.cs(1,141): error CS1056: Unexpected character '\0' [C:\Users\Nhan\OneDrive - Rincovitch\00. Nhan\CSharp\RincoMTO\RincoMTO_djj4tpge_wpftmp.csproj::TargetFramework=net8.0-windows]
C:\Users\Nhan\OneDrive - Rincovitch\00. Nhan\CSharp\RincoMTO\BIMTOOL\obj\Release R26\RincoMTO.AssemblyInfo.cs(1,117): error CS1056: Unexpected character '\0' [C:\Users\Nhan\OneDrive - Rincovitch\00. Nhan\CSharp\RincoMTO\RincoMTO_djj4tpge_wpftmp.csproj::TargetFramework=net8.0-windows]
C:\Users\Nhan\OneDrive - Rincovitch\00. Nhan\CSharp\RincoMTO\BIMTOOL\obj\Release R26\Tools\MTO Group Bar\UI\MtoGroupBarWindow.g.cs(1,142): error CS1056: Unexpected character '\0' [C:\Users\Nhan\OneDrive - Rincovitch\00. Nhan\CSharp\RincoMTO\RincoMTO_djj4tpge_wpftmp.csproj::TargetFramework=net8.0-windows]
C:\Users\Nhan\OneDrive - Rincovitch\00. Nhan\CSharp\RincoMTO\BIMTOOL\obj\Release R26\RincoMTO.AssemblyInfo.cs(1,118): error CS1056: Unexpected character '\0' [C:\Users\Nhan\OneDrive - Rincovitch\00. Nhan\CSharp\RincoMTO\RincoMTO_djj4tpge_wpftmp.csproj::TargetFramework=net8.0-windows]
C:\Users\Nhan\OneDrive - Rincovitch\00. Nhan\CSharp\RincoMTO\BIMTOOL\obj\Release R26\Tools\MTO Group Bar\UI\MtoGroupBarWindow.g.cs(1,143): error CS1056: Unexpected character '\0' [C:\Users\Nhan\OneDrive - Rincovitch\00. Nhan\CSharp\RincoMTO\RincoMTO_djj4tpge_wpftmp.csproj::TargetFramework=net8.0-windows]
C:\Users\Nhan\OneDrive - Rincovitch\00. Nhan\CSharp\RincoMTO\BIMTOOL\obj\Release R26\RincoMTO.AssemblyInfo.cs(1,119): error CS1056: Unexpected character '\0' [C:\Users\Nhan\OneDrive - Rincovitch\00. Nhan\CSharp\RincoMTO\RincoMTO_djj4tpge_wpftmp.csproj::TargetFramework=net8.0-windows]
C:\Users\Nhan\OneDrive - Rincovitch\00. Nhan\CSharp\RincoMTO\BIMTOOL\obj\Release R26\Tools\MTO Group Bar\UI\MtoGroupBarWindow.g.cs(1,144): error CS1056: Unexpected character '\0' [C:\Users\Nhan\OneDrive - Rincovitch\00. Nhan\CSharp\RincoMTO\RincoMTO_djj4tpge_wpftmp.csproj::TargetFramework=net8.0-windows]
C:\Users\Nhan\OneDrive - Rincovitch\00. Nhan\CSharp\RincoMTO\BIMTOOL\obj\Release R26\RincoMTO.AssemblyInfo.cs(1,120): error CS1056: Unexpected character '\0' [C:\Users\Nhan\OneDrive - Rincovitch\00. Nhan\CSharp\RincoMTO\RincoMTO_djj4tpge_wpftmp.csproj::TargetFramework=net8.0-windows]
C:\Users\Nhan\OneDrive - Rincovitch\00. Nhan\CSharp\RincoMTO\BIMTOOL\obj\Release R26\Tools\MTO Group Bar\UI\MtoGroupBarWindow.g.cs(1,145): error CS1056: Unexpected character '\0' [C:\Users\Nhan\OneDrive - Rincovitch\00. Nhan\CSharp\RincoMTO\RincoMTO_djj4tpge_wpftmp.csproj::TargetFramework=net8.0-windows]
C:\Users\Nhan\OneDrive - Rincovitch\00. Nhan\CSharp\RincoMTO\BIMTOOL\obj\Release R26\RincoMTO.AssemblyInfo.cs(1,121): error CS1056: Unexpected character '\0' [C:\Users\Nhan\OneDrive - Rincovitch\00. Nhan\CSharp\RincoMTO\RincoMTO_djj4tpge_wpftmp.csproj::TargetFramework=net8.0-windows]
C:\Users\Nhan\OneDrive - Rincovitch\00. Nhan\CSharp\RincoMTO\BIMTOOL\obj\Release R26\Tools\MTO Group Bar\UI\MtoGroupBarWindow.g.cs(1,146): error CS1056: Unexpected character '\0' [C:\Users\Nhan\OneDrive - Rincovitch\00. Nhan\CSharp\RincoMTO\RincoMTO_djj4tpge_wpftmp.csproj::TargetFramework=net8.0-windows]
C:\Users\Nhan\OneDrive - Rincovitch\00. Nhan\CSharp\RincoMTO\BIMTOOL\obj\Release R26\RincoMTO.AssemblyInfo.cs(1,122): error CS1056: Unexpected character '\0' [C:\Users\Nhan\OneDrive - Rincovitch\00. Nhan\CSharp\RincoMTO\RincoMTO_djj4tpge_wpftmp.csproj::TargetFramework=net8.0-windows]
C:\Users\Nhan\OneDrive - Rincovitch\00. Nhan\CSharp\RincoMTO\BIMTOOL\obj\Release R26\Tools\MTO Group Bar\UI\MtoGroupBarWindow.g.cs(1,147): error CS1056: Unexpected character '\0' [C:\Users\Nhan\OneDrive - Rincovitch\00. Nhan\CSharp\RincoMTO\RincoMTO_djj4tpge_wpftmp.csproj::TargetFramework=net8.0-windows]
C:\Users\Nhan\OneDrive - Rincovitch\00. Nhan\CSharp\RincoMTO\BIMTOOL\obj\Release R26\RincoMTO.AssemblyInfo.cs(1,123): error CS1056: Unexpected character '\0' [C:\Users\Nhan\OneDrive - Rincovitch\00. Nhan\CSharp\RincoMTO\RincoMTO_djj4tpge_wpftmp.csproj::TargetFramework=net8.0-windows]
C:\Users\Nhan\OneDrive - Rincovitch\00. Nhan\CSharp\RincoMTO\BIMTOOL\obj\Release R26\Tools\MTO Group Bar\UI\MtoGroupBarWindow.g.cs(1,148): error CS1056: Unexpected character '\0' [C:\Users\Nhan\OneDrive - Rincovitch\00. Nhan\CSharp\RincoMTO\RincoMTO_djj4tpge_wpftmp.csproj::TargetFramework=net8.0-windows]
C:\Users\Nhan\OneDrive - Rincovitch\00. Nhan\CSharp\RincoMTO\BIMTOOL\obj\Release R26\RincoMTO.AssemblyInfo.cs(1,124): error CS1056: Unexpected character '\0' [C:\Users\Nhan\OneDrive - Rincovitch\00. Nhan\CSharp\RincoMTO\RincoMTO_djj4tpge_wpftmp.csproj::TargetFramework=net8.0-windows]
C:\Users\Nhan\OneDrive - Rincovitch\00. Nhan\CSharp\RincoMTO\BIMTOOL\obj\Release R26\Tools\MTO Group Bar\UI\MtoGroupBarWindow.g.cs(1,149): error CS1056: Unexpected character '\0' [C:\Users\Nhan\OneDrive - Rincovitch\00. Nhan\CSharp\RincoMTO\RincoMTO_djj4tpge_wpftmp.csproj::TargetFramework=net8.0-windows]
C:\Users\Nhan\OneDrive - Rincovitch\00. Nhan\CSharp\RincoMTO\BIMTOOL\obj\Release R26\RincoMTO.AssemblyInfo.cs(1,125): error CS1056: Unexpected character '\0' [C:\Users\Nhan\OneDrive - Rincovitch\00. Nhan\CSharp\RincoMTO\RincoMTO_djj4tpge_wpftmp.csproj::TargetFramework=net8.0-windows]
C:\Users\Nhan\OneDrive - Rincovitch\00. Nhan\CSharp\RincoMTO\BIMTOOL\obj\Release R26\Tools\MTO Group Bar\UI\MtoGroupBarWindow.g.cs(1,150): error CS1056: Unexpected character '\0' [C:\Users\Nhan\OneDrive - Rincovitch\00. Nhan\CSharp\RincoMTO\RincoMTO_djj4tpge_wpftmp.csproj::TargetFramework=net8.0-windows]
C:\Users\Nhan\OneDrive - Rincovitch\00. Nhan\CSharp\RincoMTO\BIMTOOL\obj\Release R26\RincoMTO.AssemblyInfo.cs(1,126): error CS1056: Unexpected character '\0' [C:\Users\Nhan\OneDrive - Rincovitch\00. Nhan\CSharp\RincoMTO\RincoMTO_djj4tpge_wpftmp.csproj::TargetFramework=net8.0-windows]
C:\Users\Nhan\OneDrive - Rincovitch\00. Nhan\CSharp\RincoMTO\BIMTOOL\obj\Release R26\Tools\MTO Group Bar\UI\MtoGroupBarWindow.g.cs(1,151): error CS1056: Unexpected character '\0' [C:\Users\Nhan\OneDrive - Rincovitch\00. Nhan\CSharp\RincoMTO\RincoMTO_djj4tpge_wpftmp.csproj::TargetFramework=net8.0-windows]
C:\Users\Nhan\OneDrive - Rincovitch\00. Nhan\CSharp\RincoMTO\BIMTOOL\obj\Release R26\RincoMTO.AssemblyInfo.cs(1,127): error CS1056: Unexpected character '\0' [C:\Users\Nhan\OneDrive - Rincovitch\00. Nhan\CSharp\RincoMTO\RincoMTO_djj4tpge_wpftmp.csproj::TargetFramework=net8.0-windows]
C:\Users\Nhan\OneDrive - Rincovitch\00. Nhan\CSharp\RincoMTO\BIMTOOL\obj\Release R26\Tools\MTO Group Bar\UI\MtoGroupBarWindow.g.cs(1,152): error CS1056: Unexpected character '\0' [C:\Users\Nhan\OneDrive - Rincovitch\00. Nhan\CSharp\RincoMTO\RincoMTO_djj4tpge_wpftmp.csproj::TargetFramework=net8.0-windows]
C:\Users\Nhan\OneDrive - Rincovitch\00. Nhan\CSharp\RincoMTO\BIMTOOL\obj\Release R26\RincoMTO.AssemblyInfo.cs(1,128): error CS1056: Unexpected character '\0' [C:\Users\Nhan\OneDrive - Rincovitch\00. Nhan\CSharp\RincoMTO\RincoMTO_djj4tpge_wpftmp.csproj::TargetFramework=net8.0-windows]
C:\Users\Nhan\OneDrive - Rincovitch\00. Nhan\CSharp\RincoMTO\BIMTOOL\obj\Release R26\Tools\MTO Group Bar\UI\MtoGroupBarWindow.g.cs(1,153): error CS1056: Unexpected character '\0' [C:\Users\Nhan\OneDrive - Rincovitch\00. Nhan\CSharp\RincoMTO\RincoMTO_djj4tpge_wpftmp.csproj::TargetFramework=net8.0-windows]
C:\Users\Nhan\OneDrive - Rincovitch\00. Nhan\CSharp\RincoMTO\BIMTOOL\obj\Release R26\RincoMTO.AssemblyInfo.cs(1,129): error CS1056: Unexpected character '\0' [C:\Users\Nhan\OneDrive - Rincovitch\00. Nhan\CSharp\RincoMTO\RincoMTO_djj4tpge_wpftmp.csproj::TargetFramework=net8.0-windows]
C:\Users\Nhan\OneDrive - Rincovitch\00. Nhan\CSharp\RincoMTO\BIMTOOL\obj\Release R26\RincoMTO.AssemblyInfo.cs(1,130): error CS1056: Unexpected character '\0' [C:\Users\Nhan\OneDrive - Rincovitch\00. Nhan\CSharp\RincoMTO\RincoMTO_djj4tpge_wpftmp.csproj::TargetFramework=net8.0-windows]
C:\Users\Nhan\OneDrive - Rincovitch\00. Nhan\CSharp\RincoMTO\BIMTOOL\obj\Release R26\Tools\MTO Group Bar\UI\MtoGroupBarWindow.g.cs(1,154): error CS1056: Unexpected character '\0' [C:\Users\Nhan\OneDrive - Rincovitch\00. Nhan\CSharp\RincoMTO\RincoMTO_djj4tpge_wpftmp.csproj::TargetFramework=net8.0-windows]
C:\Users\Nhan\OneDrive - Rincovitch\00. Nhan\CSharp\RincoMTO\BIMTOOL\obj\Release R26\RincoMTO.AssemblyInfo.cs(1,131): error CS1056: Unexpected character '\0' [C:\Users\Nhan\OneDrive - Rincovitch\00. Nhan\CSharp\RincoMTO\RincoMTO_djj4tpge_wpftmp.csproj::TargetFramework=net8.0-windows]
C:\Users\Nhan\OneDrive - Rincovitch\00. Nhan\CSharp\RincoMTO\BIMTOOL\obj\Release R26\Tools\MTO Group Bar\UI\MtoGroupBarWindow.g.cs(1,155): error CS1056: Unexpected character '\0' [C:\Users\Nhan\OneDrive - Rincovitch\00. Nhan\CSharp\RincoMTO\RincoMTO_djj4tpge_wpftmp.csproj::TargetFramework=net8.0-windows]
C:\Users\Nhan\OneDrive - Rincovitch\00. Nhan\CSharp\RincoMTO\BIMTOOL\obj\Release R26\Tools\MTO Group Bar\UI\MtoGroupBarWindow.g.cs(1,156): error CS1056: Unexpected character '\0' [C:\Users\Nhan\OneDrive - Rincovitch\00. Nhan\CSharp\RincoMTO\RincoMTO_djj4tpge_wpftmp.csproj::TargetFramework=net8.0-windows]
C:\Users\Nhan\OneDrive - Rincovitch\00. Nhan\CSharp\RincoMTO\BIMTOOL\obj\Release R26\RincoMTO.AssemblyInfo.cs(1,132): error CS1056: Unexpected character '\0' [C:\Users\Nhan\OneDrive - Rincovitch\00. Nhan\CSharp\RincoMTO\RincoMTO_djj4tpge_wpftmp.csproj::TargetFramework=net8.0-windows]
C:\Users\Nhan\OneDrive - Rincovitch\00. Nhan\CSharp\RincoMTO\BIMTOOL\obj\Release R26\Tools\MTO Group Bar\UI\MtoGroupBarWindow.g.cs(1,157): error CS1056: Unexpected character '\0' [C:\Users\Nhan\OneDrive - Rincovitch\00. Nhan\CSharp\RincoMTO\RincoMTO_djj4tpge_wpftmp.csproj::TargetFramework=net8.0-windows]
C:\Users\Nhan\OneDrive - Rincovitch\00. Nhan\CSharp\RincoMTO\BIMTOOL\obj\Release R26\RincoMTO.AssemblyInfo.cs(1,133): error CS1056: Unexpected character '\0' [C:\Users\Nhan\OneDrive - Rincovitch\00. Nhan\CSharp\RincoMTO\RincoMTO_djj4tpge_wpftmp.csproj::TargetFramework=net8.0-windows]
C:\Users\Nhan\OneDrive - Rincovitch\00. Nhan\CSharp\RincoMTO\BIMTOOL\obj\Release R26\Tools\MTO Group Bar\UI\MtoGroupBarWindow.g.cs(1,158): error CS1056: Unexpected character '\0' [C:\Users\Nhan\OneDrive - Rincovitch\00. Nhan\CSharp\RincoMTO\RincoMTO_djj4tpge_wpftmp.csproj::TargetFramework=net8.0-windows]
C:\Users\Nhan\OneDrive - Rincovitch\00. Nhan\CSharp\RincoMTO\BIMTOOL\obj\Release R26\RincoMTO.AssemblyInfo.cs(1,134): error CS1056: Unexpected character '\0' [C:\Users\Nhan\OneDrive - Rincovitch\00. Nhan\CSharp\RincoMTO\RincoMTO_djj4tpge_wpftmp.csproj::TargetFramework=net8.0-windows]
C:\Users\Nhan\OneDrive - Rincovitch\00. Nhan\CSharp\RincoMTO\BIMTOOL\obj\Release R26\Tools\MTO Group Bar\UI\MtoGroupBarWindow.g.cs(1,159): error CS1056: Unexpected character '\0' [C:\Users\Nhan\OneDrive - Rincovitch\00. Nhan\CSharp\RincoMTO\RincoMTO_djj4tpge_wpftmp.csproj::TargetFramework=net8.0-windows]
C:\Users\Nhan\OneDrive - Rincovitch\00. Nhan\CSharp\RincoMTO\BIMTOOL\obj\Release R26\RincoMTO.AssemblyInfo.cs(1,135): error CS1056: Unexpected character '\0' [C:\Users\Nhan\OneDrive - Rincovitch\00. Nhan\CSharp\RincoMTO\RincoMTO_djj4tpge_wpftmp.csproj::TargetFramework=net8.0-windows]
C:\Users\Nhan\OneDrive - Rincovitch\00. Nhan\CSharp\RincoMTO\BIMTOOL\obj\Release R26\Tools\MTO Group Bar\UI\MtoGroupBarWindow.g.cs(1,160): error CS1056: Unexpected character '\0' [C:\Users\Nhan\OneDrive - Rincovitch\00. Nhan\CSharp\RincoMTO\RincoMTO_djj4tpge_wpftmp.csproj::TargetFramework=net8.0-windows]
C:\Users\Nhan\OneDrive - Rincovitch\00. Nhan\CSharp\RincoMTO\BIMTOOL\obj\Release R26\RincoMTO.AssemblyInfo.cs(1,136): error CS1056: Unexpected character '\0' [C:\Users\Nhan\OneDrive - Rincovitch\00. Nhan\CSharp\RincoMTO\RincoMTO_djj4tpge_wpftmp.csproj::TargetFramework=net8.0-windows]
C:\Users\Nhan\OneDrive - Rincovitch\00. Nhan\CSharp\RincoMTO\BIMTOOL\obj\Release R26\Tools\MTO Group Bar\UI\MtoGroupBarWindow.g.cs(1,161): error CS1056: Unexpected character '\0' [C:\Users\Nhan\OneDrive - Rincovitch\00. Nhan\CSharp\RincoMTO\RincoMTO_djj4tpge_wpftmp.csproj::TargetFramework=net8.0-windows]
C:\Users\Nhan\OneDrive - Rincovitch\00. Nhan\CSharp\RincoMTO\BIMTOOL\obj\Release R26\RincoMTO.AssemblyInfo.cs(1,137): error CS1056: Unexpected character '\0' [C:\Users\Nhan\OneDrive - Rincovitch\00. Nhan\CSharp\RincoMTO\RincoMTO_djj4tpge_wpftmp.csproj::TargetFramework=net8.0-windows]
C:\Users\Nhan\OneDrive - Rincovitch\00. Nhan\CSharp\RincoMTO\BIMTOOL\obj\Release R26\Tools\MTO Group Bar\UI\MtoGroupBarWindow.g.cs(1,162): error CS1056: Unexpected character '\0' [C:\Users\Nhan\OneDrive - Rincovitch\00. Nhan\CSharp\RincoMTO\RincoMTO_djj4tpge_wpftmp.csproj::TargetFramework=net8.0-windows]
C:\Users\Nhan\OneDrive - Rincovitch\00. Nhan\CSharp\RincoMTO\BIMTOOL\obj\Release R26\RincoMTO.AssemblyInfo.cs(1,138): error CS1056: Unexpected character '\0' [C:\Users\Nhan\OneDrive - Rincovitch\00. Nhan\CSharp\RincoMTO\RincoMTO_djj4tpge_wpftmp.csproj::TargetFramework=net8.0-windows]
C:\Users\Nhan\OneDrive - Rincovitch\00. Nhan\CSharp\RincoMTO\BIMTOOL\obj\Release R26\Tools\MTO Group Bar\UI\MtoGroupBarWindow.g.cs(1,163): error CS1056: Unexpected character '\0' [C:\Users\Nhan\OneDrive - Rincovitch\00. Nhan\CSharp\RincoMTO\RincoMTO_djj4tpge_wpftmp.csproj::TargetFramework=net8.0-windows]
C:\Users\Nhan\OneDrive - Rincovitch\00. Nhan\CSharp\RincoMTO\BIMTOOL\obj\Release R26\RincoMTO.AssemblyInfo.cs(1,139): error CS1056: Unexpected character '\0' [C:\Users\Nhan\OneDrive - Rincovitch\00. Nhan\CSharp\RincoMTO\RincoMTO_djj4tpge_wpftmp.csproj::TargetFramework=net8.0-windows]
C:\Users\Nhan\OneDrive - Rincovitch\00. Nhan\CSharp\RincoMTO\BIMTOOL\obj\Release R26\Tools\MTO Group Bar\UI\MtoGroupBarWindow.g.cs(1,164): error CS1056: Unexpected character '\0' [C:\Users\Nhan\OneDrive - Rincovitch\00. Nhan\CSharp\RincoMTO\RincoMTO_djj4tpge_wpftmp.csproj::TargetFramework=net8.0-windows]
C:\Users\Nhan\OneDrive - Rincovitch\00. Nhan\CSharp\RincoMTO\BIMTOOL\obj\Release R26\RincoMTO.AssemblyInfo.cs(1,140): error CS1056: Unexpected character '\0' [C:\Users\Nhan\OneDrive - Rincovitch\00. Nhan\CSharp\RincoMTO\RincoMTO_djj4tpge_wpftmp.csproj::TargetFramework=net8.0-windows]
C:\Users\Nhan\OneDrive - Rincovitch\00. Nhan\CSharp\RincoMTO\BIMTOOL\obj\Release R26\Tools\MTO Group Bar\UI\MtoGroupBarWindow.g.cs(1,165): error CS1056: Unexpected character '\0' [C:\Users\Nhan\OneDrive - Rincovitch\00. Nhan\CSharp\RincoMTO\RincoMTO_djj4tpge_wpftmp.csproj::TargetFramework=net8.0-windows]
C:\Users\Nhan\OneDrive - Rincovitch\00. Nhan\CSharp\RincoMTO\BIMTOOL\obj\Release R26\RincoMTO.AssemblyInfo.cs(1,141): error CS1056: Unexpected character '\0' [C:\Users\Nhan\OneDrive - Rincovitch\00. Nhan\CSharp\RincoMTO\RincoMTO_djj4tpge_wpftmp.csproj::TargetFramework=net8.0-windows]
C:\Users\Nhan\OneDrive - Rincovitch\00. Nhan\CSharp\RincoMTO\BIMTOOL\obj\Release R26\Tools\MTO Group Bar\UI\MtoGroupBarWindow.g.cs(1,166): error CS1056: Unexpected character '\0' [C:\Users\Nhan\OneDrive - Rincovitch\00. Nhan\CSharp\RincoMTO\RincoMTO_djj4tpge_wpftmp.csproj::TargetFramework=net8.0-windows]
C:\Users\Nhan\OneDrive - Rincovitch\00. Nhan\CSharp\RincoMTO\BIMTOOL\obj\Release R26\RincoMTO.AssemblyInfo.cs(1,142): error CS1056: Unexpected character '\0' [C:\Users\Nhan\OneDrive - Rincovitch\00. Nhan\CSharp\RincoMTO\RincoMTO_djj4tpge_wpftmp.csproj::TargetFramework=net8.0-windows]
C:\Users\Nhan\OneDrive - Rincovitch\00. Nhan\CSharp\RincoMTO\BIMTOOL\obj\Release R26\Tools\MTO Group Bar\UI\MtoGroupBarWindow.g.cs(1,167): error CS1056: Unexpected character '\0' [C:\Users\Nhan\OneDrive - Rincovitch\00. Nhan\CSharp\RincoMTO\RincoMTO_djj4tpge_wpftmp.csproj::TargetFramework=net8.0-windows]
C:\Users\Nhan\OneDrive - Rincovitch\00. Nhan\CSharp\RincoMTO\BIMTOOL\obj\Release R26\RincoMTO.AssemblyInfo.cs(1,143): error CS1056: Unexpected character '\0' [C:\Users\Nhan\OneDrive - Rincovitch\00. Nhan\CSharp\RincoMTO\RincoMTO_djj4tpge_wpftmp.csproj::TargetFramework=net8.0-windows]
C:\Users\Nhan\OneDrive - Rincovitch\00. Nhan\CSharp\RincoMTO\BIMTOOL\obj\Release R26\Tools\MTO Group Bar\UI\MtoGroupBarWindow.g.cs(1,168): error CS1056: Unexpected character '\0' [C:\Users\Nhan\OneDrive - Rincovitch\00. Nhan\CSharp\RincoMTO\RincoMTO_djj4tpge_wpftmp.csproj::TargetFramework=net8.0-windows]
C:\Users\Nhan\OneDrive - Rincovitch\00. Nhan\CSharp\RincoMTO\BIMTOOL\obj\Release R26\Tools\MTO Group Bar\UI\MtoGroupBarWindow.g.cs(1,169): error CS1056: Unexpected character '\0' [C:\Users\Nhan\OneDrive - Rincovitch\00. Nhan\CSharp\RincoMTO\RincoMTO_djj4tpge_wpftmp.csproj::TargetFramework=net8.0-windows]
C:\Users\Nhan\OneDrive - Rincovitch\00. Nhan\CSharp\RincoMTO\BIMTOOL\obj\Release R26\RincoMTO.AssemblyInfo.cs(1,144): error CS1056: Unexpected character '\0' [C:\Users\Nhan\OneDrive - Rincovitch\00. Nhan\CSharp\RincoMTO\RincoMTO_djj4tpge_wpftmp.csproj::TargetFramework=net8.0-windows]
C:\Users\Nhan\OneDrive - Rincovitch\00. Nhan\CSharp\RincoMTO\BIMTOOL\obj\Release R26\Tools\MTO Group Bar\UI\MtoGroupBarWindow.g.cs(1,170): error CS1056: Unexpected character '\0' [C:\Users\Nhan\OneDrive - Rincovitch\00. Nhan\CSharp\RincoMTO\RincoMTO_djj4tpge_wpftmp.csproj::TargetFramework=net8.0-windows]
C:\Users\Nhan\OneDrive - Rincovitch\00. Nhan\CSharp\RincoMTO\BIMTOOL\obj\Release R26\RincoMTO.AssemblyInfo.cs(1,145): error CS1056: Unexpected character '\0' [C:\Users\Nhan\OneDrive - Rincovitch\00. Nhan\CSharp\RincoMTO\RincoMTO_djj4tpge_wpftmp.csproj::TargetFramework=net8.0-windows]
C:\Users\Nhan\OneDrive - Rincovitch\00. Nhan\CSharp\RincoMTO\BIMTOOL\obj\Release R26\Tools\MTO Group Bar\UI\MtoGroupBarWindow.g.cs(1,171): error CS1056: Unexpected character '\0' [C:\Users\Nhan\OneDrive - Rincovitch\00. Nhan\CSharp\RincoMTO\RincoMTO_djj4tpge_wpftmp.csproj::TargetFramework=net8.0-windows]
C:\Users\Nhan\OneDrive - Rincovitch\00. Nhan\CSharp\RincoMTO\BIMTOOL\obj\Release R26\RincoMTO.AssemblyInfo.cs(1,146): error CS1056: Unexpected character '\0' [C:\Users\Nhan\OneDrive - Rincovitch\00. Nhan\CSharp\RincoMTO\RincoMTO_djj4tpge_wpftmp.csproj::TargetFramework=net8.0-windows]
C:\Users\Nhan\OneDrive - Rincovitch\00. Nhan\CSharp\RincoMTO\BIMTOOL\obj\Release R26\Tools\MTO Group Bar\UI\MtoGroupBarWindow.g.cs(1,172): error CS1056: Unexpected character '\0' [C:\Users\Nhan\OneDrive - Rincovitch\00. Nhan\CSharp\RincoMTO\RincoMTO_djj4tpge_wpftmp.csproj::TargetFramework=net8.0-windows]
C:\Users\Nhan\OneDrive - Rincovitch\00. Nhan\CSharp\RincoMTO\BIMTOOL\obj\Release R26\RincoMTO.AssemblyInfo.cs(1,147): error CS1056: Unexpected character '\0' [C:\Users\Nhan\OneDrive - Rincovitch\00. Nhan\CSharp\RincoMTO\RincoMTO_djj4tpge_wpftmp.csproj::TargetFramework=net8.0-windows]
C:\Users\Nhan\OneDrive - Rincovitch\00. Nhan\CSharp\RincoMTO\BIMTOOL\obj\Release R26\Tools\MTO Group Bar\UI\MtoGroupBarWindow.g.cs(1,173): error CS1056: Unexpected character '\0' [C:\Users\Nhan\OneDrive - Rincovitch\00. Nhan\CSharp\RincoMTO\RincoMTO_djj4tpge_wpftmp.csproj::TargetFramework=net8.0-windows]
C:\Users\Nhan\OneDrive - Rincovitch\00. Nhan\CSharp\RincoMTO\BIMTOOL\obj\Release R26\RincoMTO.AssemblyInfo.cs(1,148): error CS1056: Unexpected character '\0' [C:\Users\Nhan\OneDrive - Rincovitch\00. Nhan\CSharp\RincoMTO\RincoMTO_djj4tpge_wpftmp.csproj::TargetFramework=net8.0-windows]
C:\Users\Nhan\OneDrive - Rincovitch\00. Nhan\CSharp\RincoMTO\BIMTOOL\obj\Release R26\Tools\MTO Group Bar\UI\MtoGroupBarWindow.g.cs(1,174): error CS1056: Unexpected character '\0' [C:\Users\Nhan\OneDrive - Rincovitch\00. Nhan\CSharp\RincoMTO\RincoMTO_djj4tpge_wpftmp.csproj::TargetFramework=net8.0-windows]
C:\Users\Nhan\OneDrive - Rincovitch\00. Nhan\CSharp\RincoMTO\BIMTOOL\obj\Release R26\Tools\MTO Group Bar\UI\MtoGroupBarWindow.g.cs(1,175): error CS1056: Unexpected character '\0' [C:\Users\Nhan\OneDrive - Rincovitch\00. Nhan\CSharp\RincoMTO\RincoMTO_djj4tpge_wpftmp.csproj::TargetFramework=net8.0-windows]
C:\Users\Nhan\OneDrive - Rincovitch\00. Nhan\CSharp\RincoMTO\BIMTOOL\obj\Release R26\RincoMTO.AssemblyInfo.cs(1,149): error CS1056: Unexpected character '\0' [C:\Users\Nhan\OneDrive - Rincovitch\00. Nhan\CSharp\RincoMTO\RincoMTO_djj4tpge_wpftmp.csproj::TargetFramework=net8.0-windows]
C:\Users\Nhan\OneDrive - Rincovitch\00. Nhan\CSharp\RincoMTO\BIMTOOL\obj\Release R26\Tools\MTO Group Bar\UI\MtoGroupBarWindow.g.cs(1,176): error CS1056: Unexpected character '\0' [C:\Users\Nhan\OneDrive - Rincovitch\00. Nhan\CSharp\RincoMTO\RincoMTO_djj4tpge_wpftmp.csproj::TargetFramework=net8.0-windows]
C:\Users\Nhan\OneDrive - Rincovitch\00. Nhan\CSharp\RincoMTO\BIMTOOL\obj\Release R26\RincoMTO.AssemblyInfo.cs(1,150): error CS1056: Unexpected character '\0' [C:\Users\Nhan\OneDrive - Rincovitch\00. Nhan\CSharp\RincoMTO\RincoMTO_djj4tpge_wpftmp.csproj::TargetFramework=net8.0-windows]
C:\Users\Nhan\OneDrive - Rincovitch\00. Nhan\CSharp\RincoMTO\BIMTOOL\obj\Release R26\Tools\MTO Group Bar\UI\MtoGroupBarWindow.g.cs(1,177): error CS1056: Unexpected character '\0' [C:\Users\Nhan\OneDrive - Rincovitch\00. Nhan\CSharp\RincoMTO\RincoMTO_djj4tpge_wpftmp.csproj::TargetFramework=net8.0-windows]
C:\Users\Nhan\OneDrive - Rincovitch\00. Nhan\CSharp\RincoMTO\BIMTOOL\obj\Release R26\RincoMTO.AssemblyInfo.cs(1,151): error CS1056: Unexpected character '\0' [C:\Users\Nhan\OneDrive - Rincovitch\00. Nhan\CSharp\RincoMTO\RincoMTO_djj4tpge_wpftmp.csproj::TargetFramework=net8.0-windows]
C:\Users\Nhan\OneDrive - Rincovitch\00. Nhan\CSharp\RincoMTO\BIMTOOL\obj\Release R26\Tools\MTO Group Bar\UI\MtoGroupBarWindow.g.cs(1,178): error CS1056: Unexpected character '\0' [C:\Users\Nhan\OneDrive - Rincovitch\00. Nhan\CSharp\RincoMTO\RincoMTO_djj4tpge_wpftmp.csproj::TargetFramework=net8.0-windows]
C:\Users\Nhan\OneDrive - Rincovitch\00. Nhan\CSharp\RincoMTO\BIMTOOL\obj\Release R26\RincoMTO.AssemblyInfo.cs(1,152): error CS1056: Unexpected character '\0' [C:\Users\Nhan\OneDrive - Rincovitch\00. Nhan\CSharp\RincoMTO\RincoMTO_djj4tpge_wpftmp.csproj::TargetFramework=net8.0-windows]
C:\Users\Nhan\OneDrive - Rincovitch\00. Nhan\CSharp\RincoMTO\BIMTOOL\obj\Release R26\Tools\MTO Group Bar\UI\MtoGroupBarWindow.g.cs(1,179): error CS1056: Unexpected character '\0' [C:\Users\Nhan\OneDrive - Rincovitch\00. Nhan\CSharp\RincoMTO\RincoMTO_djj4tpge_wpftmp.csproj::TargetFramework=net8.0-windows]
C:\Users\Nhan\OneDrive - Rincovitch\00. Nhan\CSharp\RincoMTO\BIMTOOL\obj\Release R26\RincoMTO.AssemblyInfo.cs(1,153): error CS1056: Unexpected character '\0' [C:\Users\Nhan\OneDrive - Rincovitch\00. Nhan\CSharp\RincoMTO\RincoMTO_djj4tpge_wpftmp.csproj::TargetFramework=net8.0-windows]
C:\Users\Nhan\OneDrive - Rincovitch\00. Nhan\CSharp\RincoMTO\BIMTOOL\obj\Release R26\Tools\MTO Group Bar\UI\MtoGroupBarWindow.g.cs(1,180): error CS1056: Unexpected character '\0' [C:\Users\Nhan\OneDrive - Rincovitch\00. Nhan\CSharp\RincoMTO\RincoMTO_djj4tpge_wpftmp.csproj::TargetFramework=net8.0-windows]
C:\Users\Nhan\OneDrive - Rincovitch\00. Nhan\CSharp\RincoMTO\BIMTOOL\obj\Release R26\RincoMTO.AssemblyInfo.cs(1,154): error CS1056: Unexpected character '\0' [C:\Users\Nhan\OneDrive - Rincovitch\00. Nhan\CSharp\RincoMTO\RincoMTO_djj4tpge_wpftmp.csproj::TargetFramework=net8.0-windows]
C:\Users\Nhan\OneDrive - Rincovitch\00. Nhan\CSharp\RincoMTO\BIMTOOL\obj\Release R26\Tools\MTO Group Bar\UI\MtoGroupBarWindow.g.cs(1,181): error CS1056: Unexpected character '\0' [C:\Users\Nhan\OneDrive - Rincovitch\00. Nhan\CSharp\RincoMTO\RincoMTO_djj4tpge_wpftmp.csproj::TargetFramework=net8.0-windows]
C:\Users\Nhan\OneDrive - Rincovitch\00. Nhan\CSharp\RincoMTO\BIMTOOL\obj\Release R26\RincoMTO.AssemblyInfo.cs(1,155): error CS1056: Unexpected character '\0' [C:\Users\Nhan\OneDrive - Rincovitch\00. Nhan\CSharp\RincoMTO\RincoMTO_djj4tpge_wpftmp.csproj::TargetFramework=net8.0-windows]
C:\Users\Nhan\OneDrive - Rincovitch\00. Nhan\CSharp\RincoMTO\BIMTOOL\obj\Release R26\Tools\MTO Group Bar\UI\MtoGroupBarWindow.g.cs(1,182): error CS1056: Unexpected character '\0' [C:\Users\Nhan\OneDrive - Rincovitch\00. Nhan\CSharp\RincoMTO\RincoMTO_djj4tpge_wpftmp.csproj::TargetFramework=net8.0-windows]
C:\Users\Nhan\OneDrive - Rincovitch\00. Nhan\CSharp\RincoMTO\BIMTOOL\obj\Release R26\RincoMTO.AssemblyInfo.cs(1,156): error CS1056: Unexpected character '\0' [C:\Users\Nhan\OneDrive - Rincovitch\00. Nhan\CSharp\RincoMTO\RincoMTO_djj4tpge_wpftmp.csproj::TargetFramework=net8.0-windows]
C:\Users\Nhan\OneDrive - Rincovitch\00. Nhan\CSharp\RincoMTO\BIMTOOL\obj\Release R26\RincoMTO.AssemblyInfo.cs(1,157): error CS1056: Unexpected character '\0' [C:\Users\Nhan\OneDrive - Rincovitch\00. Nhan\CSharp\RincoMTO\RincoMTO_djj4tpge_wpftmp.csproj::TargetFramework=net8.0-windows]
C:\Users\Nhan\OneDrive - Rincovitch\00. Nhan\CSharp\RincoMTO\BIMTOOL\obj\Release R26\Tools\MTO Group Bar\UI\MtoGroupBarWindow.g.cs(1,183): error CS1056: Unexpected character '\0' [C:\Users\Nhan\OneDrive - Rincovitch\00. Nhan\CSharp\RincoMTO\RincoMTO_djj4tpge_wpftmp.csproj::TargetFramework=net8.0-windows]
C:\Users\Nhan\OneDrive - Rincovitch\00. Nhan\CSharp\RincoMTO\BIMTOOL\obj\Release R26\RincoMTO.AssemblyInfo.cs(1,158): error CS1056: Unexpected character '\0' [C:\Users\Nhan\OneDrive - Rincovitch\00. Nhan\CSharp\RincoMTO\RincoMTO_djj4tpge_wpftmp.csproj::TargetFramework=net8.0-windows]
C:\Users\Nhan\OneDrive - Rincovitch\00. Nhan\CSharp\RincoMTO\BIMTOOL\obj\Release R26\Tools\MTO Group Bar\UI\MtoGroupBarWindow.g.cs(1,184): error CS1056: Unexpected character '\0' [C:\Users\Nhan\OneDrive - Rincovitch\00. Nhan\CSharp\RincoMTO\RincoMTO_djj4tpge_wpftmp.csproj::TargetFramework=net8.0-windows]
C:\Users\Nhan\OneDrive - Rincovitch\00. Nhan\CSharp\RincoMTO\BIMTOOL\obj\Release R26\RincoMTO.AssemblyInfo.cs(1,159): error CS1056: Unexpected character '\0' [C:\Users\Nhan\OneDrive - Rincovitch\00. Nhan\CSharp\RincoMTO\RincoMTO_djj4tpge_wpftmp.csproj::TargetFramework=net8.0-windows]
C:\Users\Nhan\OneDrive - Rincovitch\00. Nhan\CSharp\RincoMTO\BIMTOOL\obj\Release R26\Tools\MTO Group Bar\UI\MtoGroupBarWindow.g.cs(1,185): error CS1056: Unexpected character '\0' [C:\Users\Nhan\OneDrive - Rincovitch\00. Nhan\CSharp\RincoMTO\RincoMTO_djj4tpge_wpftmp.csproj::TargetFramework=net8.0-windows]
C:\Users\Nhan\OneDrive - Rincovitch\00. Nhan\CSharp\RincoMTO\BIMTOOL\obj\Release R26\RincoMTO.AssemblyInfo.cs(1,160): error CS1056: Unexpected character '\0' [C:\Users\Nhan\OneDrive - Rincovitch\00. Nhan\CSharp\RincoMTO\RincoMTO_djj4tpge_wpftmp.csproj::TargetFramework=net8.0-windows]
C:\Users\Nhan\OneDrive - Rincovitch\00. Nhan\CSharp\RincoMTO\BIMTOOL\obj\Release R26\Tools\MTO Group Bar\UI\MtoGroupBarWindow.g.cs(1,186): error CS1056: Unexpected character '\0' [C:\Users\Nhan\OneDrive - Rincovitch\00. Nhan\CSharp\RincoMTO\RincoMTO_djj4tpge_wpftmp.csproj::TargetFramework=net8.0-windows]
C:\Users\Nhan\OneDrive - Rincovitch\00. Nhan\CSharp\RincoMTO\BIMTOOL\obj\Release R26\RincoMTO.AssemblyInfo.cs(1,161): error CS1056: Unexpected character '\0' [C:\Users\Nhan\OneDrive - Rincovitch\00. Nhan\CSharp\RincoMTO\RincoMTO_djj4tpge_wpftmp.csproj::TargetFramework=net8.0-windows]
C:\Users\Nhan\OneDrive - Rincovitch\00. Nhan\CSharp\RincoMTO\BIMTOOL\obj\Release R26\Tools\MTO Group Bar\UI\MtoGroupBarWindow.g.cs(1,187): error CS1056: Unexpected character '\0' [C:\Users\Nhan\OneDrive - Rincovitch\00. Nhan\CSharp\RincoMTO\RincoMTO_djj4tpge_wpftmp.csproj::TargetFramework=net8.0-windows]
C:\Users\Nhan\OneDrive - Rincovitch\00. Nhan\CSharp\RincoMTO\BIMTOOL\obj\Release R26\RincoMTO.AssemblyInfo.cs(1,162): error CS1056: Unexpected character '\0' [C:\Users\Nhan\OneDrive - Rincovitch\00. Nhan\CSharp\RincoMTO\RincoMTO_djj4tpge_wpftmp.csproj::TargetFramework=net8.0-windows]
C:\Users\Nhan\OneDrive - Rincovitch\00. Nhan\CSharp\RincoMTO\BIMTOOL\obj\Release R26\Tools\MTO Group Bar\UI\MtoGroupBarWindow.g.cs(1,188): error CS1056: Unexpected character '\0' [C:\Users\Nhan\OneDrive - Rincovitch\00. Nhan\CSharp\RincoMTO\RincoMTO_djj4tpge_wpftmp.csproj::TargetFramework=net8.0-windows]
C:\Users\Nhan\OneDrive - Rincovitch\00. Nhan\CSharp\RincoMTO\BIMTOOL\obj\Release R26\RincoMTO.AssemblyInfo.cs(1,163): error CS1056: Unexpected character '\0' [C:\Users\Nhan\OneDrive - Rincovitch\00. Nhan\CSharp\RincoMTO\RincoMTO_djj4tpge_wpftmp.csproj::TargetFramework=net8.0-windows]
C:\Users\Nhan\OneDrive - Rincovitch\00. Nhan\CSharp\RincoMTO\BIMTOOL\obj\Release R26\Tools\MTO Group Bar\UI\MtoGroupBarWindow.g.cs(1,189): error CS1056: Unexpected character '\0' [C:\Users\Nhan\OneDrive - Rincovitch\00. Nhan\CSharp\RincoMTO\RincoMTO_djj4tpge_wpftmp.csproj::TargetFramework=net8.0-windows]
C:\Users\Nhan\OneDrive - Rincovitch\00. Nhan\CSharp\RincoMTO\BIMTOOL\obj\Release R26\RincoMTO.AssemblyInfo.cs(1,164): error CS1056: Unexpected character '\0' [C:\Users\Nhan\OneDrive - Rincovitch\00. Nhan\CSharp\RincoMTO\RincoMTO_djj4tpge_wpftmp.csproj::TargetFramework=net8.0-windows]
C:\Users\Nhan\OneDrive - Rincovitch\00. Nhan\CSharp\RincoMTO\BIMTOOL\obj\Release R26\Tools\MTO Group Bar\UI\MtoGroupBarWindow.g.cs(1,190): error CS1056: Unexpected character '\0' [C:\Users\Nhan\OneDrive - Rincovitch\00. Nhan\CSharp\RincoMTO\RincoMTO_djj4tpge_wpftmp.csproj::TargetFramework=net8.0-windows]
C:\Users\Nhan\OneDrive - Rincovitch\00. Nhan\CSharp\RincoMTO\BIMTOOL\obj\Release R26\RincoMTO.AssemblyInfo.cs(1,165): error CS1056: Unexpected character '\0' [C:\Users\Nhan\OneDrive - Rincovitch\00. Nhan\CSharp\RincoMTO\RincoMTO_djj4tpge_wpftmp.csproj::TargetFramework=net8.0-windows]
C:\Users\Nhan\OneDrive - Rincovitch\00. Nhan\CSharp\RincoMTO\BIMTOOL\obj\Release R26\Tools\MTO Group Bar\UI\MtoGroupBarWindow.g.cs(1,191): error CS1056: Unexpected character '\0' [C:\Users\Nhan\OneDrive - Rincovitch\00. Nhan\CSharp\RincoMTO\RincoMTO_djj4tpge_wpftmp.csproj::TargetFramework=net8.0-windows]
C:\Users\Nhan\OneDrive - Rincovitch\00. Nhan\CSharp\RincoMTO\BIMTOOL\obj\Release R26\Tools\MTO Group Bar\UI\MtoGroupBarWindow.g.cs(1,192): error CS1056: Unexpected character '\0' [C:\Users\Nhan\OneDrive - Rincovitch\00. Nhan\CSharp\RincoMTO\RincoMTO_djj4tpge_wpftmp.csproj::TargetFramework=net8.0-windows]
C:\Users\Nhan\OneDrive - Rincovitch\00. Nhan\CSharp\RincoMTO\BIMTOOL\obj\Release R26\RincoMTO.AssemblyInfo.cs(1,166): error CS1056: Unexpected character '\0' [C:\Users\Nhan\OneDrive - Rincovitch\00. Nhan\CSharp\RincoMTO\RincoMTO_djj4tpge_wpftmp.csproj::TargetFramework=net8.0-windows]
C:\Users\Nhan\OneDrive - Rincovitch\00. Nhan\CSharp\RincoMTO\BIMTOOL\obj\Release R26\Tools\MTO Group Bar\UI\MtoGroupBarWindow.g.cs(1,193): error CS1056: Unexpected character '\0' [C:\Users\Nhan\OneDrive - Rincovitch\00. Nhan\CSharp\RincoMTO\RincoMTO_djj4tpge_wpftmp.csproj::TargetFramework=net8.0-windows]
C:\Users\Nhan\OneDrive - Rincovitch\00. Nhan\CSharp\RincoMTO\BIMTOOL\obj\Release R26\RincoMTO.AssemblyInfo.cs(1,167): error CS1056: Unexpected character '\0' [C:\Users\Nhan\OneDrive - Rincovitch\00. Nhan\CSharp\RincoMTO\RincoMTO_djj4tpge_wpftmp.csproj::TargetFramework=net8.0-windows]
C:\Users\Nhan\OneDrive - Rincovitch\00. Nhan\CSharp\RincoMTO\BIMTOOL\obj\Release R26\Tools\MTO Group Bar\UI\MtoGroupBarWindow.g.cs(1,194): error CS1056: Unexpected character '\0' [C:\Users\Nhan\OneDrive - Rincovitch\00. Nhan\CSharp\RincoMTO\RincoMTO_djj4tpge_wpftmp.csproj::TargetFramework=net8.0-windows]
C:\Users\Nhan\OneDrive - Rincovitch\00. Nhan\CSharp\RincoMTO\BIMTOOL\obj\Release R26\RincoMTO.AssemblyInfo.cs(1,168): error CS1056: Unexpected character '\0' [C:\Users\Nhan\OneDrive - Rincovitch\00. Nhan\CSharp\RincoMTO\RincoMTO_djj4tpge_wpftmp.csproj::TargetFramework=net8.0-windows]
C:\Users\Nhan\OneDrive - Rincovitch\00. Nhan\CSharp\RincoMTO\BIMTOOL\obj\Release R26\Tools\MTO Group Bar\UI\MtoGroupBarWindow.g.cs(1,195): error CS1056: Unexpected character '\0' [C:\Users\Nhan\OneDrive - Rincovitch\00. Nhan\CSharp\RincoMTO\RincoMTO_djj4tpge_wpftmp.csproj::TargetFramework=net8.0-windows]
C:\Users\Nhan\OneDrive - Rincovitch\00. Nhan\CSharp\RincoMTO\BIMTOOL\obj\Release R26\RincoMTO.AssemblyInfo.cs(1,169): error CS1056: Unexpected character '\0' [C:\Users\Nhan\OneDrive - Rincovitch\00. Nhan\CSharp\RincoMTO\RincoMTO_djj4tpge_wpftmp.csproj::TargetFramework=net8.0-windows]
C:\Users\Nhan\OneDrive - Rincovitch\00. Nhan\CSharp\RincoMTO\BIMTOOL\obj\Release R26\Tools\MTO Group Bar\UI\MtoGroupBarWindow.g.cs(1,196): error CS1056: Unexpected character '\0' [C:\Users\Nhan\OneDrive - Rincovitch\00. Nhan\CSharp\RincoMTO\RincoMTO_djj4tpge_wpftmp.csproj::TargetFramework=net8.0-windows]
C:\Users\Nhan\OneDrive - Rincovitch\00. Nhan\CSharp\RincoMTO\BIMTOOL\obj\Release R26\RincoMTO.AssemblyInfo.cs(1,170): error CS1056: Unexpected character '\0' [C:\Users\Nhan\OneDrive - Rincovitch\00. Nhan\CSharp\RincoMTO\RincoMTO_djj4tpge_wpftmp.csproj::TargetFramework=net8.0-windows]
C:\Users\Nhan\OneDrive - Rincovitch\00. Nhan\CSharp\RincoMTO\BIMTOOL\obj\Release R26\Tools\MTO Group Bar\UI\MtoGroupBarWindow.g.cs(1,197): error CS1056: Unexpected character '\0' [C:\Users\Nhan\OneDrive - Rincovitch\00. Nhan\CSharp\RincoMTO\RincoMTO_djj4tpge_wpftmp.csproj::TargetFramework=net8.0-windows]
C:\Users\Nhan\OneDrive - Rincovitch\00. Nhan\CSharp\RincoMTO\BIMTOOL\obj\Release R26\RincoMTO.AssemblyInfo.cs(1,171): error CS1056: Unexpected character '\0' [C:\Users\Nhan\OneDrive - Rincovitch\00. Nhan\CSharp\RincoMTO\RincoMTO_djj4tpge_wpftmp.csproj::TargetFramework=net8.0-windows]
C:\Users\Nhan\OneDrive - Rincovitch\00. Nhan\CSharp\RincoMTO\BIMTOOL\obj\Release R26\Tools\MTO Group Bar\UI\MtoGroupBarWindow.g.cs(1,198): error CS1056: Unexpected character '\0' [C:\Users\Nhan\OneDrive - Rincovitch\00. Nhan\CSharp\RincoMTO\RincoMTO_djj4tpge_wpftmp.csproj::TargetFramework=net8.0-windows]
C:\Users\Nhan\OneDrive - Rincovitch\00. Nhan\CSharp\RincoMTO\BIMTOOL\obj\Release R26\RincoMTO.AssemblyInfo.cs(1,172): error CS1056: Unexpected character '\0' [C:\Users\Nhan\OneDrive - Rincovitch\00. Nhan\CSharp\RincoMTO\RincoMTO_djj4tpge_wpftmp.csproj::TargetFramework=net8.0-windows]
C:\Users\Nhan\OneDrive - Rincovitch\00. Nhan\CSharp\RincoMTO\BIMTOOL\obj\Release R26\Tools\MTO Group Bar\UI\MtoGroupBarWindow.g.cs(1,199): error CS1056: Unexpected character '\0' [C:\Users\Nhan\OneDrive - Rincovitch\00. Nhan\CSharp\RincoMTO\RincoMTO_djj4tpge_wpftmp.csproj::TargetFramework=net8.0-windows]
C:\Users\Nhan\OneDrive - Rincovitch\00. Nhan\CSharp\RincoMTO\BIMTOOL\obj\Release R26\RincoMTO.AssemblyInfo.cs(1,173): error CS1056: Unexpected character '\0' [C:\Users\Nhan\OneDrive - Rincovitch\00. Nhan\CSharp\RincoMTO\RincoMTO_djj4tpge_wpftmp.csproj::TargetFramework=net8.0-windows]
C:\Users\Nhan\OneDrive - Rincovitch\00. Nhan\CSharp\RincoMTO\BIMTOOL\obj\Release R26\Tools\MTO Group Bar\UI\MtoGroupBarWindow.g.cs(1,200): error CS1056: Unexpected character '\0' [C:\Users\Nhan\OneDrive - Rincovitch\00. Nhan\CSharp\RincoMTO\RincoMTO_djj4tpge_wpftmp.csproj::TargetFramework=net8.0-windows]
C:\Users\Nhan\OneDrive - Rincovitch\00. Nhan\CSharp\RincoMTO\BIMTOOL\obj\Release R26\RincoMTO.AssemblyInfo.cs(1,174): error CS1056: Unexpected character '\0' [C:\Users\Nhan\OneDrive - Rincovitch\00. Nhan\CSharp\RincoMTO\RincoMTO_djj4tpge_wpftmp.csproj::TargetFramework=net8.0-windows]
C:\Users\Nhan\OneDrive - Rincovitch\00. Nhan\CSharp\RincoMTO\BIMTOOL\obj\Release R26\Tools\MTO Group Bar\UI\MtoGroupBarWindow.g.cs(1,201): error CS1056: Unexpected character '\0' [C:\Users\Nhan\OneDrive - Rincovitch\00. Nhan\CSharp\RincoMTO\RincoMTO_djj4tpge_wpftmp.csproj::TargetFramework=net8.0-windows]
C:\Users\Nhan\OneDrive - Rincovitch\00. Nhan\CSharp\RincoMTO\BIMTOOL\obj\Release R26\RincoMTO.AssemblyInfo.cs(1,175): error CS1056: Unexpected character '\0' [C:\Users\Nhan\OneDrive - Rincovitch\00. Nhan\CSharp\RincoMTO\RincoMTO_djj4tpge_wpftmp.csproj::TargetFramework=net8.0-windows]
C:\Users\Nhan\OneDrive - Rincovitch\00. Nhan\CSharp\RincoMTO\BIMTOOL\obj\Release R26\Tools\MTO Group Bar\UI\MtoGroupBarWindow.g.cs(1,202): error CS1056: Unexpected character '\0\0\0\0\0\0\0\0\0\0\0\0\0\0\0\0\0\0\0\0\0\0\0\0\0\0\0\0\0\0\0\0\0\0\0\0\0\0\0\0\0\0\0\0\0\0\0\0\0\0\0\0\0\0\0\0\0\0\0\0\0\0\0\0\0\0\0\0\0\0\0\0\0\0\0\0\0\0\0\0\0\0\0\0\0\0\0\0\0\0\0\0\0\0\0\0\0\0\0\0\0\0\0\0\0\0\0\0\0\0\0\0\0\0\0\0\0\0\0\0\0\0\0\0\0\0\0\0\0\0\0\0\0\0\0\0\0\0\0\0\0\0\0\0\0\0\0\0\0\0\0\0\0\0\0\0\0\0\0\0\0\0\0\0\0\0\0\0\0\0\0\0\0\0\0\0\0\0\0\0\0\0\0\0\0\0\0\0\0\0\0\0\0\0\0\0\0\0\0\0\0\0\0\0\0\0\0\0\0\0\0\0\0\0\0\0\0\0\0\0\0\0\0\0\0\0\0\0\0\0\0\0\0\0\0\0\0\0\0\0\0\0\0\0\0\0\0\0\0\0\0\0\0\0\0\0\0\0\0\0\0\0\0\0\0\0\0\0\0\0\0\0\0\0\0\0\0\0\0\0\0\0\0\0\0\0\0\0\0\0\0\0\0\0\0\0\0\0\0\0\0\0\0\0\0\0\0\0\0\0\0\0\0\0\0\0\0\0\0\0\0\0\0\0\0\0\0\0\0\0\0\0\0\0\0\0\0\0\0\0\0\0\0\0\0\0\0\0\0\0\0\0\0\0\0\0\0\0\0\0\0\0\0\0\0\0\0\0\0\0\0\0\0\0\0\0\0\0\0\0\0\0\0\0\0\0\0\0\0\0\0\0\0\0\0\0\0\0\0\0\0\0\0\0\0\0\0\0\0\0\0\0\0\0\0\0\0\0\0\0\0\0\0\0\0\0\0\0\0\0\0\0\0\0\0\0\0\0\0\0\0\0\0\0\0\0\0\0\0\0\0\0\0\0\0\0\0\0\0\0\0\0\0\0\0\0\0\0\0\0\0\0\0\0\0\0\0\0\0\0\0\0\0\0\0\0\0\0\0\0\0\0\0\0\0\0\0\0\0\0\0\0\0\0\0\0\0\0\0\0\0\0\0\0\0\0\0\0\0\0\0\0\0\0\0\0\0\0\0\0\0\0\0\0\0\0\0\0\0\0\0\0\0\0\0\0\0\0\0\0\0\0\0\0\0\0\0\0\0\0\0\0\0\0\0\0\0\0\0\0\0\0\0\0\0\0\0\0\0\0\0\0\0\0\0\0\0\0\0\0\0\0\0\0\0\0\0\0\0\0\0\0\0\0\0\0\0\0\0\0\0\0\0\0\0\0\0\0\0\0\0\0\0\0\0\0\0\0\0\0\0\0\0\0\0\0\0\0\0\0\0\0\0\0\0\0\0\0\0\0\0\0\0\0\0\0\0\0\0\0\0\0\0\0\0\0\0\0\0\0\0\0\0\0\0\0\0\0\0\0\0\0\0\0\0\0\0\0\0\0\0\0\0\0\0\0\0\0\0\0\0\0\0\0\0\0\0\0\0\0\0\0\0\0\0\0\0\0\0\0\0\0\0\0\0\0\0\0\0\0\0\0\0\0\0\0\0\0\0\0\0\0\0\0\0\0\0\0\0\0\0\0\0\0\0\0\0\0\0\0\0\0\0\0\0\0\0\0\0\0\0\0\0\0\0\0\0\0\0\0\0\0\0\0\0\0\0\0\0\0\0\0\0\0\0\0\0\0\0\0\0\0\0\0\0\0\0\0\0\0\0\0\0\0\0\0\0\0\0\0\0\0\0\0\0\0\0\0\0\0\0\0\0\0\0\0\0\0\0\0\0\0\0\0\0\0\0\0\0\0\0\0\0\0\0\0\0\0\0\0\0\0\0\0\0\0\0\0\0\0\0\0\0\0\0\0\0\0\0\0\0\0\0\0\0\0\0\0\0\0\0\0\0\0\0\0\0\0\0\0\0\0\0\0\0\0\0\0\0\0\0\0\0\0\0\0\0\0\0\0\0\0\0\0\0\0\0\0\0\0\0\0\0\0\0\0\0\0\0\0\0\0\0\0\0\0\0\0\0\0\0\0\0\0\0\0\0\0\0\0\0\0\0\0\0\0\0\0\0\0\0\0\0\0\0\0\0\0\0\0\0\0\0\0\0\0\0\0\0\0\0\0\0\0\0\0\0\0\0\0\0\0\0\0\0\0\0\0\0\0\0\0\0\0\0\0\0\0\0\0\0\0\0\0\0\0\0\0\0\0\0\0\0\0\0\0\0\0\0\0\0\0\0\0\0\0\0\0\0\0\0\0\0\0\0\0\0\0\0\0\0\0\0\0\0\0\0\0\0\0\0\0\0\0\0\0\0\0\0\0\0\0\0\0\0\0\0\0\0\0\0\0\0\0\0\0\0\0\0\0\0\0\0\0\0\0\0\0\0\0\0\0\0\0\0\0\0\0\0\0\0\0\0\0\0\0\0\0\0\0\0\0\0\0\0\0\0\0\0\0\0\0\0\0\0\0\0\0\0\0\0\0\0\0\0\0\0\0\0\0\0\0\0\0\0\0\0\0\0\0\0\0\0\0\0\0\0\0\0\0\0\0\0\0\0\0\0\0\0\0\0\0\0\0\0\0\0\0\0\0\0\0\0\0\0\0\0\0\0\0\0\0\0\0\0\0\0\0\0\0\0\0\0\0\0\0\0\0\0\0\0\0\0\0\0\0\0\0\0\0\0\0\0\0\0\0\0\0\0\0\0\0\0\0\0\0\0\0\0\0\0\0\0\0\0\0\0\0\0\0\0\0\0\0\0\0\0\0\0\0\0\0\0\0\0\0\0\0\0\0\0\0\0\0\0\0\0\0\0\0\0\0\0\0\0\0\0\0\0\0\0\0\0\0\0\0\0\0\0\0\0\0\0\0\0\0\0\0\0\0\0\0\0\0\0\0\0\0\0\0\0\0\0\0\0\0\0\0\0\0\0\0\0\0\0\0\0\0\0\0\0\0\0\0\0\0\0\0\0\0\0\0\0\0\0\0\0\0\0\0\0\0\0\0\0\0\0\0\0\0\0\0\0\0\0\0\0\0\0\0\0\0\0\0\0\0\0\0\0\0\0\0\0\0\0\0\0\0\0\0\0\0\0\0\0\0\0\0\0\0\0\0\0\0\0\0\0\0\0\0\0\0\0\0\0\0\0\0\0\0\0\0\0\0\0\0\0\0\0\0\0\0\0\0\0\0\0\0\0\0\0\0\0\0\0\0\0\0\0\0\0\0\0\0\0\0\0\0\0\0\0\0\0\0\0\0\0\0\0\0\0\0\0\0\0\0\0\0\0\0\0\0\0\0\0\0\0\0\0\0\0\0\0\0\0\0\0\0\0\0\0\0\0\0\0\0\0\0\0\0\0\0\0\0\0\0\0\0\0\0\0\0\0\0\0\0\0\0\0\0\0\0\0\0\0\0\0\0\0\0\0\0\0\0\0\0\0\0\0\0\0\0\0\0\0\0\0\0\0\0\0\0\0\0\0\0\0\0\0\0\0\0\0\0\0\0\0\0\0\0\0\0\0\0\0\0\0\0\0\0\0\0\0\0\0\0\0\0\0\0\0\0\0\0\0\0\0\0\0\0\0\0\0\0\0\0\0\0\0\0\0\0\0\0\0\0\0\0\0\0\0\0\0\0\0\0\0\0\0\0\0\0\0\0\0\0\0\0\0\0\0\0\0\0\0\0\0\0\0\0\0\0\0\0\0\0\0\0\0\0\0\0\0\0\0\0\0\0\0\0\0\0\0\0\0\0\0\0\0\0\0\0\0\0\0\0\0\0\0\0\0\0\0\0\0\0\0\0\0\0\0\0\0\0\0\0\0\0\0\0\0\0\0\0\0\0\0\0\0\0\0\0\0\0\0\0\0\0\0\0\0\0\0\0\0\0\0\0\0\0\0\0\0\0\0\0\0\0\0\0\0\0\0\0\0\0\0\0\0\0\0\0\0\0\0\0\0\0\0\0\0\0\0\0\0\0\0\0\0\0\0\0\0\0\0\0\0\0\0\0\0\0\0\0\0\0\0\0\0\0\0\0\0\0\0\0\0\0\0\0\0\0\0\0\0\0\0\0\0\0\0\0\0\0\0\0\0\0\0\0\0\0\0\0\0\0\0\0\0\0\0\0\0\0\0\0\0\0\0\0\0\0\0\0\0\0\0\0\0\0\0\0\0\0\0\0\0\0\0\0\0\0\0\0\0\0\0\0\0\0\0\0\0\0\0\0\0\0\0\0\0\0\0\0\0\0\0\0\0\0\0\0\0\0\0\0\0\0\0\0\0\0\0\0\0\0\0\0\0\0\0\0\0\0\0\0\0\0\0\0\0\0\0\0\0\0\0\0\0\0\0\0\0\0\0\0\0\0\0\0\0\0\0\0\0\0\0\0\0\0\0\0\0\0\0\0\0\0\0\0\0\0\0\0\0\0\0\0\0\0\0\0\0\0\0\0\0\0\0\0\0\0\0\0\0\0\0\0\0\0\0\0\0\0\0\0\0\0\0\0\0\0\0\0\0\0\0\0\0\0\0\0\0\0\0\0\0\0\0\0\0\0\0\0\0\0\0\0\0\0\0\0\0\0\0\0\0\0\0\0\0\0\0\0\0\0\0\0\0\0\0\0\0\0\0\0\0\0\0\0\0\0\0\0\0\0\0\0\0\0\0\0\0\0\0\0\0\0\0\0\0\0\0\0\0\0\0\0\0\0\0\0\0\0\0\0\0\0\0\0\0\0\0\0\0\0\0\0\0\0\0\0\0\0\0\0\0\0\0\0\0\0\0\0\0\0\0\0\0\0\0\0\0\0\0\0\0\0\0\0\0\0\0\0\0\0\0\0\0\0\0\0\0\0\0\0\0\0\0\0\0\0\0\0\0\0\0\0\0\0\0\0\0\0\0\0\0\0\0\0\0\0\0\0\0\0\0\0\0\0\0\0\0\0\0\0\0\0\0\0\0\0\0\0\0\0\0\0\0\0\0\0\0\0\0\0\0\0\0\0\0\0\0\0\0\0\0\0\0\0\0\0\0\0\0\0\0\0\0\0\0\0\0\0\0\0\0\0\0\0\0\0\0\0\0\0\0\0\0\0\0\0\0\0\0\0\0\0\0\0\0\0\0\0\0\0\0\0\0\0\0\0\0\0\0\0\0\0\0\0\0\0\0\0\0\0\0\0\0\0\0\0\0\0\0\0\0\0\0\0\0\0\0\0\0\0\0\0\0\0\0\0\0\0\0\0\0\0\0\0\0\0\0\0\0\0\0\0\0\0\0\0\0\0\0\0\0\0\0\0\0\0\0\0\0\0\0\0\0\0\0\0\0\0\0\0\0\0\0\0\0\0\0\0\0\0\0\0\0\0\0\0\0\0\0\0\0\0\0\0\0\0\0\0\0\0\0\0\0\0\0\0\0\0\0\0\0\0\0\0\0\0\0\0\0\0\0\0\0\0\0\0\0\0\0\0\0\0\0\0\0\0\0\0\0\0\0\0\0\0\0\0\0\0\0\0\0\0\0\0\0\0\0\0\0\0\0\0\0\0\0\0\0\0\0\0\0\0\0\0\0\0\0\0\0\0\0\0\0\0\0\0\0\0\0\0\0\0\0\0\0\0\0\0\0\0\0\0\0\0\0\0\0\0\0\0\0\0\0\0\0\0\0\0\0\0\0\0\0\0\0\0\0\0\0\0\0\0\0\0\0\0\0\0\0\0\0\0\0\0\0\0\0\0\0\0\0\0\0\0\0\0\0\0\0\0\0\0\0\0\0\0\0\0\0\0\0\0\0\0\0\0\0\0\0\0\0\0\0\0\0\0\0\0\0\0\0\0\0\0\0\0\0\0\0\0\0\0\0\0\0\0\0\0\0\0\0\0\0\0\0\0\0\0\0\0\0\0\0\0\0\0\0\0\0\0\0\0\0\0\0\0\0\0\0\0\0\0\0\0\0\0\0\0\0\0\0\0\0\0\0\0\0\0\0\0\0\0\0\0\0\0\0\0\0\0\0\0\0\0\0\0\0\0\0\0\0\0\0\0\0\0\0\0\0\0\0\0\0\0\0\0\0\0\0\0\0\0\0\0\0\0\0\0\0\0\0\0\0\0\0\0\0\0\0\0\0\0\0\0\0\0\0\0\0\0\0\0\0\0\0\0\0\0\0\0\0\0\0\0\0\0\0\0\0\0\0\0\0\0\0\0\0\0\0\0\0\0\0\0\0\0\0\0\0\0\0\0\0\0\0\0\0\0\0\0\0\0\0\0\0\0\0\0\0\0\0\0\0\0\0\0\0\0\0\0\0\0\0\0\0\0\0\0\0\0\0\0\0\0\0\0\0\0\0\0\0\0\0\0\0\0\0\0\0\0\0\0\0\0\0\0\0\0\0\0\0\0\0\0\0\0\0\0\0\0\0\0\0\0\0\0\0\0\0\0\0\0\0\0\0\0\0\0\0\0\0\0\0\0\0\0\0\0\0\0\0\0\0\0\0\0\0\0\0\0\0\0\0\0\0\0\0\0\0\0\0\0\0\0\0\0\0\0\0\0\0\0\0\0\0\0\0\0\0\0\0\0\0\0\0\0\0\0\0\0\0\0\0\0\0\0\0\0\0\0\0\0\0\0\0\0\0\0\0\0\0\0\0\0\0\0\0\0\0\0\0\0\0\0\0\0\0\0\0\0\0\0\0\0\0\0\0\0\0\0\0\0\0\0\0\0\0\0\0\0\0\0\0\0\0\0\0\0\0\0\0\0\0\0\0\0\0\0\0\0\0\0\0\0\0\0\0\0\0\0\0\0\0\0\0\0\0\0\0\0\0\0\0\0\0\0\0\0\0\0\0\0\0\0\0\0\0\0\0\0\0\0\0\0\0\0\0\0\0\0\0\0\0\0\0\0\0\0\0\0\0\0\0\0\0\0\0\0\0\0\0\0\0\0\0\0\0\0\0\0\0\0\0\0\0\0\0\0\0\0\0\0\0\0\0\0\0\0\0\0\0\0\0\0\0\0\0\0\0\0\0\0\0\0\0\0\0\0\0\0\0\0\0\0\0\0\0\0\0\0\0\0\0\0\0\0\0\0\0\0\0\0\0\0\0\0\0\0\0\0\0\0\0\0\0\0\0\0\0\0\0\0\0\0\0\0\0\0\0\0\0\0\0\0\0\0\0\0\0\0\0\0\0\0\0\0\0\0\0\0\0\0\0\0\0\0\0\0\0\0\0\0\0\0\0\0\0\0\0\0\0\0\0\0\0\0\0\0\0\0\0\0\0\0\0\0\0\0\0\0\0\0\0\0\0\0\0\0\0\0\0\0\0\0\0\0\0\0\0\0\0\0\0\0\0\0\0\0\0\0\0\0\0\0\0\0\0\0\0\0\0\0\0\0\0\0\0\0\0\0\0\0\0\0\0\0\0\0\0\0\0\0\0\0\0\0\0\0\0\0\0\0\0\0\0\0\0\0\0\0\0\0\0\0\0\0\0\0\0\0\0\0\0\0\0\0\0\0\0\0\0\0\0\0\0\0\0\0\0\0\0\0\0\0\0\0\0\0\0\0\0\0\0\0\0\0\0\0\0\0\0\0\0\0\0\0\0\0\0\0\0\0\0\0\0\0\0\0\0\0\0\0\0\0\0\0\0\0\0\0\0\0\0\0\0\0\0\0\0\0\0\0\0\0\0\0\0\0\0\0\0\0\0\0\0\0\0\0\0\0\0\0\0\0\0\0\0\0\0\0\0\0\0\0\0\0\0\0\0\0\0\0\0\0\0\0\0\0\0\0\0\0\0\0\0\0\0\0\0\0\0\0\0\0\0\0\0\0\0\0\0\0\0\0\0\0\0\0\0\0\0\0\0\0\0\0\0\0\0\0\0\0\0\0\0\0\0\0\0\0\0\0\0\0\0\0\0\0\0\0\0\0\0\0\0\0\0\0\0\0\0\0\0\0\0\0\0\0\0\0\0\0\0\0\0\0\0\0\0\0\0\0\0\0\0\0\0\0\0\0\0\0\0\0\0\0\0\0\0\0\0\0\0\0\0\0\0\0\0\0\0\0\0\0\0\0\0\0\0\0\0\0\0\0\0\0\0\0\0\0\0\0\0\0\0\0\0\0\0\0\0\0\0\0\0\0\0\0\0\0\0\0\0\0\0\0\0\0\0\0\0\0\0\0\0\0\0\0\0\0\0\0\0\0\0\0\0\0\0\0\0\0\0\0\0\0\0\0\0\0\0\0\0\0\0\0\0\0\0\0\0\0\0\0\0\0\0\0\0\0\0\0\0\0\0\0\0\0\0\0\0\0\0\0\0\0\0\0\0\0\0\0\0\0\0\0\0\0\0\0\0\0\0\0\0\0\0\0\0\0\0\0\0\0\0\0\0\0\0\0\0\0\0\0\0\0\0\0\0\0\0\0\0\0\0\0\0\0\0\0\0\0\0\0\0\0\0\0\0\0\0\0\0\0\0\0\0\0\0\0\0\0\0\0\0\0\0\0\0\0\0\0\0\0\0\0\0\0\0\0\0\0\0\0\0\0\0\0\0\0\0\0\0\0\0\0\0\0\0\0\0\0\0\0\0\0\0\0\0\0\0\0\0\0\0\0\0\0\0\0\0\0\0\0\0\0\0\0\0\0\0\0\0\0\0\0\0\0\0\0\0\0\0\0\0\0\0\0\0\0\0\0\0\0\0\0\0\0\0\0\0\0\0\0\0\0\0\0\0\0\0\0\0\0\0\0\0\0\0\0\0\0\0\0\0\0\0\0\0\0\0\0\0\0\0\0\0\0\0\0\0\0\0\0\0\0\0\0\0\0\0\0\0\0\0\0\0\0\0\0\0\0\0\0\0\0\0\0\0\0\0\0\0\0\0\0\0\0\0\0\0\0\0\0\0\0\0\0\0\0\0\0\0\0\0\0\0\0\0\0\0\0\0\0\0\0\0\0\0\0\0\0\0\0\0\0\0\0\0\0\0\0\0\0\0\0\0\0\0\0\0\0\0\0\0\0\0\0\0\0\0\0\0\0\0\0\0\0\0\0\0\0\0\0\0\0\0\0\0\0\0\0\0\0\0\0\0\0\0\0\0\0\0\0\0\0\0\0\0\0\0\0\0\0\0\0\0\0\0\0\0\0\0\0\0\0\0\0\0\0\0\0\0\0\0\0\0\0\0\0\0\0\0\0\0\0\0\0\0\0\0\0\0\0\0\0\0\0\0\0\0\0\0\0\0\0\0\0\0\0\0\0\0\0\0\0\0\0\0\0\0\0\0\0\0\0\0\0\0\0\0\0\0\0\0\0\0\0\0\0\0\0\0\0\0\0\0\0\0\0\0\0\0\0\0\0\0\0\0\0\0\0\0\0\0\0\0\0\0\0\0\0\0\0\0\0\0\0\0\0\0\0\0\0\0\0\0\0\0\0\0\0\0\0\0\0\0\0\0\0\0\0\0\0\0\0\0\0\0\0\0\0\0\0\0\0\0\0\0\0\0\0\0\0\0\0\0\0\0\0\0\0\0\0\0\0\0\0\0\0\0\0\0\0\0\0\0\0\0\0\0\0\0\0\0\0\0\0\0\0\0\0\0\0\0\0\0\0\0\0\0\0\0\0\0\0\0\0\0\0\0\0\0\0\0\0\0\0\0\0\0\0\0\0\0\0\0\0\0\0\0\0\0\0\0\0\0\0\0\0\0\0\0\0\0\0\0\0\0\0\0\0\0\0\0\0\0\0\0\0\0\0\0\0\0\0\0\0\0\0\0\0\0\0\0\0\0\0\0\0\0\0\0\0\0\0\0\0\0\0\0\0\0\0\0\0\0\0\0\0\0\0\0\0\0\0\0\0\0\0\0\0\0\0\0\0\0\0\0\0\0\0\0\0\0\0\0\0\0\0\0\0\0\0\0\0\0\0\0\0\0\0\0\0\0\0\0\0\0\0\0\0\0\0\0\0\0\0\0\0\0\0\0\0\0\0\0\0\0\0\0\0\0\0\0\0\0\0\0\0\0\0\0\0\0\0\0\0\0\0\0\0\0\0\0\0\0\0\0' [C:\Users\Nhan\OneDrive - Rincovitch\00. Nhan\CSharp\RincoMTO\RincoMTO_djj4tpge_wpftmp.csproj::TargetFramework=net8.0-windows]
C:\Users\Nhan\OneDrive - Rincovitch\00. Nhan\CSharp\RincoMTO\BIMTOOL\obj\Release R26\RincoMTO.AssemblyInfo.cs(1,176): error CS1056: Unexpected character '\0' [C:\Users\Nhan\OneDrive - Rincovitch\00. Nhan\CSharp\RincoMTO\RincoMTO_djj4tpge_wpftmp.csproj::TargetFramework=net8.0-windows]
C:\Users\Nhan\OneDrive - Rincovitch\00. Nhan\CSharp\RincoMTO\BIMTOOL\obj\Release R26\RincoMTO.AssemblyInfo.cs(1,177): error CS1056: Unexpected character '\0' [C:\Users\Nhan\OneDrive - Rincovitch\00. Nhan\CSharp\RincoMTO\RincoMTO_djj4tpge_wpftmp.csproj::TargetFramework=net8.0-windows]
C:\Users\Nhan\OneDrive - Rincovitch\00. Nhan\CSharp\RincoMTO\BIMTOOL\obj\Release R26\RincoMTO.AssemblyInfo.cs(1,178): error CS1056: Unexpected character '\0' [C:\Users\Nhan\OneDrive - Rincovitch\00. Nhan\CSharp\RincoMTO\RincoMTO_djj4tpge_wpftmp.csproj::TargetFramework=net8.0-windows]
C:\Users\Nhan\OneDrive - Rincovitch\00. Nhan\CSharp\RincoMTO\BIMTOOL\obj\Release R26\RincoMTO.AssemblyInfo.cs(1,179): error CS1056: Unexpected character '\0' [C:\Users\Nhan\OneDrive - Rincovitch\00. Nhan\CSharp\RincoMTO\RincoMTO_djj4tpge_wpftmp.csproj::TargetFramework=net8.0-windows]
C:\Users\Nhan\OneDrive - Rincovitch\00. Nhan\CSharp\RincoMTO\BIMTOOL\obj\Release R26\RincoMTO.AssemblyInfo.cs(1,180): error CS1056: Unexpected character '\0' [C:\Users\Nhan\OneDrive - Rincovitch\00. Nhan\CSharp\RincoMTO\RincoMTO_djj4tpge_wpftmp.csproj::TargetFramework=net8.0-windows]
C:\Users\Nhan\OneDrive - Rincovitch\00. Nhan\CSharp\RincoMTO\BIMTOOL\obj\Release R26\RincoMTO.AssemblyInfo.cs(1,181): error CS1056: Unexpected character '\0' [C:\Users\Nhan\OneDrive - Rincovitch\00. Nhan\CSharp\RincoMTO\RincoMTO_djj4tpge_wpftmp.csproj::TargetFramework=net8.0-windows]
C:\Users\Nhan\OneDrive - Rincovitch\00. Nhan\CSharp\RincoMTO\BIMTOOL\obj\Release R26\RincoMTO.AssemblyInfo.cs(1,182): error CS1056: Unexpected character '\0' [C:\Users\Nhan\OneDrive - Rincovitch\00. Nhan\CSharp\RincoMTO\RincoMTO_djj4tpge_wpftmp.csproj::TargetFramework=net8.0-windows]
C:\Users\Nhan\OneDrive - Rincovitch\00. Nhan\CSharp\RincoMTO\BIMTOOL\obj\Release R26\RincoMTO.AssemblyInfo.cs(1,183): error CS1056: Unexpected character '\0' [C:\Users\Nhan\OneDrive - Rincovitch\00. Nhan\CSharp\RincoMTO\RincoMTO_djj4tpge_wpftmp.csproj::TargetFramework=net8.0-windows]
C:\Users\Nhan\OneDrive - Rincovitch\00. Nhan\CSharp\RincoMTO\BIMTOOL\obj\Release R26\RincoMTO.AssemblyInfo.cs(1,184): error CS1056: Unexpected character '\0' [C:\Users\Nhan\OneDrive - Rincovitch\00. Nhan\CSharp\RincoMTO\RincoMTO_djj4tpge_wpftmp.csproj::TargetFramework=net8.0-windows]
C:\Users\Nhan\OneDrive - Rincovitch\00. Nhan\CSharp\RincoMTO\BIMTOOL\obj\Release R26\RincoMTO.AssemblyInfo.cs(1,185): error CS1056: Unexpected character '\0' [C:\Users\Nhan\OneDrive - Rincovitch\00. Nhan\CSharp\RincoMTO\RincoMTO_djj4tpge_wpftmp.csproj::TargetFramework=net8.0-windows]
C:\Users\Nhan\OneDrive - Rincovitch\00. Nhan\CSharp\RincoMTO\BIMTOOL\obj\Release R26\Tools\MTO Query\UI\MtoQueryWindow.g.cs(1,1): error CS1056: Unexpected character '\0' [C:\Users\Nhan\OneDrive - Rincovitch\00. Nhan\CSharp\RincoMTO\RincoMTO_djj4tpge_wpftmp.csproj::TargetFramework=net8.0-windows]
C:\Users\Nhan\OneDrive - Rincovitch\00. Nhan\CSharp\RincoMTO\BIMTOOL\obj\Release R26\RincoMTO.AssemblyInfo.cs(1,186): error CS1056: Unexpected character '\0' [C:\Users\Nhan\OneDrive - Rincovitch\00. Nhan\CSharp\RincoMTO\RincoMTO_djj4tpge_wpftmp.csproj::TargetFramework=net8.0-windows]
C:\Users\Nhan\OneDrive - Rincovitch\00. Nhan\CSharp\RincoMTO\BIMTOOL\obj\Release R26\Tools\MTO Query\UI\MtoQueryWindow.g.cs(1,2): error CS1056: Unexpected character '\0' [C:\Users\Nhan\OneDrive - Rincovitch\00. Nhan\CSharp\RincoMTO\RincoMTO_djj4tpge_wpftmp.csproj::TargetFramework=net8.0-windows]
C:\Users\Nhan\OneDrive - Rincovitch\00. Nhan\CSharp\RincoMTO\BIMTOOL\obj\Release R26\RincoMTO.AssemblyInfo.cs(1,187): error CS1056: Unexpected character '\0' [C:\Users\Nhan\OneDrive - Rincovitch\00. Nhan\CSharp\RincoMTO\RincoMTO_djj4tpge_wpftmp.csproj::TargetFramework=net8.0-windows]
C:\Users\Nhan\OneDrive - Rincovitch\00. Nhan\CSharp\RincoMTO\BIMTOOL\obj\Release R26\Tools\MTO Query\UI\MtoQueryWindow.g.cs(1,3): error CS1056: Unexpected character '\0' [C:\Users\Nhan\OneDrive - Rincovitch\00. Nhan\CSharp\RincoMTO\RincoMTO_djj4tpge_wpftmp.csproj::TargetFramework=net8.0-windows]
C:\Users\Nhan\OneDrive - Rincovitch\00. Nhan\CSharp\RincoMTO\BIMTOOL\obj\Release R26\Tools\MTO Query\UI\MtoQueryWindow.g.cs(1,4): error CS1056: Unexpected character '\0' [C:\Users\Nhan\OneDrive - Rincovitch\00. Nhan\CSharp\RincoMTO\RincoMTO_djj4tpge_wpftmp.csproj::TargetFramework=net8.0-windows]
C:\Users\Nhan\OneDrive - Rincovitch\00. Nhan\CSharp\RincoMTO\BIMTOOL\obj\Release R26\RincoMTO.AssemblyInfo.cs(1,188): error CS1056: Unexpected character '\0' [C:\Users\Nhan\OneDrive - Rincovitch\00. Nhan\CSharp\RincoMTO\RincoMTO_djj4tpge_wpftmp.csproj::TargetFramework=net8.0-windows]
C:\Users\Nhan\OneDrive - Rincovitch\00. Nhan\CSharp\RincoMTO\BIMTOOL\obj\Release R26\Tools\MTO Query\UI\MtoQueryWindow.g.cs(1,5): error CS1056: Unexpected character '\0' [C:\Users\Nhan\OneDrive - Rincovitch\00. Nhan\CSharp\RincoMTO\RincoMTO_djj4tpge_wpftmp.csproj::TargetFramework=net8.0-windows]
C:\Users\Nhan\OneDrive - Rincovitch\00. Nhan\CSharp\RincoMTO\BIMTOOL\obj\Release R26\RincoMTO.AssemblyInfo.cs(1,189): error CS1056: Unexpected character '\0' [C:\Users\Nhan\OneDrive - Rincovitch\00. Nhan\CSharp\RincoMTO\RincoMTO_djj4tpge_wpftmp.csproj::TargetFramework=net8.0-windows]
C:\Users\Nhan\OneDrive - Rincovitch\00. Nhan\CSharp\RincoMTO\BIMTOOL\obj\Release R26\RincoMTO.AssemblyInfo.cs(1,190): error CS1056: Unexpected character '\0' [C:\Users\Nhan\OneDrive - Rincovitch\00. Nhan\CSharp\RincoMTO\RincoMTO_djj4tpge_wpftmp.csproj::TargetFramework=net8.0-windows]
C:\Users\Nhan\OneDrive - Rincovitch\00. Nhan\CSharp\RincoMTO\BIMTOOL\obj\Release R26\Tools\MTO Query\UI\MtoQueryWindow.g.cs(1,6): error CS1056: Unexpected character '\0' [C:\Users\Nhan\OneDrive - Rincovitch\00. Nhan\CSharp\RincoMTO\RincoMTO_djj4tpge_wpftmp.csproj::TargetFramework=net8.0-windows]
C:\Users\Nhan\OneDrive - Rincovitch\00. Nhan\CSharp\RincoMTO\BIMTOOL\obj\Release R26\Tools\MTO Query\UI\MtoQueryWindow.g.cs(1,7): error CS1056: Unexpected character '\0' [C:\Users\Nhan\OneDrive - Rincovitch\00. Nhan\CSharp\RincoMTO\RincoMTO_djj4tpge_wpftmp.csproj::TargetFramework=net8.0-windows]
C:\Users\Nhan\OneDrive - Rincovitch\00. Nhan\CSharp\RincoMTO\BIMTOOL\obj\Release R26\RincoMTO.AssemblyInfo.cs(1,191): error CS1056: Unexpected character '\0' [C:\Users\Nhan\OneDrive - Rincovitch\00. Nhan\CSharp\RincoMTO\RincoMTO_djj4tpge_wpftmp.csproj::TargetFramework=net8.0-windows]
C:\Users\Nhan\OneDrive - Rincovitch\00. Nhan\CSharp\RincoMTO\BIMTOOL\obj\Release R26\Tools\MTO Query\UI\MtoQueryWindow.g.cs(1,8): error CS1056: Unexpected character '\0' [C:\Users\Nhan\OneDrive - Rincovitch\00. Nhan\CSharp\RincoMTO\RincoMTO_djj4tpge_wpftmp.csproj::TargetFramework=net8.0-windows]
C:\Users\Nhan\OneDrive - Rincovitch\00. Nhan\CSharp\RincoMTO\BIMTOOL\obj\Release R26\RincoMTO.AssemblyInfo.cs(1,192): error CS1056: Unexpected character '\0' [C:\Users\Nhan\OneDrive - Rincovitch\00. Nhan\CSharp\RincoMTO\RincoMTO_djj4tpge_wpftmp.csproj::TargetFramework=net8.0-windows]
C:\Users\Nhan\OneDrive - Rincovitch\00. Nhan\CSharp\RincoMTO\BIMTOOL\obj\Release R26\RincoMTO.AssemblyInfo.cs(1,193): error CS1056: Unexpected character '\0' [C:\Users\Nhan\OneDrive - Rincovitch\00. Nhan\CSharp\RincoMTO\RincoMTO_djj4tpge_wpftmp.csproj::TargetFramework=net8.0-windows]
C:\Users\Nhan\OneDrive - Rincovitch\00. Nhan\CSharp\RincoMTO\BIMTOOL\obj\Release R26\Tools\MTO Query\UI\MtoQueryWindow.g.cs(1,9): error CS1056: Unexpected character '\0' [C:\Users\Nhan\OneDrive - Rincovitch\00. Nhan\CSharp\RincoMTO\RincoMTO_djj4tpge_wpftmp.csproj::TargetFramework=net8.0-windows]
C:\Users\Nhan\OneDrive - Rincovitch\00. Nhan\CSharp\RincoMTO\BIMTOOL\obj\Release R26\RincoMTO.AssemblyInfo.cs(1,194): error CS1056: Unexpected character '\0' [C:\Users\Nhan\OneDrive - Rincovitch\00. Nhan\CSharp\RincoMTO\RincoMTO_djj4tpge_wpftmp.csproj::TargetFramework=net8.0-windows]
C:\Users\Nhan\OneDrive - Rincovitch\00. Nhan\CSharp\RincoMTO\BIMTOOL\obj\Release R26\Tools\MTO Query\UI\MtoQueryWindow.g.cs(1,10): error CS1056: Unexpected character '\0' [C:\Users\Nhan\OneDrive - Rincovitch\00. Nhan\CSharp\RincoMTO\RincoMTO_djj4tpge_wpftmp.csproj::TargetFramework=net8.0-windows]
C:\Users\Nhan\OneDrive - Rincovitch\00. Nhan\CSharp\RincoMTO\BIMTOOL\obj\Release R26\RincoMTO.AssemblyInfo.cs(1,195): error CS1056: Unexpected character '\0' [C:\Users\Nhan\OneDrive - Rincovitch\00. Nhan\CSharp\RincoMTO\RincoMTO_djj4tpge_wpftmp.csproj::TargetFramework=net8.0-windows]
C:\Users\Nhan\OneDrive - Rincovitch\00. Nhan\CSharp\RincoMTO\BIMTOOL\obj\Release R26\Tools\MTO Query\UI\MtoQueryWindow.g.cs(1,11): error CS1056: Unexpected character '\0' [C:\Users\Nhan\OneDrive - Rincovitch\00. Nhan\CSharp\RincoMTO\RincoMTO_djj4tpge_wpftmp.csproj::TargetFramework=net8.0-windows]
C:\Users\Nhan\OneDrive - Rincovitch\00. Nhan\CSharp\RincoMTO\BIMTOOL\obj\Release R26\RincoMTO.AssemblyInfo.cs(1,196): error CS1056: Unexpected character '\0' [C:\Users\Nhan\OneDrive - Rincovitch\00. Nhan\CSharp\RincoMTO\RincoMTO_djj4tpge_wpftmp.csproj::TargetFramework=net8.0-windows]
C:\Users\Nhan\OneDrive - Rincovitch\00. Nhan\CSharp\RincoMTO\BIMTOOL\obj\Release R26\Tools\MTO Query\UI\MtoQueryWindow.g.cs(1,12): error CS1056: Unexpected character '\0' [C:\Users\Nhan\OneDrive - Rincovitch\00. Nhan\CSharp\RincoMTO\RincoMTO_djj4tpge_wpftmp.csproj::TargetFramework=net8.0-windows]
C:\Users\Nhan\OneDrive - Rincovitch\00. Nhan\CSharp\RincoMTO\BIMTOOL\obj\Release R26\RincoMTO.AssemblyInfo.cs(1,197): error CS1056: Unexpected character '\0' [C:\Users\Nhan\OneDrive - Rincovitch\00. Nhan\CSharp\RincoMTO\RincoMTO_djj4tpge_wpftmp.csproj::TargetFramework=net8.0-windows]
C:\Users\Nhan\OneDrive - Rincovitch\00. Nhan\CSharp\RincoMTO\BIMTOOL\obj\Release R26\Tools\MTO Query\UI\MtoQueryWindow.g.cs(1,13): error CS1056: Unexpected character '\0' [C:\Users\Nhan\OneDrive - Rincovitch\00. Nhan\CSharp\RincoMTO\RincoMTO_djj4tpge_wpftmp.csproj::TargetFramework=net8.0-windows]
C:\Users\Nhan\OneDrive - Rincovitch\00. Nhan\CSharp\RincoMTO\BIMTOOL\obj\Release R26\RincoMTO.AssemblyInfo.cs(1,198): error CS1056: Unexpected character '\0' [C:\Users\Nhan\OneDrive - Rincovitch\00. Nhan\CSharp\RincoMTO\RincoMTO_djj4tpge_wpftmp.csproj::TargetFramework=net8.0-windows]
C:\Users\Nhan\OneDrive - Rincovitch\00. Nhan\CSharp\RincoMTO\BIMTOOL\obj\Release R26\Tools\MTO Query\UI\MtoQueryWindow.g.cs(1,14): error CS1056: Unexpected character '\0' [C:\Users\Nhan\OneDrive - Rincovitch\00. Nhan\CSharp\RincoMTO\RincoMTO_djj4tpge_wpftmp.csproj::TargetFramework=net8.0-windows]
C:\Users\Nhan\OneDrive - Rincovitch\00. Nhan\CSharp\RincoMTO\BIMTOOL\obj\Release R26\RincoMTO.AssemblyInfo.cs(1,199): error CS1056: Unexpected character '\0' [C:\Users\Nhan\OneDrive - Rincovitch\00. Nhan\CSharp\RincoMTO\RincoMTO_djj4tpge_wpftmp.csproj::TargetFramework=net8.0-windows]
C:\Users\Nhan\OneDrive - Rincovitch\00. Nhan\CSharp\RincoMTO\BIMTOOL\obj\Release R26\Tools\MTO Query\UI\MtoQueryWindow.g.cs(1,15): error CS1056: Unexpected character '\0' [C:\Users\Nhan\OneDrive - Rincovitch\00. Nhan\CSharp\RincoMTO\RincoMTO_djj4tpge_wpftmp.csproj::TargetFramework=net8.0-windows]
C:\Users\Nhan\OneDrive - Rincovitch\00. Nhan\CSharp\RincoMTO\BIMTOOL\obj\Release R26\RincoMTO.AssemblyInfo.cs(1,200): error CS1056: Unexpected character '\0' [C:\Users\Nhan\OneDrive - Rincovitch\00. Nhan\CSharp\RincoMTO\RincoMTO_djj4tpge_wpftmp.csproj::TargetFramework=net8.0-windows]
C:\Users\Nhan\OneDrive - Rincovitch\00. Nhan\CSharp\RincoMTO\BIMTOOL\obj\Release R26\Tools\MTO Query\UI\MtoQueryWindow.g.cs(1,16): error CS1056: Unexpected character '\0' [C:\Users\Nhan\OneDrive - Rincovitch\00. Nhan\CSharp\RincoMTO\RincoMTO_djj4tpge_wpftmp.csproj::TargetFramework=net8.0-windows]
C:\Users\Nhan\OneDrive - Rincovitch\00. Nhan\CSharp\RincoMTO\BIMTOOL\obj\Release R26\RincoMTO.AssemblyInfo.cs(1,201): error CS1056: Unexpected character '\0' [C:\Users\Nhan\OneDrive - Rincovitch\00. Nhan\CSharp\RincoMTO\RincoMTO_djj4tpge_wpftmp.csproj::TargetFramework=net8.0-windows]
C:\Users\Nhan\OneDrive - Rincovitch\00. Nhan\CSharp\RincoMTO\BIMTOOL\obj\Release R26\Tools\MTO Query\UI\MtoQueryWindow.g.cs(1,17): error CS1056: Unexpected character '\0' [C:\Users\Nhan\OneDrive - Rincovitch\00. Nhan\CSharp\RincoMTO\RincoMTO_djj4tpge_wpftmp.csproj::TargetFramework=net8.0-windows]
C:\Users\Nhan\OneDrive - Rincovitch\00. Nhan\CSharp\RincoMTO\BIMTOOL\obj\Release R26\RincoMTO.AssemblyInfo.cs(1,202): error CS1056: Unexpected character '\0\0\0\0\0\0\0\0\0\0\0\0\0\0\0\0\0\0\0\0\0\0\0\0\0\0\0\0\0\0\0\0\0\0\0\0\0\0\0\0\0\0\0\0\0\0\0\0\0\0\0\0\0\0\0\0\0\0\0\0\0\0\0\0\0\0\0\0\0\0\0\0\0\0\0\0\0\0\0\0\0\0\0\0\0\0\0\0\0\0\0\0\0\0\0\0\0\0\0\0\0\0\0\0\0\0\0\0\0\0\0\0\0\0\0\0\0\0\0\0\0\0\0\0\0\0\0\0\0\0\0\0\0\0\0\0\0\0\0\0\0\0\0\0\0\0\0\0\0\0\0\0\0\0\0\0\0\0\0\0\0\0\0\0\0\0\0\0\0\0\0\0\0\0\0\0\0\0\0\0\0\0\0\0\0\0\0\0\0\0\0\0\0\0\0\0\0\0\0\0\0\0\0\0\0\0\0\0\0\0\0\0\0\0\0\0\0\0\0\0\0\0\0\0\0\0\0\0\0\0\0\0\0\0\0\0\0\0\0\0\0\0\0\0\0\0\0\0\0\0\0\0\0\0\0\0\0\0\0\0\0\0\0\0\0\0\0\0\0\0\0\0\0\0\0\0\0\0\0\0\0\0\0\0\0\0\0\0\0\0\0\0\0\0\0\0\0\0\0\0\0\0\0\0\0\0\0\0\0\0\0\0\0\0\0\0\0\0\0\0\0\0\0\0\0\0\0\0\0\0\0\0\0\0\0\0\0\0\0\0\0\0\0\0\0\0\0\0\0\0\0\0\0\0\0\0\0\0\0\0\0\0\0\0\0\0\0\0\0\0\0\0\0\0\0\0\0\0\0\0\0\0\0\0\0\0\0\0\0\0\0\0\0\0\0\0\0\0\0\0\0\0\0\0\0\0\0\0\0\0\0\0\0\0\0\0\0\0\0\0\0\0\0\0\0\0\0\0\0\0\0\0\0\0\0\0\0\0\0\0\0\0\0\0\0\0\0\0\0\0\0\0\0\0\0\0\0\0\0\0\0\0\0\0\0\0\0\0\0\0\0\0\0\0\0\0\0\0\0\0\0\0\0\0\0\0\0\0\0\0\0\0\0\0\0\0\0\0\0\0\0\0\0\0\0\0\0\0\0\0\0\0\0\0\0\0\0\0\0\0\0\0\0\0\0\0\0\0\0\0\0\0\0\0\0\0\0\0\0\0\0\0\0\0\0\0\0\0\0\0\0\0\0\0\0\0\0\0\0\0\0\0\0\0\0\0\0\0\0\0\0\0\0\0\0\0\0\0\0\0\0\0\0\0\0\0\0\0\0\0\0\0\0\0\0\0\0\0\0\0\0\0\0\0\0\0\0\0\0\0\0\0\0\0\0\0\0\0\0\0\0\0\0\0\0\0\0\0\0\0\0\0\0\0\0\0\0\0\0\0\0\0\0\0\0\0\0\0\0\0\0\0\0\0\0\0\0\0\0\0\0\0\0\0\0\0\0\0\0\0\0\0\0\0\0\0\0\0\0\0\0\0\0\0\0\0\0\0\0\0\0\0\0\0\0\0\0\0\0\0\0\0\0\0\0\0\0\0\0\0\0\0\0\0\0\0\0\0\0\0\0\0\0\0\0\0\0\0\0\0\0\0\0\0\0\0\0\0\0\0\0\0\0\0\0\0\0\0\0\0\0\0\0\0\0\0\0\0\0\0\0\0\0\0\0\0\0\0\0\0\0\0\0\0\0\0\0\0\0\0\0\0\0\0\0\0\0\0\0\0\0\0\0\0\0\0\0\0\0\0\0\0\0\0\0\0\0\0\0\0\0\0\0\0\0\0\0\0\0\0\0\0\0\0\0\0\0\0\0\0\0\0\0\0\0\0\0\0\0\0\0\0\0\0\0\0\0\0\0\0\0\0\0\0\0\0\0\0\0\0\0\0\0\0\0\0\0\0\0\0\0\0\0\0\0\0\0\0\0\0\0\0\0\0\0\0\0\0\0\0\0\0\0\0\0\0\0\0\0\0\0\0\0\0\0\0\0\0\0\0\0\0\0\0\0\0\0\0\0\0\0\0\0\0\0\0\0\0\0\0\0\0\0\0\0\0\0\0\0\0\0\0\0\0\0\0\0\0\0\0\0\0\0\0\0\0\0\0\0\0\0\0' [C:\Users\Nhan\OneDrive - Rincovitch\00. Nhan\CSharp\RincoMTO\RincoMTO_djj4tpge_wpftmp.csproj::TargetFramework=net8.0-windows]
C:\Users\Nhan\OneDrive - Rincovitch\00. Nhan\CSharp\RincoMTO\BIMTOOL\obj\Release R26\Tools\MTO Query\UI\MtoQueryWindow.g.cs(1,18): error CS1056: Unexpected character '\0' [C:\Users\Nhan\OneDrive - Rincovitch\00. Nhan\CSharp\RincoMTO\RincoMTO_djj4tpge_wpftmp.csproj::TargetFramework=net8.0-windows]
C:\Users\Nhan\OneDrive - Rincovitch\00. Nhan\CSharp\RincoMTO\BIMTOOL\obj\Release R26\Tools\MTO Query\UI\MtoQueryWindow.g.cs(1,19): error CS1056: Unexpected character '\0' [C:\Users\Nhan\OneDrive - Rincovitch\00. Nhan\CSharp\RincoMTO\RincoMTO_djj4tpge_wpftmp.csproj::TargetFramework=net8.0-windows]
C:\Users\Nhan\OneDrive - Rincovitch\00. Nhan\CSharp\RincoMTO\BIMTOOL\obj\Release R26\Tools\MTO Query\UI\MtoQueryWindow.g.cs(1,20): error CS1056: Unexpected character '\0' [C:\Users\Nhan\OneDrive - Rincovitch\00. Nhan\CSharp\RincoMTO\RincoMTO_djj4tpge_wpftmp.csproj::TargetFramework=net8.0-windows]
C:\Users\Nhan\OneDrive - Rincovitch\00. Nhan\CSharp\RincoMTO\BIMTOOL\obj\Release R26\Tools\MTO Query\UI\MtoQueryWindow.g.cs(1,21): error CS1056: Unexpected character '\0' [C:\Users\Nhan\OneDrive - Rincovitch\00. Nhan\CSharp\RincoMTO\RincoMTO_djj4tpge_wpftmp.csproj::TargetFramework=net8.0-windows]
C:\Users\Nhan\OneDrive - Rincovitch\00. Nhan\CSharp\RincoMTO\BIMTOOL\obj\Release R26\Tools\MTO Query\UI\MtoQueryWindow.g.cs(1,22): error CS1056: Unexpected character '\0' [C:\Users\Nhan\OneDrive - Rincovitch\00. Nhan\CSharp\RincoMTO\RincoMTO_djj4tpge_wpftmp.csproj::TargetFramework=net8.0-windows]
C:\Users\Nhan\OneDrive - Rincovitch\00. Nhan\CSharp\RincoMTO\BIMTOOL\obj\Release R26\Tools\MTO Query\UI\MtoQueryWindow.g.cs(1,23): error CS1056: Unexpected character '\0' [C:\Users\Nhan\OneDrive - Rincovitch\00. Nhan\CSharp\RincoMTO\RincoMTO_djj4tpge_wpftmp.csproj::TargetFramework=net8.0-windows]
C:\Users\Nhan\OneDrive - Rincovitch\00. Nhan\CSharp\RincoMTO\BIMTOOL\obj\Release R26\Tools\MTO Query\UI\MtoQueryWindow.g.cs(1,24): error CS1056: Unexpected character '\0' [C:\Users\Nhan\OneDrive - Rincovitch\00. Nhan\CSharp\RincoMTO\RincoMTO_djj4tpge_wpftmp.csproj::TargetFramework=net8.0-windows]
C:\Users\Nhan\OneDrive - Rincovitch\00. Nhan\CSharp\RincoMTO\BIMTOOL\obj\Release R26\Tools\MTO Query\UI\MtoQueryWindow.g.cs(1,25): error CS1056: Unexpected character '\0' [C:\Users\Nhan\OneDrive - Rincovitch\00. Nhan\CSharp\RincoMTO\RincoMTO_djj4tpge_wpftmp.csproj::TargetFramework=net8.0-windows]
C:\Users\Nhan\OneDrive - Rincovitch\00. Nhan\CSharp\RincoMTO\BIMTOOL\obj\Release R26\Tools\MTO Query\UI\MtoQueryWindow.g.cs(1,26): error CS1056: Unexpected character '\0' [C:\Users\Nhan\OneDrive - Rincovitch\00. Nhan\CSharp\RincoMTO\RincoMTO_djj4tpge_wpftmp.csproj::TargetFramework=net8.0-windows]
C:\Users\Nhan\OneDrive - Rincovitch\00. Nhan\CSharp\RincoMTO\BIMTOOL\obj\Release R26\Tools\MTO Query\UI\MtoQueryWindow.g.cs(1,27): error CS1056: Unexpected character '\0' [C:\Users\Nhan\OneDrive - Rincovitch\00. Nhan\CSharp\RincoMTO\RincoMTO_djj4tpge_wpftmp.csproj::TargetFramework=net8.0-windows]
C:\Users\Nhan\OneDrive - Rincovitch\00. Nhan\CSharp\RincoMTO\BIMTOOL\obj\Release R26\Tools\MTO Query\UI\MtoQueryWindow.g.cs(1,28): error CS1056: Unexpected character '\0' [C:\Users\Nhan\OneDrive - Rincovitch\00. Nhan\CSharp\RincoMTO\RincoMTO_djj4tpge_wpftmp.csproj::TargetFramework=net8.0-windows]
C:\Users\Nhan\OneDrive - Rincovitch\00. Nhan\CSharp\RincoMTO\BIMTOOL\obj\Release R26\Tools\MTO Query\UI\MtoQueryWindow.g.cs(1,29): error CS1056: Unexpected character '\0' [C:\Users\Nhan\OneDrive - Rincovitch\00. Nhan\CSharp\RincoMTO\RincoMTO_djj4tpge_wpftmp.csproj::TargetFramework=net8.0-windows]
C:\Users\Nhan\OneDrive - Rincovitch\00. Nhan\CSharp\RincoMTO\BIMTOOL\obj\Release R26\Tools\MTO Query\UI\MtoQueryWindow.g.cs(1,30): error CS1056: Unexpected character '\0' [C:\Users\Nhan\OneDrive - Rincovitch\00. Nhan\CSharp\RincoMTO\RincoMTO_djj4tpge_wpftmp.csproj::TargetFramework=net8.0-windows]
C:\Users\Nhan\OneDrive - Rincovitch\00. Nhan\CSharp\RincoMTO\BIMTOOL\obj\Release R26\Tools\MTO Query\UI\MtoQueryWindow.g.cs(1,31): error CS1056: Unexpected character '\0' [C:\Users\Nhan\OneDrive - Rincovitch\00. Nhan\CSharp\RincoMTO\RincoMTO_djj4tpge_wpftmp.csproj::TargetFramework=net8.0-windows]
C:\Users\Nhan\OneDrive - Rincovitch\00. Nhan\CSharp\RincoMTO\BIMTOOL\obj\Release R26\Tools\MTO Query\UI\MtoQueryWindow.g.cs(1,32): error CS1056: Unexpected character '\0' [C:\Users\Nhan\OneDrive - Rincovitch\00. Nhan\CSharp\RincoMTO\RincoMTO_djj4tpge_wpftmp.csproj::TargetFramework=net8.0-windows]
C:\Users\Nhan\OneDrive - Rincovitch\00. Nhan\CSharp\RincoMTO\BIMTOOL\obj\Release R26\Tools\MTO Query\UI\MtoQueryWindow.g.cs(1,33): error CS1056: Unexpected character '\0' [C:\Users\Nhan\OneDrive - Rincovitch\00. Nhan\CSharp\RincoMTO\RincoMTO_djj4tpge_wpftmp.csproj::TargetFramework=net8.0-windows]
C:\Users\Nhan\OneDrive - Rincovitch\00. Nhan\CSharp\RincoMTO\BIMTOOL\obj\Release R26\Tools\MTO Query\UI\MtoQueryWindow.g.cs(1,34): error CS1056: Unexpected character '\0' [C:\Users\Nhan\OneDrive - Rincovitch\00. Nhan\CSharp\RincoMTO\RincoMTO_djj4tpge_wpftmp.csproj::TargetFramework=net8.0-windows]
C:\Users\Nhan\OneDrive - Rincovitch\00. Nhan\CSharp\RincoMTO\BIMTOOL\obj\Release R26\Tools\MTO Query\UI\MtoQueryWindow.g.cs(1,35): error CS1056: Unexpected character '\0' [C:\Users\Nhan\OneDrive - Rincovitch\00. Nhan\CSharp\RincoMTO\RincoMTO_djj4tpge_wpftmp.csproj::TargetFramework=net8.0-windows]
C:\Users\Nhan\OneDrive - Rincovitch\00. Nhan\CSharp\RincoMTO\BIMTOOL\obj\Release R26\Tools\MTO Query\UI\MtoQueryWindow.g.cs(1,36): error CS1056: Unexpected character '\0' [C:\Users\Nhan\OneDrive - Rincovitch\00. Nhan\CSharp\RincoMTO\RincoMTO_djj4tpge_wpftmp.csproj::TargetFramework=net8.0-windows]
C:\Users\Nhan\OneDrive - Rincovitch\00. Nhan\CSharp\RincoMTO\BIMTOOL\obj\Release R26\Tools\MTO Query\UI\MtoQueryWindow.g.cs(1,37): error CS1056: Unexpected character '\0' [C:\Users\Nhan\OneDrive - Rincovitch\00. Nhan\CSharp\RincoMTO\RincoMTO_djj4tpge_wpftmp.csproj::TargetFramework=net8.0-windows]
C:\Users\Nhan\OneDrive - Rincovitch\00. Nhan\CSharp\RincoMTO\BIMTOOL\obj\Release R26\Tools\MTO Query\UI\MtoQueryWindow.g.cs(1,38): error CS1056: Unexpected character '\0' [C:\Users\Nhan\OneDrive - Rincovitch\00. Nhan\CSharp\RincoMTO\RincoMTO_djj4tpge_wpftmp.csproj::TargetFramework=net8.0-windows]
C:\Users\Nhan\OneDrive - Rincovitch\00. Nhan\CSharp\RincoMTO\BIMTOOL\obj\Release R26\Tools\MTO Query\UI\MtoQueryWindow.g.cs(1,39): error CS1056: Unexpected character '\0' [C:\Users\Nhan\OneDrive - Rincovitch\00. Nhan\CSharp\RincoMTO\RincoMTO_djj4tpge_wpftmp.csproj::TargetFramework=net8.0-windows]
C:\Users\Nhan\OneDrive - Rincovitch\00. Nhan\CSharp\RincoMTO\BIMTOOL\obj\Release R26\Tools\MTO Query\UI\MtoQueryWindow.g.cs(1,40): error CS1056: Unexpected character '\0' [C:\Users\Nhan\OneDrive - Rincovitch\00. Nhan\CSharp\RincoMTO\RincoMTO_djj4tpge_wpftmp.csproj::TargetFramework=net8.0-windows]
C:\Users\Nhan\OneDrive - Rincovitch\00. Nhan\CSharp\RincoMTO\BIMTOOL\obj\Release R26\Tools\MTO Query\UI\MtoQueryWindow.g.cs(1,41): error CS1056: Unexpected character '\0' [C:\Users\Nhan\OneDrive - Rincovitch\00. Nhan\CSharp\RincoMTO\RincoMTO_djj4tpge_wpftmp.csproj::TargetFramework=net8.0-windows]
C:\Users\Nhan\OneDrive - Rincovitch\00. Nhan\CSharp\RincoMTO\BIMTOOL\obj\Release R26\Tools\MTO Query\UI\MtoQueryWindow.g.cs(1,42): error CS1056: Unexpected character '\0' [C:\Users\Nhan\OneDrive - Rincovitch\00. Nhan\CSharp\RincoMTO\RincoMTO_djj4tpge_wpftmp.csproj::TargetFramework=net8.0-windows]
C:\Users\Nhan\OneDrive - Rincovitch\00. Nhan\CSharp\RincoMTO\BIMTOOL\obj\Release R26\Tools\MTO Query\UI\MtoQueryWindow.g.cs(1,43): error CS1056: Unexpected character '\0' [C:\Users\Nhan\OneDrive - Rincovitch\00. Nhan\CSharp\RincoMTO\RincoMTO_djj4tpge_wpftmp.csproj::TargetFramework=net8.0-windows]
C:\Users\Nhan\OneDrive - Rincovitch\00. Nhan\CSharp\RincoMTO\BIMTOOL\obj\Release R26\Tools\MTO Query\UI\MtoQueryWindow.g.cs(1,44): error CS1056: Unexpected character '\0' [C:\Users\Nhan\OneDrive - Rincovitch\00. Nhan\CSharp\RincoMTO\RincoMTO_djj4tpge_wpftmp.csproj::TargetFramework=net8.0-windows]
C:\Users\Nhan\OneDrive - Rincovitch\00. Nhan\CSharp\RincoMTO\BIMTOOL\obj\Release R26\Tools\MTO Query\UI\MtoQueryWindow.g.cs(1,45): error CS1056: Unexpected character '\0' [C:\Users\Nhan\OneDrive - Rincovitch\00. Nhan\CSharp\RincoMTO\RincoMTO_djj4tpge_wpftmp.csproj::TargetFramework=net8.0-windows]
C:\Users\Nhan\OneDrive - Rincovitch\00. Nhan\CSharp\RincoMTO\BIMTOOL\obj\Release R26\Tools\MTO Query\UI\MtoQueryWindow.g.cs(1,46): error CS1056: Unexpected character '\0' [C:\Users\Nhan\OneDrive - Rincovitch\00. Nhan\CSharp\RincoMTO\RincoMTO_djj4tpge_wpftmp.csproj::TargetFramework=net8.0-windows]
C:\Users\Nhan\OneDrive - Rincovitch\00. Nhan\CSharp\RincoMTO\BIMTOOL\obj\Release R26\Tools\MTO Query\UI\MtoQueryWindow.g.cs(1,47): error CS1056: Unexpected character '\0' [C:\Users\Nhan\OneDrive - Rincovitch\00. Nhan\CSharp\RincoMTO\RincoMTO_djj4tpge_wpftmp.csproj::TargetFramework=net8.0-windows]
C:\Users\Nhan\OneDrive - Rincovitch\00. Nhan\CSharp\RincoMTO\BIMTOOL\obj\Release R26\Tools\MTO Query\UI\MtoQueryWindow.g.cs(1,48): error CS1056: Unexpected character '\0' [C:\Users\Nhan\OneDrive - Rincovitch\00. Nhan\CSharp\RincoMTO\RincoMTO_djj4tpge_wpftmp.csproj::TargetFramework=net8.0-windows]
C:\Users\Nhan\OneDrive - Rincovitch\00. Nhan\CSharp\RincoMTO\BIMTOOL\obj\Release R26\Tools\MTO Query\UI\MtoQueryWindow.g.cs(1,49): error CS1056: Unexpected character '\0' [C:\Users\Nhan\OneDrive - Rincovitch\00. Nhan\CSharp\RincoMTO\RincoMTO_djj4tpge_wpftmp.csproj::TargetFramework=net8.0-windows]
C:\Users\Nhan\OneDrive - Rincovitch\00. Nhan\CSharp\RincoMTO\BIMTOOL\obj\Release R26\Tools\MTO Query\UI\MtoQueryWindow.g.cs(1,50): error CS1056: Unexpected character '\0' [C:\Users\Nhan\OneDrive - Rincovitch\00. Nhan\CSharp\RincoMTO\RincoMTO_djj4tpge_wpftmp.csproj::TargetFramework=net8.0-windows]
C:\Users\Nhan\OneDrive - Rincovitch\00. Nhan\CSharp\RincoMTO\BIMTOOL\obj\Release R26\Tools\MTO Query\UI\MtoQueryWindow.g.cs(1,51): error CS1056: Unexpected character '\0' [C:\Users\Nhan\OneDrive - Rincovitch\00. Nhan\CSharp\RincoMTO\RincoMTO_djj4tpge_wpftmp.csproj::TargetFramework=net8.0-windows]
C:\Users\Nhan\OneDrive - Rincovitch\00. Nhan\CSharp\RincoMTO\BIMTOOL\obj\Release R26\Tools\MTO Query\UI\MtoQueryWindow.g.cs(1,52): error CS1056: Unexpected character '\0' [C:\Users\Nhan\OneDrive - Rincovitch\00. Nhan\CSharp\RincoMTO\RincoMTO_djj4tpge_wpftmp.csproj::TargetFramework=net8.0-windows]
C:\Users\Nhan\OneDrive - Rincovitch\00. Nhan\CSharp\RincoMTO\BIMTOOL\obj\Release R26\Tools\MTO Query\UI\MtoQueryWindow.g.cs(1,53): error CS1056: Unexpected character '\0' [C:\Users\Nhan\OneDrive - Rincovitch\00. Nhan\CSharp\RincoMTO\RincoMTO_djj4tpge_wpftmp.csproj::TargetFramework=net8.0-windows]
C:\Users\Nhan\OneDrive - Rincovitch\00. Nhan\CSharp\RincoMTO\BIMTOOL\obj\Release R26\Tools\MTO Query\UI\MtoQueryWindow.g.cs(1,54): error CS1056: Unexpected character '\0' [C:\Users\Nhan\OneDrive - Rincovitch\00. Nhan\CSharp\RincoMTO\RincoMTO_djj4tpge_wpftmp.csproj::TargetFramework=net8.0-windows]
C:\Users\Nhan\OneDrive - Rincovitch\00. Nhan\CSharp\RincoMTO\BIMTOOL\obj\Release R26\Tools\MTO Query\UI\MtoQueryWindow.g.cs(1,55): error CS1056: Unexpected character '\0' [C:\Users\Nhan\OneDrive - Rincovitch\00. Nhan\CSharp\RincoMTO\RincoMTO_djj4tpge_wpftmp.csproj::TargetFramework=net8.0-windows]
C:\Users\Nhan\OneDrive - Rincovitch\00. Nhan\CSharp\RincoMTO\BIMTOOL\obj\Release R26\Tools\MTO Query\UI\MtoQueryWindow.g.cs(1,56): error CS1056: Unexpected character '\0' [C:\Users\Nhan\OneDrive - Rincovitch\00. Nhan\CSharp\RincoMTO\RincoMTO_djj4tpge_wpftmp.csproj::TargetFramework=net8.0-windows]
C:\Users\Nhan\OneDrive - Rincovitch\00. Nhan\CSharp\RincoMTO\BIMTOOL\obj\Release R26\Tools\MTO Query\UI\MtoQueryWindow.g.cs(1,57): error CS1056: Unexpected character '\0' [C:\Users\Nhan\OneDrive - Rincovitch\00. Nhan\CSharp\RincoMTO\RincoMTO_djj4tpge_wpftmp.csproj::TargetFramework=net8.0-windows]
C:\Users\Nhan\OneDrive - Rincovitch\00. Nhan\CSharp\RincoMTO\BIMTOOL\obj\Release R26\Tools\MTO Query\UI\MtoQueryWindow.g.cs(1,58): error CS1056: Unexpected character '\0' [C:\Users\Nhan\OneDrive - Rincovitch\00. Nhan\CSharp\RincoMTO\RincoMTO_djj4tpge_wpftmp.csproj::TargetFramework=net8.0-windows]
C:\Users\Nhan\OneDrive - Rincovitch\00. Nhan\CSharp\RincoMTO\BIMTOOL\obj\Release R26\Tools\MTO Query\UI\MtoQueryWindow.g.cs(1,59): error CS1056: Unexpected character '\0' [C:\Users\Nhan\OneDrive - Rincovitch\00. Nhan\CSharp\RincoMTO\RincoMTO_djj4tpge_wpftmp.csproj::TargetFramework=net8.0-windows]
C:\Users\Nhan\OneDrive - Rincovitch\00. Nhan\CSharp\RincoMTO\BIMTOOL\obj\Release R26\Tools\MTO Query\UI\MtoQueryWindow.g.cs(1,60): error CS1056: Unexpected character '\0' [C:\Users\Nhan\OneDrive - Rincovitch\00. Nhan\CSharp\RincoMTO\RincoMTO_djj4tpge_wpftmp.csproj::TargetFramework=net8.0-windows]
C:\Users\Nhan\OneDrive - Rincovitch\00. Nhan\CSharp\RincoMTO\BIMTOOL\obj\Release R26\Tools\MTO Query\UI\MtoQueryWindow.g.cs(1,61): error CS1056: Unexpected character '\0' [C:\Users\Nhan\OneDrive - Rincovitch\00. Nhan\CSharp\RincoMTO\RincoMTO_djj4tpge_wpftmp.csproj::TargetFramework=net8.0-windows]
C:\Users\Nhan\OneDrive - Rincovitch\00. Nhan\CSharp\RincoMTO\BIMTOOL\obj\Release R26\Tools\MTO Query\UI\MtoQueryWindow.g.cs(1,62): error CS1056: Unexpected character '\0' [C:\Users\Nhan\OneDrive - Rincovitch\00. Nhan\CSharp\RincoMTO\RincoMTO_djj4tpge_wpftmp.csproj::TargetFramework=net8.0-windows]
C:\Users\Nhan\OneDrive - Rincovitch\00. Nhan\CSharp\RincoMTO\BIMTOOL\obj\Release R26\Tools\MTO Query\UI\MtoQueryWindow.g.cs(1,63): error CS1056: Unexpected character '\0' [C:\Users\Nhan\OneDrive - Rincovitch\00. Nhan\CSharp\RincoMTO\RincoMTO_djj4tpge_wpftmp.csproj::TargetFramework=net8.0-windows]
C:\Users\Nhan\OneDrive - Rincovitch\00. Nhan\CSharp\RincoMTO\BIMTOOL\obj\Release R26\Tools\MTO Query\UI\MtoQueryWindow.g.cs(1,64): error CS1056: Unexpected character '\0' [C:\Users\Nhan\OneDrive - Rincovitch\00. Nhan\CSharp\RincoMTO\RincoMTO_djj4tpge_wpftmp.csproj::TargetFramework=net8.0-windows]
C:\Users\Nhan\OneDrive - Rincovitch\00. Nhan\CSharp\RincoMTO\BIMTOOL\obj\Release R26\Tools\MTO Query\UI\MtoQueryWindow.g.cs(1,65): error CS1056: Unexpected character '\0' [C:\Users\Nhan\OneDrive - Rincovitch\00. Nhan\CSharp\RincoMTO\RincoMTO_djj4tpge_wpftmp.csproj::TargetFramework=net8.0-windows]
C:\Users\Nhan\OneDrive - Rincovitch\00. Nhan\CSharp\RincoMTO\BIMTOOL\obj\Release R26\Tools\MTO Query\UI\MtoQueryWindow.g.cs(1,66): error CS1056: Unexpected character '\0' [C:\Users\Nhan\OneDrive - Rincovitch\00. Nhan\CSharp\RincoMTO\RincoMTO_djj4tpge_wpftmp.csproj::TargetFramework=net8.0-windows]
C:\Users\Nhan\OneDrive - Rincovitch\00. Nhan\CSharp\RincoMTO\BIMTOOL\obj\Release R26\Tools\MTO Query\UI\MtoQueryWindow.g.cs(1,67): error CS1056: Unexpected character '\0' [C:\Users\Nhan\OneDrive - Rincovitch\00. Nhan\CSharp\RincoMTO\RincoMTO_djj4tpge_wpftmp.csproj::TargetFramework=net8.0-windows]
C:\Users\Nhan\OneDrive - Rincovitch\00. Nhan\CSharp\RincoMTO\BIMTOOL\obj\Release R26\Tools\MTO Query\UI\MtoQueryWindow.g.cs(1,68): error CS1056: Unexpected character '\0' [C:\Users\Nhan\OneDrive - Rincovitch\00. Nhan\CSharp\RincoMTO\RincoMTO_djj4tpge_wpftmp.csproj::TargetFramework=net8.0-windows]
C:\Users\Nhan\OneDrive - Rincovitch\00. Nhan\CSharp\RincoMTO\BIMTOOL\obj\Release R26\Tools\MTO Query\UI\MtoQueryWindow.g.cs(1,69): error CS1056: Unexpected character '\0' [C:\Users\Nhan\OneDrive - Rincovitch\00. Nhan\CSharp\RincoMTO\RincoMTO_djj4tpge_wpftmp.csproj::TargetFramework=net8.0-windows]
C:\Users\Nhan\OneDrive - Rincovitch\00. Nhan\CSharp\RincoMTO\BIMTOOL\obj\Release R26\Tools\MTO Query\UI\MtoQueryWindow.g.cs(1,70): error CS1056: Unexpected character '\0' [C:\Users\Nhan\OneDrive - Rincovitch\00. Nhan\CSharp\RincoMTO\RincoMTO_djj4tpge_wpftmp.csproj::TargetFramework=net8.0-windows]
C:\Users\Nhan\OneDrive - Rincovitch\00. Nhan\CSharp\RincoMTO\BIMTOOL\obj\Release R26\Tools\MTO Query\UI\MtoQueryWindow.g.cs(1,71): error CS1056: Unexpected character '\0' [C:\Users\Nhan\OneDrive - Rincovitch\00. Nhan\CSharp\RincoMTO\RincoMTO_djj4tpge_wpftmp.csproj::TargetFramework=net8.0-windows]
C:\Users\Nhan\OneDrive - Rincovitch\00. Nhan\CSharp\RincoMTO\BIMTOOL\obj\Release R26\Tools\MTO Query\UI\MtoQueryWindow.g.cs(1,72): error CS1056: Unexpected character '\0' [C:\Users\Nhan\OneDrive - Rincovitch\00. Nhan\CSharp\RincoMTO\RincoMTO_djj4tpge_wpftmp.csproj::TargetFramework=net8.0-windows]
C:\Users\Nhan\OneDrive - Rincovitch\00. Nhan\CSharp\RincoMTO\BIMTOOL\obj\Release R26\Tools\MTO Query\UI\MtoQueryWindow.g.cs(1,73): error CS1056: Unexpected character '\0' [C:\Users\Nhan\OneDrive - Rincovitch\00. Nhan\CSharp\RincoMTO\RincoMTO_djj4tpge_wpftmp.csproj::TargetFramework=net8.0-windows]
C:\Users\Nhan\OneDrive - Rincovitch\00. Nhan\CSharp\RincoMTO\BIMTOOL\obj\Release R26\Tools\MTO Query\UI\MtoQueryWindow.g.cs(1,74): error CS1056: Unexpected character '\0' [C:\Users\Nhan\OneDrive - Rincovitch\00. Nhan\CSharp\RincoMTO\RincoMTO_djj4tpge_wpftmp.csproj::TargetFramework=net8.0-windows]
C:\Users\Nhan\OneDrive - Rincovitch\00. Nhan\CSharp\RincoMTO\BIMTOOL\obj\Release R26\Tools\MTO Query\UI\MtoQueryWindow.g.cs(1,75): error CS1056: Unexpected character '\0' [C:\Users\Nhan\OneDrive - Rincovitch\00. Nhan\CSharp\RincoMTO\RincoMTO_djj4tpge_wpftmp.csproj::TargetFramework=net8.0-windows]
C:\Users\Nhan\OneDrive - Rincovitch\00. Nhan\CSharp\RincoMTO\BIMTOOL\obj\Release R26\Tools\MTO Query\UI\MtoQueryWindow.g.cs(1,76): error CS1056: Unexpected character '\0' [C:\Users\Nhan\OneDrive - Rincovitch\00. Nhan\CSharp\RincoMTO\RincoMTO_djj4tpge_wpftmp.csproj::TargetFramework=net8.0-windows]
C:\Users\Nhan\OneDrive - Rincovitch\00. Nhan\CSharp\RincoMTO\BIMTOOL\obj\Release R26\Tools\MTO Query\UI\MtoQueryWindow.g.cs(1,77): error CS1056: Unexpected character '\0' [C:\Users\Nhan\OneDrive - Rincovitch\00. Nhan\CSharp\RincoMTO\RincoMTO_djj4tpge_wpftmp.csproj::TargetFramework=net8.0-windows]
C:\Users\Nhan\OneDrive - Rincovitch\00. Nhan\CSharp\RincoMTO\BIMTOOL\obj\Release R26\Tools\MTO Query\UI\MtoQueryWindow.g.cs(1,78): error CS1056: Unexpected character '\0' [C:\Users\Nhan\OneDrive - Rincovitch\00. Nhan\CSharp\RincoMTO\RincoMTO_djj4tpge_wpftmp.csproj::TargetFramework=net8.0-windows]
C:\Users\Nhan\OneDrive - Rincovitch\00. Nhan\CSharp\RincoMTO\BIMTOOL\obj\Release R26\Tools\MTO Query\UI\MtoQueryWindow.g.cs(1,79): error CS1056: Unexpected character '\0' [C:\Users\Nhan\OneDrive - Rincovitch\00. Nhan\CSharp\RincoMTO\RincoMTO_djj4tpge_wpftmp.csproj::TargetFramework=net8.0-windows]
C:\Users\Nhan\OneDrive - Rincovitch\00. Nhan\CSharp\RincoMTO\BIMTOOL\obj\Release R26\Tools\MTO Query\UI\MtoQueryWindow.g.cs(1,80): error CS1056: Unexpected character '\0' [C:\Users\Nhan\OneDrive - Rincovitch\00. Nhan\CSharp\RincoMTO\RincoMTO_djj4tpge_wpftmp.csproj::TargetFramework=net8.0-windows]
C:\Users\Nhan\OneDrive - Rincovitch\00. Nhan\CSharp\RincoMTO\BIMTOOL\obj\Release R26\Tools\MTO Query\UI\MtoQueryWindow.g.cs(1,81): error CS1056: Unexpected character '\0' [C:\Users\Nhan\OneDrive - Rincovitch\00. Nhan\CSharp\RincoMTO\RincoMTO_djj4tpge_wpftmp.csproj::TargetFramework=net8.0-windows]
C:\Users\Nhan\OneDrive - Rincovitch\00. Nhan\CSharp\RincoMTO\BIMTOOL\obj\Release R26\Tools\MTO Query\UI\MtoQueryWindow.g.cs(1,82): error CS1056: Unexpected character '\0' [C:\Users\Nhan\OneDrive - Rincovitch\00. Nhan\CSharp\RincoMTO\RincoMTO_djj4tpge_wpftmp.csproj::TargetFramework=net8.0-windows]
C:\Users\Nhan\OneDrive - Rincovitch\00. Nhan\CSharp\RincoMTO\BIMTOOL\obj\Release R26\Tools\MTO Query\UI\MtoQueryWindow.g.cs(1,83): error CS1056: Unexpected character '\0' [C:\Users\Nhan\OneDrive - Rincovitch\00. Nhan\CSharp\RincoMTO\RincoMTO_djj4tpge_wpftmp.csproj::TargetFramework=net8.0-windows]
C:\Users\Nhan\OneDrive - Rincovitch\00. Nhan\CSharp\RincoMTO\BIMTOOL\obj\Release R26\Tools\MTO Query\UI\MtoQueryWindow.g.cs(1,84): error CS1056: Unexpected character '\0' [C:\Users\Nhan\OneDrive - Rincovitch\00. Nhan\CSharp\RincoMTO\RincoMTO_djj4tpge_wpftmp.csproj::TargetFramework=net8.0-windows]
C:\Users\Nhan\OneDrive - Rincovitch\00. Nhan\CSharp\RincoMTO\BIMTOOL\obj\Release R26\Tools\MTO Query\UI\MtoQueryWindow.g.cs(1,85): error CS1056: Unexpected character '\0' [C:\Users\Nhan\OneDrive - Rincovitch\00. Nhan\CSharp\RincoMTO\RincoMTO_djj4tpge_wpftmp.csproj::TargetFramework=net8.0-windows]
C:\Users\Nhan\OneDrive - Rincovitch\00. Nhan\CSharp\RincoMTO\BIMTOOL\obj\Release R26\Tools\MTO Query\UI\MtoQueryWindow.g.cs(1,86): error CS1056: Unexpected character '\0' [C:\Users\Nhan\OneDrive - Rincovitch\00. Nhan\CSharp\RincoMTO\RincoMTO_djj4tpge_wpftmp.csproj::TargetFramework=net8.0-windows]
C:\Users\Nhan\OneDrive - Rincovitch\00. Nhan\CSharp\RincoMTO\BIMTOOL\obj\Release R26\Tools\MTO Query\UI\MtoQueryWindow.g.cs(1,87): error CS1056: Unexpected character '\0' [C:\Users\Nhan\OneDrive - Rincovitch\00. Nhan\CSharp\RincoMTO\RincoMTO_djj4tpge_wpftmp.csproj::TargetFramework=net8.0-windows]
C:\Users\Nhan\OneDrive - Rincovitch\00. Nhan\CSharp\RincoMTO\BIMTOOL\obj\Release R26\Tools\MTO Query\UI\MtoQueryWindow.g.cs(1,88): error CS1056: Unexpected character '\0' [C:\Users\Nhan\OneDrive - Rincovitch\00. Nhan\CSharp\RincoMTO\RincoMTO_djj4tpge_wpftmp.csproj::TargetFramework=net8.0-windows]
C:\Users\Nhan\OneDrive - Rincovitch\00. Nhan\CSharp\RincoMTO\BIMTOOL\obj\Release R26\Tools\MTO Query\UI\MtoQueryWindow.g.cs(1,89): error CS1056: Unexpected character '\0' [C:\Users\Nhan\OneDrive - Rincovitch\00. Nhan\CSharp\RincoMTO\RincoMTO_djj4tpge_wpftmp.csproj::TargetFramework=net8.0-windows]
C:\Users\Nhan\OneDrive - Rincovitch\00. Nhan\CSharp\RincoMTO\BIMTOOL\obj\Release R26\Tools\MTO Query\UI\MtoQueryWindow.g.cs(1,90): error CS1056: Unexpected character '\0' [C:\Users\Nhan\OneDrive - Rincovitch\00. Nhan\CSharp\RincoMTO\RincoMTO_djj4tpge_wpftmp.csproj::TargetFramework=net8.0-windows]
C:\Users\Nhan\OneDrive - Rincovitch\00. Nhan\CSharp\RincoMTO\BIMTOOL\obj\Release R26\Tools\MTO Query\UI\MtoQueryWindow.g.cs(1,91): error CS1056: Unexpected character '\0' [C:\Users\Nhan\OneDrive - Rincovitch\00. Nhan\CSharp\RincoMTO\RincoMTO_djj4tpge_wpftmp.csproj::TargetFramework=net8.0-windows]
C:\Users\Nhan\OneDrive - Rincovitch\00. Nhan\CSharp\RincoMTO\BIMTOOL\obj\Release R26\Tools\MTO Query\UI\MtoQueryWindow.g.cs(1,92): error CS1056: Unexpected character '\0' [C:\Users\Nhan\OneDrive - Rincovitch\00. Nhan\CSharp\RincoMTO\RincoMTO_djj4tpge_wpftmp.csproj::TargetFramework=net8.0-windows]
C:\Users\Nhan\OneDrive - Rincovitch\00. Nhan\CSharp\RincoMTO\BIMTOOL\obj\Release R26\Tools\MTO Query\UI\MtoQueryWindow.g.cs(1,93): error CS1056: Unexpected character '\0' [C:\Users\Nhan\OneDrive - Rincovitch\00. Nhan\CSharp\RincoMTO\RincoMTO_djj4tpge_wpftmp.csproj::TargetFramework=net8.0-windows]
C:\Users\Nhan\OneDrive - Rincovitch\00. Nhan\CSharp\RincoMTO\BIMTOOL\obj\Release R26\Tools\MTO Query\UI\MtoQueryWindow.g.cs(1,94): error CS1056: Unexpected character '\0' [C:\Users\Nhan\OneDrive - Rincovitch\00. Nhan\CSharp\RincoMTO\RincoMTO_djj4tpge_wpftmp.csproj::TargetFramework=net8.0-windows]
C:\Users\Nhan\OneDrive - Rincovitch\00. Nhan\CSharp\RincoMTO\BIMTOOL\obj\Release R26\Tools\MTO Query\UI\MtoQueryWindow.g.cs(1,95): error CS1056: Unexpected character '\0' [C:\Users\Nhan\OneDrive - Rincovitch\00. Nhan\CSharp\RincoMTO\RincoMTO_djj4tpge_wpftmp.csproj::TargetFramework=net8.0-windows]
C:\Users\Nhan\OneDrive - Rincovitch\00. Nhan\CSharp\RincoMTO\BIMTOOL\obj\Release R26\Tools\MTO Query\UI\MtoQueryWindow.g.cs(1,96): error CS1056: Unexpected character '\0' [C:\Users\Nhan\OneDrive - Rincovitch\00. Nhan\CSharp\RincoMTO\RincoMTO_djj4tpge_wpftmp.csproj::TargetFramework=net8.0-windows]
C:\Users\Nhan\OneDrive - Rincovitch\00. Nhan\CSharp\RincoMTO\BIMTOOL\obj\Release R26\Tools\MTO Query\UI\MtoQueryWindow.g.cs(1,97): error CS1056: Unexpected character '\0' [C:\Users\Nhan\OneDrive - Rincovitch\00. Nhan\CSharp\RincoMTO\RincoMTO_djj4tpge_wpftmp.csproj::TargetFramework=net8.0-windows]
C:\Users\Nhan\OneDrive - Rincovitch\00. Nhan\CSharp\RincoMTO\BIMTOOL\obj\Release R26\Tools\MTO Query\UI\MtoQueryWindow.g.cs(1,98): error CS1056: Unexpected character '\0' [C:\Users\Nhan\OneDrive - Rincovitch\00. Nhan\CSharp\RincoMTO\RincoMTO_djj4tpge_wpftmp.csproj::TargetFramework=net8.0-windows]
C:\Users\Nhan\OneDrive - Rincovitch\00. Nhan\CSharp\RincoMTO\BIMTOOL\obj\Release R26\Tools\MTO Query\UI\MtoQueryWindow.g.cs(1,99): error CS1056: Unexpected character '\0' [C:\Users\Nhan\OneDrive - Rincovitch\00. Nhan\CSharp\RincoMTO\RincoMTO_djj4tpge_wpftmp.csproj::TargetFramework=net8.0-windows]
C:\Users\Nhan\OneDrive - Rincovitch\00. Nhan\CSharp\RincoMTO\BIMTOOL\obj\Release R26\Tools\MTO Query\UI\MtoQueryWindow.g.cs(1,100): error CS1056: Unexpected character '\0' [C:\Users\Nhan\OneDrive - Rincovitch\00. Nhan\CSharp\RincoMTO\RincoMTO_djj4tpge_wpftmp.csproj::TargetFramework=net8.0-windows]
C:\Users\Nhan\OneDrive - Rincovitch\00. Nhan\CSharp\RincoMTO\BIMTOOL\obj\Release R26\Tools\MTO Query\UI\MtoQueryWindow.g.cs(1,101): error CS1056: Unexpected character '\0' [C:\Users\Nhan\OneDrive - Rincovitch\00. Nhan\CSharp\RincoMTO\RincoMTO_djj4tpge_wpftmp.csproj::TargetFramework=net8.0-windows]
C:\Users\Nhan\OneDrive - Rincovitch\00. Nhan\CSharp\RincoMTO\BIMTOOL\obj\Release R26\Tools\MTO Query\UI\MtoQueryWindow.g.cs(1,102): error CS1056: Unexpected character '\0' [C:\Users\Nhan\OneDrive - Rincovitch\00. Nhan\CSharp\RincoMTO\RincoMTO_djj4tpge_wpftmp.csproj::TargetFramework=net8.0-windows]
C:\Users\Nhan\OneDrive - Rincovitch\00. Nhan\CSharp\RincoMTO\BIMTOOL\obj\Release R26\Tools\MTO Query\UI\MtoQueryWindow.g.cs(1,103): error CS1056: Unexpected character '\0' [C:\Users\Nhan\OneDrive - Rincovitch\00. Nhan\CSharp\RincoMTO\RincoMTO_djj4tpge_wpftmp.csproj::TargetFramework=net8.0-windows]
C:\Users\Nhan\OneDrive - Rincovitch\00. Nhan\CSharp\RincoMTO\BIMTOOL\obj\Release R26\Tools\MTO Query\UI\MtoQueryWindow.g.cs(1,104): error CS1056: Unexpected character '\0' [C:\Users\Nhan\OneDrive - Rincovitch\00. Nhan\CSharp\RincoMTO\RincoMTO_djj4tpge_wpftmp.csproj::TargetFramework=net8.0-windows]
C:\Users\Nhan\OneDrive - Rincovitch\00. Nhan\CSharp\RincoMTO\BIMTOOL\obj\Release R26\Tools\MTO Query\UI\MtoQueryWindow.g.cs(1,105): error CS1056: Unexpected character '\0' [C:\Users\Nhan\OneDrive - Rincovitch\00. Nhan\CSharp\RincoMTO\RincoMTO_djj4tpge_wpftmp.csproj::TargetFramework=net8.0-windows]
C:\Users\Nhan\OneDrive - Rincovitch\00. Nhan\CSharp\RincoMTO\BIMTOOL\obj\Release R26\Tools\MTO Query\UI\MtoQueryWindow.g.cs(1,106): error CS1056: Unexpected character '\0' [C:\Users\Nhan\OneDrive - Rincovitch\00. Nhan\CSharp\RincoMTO\RincoMTO_djj4tpge_wpftmp.csproj::TargetFramework=net8.0-windows]
C:\Users\Nhan\OneDrive - Rincovitch\00. Nhan\CSharp\RincoMTO\BIMTOOL\obj\Release R26\Tools\MTO Query\UI\MtoQueryWindow.g.cs(1,107): error CS1056: Unexpected character '\0' [C:\Users\Nhan\OneDrive - Rincovitch\00. Nhan\CSharp\RincoMTO\RincoMTO_djj4tpge_wpftmp.csproj::TargetFramework=net8.0-windows]
C:\Users\Nhan\OneDrive - Rincovitch\00. Nhan\CSharp\RincoMTO\BIMTOOL\obj\Release R26\Tools\MTO Query\UI\MtoQueryWindow.g.cs(1,108): error CS1056: Unexpected character '\0' [C:\Users\Nhan\OneDrive - Rincovitch\00. Nhan\CSharp\RincoMTO\RincoMTO_djj4tpge_wpftmp.csproj::TargetFramework=net8.0-windows]
C:\Users\Nhan\OneDrive - Rincovitch\00. Nhan\CSharp\RincoMTO\BIMTOOL\obj\Release R26\Tools\MTO Query\UI\MtoQueryWindow.g.cs(1,109): error CS1056: Unexpected character '\0' [C:\Users\Nhan\OneDrive - Rincovitch\00. Nhan\CSharp\RincoMTO\RincoMTO_djj4tpge_wpftmp.csproj::TargetFramework=net8.0-windows]
C:\Users\Nhan\OneDrive - Rincovitch\00. Nhan\CSharp\RincoMTO\BIMTOOL\obj\Release R26\Tools\MTO Query\UI\MtoQueryWindow.g.cs(1,110): error CS1056: Unexpected character '\0' [C:\Users\Nhan\OneDrive - Rincovitch\00. Nhan\CSharp\RincoMTO\RincoMTO_djj4tpge_wpftmp.csproj::TargetFramework=net8.0-windows]
C:\Users\Nhan\OneDrive - Rincovitch\00. Nhan\CSharp\RincoMTO\BIMTOOL\obj\Release R26\Tools\MTO Query\UI\MtoQueryWindow.g.cs(1,111): error CS1056: Unexpected character '\0' [C:\Users\Nhan\OneDrive - Rincovitch\00. Nhan\CSharp\RincoMTO\RincoMTO_djj4tpge_wpftmp.csproj::TargetFramework=net8.0-windows]
C:\Users\Nhan\OneDrive - Rincovitch\00. Nhan\CSharp\RincoMTO\BIMTOOL\obj\Release R26\Tools\MTO Query\UI\MtoQueryWindow.g.cs(1,112): error CS1056: Unexpected character '\0' [C:\Users\Nhan\OneDrive - Rincovitch\00. Nhan\CSharp\RincoMTO\RincoMTO_djj4tpge_wpftmp.csproj::TargetFramework=net8.0-windows]
C:\Users\Nhan\OneDrive - Rincovitch\00. Nhan\CSharp\RincoMTO\BIMTOOL\obj\Release R26\Tools\MTO Query\UI\MtoQueryWindow.g.cs(1,113): error CS1056: Unexpected character '\0' [C:\Users\Nhan\OneDrive - Rincovitch\00. Nhan\CSharp\RincoMTO\RincoMTO_djj4tpge_wpftmp.csproj::TargetFramework=net8.0-windows]
C:\Users\Nhan\OneDrive - Rincovitch\00. Nhan\CSharp\RincoMTO\BIMTOOL\obj\Release R26\Tools\MTO Query\UI\MtoQueryWindow.g.cs(1,114): error CS1056: Unexpected character '\0' [C:\Users\Nhan\OneDrive - Rincovitch\00. Nhan\CSharp\RincoMTO\RincoMTO_djj4tpge_wpftmp.csproj::TargetFramework=net8.0-windows]
C:\Users\Nhan\OneDrive - Rincovitch\00. Nhan\CSharp\RincoMTO\BIMTOOL\obj\Release R26\Tools\MTO Query\UI\MtoQueryWindow.g.cs(1,115): error CS1056: Unexpected character '\0' [C:\Users\Nhan\OneDrive - Rincovitch\00. Nhan\CSharp\RincoMTO\RincoMTO_djj4tpge_wpftmp.csproj::TargetFramework=net8.0-windows]
C:\Users\Nhan\OneDrive - Rincovitch\00. Nhan\CSharp\RincoMTO\BIMTOOL\obj\Release R26\Tools\MTO Query\UI\MtoQueryWindow.g.cs(1,116): error CS1056: Unexpected character '\0' [C:\Users\Nhan\OneDrive - Rincovitch\00. Nhan\CSharp\RincoMTO\RincoMTO_djj4tpge_wpftmp.csproj::TargetFramework=net8.0-windows]
C:\Users\Nhan\OneDrive - Rincovitch\00. Nhan\CSharp\RincoMTO\BIMTOOL\obj\Release R26\Tools\MTO Query\UI\MtoQueryWindow.g.cs(1,117): error CS1056: Unexpected character '\0' [C:\Users\Nhan\OneDrive - Rincovitch\00. Nhan\CSharp\RincoMTO\RincoMTO_djj4tpge_wpftmp.csproj::TargetFramework=net8.0-windows]
C:\Users\Nhan\OneDrive - Rincovitch\00. Nhan\CSharp\RincoMTO\BIMTOOL\obj\Release R26\Tools\MTO Query\UI\MtoQueryWindow.g.cs(1,118): error CS1056: Unexpected character '\0' [C:\Users\Nhan\OneDrive - Rincovitch\00. Nhan\CSharp\RincoMTO\RincoMTO_djj4tpge_wpftmp.csproj::TargetFramework=net8.0-windows]
C:\Users\Nhan\OneDrive - Rincovitch\00. Nhan\CSharp\RincoMTO\BIMTOOL\obj\Release R26\Tools\MTO Query\UI\MtoQueryWindow.g.cs(1,119): error CS1056: Unexpected character '\0' [C:\Users\Nhan\OneDrive - Rincovitch\00. Nhan\CSharp\RincoMTO\RincoMTO_djj4tpge_wpftmp.csproj::TargetFramework=net8.0-windows]
C:\Users\Nhan\OneDrive - Rincovitch\00. Nhan\CSharp\RincoMTO\BIMTOOL\obj\Release R26\Tools\MTO Query\UI\MtoQueryWindow.g.cs(1,120): error CS1056: Unexpected character '\0' [C:\Users\Nhan\OneDrive - Rincovitch\00. Nhan\CSharp\RincoMTO\RincoMTO_djj4tpge_wpftmp.csproj::TargetFramework=net8.0-windows]
C:\Users\Nhan\OneDrive - Rincovitch\00. Nhan\CSharp\RincoMTO\BIMTOOL\obj\Release R26\Tools\MTO Query\UI\MtoQueryWindow.g.cs(1,121): error CS1056: Unexpected character '\0' [C:\Users\Nhan\OneDrive - Rincovitch\00. Nhan\CSharp\RincoMTO\RincoMTO_djj4tpge_wpftmp.csproj::TargetFramework=net8.0-windows]
C:\Users\Nhan\OneDrive - Rincovitch\00. Nhan\CSharp\RincoMTO\BIMTOOL\obj\Release R26\Tools\MTO Query\UI\MtoQueryWindow.g.cs(1,122): error CS1056: Unexpected character '\0' [C:\Users\Nhan\OneDrive - Rincovitch\00. Nhan\CSharp\RincoMTO\RincoMTO_djj4tpge_wpftmp.csproj::TargetFramework=net8.0-windows]
C:\Users\Nhan\OneDrive - Rincovitch\00. Nhan\CSharp\RincoMTO\BIMTOOL\obj\Release R26\Tools\MTO Query\UI\MtoQueryWindow.g.cs(1,123): error CS1056: Unexpected character '\0' [C:\Users\Nhan\OneDrive - Rincovitch\00. Nhan\CSharp\RincoMTO\RincoMTO_djj4tpge_wpftmp.csproj::TargetFramework=net8.0-windows]
C:\Users\Nhan\OneDrive - Rincovitch\00. Nhan\CSharp\RincoMTO\BIMTOOL\obj\Release R26\Tools\MTO Query\UI\MtoQueryWindow.g.cs(1,124): error CS1056: Unexpected character '\0' [C:\Users\Nhan\OneDrive - Rincovitch\00. Nhan\CSharp\RincoMTO\RincoMTO_djj4tpge_wpftmp.csproj::TargetFramework=net8.0-windows]
C:\Users\Nhan\OneDrive - Rincovitch\00. Nhan\CSharp\RincoMTO\BIMTOOL\obj\Release R26\Tools\MTO Query\UI\MtoQueryWindow.g.cs(1,125): error CS1056: Unexpected character '\0' [C:\Users\Nhan\OneDrive - Rincovitch\00. Nhan\CSharp\RincoMTO\RincoMTO_djj4tpge_wpftmp.csproj::TargetFramework=net8.0-windows]
C:\Users\Nhan\OneDrive - Rincovitch\00. Nhan\CSharp\RincoMTO\BIMTOOL\obj\Release R26\Tools\MTO Query\UI\MtoQueryWindow.g.cs(1,126): error CS1056: Unexpected character '\0' [C:\Users\Nhan\OneDrive - Rincovitch\00. Nhan\CSharp\RincoMTO\RincoMTO_djj4tpge_wpftmp.csproj::TargetFramework=net8.0-windows]
C:\Users\Nhan\OneDrive - Rincovitch\00. Nhan\CSharp\RincoMTO\BIMTOOL\obj\Release R26\Tools\MTO Query\UI\MtoQueryWindow.g.cs(1,127): error CS1056: Unexpected character '\0' [C:\Users\Nhan\OneDrive - Rincovitch\00. Nhan\CSharp\RincoMTO\RincoMTO_djj4tpge_wpftmp.csproj::TargetFramework=net8.0-windows]
C:\Users\Nhan\OneDrive - Rincovitch\00. Nhan\CSharp\RincoMTO\BIMTOOL\obj\Release R26\Tools\MTO Query\UI\MtoQueryWindow.g.cs(1,128): error CS1056: Unexpected character '\0' [C:\Users\Nhan\OneDrive - Rincovitch\00. Nhan\CSharp\RincoMTO\RincoMTO_djj4tpge_wpftmp.csproj::TargetFramework=net8.0-windows]
C:\Users\Nhan\OneDrive - Rincovitch\00. Nhan\CSharp\RincoMTO\BIMTOOL\obj\Release R26\Tools\MTO Query\UI\MtoQueryWindow.g.cs(1,129): error CS1056: Unexpected character '\0' [C:\Users\Nhan\OneDrive - Rincovitch\00. Nhan\CSharp\RincoMTO\RincoMTO_djj4tpge_wpftmp.csproj::TargetFramework=net8.0-windows]
C:\Users\Nhan\OneDrive - Rincovitch\00. Nhan\CSharp\RincoMTO\BIMTOOL\obj\Release R26\Tools\MTO Query\UI\MtoQueryWindow.g.cs(1,130): error CS1056: Unexpected character '\0' [C:\Users\Nhan\OneDrive - Rincovitch\00. Nhan\CSharp\RincoMTO\RincoMTO_djj4tpge_wpftmp.csproj::TargetFramework=net8.0-windows]
C:\Users\Nhan\OneDrive - Rincovitch\00. Nhan\CSharp\RincoMTO\BIMTOOL\obj\Release R26\Tools\MTO Query\UI\MtoQueryWindow.g.cs(1,131): error CS1056: Unexpected character '\0' [C:\Users\Nhan\OneDrive - Rincovitch\00. Nhan\CSharp\RincoMTO\RincoMTO_djj4tpge_wpftmp.csproj::TargetFramework=net8.0-windows]
C:\Users\Nhan\OneDrive - Rincovitch\00. Nhan\CSharp\RincoMTO\BIMTOOL\obj\Release R26\Tools\MTO Query\UI\MtoQueryWindow.g.cs(1,132): error CS1056: Unexpected character '\0' [C:\Users\Nhan\OneDrive - Rincovitch\00. Nhan\CSharp\RincoMTO\RincoMTO_djj4tpge_wpftmp.csproj::TargetFramework=net8.0-windows]
C:\Users\Nhan\OneDrive - Rincovitch\00. Nhan\CSharp\RincoMTO\BIMTOOL\obj\Release R26\Tools\MTO Query\UI\MtoQueryWindow.g.cs(1,133): error CS1056: Unexpected character '\0' [C:\Users\Nhan\OneDrive - Rincovitch\00. Nhan\CSharp\RincoMTO\RincoMTO_djj4tpge_wpftmp.csproj::TargetFramework=net8.0-windows]
C:\Users\Nhan\OneDrive - Rincovitch\00. Nhan\CSharp\RincoMTO\BIMTOOL\obj\Release R26\Tools\MTO Query\UI\MtoQueryWindow.g.cs(1,134): error CS1056: Unexpected character '\0' [C:\Users\Nhan\OneDrive - Rincovitch\00. Nhan\CSharp\RincoMTO\RincoMTO_djj4tpge_wpftmp.csproj::TargetFramework=net8.0-windows]
C:\Users\Nhan\OneDrive - Rincovitch\00. Nhan\CSharp\RincoMTO\BIMTOOL\obj\Release R26\Tools\MTO Query\UI\MtoQueryWindow.g.cs(1,135): error CS1056: Unexpected character '\0' [C:\Users\Nhan\OneDrive - Rincovitch\00. Nhan\CSharp\RincoMTO\RincoMTO_djj4tpge_wpftmp.csproj::TargetFramework=net8.0-windows]
C:\Users\Nhan\OneDrive - Rincovitch\00. Nhan\CSharp\RincoMTO\BIMTOOL\obj\Release R26\Tools\MTO Query\UI\MtoQueryWindow.g.cs(1,136): error CS1056: Unexpected character '\0' [C:\Users\Nhan\OneDrive - Rincovitch\00. Nhan\CSharp\RincoMTO\RincoMTO_djj4tpge_wpftmp.csproj::TargetFramework=net8.0-windows]
C:\Users\Nhan\OneDrive - Rincovitch\00. Nhan\CSharp\RincoMTO\BIMTOOL\obj\Release R26\Tools\MTO Query\UI\MtoQueryWindow.g.cs(1,137): error CS1056: Unexpected character '\0' [C:\Users\Nhan\OneDrive - Rincovitch\00. Nhan\CSharp\RincoMTO\RincoMTO_djj4tpge_wpftmp.csproj::TargetFramework=net8.0-windows]
C:\Users\Nhan\OneDrive - Rincovitch\00. Nhan\CSharp\RincoMTO\BIMTOOL\obj\Release R26\Tools\MTO Query\UI\MtoQueryWindow.g.cs(1,138): error CS1056: Unexpected character '\0' [C:\Users\Nhan\OneDrive - Rincovitch\00. Nhan\CSharp\RincoMTO\RincoMTO_djj4tpge_wpftmp.csproj::TargetFramework=net8.0-windows]
C:\Users\Nhan\OneDrive - Rincovitch\00. Nhan\CSharp\RincoMTO\BIMTOOL\obj\Release R26\Tools\MTO Query\UI\MtoQueryWindow.g.cs(1,139): error CS1056: Unexpected character '\0' [C:\Users\Nhan\OneDrive - Rincovitch\00. Nhan\CSharp\RincoMTO\RincoMTO_djj4tpge_wpftmp.csproj::TargetFramework=net8.0-windows]
C:\Users\Nhan\OneDrive - Rincovitch\00. Nhan\CSharp\RincoMTO\BIMTOOL\obj\Release R26\Tools\MTO Query\UI\MtoQueryWindow.g.cs(1,140): error CS1056: Unexpected character '\0' [C:\Users\Nhan\OneDrive - Rincovitch\00. Nhan\CSharp\RincoMTO\RincoMTO_djj4tpge_wpftmp.csproj::TargetFramework=net8.0-windows]
C:\Users\Nhan\OneDrive - Rincovitch\00. Nhan\CSharp\RincoMTO\BIMTOOL\obj\Release R26\Tools\MTO Query\UI\MtoQueryWindow.g.cs(1,141): error CS1056: Unexpected character '\0' [C:\Users\Nhan\OneDrive - Rincovitch\00. Nhan\CSharp\RincoMTO\RincoMTO_djj4tpge_wpftmp.csproj::TargetFramework=net8.0-windows]
C:\Users\Nhan\OneDrive - Rincovitch\00. Nhan\CSharp\RincoMTO\BIMTOOL\obj\Release R26\Tools\MTO Query\UI\MtoQueryWindow.g.cs(1,142): error CS1056: Unexpected character '\0' [C:\Users\Nhan\OneDrive - Rincovitch\00. Nhan\CSharp\RincoMTO\RincoMTO_djj4tpge_wpftmp.csproj::TargetFramework=net8.0-windows]
C:\Users\Nhan\OneDrive - Rincovitch\00. Nhan\CSharp\RincoMTO\BIMTOOL\obj\Release R26\Tools\MTO Query\UI\MtoQueryWindow.g.cs(1,143): error CS1056: Unexpected character '\0' [C:\Users\Nhan\OneDrive - Rincovitch\00. Nhan\CSharp\RincoMTO\RincoMTO_djj4tpge_wpftmp.csproj::TargetFramework=net8.0-windows]
C:\Users\Nhan\OneDrive - Rincovitch\00. Nhan\CSharp\RincoMTO\BIMTOOL\obj\Release R26\Tools\MTO Query\UI\MtoQueryWindow.g.cs(1,144): error CS1056: Unexpected character '\0' [C:\Users\Nhan\OneDrive - Rincovitch\00. Nhan\CSharp\RincoMTO\RincoMTO_djj4tpge_wpftmp.csproj::TargetFramework=net8.0-windows]
C:\Users\Nhan\OneDrive - Rincovitch\00. Nhan\CSharp\RincoMTO\BIMTOOL\obj\Release R26\Tools\MTO Query\UI\MtoQueryWindow.g.cs(1,145): error CS1056: Unexpected character '\0' [C:\Users\Nhan\OneDrive - Rincovitch\00. Nhan\CSharp\RincoMTO\RincoMTO_djj4tpge_wpftmp.csproj::TargetFramework=net8.0-windows]
C:\Users\Nhan\OneDrive - Rincovitch\00. Nhan\CSharp\RincoMTO\BIMTOOL\obj\Release R26\Tools\MTO Query\UI\MtoQueryWindow.g.cs(1,146): error CS1056: Unexpected character '\0' [C:\Users\Nhan\OneDrive - Rincovitch\00. Nhan\CSharp\RincoMTO\RincoMTO_djj4tpge_wpftmp.csproj::TargetFramework=net8.0-windows]
C:\Users\Nhan\OneDrive - Rincovitch\00. Nhan\CSharp\RincoMTO\BIMTOOL\obj\Release R26\Tools\MTO Query\UI\MtoQueryWindow.g.cs(1,147): error CS1056: Unexpected character '\0' [C:\Users\Nhan\OneDrive - Rincovitch\00. Nhan\CSharp\RincoMTO\RincoMTO_djj4tpge_wpftmp.csproj::TargetFramework=net8.0-windows]
C:\Users\Nhan\OneDrive - Rincovitch\00. Nhan\CSharp\RincoMTO\BIMTOOL\obj\Release R26\Tools\MTO Query\UI\MtoQueryWindow.g.cs(1,148): error CS1056: Unexpected character '\0' [C:\Users\Nhan\OneDrive - Rincovitch\00. Nhan\CSharp\RincoMTO\RincoMTO_djj4tpge_wpftmp.csproj::TargetFramework=net8.0-windows]
C:\Users\Nhan\OneDrive - Rincovitch\00. Nhan\CSharp\RincoMTO\BIMTOOL\obj\Release R26\Tools\MTO Query\UI\MtoQueryWindow.g.cs(1,149): error CS1056: Unexpected character '\0' [C:\Users\Nhan\OneDrive - Rincovitch\00. Nhan\CSharp\RincoMTO\RincoMTO_djj4tpge_wpftmp.csproj::TargetFramework=net8.0-windows]
C:\Users\Nhan\OneDrive - Rincovitch\00. Nhan\CSharp\RincoMTO\BIMTOOL\obj\Release R26\Tools\MTO Query\UI\MtoQueryWindow.g.cs(1,150): error CS1056: Unexpected character '\0' [C:\Users\Nhan\OneDrive - Rincovitch\00. Nhan\CSharp\RincoMTO\RincoMTO_djj4tpge_wpftmp.csproj::TargetFramework=net8.0-windows]
C:\Users\Nhan\OneDrive - Rincovitch\00. Nhan\CSharp\RincoMTO\BIMTOOL\obj\Release R26\Tools\MTO Query\UI\MtoQueryWindow.g.cs(1,151): error CS1056: Unexpected character '\0' [C:\Users\Nhan\OneDrive - Rincovitch\00. Nhan\CSharp\RincoMTO\RincoMTO_djj4tpge_wpftmp.csproj::TargetFramework=net8.0-windows]
C:\Users\Nhan\OneDrive - Rincovitch\00. Nhan\CSharp\RincoMTO\BIMTOOL\obj\Release R26\Tools\MTO Query\UI\MtoQueryWindow.g.cs(1,152): error CS1056: Unexpected character '\0' [C:\Users\Nhan\OneDrive - Rincovitch\00. Nhan\CSharp\RincoMTO\RincoMTO_djj4tpge_wpftmp.csproj::TargetFramework=net8.0-windows]
C:\Users\Nhan\OneDrive - Rincovitch\00. Nhan\CSharp\RincoMTO\BIMTOOL\obj\Release R26\Tools\MTO Query\UI\MtoQueryWindow.g.cs(1,153): error CS1056: Unexpected character '\0' [C:\Users\Nhan\OneDrive - Rincovitch\00. Nhan\CSharp\RincoMTO\RincoMTO_djj4tpge_wpftmp.csproj::TargetFramework=net8.0-windows]
C:\Users\Nhan\OneDrive - Rincovitch\00. Nhan\CSharp\RincoMTO\BIMTOOL\obj\Release R26\Tools\MTO Query\UI\MtoQueryWindow.g.cs(1,154): error CS1056: Unexpected character '\0' [C:\Users\Nhan\OneDrive - Rincovitch\00. Nhan\CSharp\RincoMTO\RincoMTO_djj4tpge_wpftmp.csproj::TargetFramework=net8.0-windows]
C:\Users\Nhan\OneDrive - Rincovitch\00. Nhan\CSharp\RincoMTO\BIMTOOL\obj\Release R26\Tools\MTO Query\UI\MtoQueryWindow.g.cs(1,155): error CS1056: Unexpected character '\0' [C:\Users\Nhan\OneDrive - Rincovitch\00. Nhan\CSharp\RincoMTO\RincoMTO_djj4tpge_wpftmp.csproj::TargetFramework=net8.0-windows]
C:\Users\Nhan\OneDrive - Rincovitch\00. Nhan\CSharp\RincoMTO\BIMTOOL\obj\Release R26\Tools\MTO Query\UI\MtoQueryWindow.g.cs(1,156): error CS1056: Unexpected character '\0' [C:\Users\Nhan\OneDrive - Rincovitch\00. Nhan\CSharp\RincoMTO\RincoMTO_djj4tpge_wpftmp.csproj::TargetFramework=net8.0-windows]
C:\Users\Nhan\OneDrive - Rincovitch\00. Nhan\CSharp\RincoMTO\BIMTOOL\obj\Release R26\Tools\MTO Query\UI\MtoQueryWindow.g.cs(1,157): error CS1056: Unexpected character '\0' [C:\Users\Nhan\OneDrive - Rincovitch\00. Nhan\CSharp\RincoMTO\RincoMTO_djj4tpge_wpftmp.csproj::TargetFramework=net8.0-windows]
C:\Users\Nhan\OneDrive - Rincovitch\00. Nhan\CSharp\RincoMTO\BIMTOOL\obj\Release R26\Tools\MTO Query\UI\MtoQueryWindow.g.cs(1,158): error CS1056: Unexpected character '\0' [C:\Users\Nhan\OneDrive - Rincovitch\00. Nhan\CSharp\RincoMTO\RincoMTO_djj4tpge_wpftmp.csproj::TargetFramework=net8.0-windows]
C:\Users\Nhan\OneDrive - Rincovitch\00. Nhan\CSharp\RincoMTO\BIMTOOL\obj\Release R26\Tools\MTO Query\UI\MtoQueryWindow.g.cs(1,159): error CS1056: Unexpected character '\0' [C:\Users\Nhan\OneDrive - Rincovitch\00. Nhan\CSharp\RincoMTO\RincoMTO_djj4tpge_wpftmp.csproj::TargetFramework=net8.0-windows]
C:\Users\Nhan\OneDrive - Rincovitch\00. Nhan\CSharp\RincoMTO\BIMTOOL\obj\Release R26\Tools\MTO Query\UI\MtoQueryWindow.g.cs(1,160): error CS1056: Unexpected character '\0' [C:\Users\Nhan\OneDrive - Rincovitch\00. Nhan\CSharp\RincoMTO\RincoMTO_djj4tpge_wpftmp.csproj::TargetFramework=net8.0-windows]
C:\Users\Nhan\OneDrive - Rincovitch\00. Nhan\CSharp\RincoMTO\BIMTOOL\obj\Release R26\Tools\MTO Query\UI\MtoQueryWindow.g.cs(1,161): error CS1056: Unexpected character '\0' [C:\Users\Nhan\OneDrive - Rincovitch\00. Nhan\CSharp\RincoMTO\RincoMTO_djj4tpge_wpftmp.csproj::TargetFramework=net8.0-windows]
C:\Users\Nhan\OneDrive - Rincovitch\00. Nhan\CSharp\RincoMTO\BIMTOOL\obj\Release R26\Tools\MTO Query\UI\MtoQueryWindow.g.cs(1,162): error CS1056: Unexpected character '\0' [C:\Users\Nhan\OneDrive - Rincovitch\00. Nhan\CSharp\RincoMTO\RincoMTO_djj4tpge_wpftmp.csproj::TargetFramework=net8.0-windows]
C:\Users\Nhan\OneDrive - Rincovitch\00. Nhan\CSharp\RincoMTO\BIMTOOL\obj\Release R26\Tools\MTO Query\UI\MtoQueryWindow.g.cs(1,163): error CS1056: Unexpected character '\0' [C:\Users\Nhan\OneDrive - Rincovitch\00. Nhan\CSharp\RincoMTO\RincoMTO_djj4tpge_wpftmp.csproj::TargetFramework=net8.0-windows]
C:\Users\Nhan\OneDrive - Rincovitch\00. Nhan\CSharp\RincoMTO\BIMTOOL\obj\Release R26\Tools\MTO Query\UI\MtoQueryWindow.g.cs(1,164): error CS1056: Unexpected character '\0' [C:\Users\Nhan\OneDrive - Rincovitch\00. Nhan\CSharp\RincoMTO\RincoMTO_djj4tpge_wpftmp.csproj::TargetFramework=net8.0-windows]
C:\Users\Nhan\OneDrive - Rincovitch\00. Nhan\CSharp\RincoMTO\BIMTOOL\obj\Release R26\Tools\MTO Query\UI\MtoQueryWindow.g.cs(1,165): error CS1056: Unexpected character '\0' [C:\Users\Nhan\OneDrive - Rincovitch\00. Nhan\CSharp\RincoMTO\RincoMTO_djj4tpge_wpftmp.csproj::TargetFramework=net8.0-windows]
C:\Users\Nhan\OneDrive - Rincovitch\00. Nhan\CSharp\RincoMTO\BIMTOOL\obj\Release R26\Tools\MTO Query\UI\MtoQueryWindow.g.cs(1,166): error CS1056: Unexpected character '\0' [C:\Users\Nhan\OneDrive - Rincovitch\00. Nhan\CSharp\RincoMTO\RincoMTO_djj4tpge_wpftmp.csproj::TargetFramework=net8.0-windows]
C:\Users\Nhan\OneDrive - Rincovitch\00. Nhan\CSharp\RincoMTO\BIMTOOL\obj\Release R26\Tools\MTO Query\UI\MtoQueryWindow.g.cs(1,167): error CS1056: Unexpected character '\0' [C:\Users\Nhan\OneDrive - Rincovitch\00. Nhan\CSharp\RincoMTO\RincoMTO_djj4tpge_wpftmp.csproj::TargetFramework=net8.0-windows]
C:\Users\Nhan\OneDrive - Rincovitch\00. Nhan\CSharp\RincoMTO\BIMTOOL\obj\Release R26\Tools\MTO Query\UI\MtoQueryWindow.g.cs(1,168): error CS1056: Unexpected character '\0' [C:\Users\Nhan\OneDrive - Rincovitch\00. Nhan\CSharp\RincoMTO\RincoMTO_djj4tpge_wpftmp.csproj::TargetFramework=net8.0-windows]
C:\Users\Nhan\OneDrive - Rincovitch\00. Nhan\CSharp\RincoMTO\BIMTOOL\obj\Release R26\Tools\MTO Query\UI\MtoQueryWindow.g.cs(1,169): error CS1056: Unexpected character '\0' [C:\Users\Nhan\OneDrive - Rincovitch\00. Nhan\CSharp\RincoMTO\RincoMTO_djj4tpge_wpftmp.csproj::TargetFramework=net8.0-windows]
C:\Users\Nhan\OneDrive - Rincovitch\00. Nhan\CSharp\RincoMTO\BIMTOOL\obj\Release R26\Tools\MTO Query\UI\MtoQueryWindow.g.cs(1,170): error CS1056: Unexpected character '\0' [C:\Users\Nhan\OneDrive - Rincovitch\00. Nhan\CSharp\RincoMTO\RincoMTO_djj4tpge_wpftmp.csproj::TargetFramework=net8.0-windows]
C:\Users\Nhan\OneDrive - Rincovitch\00. Nhan\CSharp\RincoMTO\BIMTOOL\obj\Release R26\Tools\MTO Query\UI\MtoQueryWindow.g.cs(1,171): error CS1056: Unexpected character '\0' [C:\Users\Nhan\OneDrive - Rincovitch\00. Nhan\CSharp\RincoMTO\RincoMTO_djj4tpge_wpftmp.csproj::TargetFramework=net8.0-windows]
C:\Users\Nhan\OneDrive - Rincovitch\00. Nhan\CSharp\RincoMTO\BIMTOOL\obj\Release R26\Tools\MTO Query\UI\MtoQueryWindow.g.cs(1,172): error CS1056: Unexpected character '\0' [C:\Users\Nhan\OneDrive - Rincovitch\00. Nhan\CSharp\RincoMTO\RincoMTO_djj4tpge_wpftmp.csproj::TargetFramework=net8.0-windows]
C:\Users\Nhan\OneDrive - Rincovitch\00. Nhan\CSharp\RincoMTO\BIMTOOL\obj\Release R26\Tools\MTO Query\UI\MtoQueryWindow.g.cs(1,173): error CS1056: Unexpected character '\0' [C:\Users\Nhan\OneDrive - Rincovitch\00. Nhan\CSharp\RincoMTO\RincoMTO_djj4tpge_wpftmp.csproj::TargetFramework=net8.0-windows]
C:\Users\Nhan\OneDrive - Rincovitch\00. Nhan\CSharp\RincoMTO\BIMTOOL\obj\Release R26\Tools\MTO Query\UI\MtoQueryWindow.g.cs(1,174): error CS1056: Unexpected character '\0' [C:\Users\Nhan\OneDrive - Rincovitch\00. Nhan\CSharp\RincoMTO\RincoMTO_djj4tpge_wpftmp.csproj::TargetFramework=net8.0-windows]
C:\Users\Nhan\OneDrive - Rincovitch\00. Nhan\CSharp\RincoMTO\BIMTOOL\obj\Release R26\Tools\MTO Query\UI\MtoQueryWindow.g.cs(1,175): error CS1056: Unexpected character '\0' [C:\Users\Nhan\OneDrive - Rincovitch\00. Nhan\CSharp\RincoMTO\RincoMTO_djj4tpge_wpftmp.csproj::TargetFramework=net8.0-windows]
C:\Users\Nhan\OneDrive - Rincovitch\00. Nhan\CSharp\RincoMTO\BIMTOOL\obj\Release R26\Tools\MTO Query\UI\MtoQueryWindow.g.cs(1,176): error CS1056: Unexpected character '\0' [C:\Users\Nhan\OneDrive - Rincovitch\00. Nhan\CSharp\RincoMTO\RincoMTO_djj4tpge_wpftmp.csproj::TargetFramework=net8.0-windows]
C:\Users\Nhan\OneDrive - Rincovitch\00. Nhan\CSharp\RincoMTO\BIMTOOL\obj\Release R26\Tools\MTO Query\UI\MtoQueryWindow.g.cs(1,177): error CS1056: Unexpected character '\0' [C:\Users\Nhan\OneDrive - Rincovitch\00. Nhan\CSharp\RincoMTO\RincoMTO_djj4tpge_wpftmp.csproj::TargetFramework=net8.0-windows]
C:\Users\Nhan\OneDrive - Rincovitch\00. Nhan\CSharp\RincoMTO\BIMTOOL\obj\Release R26\Tools\MTO Query\UI\MtoQueryWindow.g.cs(1,178): error CS1056: Unexpected character '\0' [C:\Users\Nhan\OneDrive - Rincovitch\00. Nhan\CSharp\RincoMTO\RincoMTO_djj4tpge_wpftmp.csproj::TargetFramework=net8.0-windows]
C:\Users\Nhan\OneDrive - Rincovitch\00. Nhan\CSharp\RincoMTO\BIMTOOL\obj\Release R26\Tools\MTO Query\UI\MtoQueryWindow.g.cs(1,179): error CS1056: Unexpected character '\0' [C:\Users\Nhan\OneDrive - Rincovitch\00. Nhan\CSharp\RincoMTO\RincoMTO_djj4tpge_wpftmp.csproj::TargetFramework=net8.0-windows]
C:\Users\Nhan\OneDrive - Rincovitch\00. Nhan\CSharp\RincoMTO\BIMTOOL\obj\Release R26\Tools\MTO Query\UI\MtoQueryWindow.g.cs(1,180): error CS1056: Unexpected character '\0' [C:\Users\Nhan\OneDrive - Rincovitch\00. Nhan\CSharp\RincoMTO\RincoMTO_djj4tpge_wpftmp.csproj::TargetFramework=net8.0-windows]
C:\Users\Nhan\OneDrive - Rincovitch\00. Nhan\CSharp\RincoMTO\BIMTOOL\obj\Release R26\Tools\MTO Query\UI\MtoQueryWindow.g.cs(1,181): error CS1056: Unexpected character '\0' [C:\Users\Nhan\OneDrive - Rincovitch\00. Nhan\CSharp\RincoMTO\RincoMTO_djj4tpge_wpftmp.csproj::TargetFramework=net8.0-windows]
C:\Users\Nhan\OneDrive - Rincovitch\00. Nhan\CSharp\RincoMTO\BIMTOOL\obj\Release R26\Tools\MTO Query\UI\MtoQueryWindow.g.cs(1,182): error CS1056: Unexpected character '\0' [C:\Users\Nhan\OneDrive - Rincovitch\00. Nhan\CSharp\RincoMTO\RincoMTO_djj4tpge_wpftmp.csproj::TargetFramework=net8.0-windows]
C:\Users\Nhan\OneDrive - Rincovitch\00. Nhan\CSharp\RincoMTO\BIMTOOL\obj\Release R26\Tools\MTO Query\UI\MtoQueryWindow.g.cs(1,183): error CS1056: Unexpected character '\0' [C:\Users\Nhan\OneDrive - Rincovitch\00. Nhan\CSharp\RincoMTO\RincoMTO_djj4tpge_wpftmp.csproj::TargetFramework=net8.0-windows]
C:\Users\Nhan\OneDrive - Rincovitch\00. Nhan\CSharp\RincoMTO\BIMTOOL\obj\Release R26\Tools\MTO Query\UI\MtoQueryWindow.g.cs(1,184): error CS1056: Unexpected character '\0' [C:\Users\Nhan\OneDrive - Rincovitch\00. Nhan\CSharp\RincoMTO\RincoMTO_djj4tpge_wpftmp.csproj::TargetFramework=net8.0-windows]
C:\Users\Nhan\OneDrive - Rincovitch\00. Nhan\CSharp\RincoMTO\BIMTOOL\obj\Release R26\Tools\MTO Query\UI\MtoQueryWindow.g.cs(1,185): error CS1056: Unexpected character '\0' [C:\Users\Nhan\OneDrive - Rincovitch\00. Nhan\CSharp\RincoMTO\RincoMTO_djj4tpge_wpftmp.csproj::TargetFramework=net8.0-windows]
C:\Users\Nhan\OneDrive - Rincovitch\00. Nhan\CSharp\RincoMTO\BIMTOOL\obj\Release R26\Tools\MTO Query\UI\MtoQueryWindow.g.cs(1,186): error CS1056: Unexpected character '\0' [C:\Users\Nhan\OneDrive - Rincovitch\00. Nhan\CSharp\RincoMTO\RincoMTO_djj4tpge_wpftmp.csproj::TargetFramework=net8.0-windows]
C:\Users\Nhan\OneDrive - Rincovitch\00. Nhan\CSharp\RincoMTO\BIMTOOL\obj\Release R26\Tools\MTO Query\UI\MtoQueryWindow.g.cs(1,187): error CS1056: Unexpected character '\0' [C:\Users\Nhan\OneDrive - Rincovitch\00. Nhan\CSharp\RincoMTO\RincoMTO_djj4tpge_wpftmp.csproj::TargetFramework=net8.0-windows]
C:\Users\Nhan\OneDrive - Rincovitch\00. Nhan\CSharp\RincoMTO\BIMTOOL\obj\Release R26\Tools\MTO Query\UI\MtoQueryWindow.g.cs(1,188): error CS1056: Unexpected character '\0' [C:\Users\Nhan\OneDrive - Rincovitch\00. Nhan\CSharp\RincoMTO\RincoMTO_djj4tpge_wpftmp.csproj::TargetFramework=net8.0-windows]
C:\Users\Nhan\OneDrive - Rincovitch\00. Nhan\CSharp\RincoMTO\BIMTOOL\obj\Release R26\Tools\MTO Query\UI\MtoQueryWindow.g.cs(1,189): error CS1056: Unexpected character '\0' [C:\Users\Nhan\OneDrive - Rincovitch\00. Nhan\CSharp\RincoMTO\RincoMTO_djj4tpge_wpftmp.csproj::TargetFramework=net8.0-windows]
C:\Users\Nhan\OneDrive - Rincovitch\00. Nhan\CSharp\RincoMTO\BIMTOOL\obj\Release R26\Tools\MTO Query\UI\MtoQueryWindow.g.cs(1,190): error CS1056: Unexpected character '\0' [C:\Users\Nhan\OneDrive - Rincovitch\00. Nhan\CSharp\RincoMTO\RincoMTO_djj4tpge_wpftmp.csproj::TargetFramework=net8.0-windows]
C:\Users\Nhan\OneDrive - Rincovitch\00. Nhan\CSharp\RincoMTO\BIMTOOL\obj\Release R26\Tools\MTO Query\UI\MtoQueryWindow.g.cs(1,191): error CS1056: Unexpected character '\0' [C:\Users\Nhan\OneDrive - Rincovitch\00. Nhan\CSharp\RincoMTO\RincoMTO_djj4tpge_wpftmp.csproj::TargetFramework=net8.0-windows]
C:\Users\Nhan\OneDrive - Rincovitch\00. Nhan\CSharp\RincoMTO\BIMTOOL\obj\Release R26\Tools\MTO Query\UI\MtoQueryWindow.g.cs(1,192): error CS1056: Unexpected character '\0' [C:\Users\Nhan\OneDrive - Rincovitch\00. Nhan\CSharp\RincoMTO\RincoMTO_djj4tpge_wpftmp.csproj::TargetFramework=net8.0-windows]
C:\Users\Nhan\OneDrive - Rincovitch\00. Nhan\CSharp\RincoMTO\BIMTOOL\obj\Release R26\Tools\MTO Query\UI\MtoQueryWindow.g.cs(1,193): error CS1056: Unexpected character '\0' [C:\Users\Nhan\OneDrive - Rincovitch\00. Nhan\CSharp\RincoMTO\RincoMTO_djj4tpge_wpftmp.csproj::TargetFramework=net8.0-windows]
C:\Users\Nhan\OneDrive - Rincovitch\00. Nhan\CSharp\RincoMTO\BIMTOOL\obj\Release R26\Tools\MTO Query\UI\MtoQueryWindow.g.cs(1,194): error CS1056: Unexpected character '\0' [C:\Users\Nhan\OneDrive - Rincovitch\00. Nhan\CSharp\RincoMTO\RincoMTO_djj4tpge_wpftmp.csproj::TargetFramework=net8.0-windows]
C:\Users\Nhan\OneDrive - Rincovitch\00. Nhan\CSharp\RincoMTO\BIMTOOL\obj\Release R26\Tools\MTO Query\UI\MtoQueryWindow.g.cs(1,195): error CS1056: Unexpected character '\0' [C:\Users\Nhan\OneDrive - Rincovitch\00. Nhan\CSharp\RincoMTO\RincoMTO_djj4tpge_wpftmp.csproj::TargetFramework=net8.0-windows]
C:\Users\Nhan\OneDrive - Rincovitch\00. Nhan\CSharp\RincoMTO\BIMTOOL\obj\Release R26\Tools\MTO Query\UI\MtoQueryWindow.g.cs(1,196): error CS1056: Unexpected character '\0' [C:\Users\Nhan\OneDrive - Rincovitch\00. Nhan\CSharp\RincoMTO\RincoMTO_djj4tpge_wpftmp.csproj::TargetFramework=net8.0-windows]
C:\Users\Nhan\OneDrive - Rincovitch\00. Nhan\CSharp\RincoMTO\BIMTOOL\obj\Release R26\Tools\MTO Query\UI\MtoQueryWindow.g.cs(1,197): error CS1056: Unexpected character '\0' [C:\Users\Nhan\OneDrive - Rincovitch\00. Nhan\CSharp\RincoMTO\RincoMTO_djj4tpge_wpftmp.csproj::TargetFramework=net8.0-windows]
C:\Users\Nhan\OneDrive - Rincovitch\00. Nhan\CSharp\RincoMTO\BIMTOOL\obj\Release R26\Tools\MTO Query\UI\MtoQueryWindow.g.cs(1,198): error CS1056: Unexpected character '\0' [C:\Users\Nhan\OneDrive - Rincovitch\00. Nhan\CSharp\RincoMTO\RincoMTO_djj4tpge_wpftmp.csproj::TargetFramework=net8.0-windows]
C:\Users\Nhan\OneDrive - Rincovitch\00. Nhan\CSharp\RincoMTO\BIMTOOL\obj\Release R26\Tools\MTO Query\UI\MtoQueryWindow.g.cs(1,199): error CS1056: Unexpected character '\0' [C:\Users\Nhan\OneDrive - Rincovitch\00. Nhan\CSharp\RincoMTO\RincoMTO_djj4tpge_wpftmp.csproj::TargetFramework=net8.0-windows]
C:\Users\Nhan\OneDrive - Rincovitch\00. Nhan\CSharp\RincoMTO\BIMTOOL\obj\Release R26\Tools\MTO Query\UI\MtoQueryWindow.g.cs(1,200): error CS1056: Unexpected character '\0' [C:\Users\Nhan\OneDrive - Rincovitch\00. Nhan\CSharp\RincoMTO\RincoMTO_djj4tpge_wpftmp.csproj::TargetFramework=net8.0-windows]
C:\Users\Nhan\OneDrive - Rincovitch\00. Nhan\CSharp\RincoMTO\BIMTOOL\obj\Release R26\Tools\MTO Query\UI\MtoQueryWindow.g.cs(1,201): error CS1056: Unexpected character '\0' [C:\Users\Nhan\OneDrive - Rincovitch\00. Nhan\CSharp\RincoMTO\RincoMTO_djj4tpge_wpftmp.csproj::TargetFramework=net8.0-windows]
C:\Users\Nhan\OneDrive - Rincovitch\00. Nhan\CSharp\RincoMTO\BIMTOOL\obj\Release R26\Tools\MTO Query\UI\MtoQueryWindow.g.cs(1,202): error CS1056: Unexpected character '\0\0\0\0\0\0\0\0\0\0\0\0\0\0\0\0\0\0\0\0\0\0\0\0\0\0\0\0\0\0\0\0\0\0\0\0\0\0\0\0\0\0\0\0\0\0\0\0\0\0\0\0\0\0\0\0\0\0\0\0\0\0\0\0\0\0\0\0\0\0\0\0\0\0\0\0\0\0\0\0\0\0\0\0\0\0\0\0\0\0\0\0\0\0\0\0\0\0\0\0\0\0\0\0\0\0\0\0\0\0\0\0\0\0\0\0\0\0\0\0\0\0\0\0\0\0\0\0\0\0\0\0\0\0\0\0\0\0\0\0\0\0\0\0\0\0\0\0\0\0\0\0\0\0\0\0\0\0\0\0\0\0\0\0\0\0\0\0\0\0\0\0\0\0\0\0\0\0\0\0\0\0\0\0\0\0\0\0\0\0\0\0\0\0\0\0\0\0\0\0\0\0\0\0\0\0\0\0\0\0\0\0\0\0\0\0\0\0\0\0\0\0\0\0\0\0\0\0\0\0\0\0\0\0\0\0\0\0\0\0\0\0\0\0\0\0\0\0\0\0\0\0\0\0\0\0\0\0\0\0\0\0\0\0\0\0\0\0\0\0\0\0\0\0\0\0\0\0\0\0\0\0\0\0\0\0\0\0\0\0\0\0\0\0\0\0\0\0\0\0\0\0\0\0\0\0\0\0\0\0\0\0\0\0\0\0\0\0\0\0\0\0\0\0\0\0\0\0\0\0\0\0\0\0\0\0\0\0\0\0\0\0\0\0\0\0\0\0\0\0\0\0\0\0\0\0\0\0\0\0\0\0\0\0\0\0\0\0\0\0\0\0\0\0\0\0\0\0\0\0\0\0\0\0\0\0\0\0\0\0\0\0\0\0\0\0\0\0\0\0\0\0\0\0\0\0\0\0\0\0\0\0\0\0\0\0\0\0\0\0\0\0\0\0\0\0\0\0\0\0\0\0\0\0\0\0\0\0\0\0\0\0\0\0\0\0\0\0\0\0\0\0\0\0\0\0\0\0\0\0\0\0\0\0\0\0\0\0\0\0\0\0\0\0\0\0\0\0\0\0\0\0\0\0\0\0\0\0\0\0\0\0\0\0\0\0\0\0\0\0\0\0\0\0\0\0\0\0\0\0\0\0\0\0\0\0\0\0\0\0\0\0\0\0\0\0\0\0\0\0\0\0\0\0\0\0\0\0\0\0\0\0\0\0\0\0\0\0\0\0\0\0\0\0\0\0\0\0\0\0\0\0\0\0\0\0\0\0\0\0\0\0\0\0\0\0\0\0\0\0\0\0\0\0\0\0\0\0\0\0\0\0\0\0\0\0\0\0\0\0\0\0\0\0\0\0\0\0\0\0\0\0\0\0\0\0\0\0\0\0\0\0\0\0\0\0\0\0\0\0\0\0\0\0\0\0\0\0\0\0\0\0\0\0\0\0\0\0\0\0\0\0\0\0\0\0\0\0\0\0\0\0\0\0\0\0\0\0\0\0\0\0\0\0\0\0\0\0\0\0\0\0\0\0\0\0\0\0\0\0\0\0\0\0\0\0\0\0\0\0\0\0\0\0\0\0\0\0\0\0\0\0\0\0\0\0\0\0\0\0\0\0\0\0\0\0\0\0\0\0\0\0\0\0\0\0\0\0\0\0\0\0\0\0\0\0\0\0\0\0\0\0\0\0\0\0\0\0\0\0\0\0\0\0\0\0\0\0\0\0\0\0\0\0\0\0\0\0\0\0\0\0\0\0\0\0\0\0\0\0\0\0\0\0\0\0\0\0\0\0\0\0\0\0\0\0\0\0\0\0\0\0\0\0\0\0\0\0\0\0\0\0\0\0\0\0\0\0\0\0\0\0\0\0\0\0\0\0\0\0\0\0\0\0\0\0\0\0\0\0\0\0\0\0\0\0\0\0\0\0\0\0\0\0\0\0\0\0\0\0\0\0\0\0\0\0\0\0\0\0\0\0\0\0\0\0\0\0\0\0\0\0\0\0\0\0\0\0\0\0\0\0\0\0\0\0\0\0\0\0\0\0\0\0\0\0\0\0\0\0\0\0\0\0\0\0\0\0\0\0\0\0\0\0\0\0\0\0\0\0\0\0\0\0\0\0\0\0\0\0\0\0\0\0\0\0\0\0\0\0\0\0\0\0\0\0\0\0\0\0\0\0\0\0\0\0\0\0\0\0\0\0\0\0\0\0\0\0\0\0\0\0\0\0\0\0\0\0\0\0\0\0\0\0\0\0\0\0\0\0\0\0\0\0\0\0\0\0\0\0\0\0\0\0\0\0\0\0\0\0\0\0\0\0\0\0\0\0\0\0\0\0\0\0\0\0\0\0\0\0\0\0\0\0\0\0\0\0\0\0\0\0\0\0\0\0\0\0\0\0\0\0\0\0\0\0\0\0\0\0\0\0\0\0\0\0\0\0\0\0\0\0\0\0\0\0\0\0\0\0\0\0\0\0\0\0\0\0\0\0\0\0\0\0\0\0\0\0\0\0\0\0\0\0\0\0\0\0\0\0\0\0\0\0\0\0\0\0\0\0\0\0\0\0\0\0\0\0\0\0\0\0\0\0\0\0\0\0\0\0\0\0\0\0\0\0\0\0\0\0\0\0\0\0\0\0\0\0\0\0\0\0\0\0\0\0\0\0\0\0\0\0\0\0\0\0\0\0\0\0\0\0\0\0\0\0\0\0\0\0\0\0\0\0\0\0\0\0\0\0\0\0\0\0\0\0\0\0\0\0\0\0\0\0\0\0\0\0\0\0\0\0\0\0\0\0\0\0\0\0\0\0\0\0\0\0\0\0\0\0\0\0\0\0\0\0\0\0\0\0\0\0\0\0\0\0\0\0\0\0\0\0\0\0\0\0\0\0\0\0\0\0\0\0\0\0\0\0\0\0\0\0\0\0\0\0\0\0\0\0\0\0\0\0\0\0\0\0\0\0\0\0\0\0\0\0\0\0\0\0\0\0\0\0\0\0\0\0\0\0\0\0\0\0\0\0\0\0\0\0\0\0\0\0\0\0\0\0\0\0\0\0\0\0\0\0\0\0\0\0\0\0\0\0\0\0\0\0\0\0\0\0\0\0\0\0\0\0\0\0\0\0\0\0\0\0\0\0\0\0\0\0\0\0\0\0\0\0\0\0\0\0\0\0\0\0\0\0\0\0\0\0\0\0\0\0\0\0\0\0\0\0\0\0\0\0\0\0\0\0\0\0\0\0\0\0\0\0\0\0\0\0\0\0\0\0\0\0\0\0\0\0\0\0\0\0\0\0\0\0\0\0\0\0\0\0\0\0\0\0\0\0\0\0\0\0\0\0\0\0\0\0\0\0\0\0\0\0\0\0\0\0\0\0\0\0\0\0\0\0\0\0\0\0\0\0\0\0\0\0\0\0\0\0\0\0\0\0\0\0\0\0\0\0\0\0\0\0\0\0\0\0\0\0\0\0\0\0\0\0\0\0\0\0\0\0\0\0\0\0\0\0\0\0\0\0\0\0\0\0\0\0\0\0\0\0\0\0\0\0\0\0\0\0\0\0\0\0\0\0\0\0\0\0\0\0\0\0\0\0\0\0\0\0\0\0\0\0\0\0\0\0\0\0\0\0\0\0\0\0\0\0\0\0\0\0\0\0\0\0\0\0\0\0\0\0\0\0\0\0\0\0\0\0\0\0\0\0\0\0\0\0\0\0\0\0\0\0\0\0\0\0\0\0\0\0\0\0\0\0\0\0\0\0\0\0\0\0\0\0\0\0\0\0\0\0\0\0\0\0\0\0\0\0\0\0\0\0\0\0\0\0\0\0\0\0\0\0\0\0\0\0\0\0\0\0\0\0\0\0\0\0\0\0\0\0\0\0\0\0\0\0\0\0\0\0\0\0\0\0\0\0\0\0\0\0\0\0\0\0\0\0\0\0\0\0\0\0\0\0\0\0\0\0\0\0\0\0\0\0\0\0\0\0\0\0\0\0\0\0\0\0\0\0\0\0\0\0\0\0\0\0\0\0\0\0\0\0\0\0\0\0\0\0\0\0\0\0\0\0\0\0\0\0\0\0\0\0\0\0\0\0\0\0\0\0\0\0\0\0\0\0\0\0\0\0\0\0\0\0\0\0\0\0\0\0\0\0\0\0\0\0\0\0\0\0\0\0\0\0\0\0\0\0\0\0\0\0\0\0\0\0\0\0\0\0\0\0\0\0\0\0\0\0\0\0\0\0\0\0\0\0\0\0\0\0\0\0\0\0\0\0\0\0\0\0\0\0\0\0\0\0\0\0\0\0\0\0\0\0\0\0\0\0\0\0\0\0\0\0\0\0\0\0\0\0\0\0\0\0\0\0\0\0\0\0\0\0\0\0\0\0\0\0\0\0\0\0\0\0\0\0\0\0\0\0\0\0\0\0\0\0\0\0\0\0\0\0\0\0\0\0\0\0\0\0\0\0\0\0\0\0\0\0\0\0\0\0\0\0\0\0\0\0\0\0\0\0\0\0\0\0\0\0\0\0\0\0\0\0\0\0\0\0\0\0\0\0\0\0\0\0\0\0\0\0\0\0\0\0\0\0\0\0\0\0\0\0\0\0\0\0\0\0\0\0\0\0\0\0\0\0\0\0\0\0\0\0\0\0\0\0\0\0\0\0\0\0\0\0\0\0\0\0\0\0\0\0\0\0\0\0\0\0\0\0\0\0\0\0\0\0\0\0\0\0\0\0\0\0\0\0\0\0\0\0\0\0\0\0\0\0\0\0\0\0\0\0\0\0\0\0\0\0\0\0\0\0\0\0\0\0\0\0\0\0\0\0\0\0\0\0\0\0\0\0\0\0\0\0\0\0\0\0\0\0\0\0\0\0\0\0\0\0\0\0\0\0\0\0\0\0\0\0\0\0\0\0\0\0\0\0\0\0\0\0\0\0\0\0\0\0\0\0\0\0\0\0\0\0\0\0\0\0\0\0\0\0\0\0\0\0\0\0\0\0\0\0\0\0\0\0\0\0\0\0\0\0\0\0\0\0\0\0\0\0\0\0\0\0\0\0\0\0\0\0\0\0\0\0\0\0\0\0\0\0\0\0\0\0\0\0\0\0\0\0\0\0\0\0\0\0\0\0\0\0\0\0\0\0\0\0\0\0\0\0\0\0\0\0\0\0\0\0\0\0\0\0\0\0\0\0\0\0\0\0\0\0\0\0\0\0\0\0\0\0\0\0\0\0\0\0\0\0\0\0\0\0\0\0\0\0\0\0\0\0\0\0\0\0\0\0\0\0\0\0\0\0\0\0\0\0\0\0\0\0\0\0\0\0\0\0\0\0\0\0\0\0\0\0\0\0\0\0\0\0\0\0\0\0\0\0\0\0\0\0\0\0\0\0\0\0\0\0\0\0\0\0\0\0\0\0\0\0\0\0\0\0\0\0\0\0\0\0\0\0\0\0\0\0\0\0\0\0\0\0\0\0\0\0\0\0\0\0\0\0\0\0\0\0\0\0\0\0\0\0\0\0\0\0\0\0\0\0\0\0\0\0\0\0\0\0\0\0\0\0\0\0\0\0\0\0\0\0\0\0\0\0\0\0\0\0\0\0\0\0\0\0\0\0\0\0\0\0\0\0\0\0\0\0\0\0\0\0\0\0\0\0\0\0\0\0\0\0\0\0\0\0\0\0\0\0\0\0\0\0\0\0\0\0\0\0\0\0\0\0\0\0\0\0\0\0\0\0\0\0\0\0\0\0\0\0\0\0\0\0\0\0\0\0\0\0\0\0\0\0\0\0\0\0\0\0\0\0\0\0\0\0\0\0\0\0\0\0\0\0\0\0\0\0\0\0\0\0\0\0\0\0\0\0\0\0\0\0\0\0\0\0\0\0\0\0\0\0\0\0\0\0\0\0\0\0\0\0\0\0\0\0\0\0\0\0\0\0\0\0\0\0\0\0\0\0\0\0\0\0\0\0\0\0\0\0\0\0\0\0\0\0\0\0\0\0\0\0\0\0\0\0\0\0\0\0\0\0\0\0\0\0\0\0\0\0\0\0\0\0\0\0\0\0\0\0\0\0\0\0\0\0\0\0\0\0\0\0\0\0\0\0\0\0\0\0\0\0\0\0\0\0\0\0\0\0\0\0\0\0\0\0\0\0\0\0\0\0\0\0\0\0\0\0\0\0\0\0\0\0\0\0\0\0\0\0\0\0\0\0\0\0\0\0\0\0\0\0\0\0\0\0\0\0\0\0\0\0\0\0\0\0\0\0\0\0\0\0\0\0\0\0\0\0\0\0\0\0\0\0\0\0\0\0\0\0\0\0\0\0\0\0\0\0\0\0\0\0\0\0\0\0\0\0\0\0\0\0\0\0\0\0\0\0\0\0\0\0\0\0\0\0\0\0\0\0\0\0\0\0\0\0\0\0\0\0\0\0\0\0\0\0\0\0\0\0\0\0\0\0\0\0\0\0\0\0\0\0\0\0\0\0\0\0\0\0\0\0\0\0\0\0\0\0\0\0\0\0\0\0\0\0\0\0\0\0\0\0\0\0\0\0\0\0\0\0\0\0\0\0\0\0\0\0\0\0\0\0\0\0\0\0\0\0\0\0\0\0\0\0\0\0\0\0\0\0\0\0\0\0\0\0\0\0\0\0\0\0\0\0\0\0\0\0\0\0\0\0\0\0\0\0\0\0\0\0\0\0\0\0\0\0\0\0\0\0\0\0\0\0\0\0\0\0\0\0\0\0\0\0\0\0\0\0\0\0\0\0\0\0\0\0\0\0\0\0\0\0\0\0\0\0\0\0\0\0\0\0\0\0\0\0\0\0\0\0\0\0\0\0\0\0\0\0\0\0\0\0\0\0\0\0\0\0\0\0\0\0\0\0\0\0\0\0\0\0\0\0\0\0\0\0\0\0\0\0\0\0\0\0\0\0\0\0\0\0\0\0\0\0\0\0\0\0\0\0\0\0\0\0\0\0\0\0\0\0\0\0\0\0\0\0\0\0\0\0\0\0\0\0\0\0\0\0\0\0\0\0\0\0\0\0\0\0\0\0\0\0\0\0\0\0\0\0\0\0\0\0\0\0\0\0\0\0\0\0\0\0\0\0\0\0\0\0\0\0\0\0\0\0\0\0\0\0\0\0\0\0\0\0\0\0\0\0\0\0\0\0\0\0\0\0\0\0\0\0\0\0\0\0\0\0\0\0\0\0\0\0\0\0\0\0\0\0\0\0\0\0\0\0\0\0\0\0\0\0\0\0\0\0\0\0\0\0\0\0\0\0\0\0\0\0\0\0\0\0\0\0\0\0\0\0\0\0\0\0\0\0\0\0\0\0\0\0\0\0\0\0\0\0\0\0\0\0\0\0\0\0\0\0\0\0\0\0\0\0\0\0\0\0\0\0\0\0\0\0\0\0\0\0\0\0\0\0\0\0\0\0\0\0\0\0\0\0\0\0\0\0\0\0\0\0\0\0\0\0\0\0\0\0\0\0\0\0\0\0\0\0' [C:\Users\Nhan\OneDrive - Rincovitch\00. Nhan\CSharp\RincoMTO\RincoMTO_djj4tpge_wpftmp.csproj::TargetFramework=net8.0-windows]
C:\Users\Nhan\OneDrive - Rincovitch\00. Nhan\CSharp\RincoMTO\BIMTOOL\obj\Release R26\Tools\MTO Smart Tag\UI\MtoSmartTagWindow.g.cs(1,1): error CS1056: Unexpected character '\0' [C:\Users\Nhan\OneDrive - Rincovitch\00. Nhan\CSharp\RincoMTO\RincoMTO_djj4tpge_wpftmp.csproj::TargetFramework=net8.0-windows]
C:\Users\Nhan\OneDrive - Rincovitch\00. Nhan\CSharp\RincoMTO\BIMTOOL\obj\Release R26\Tools\MTO Smart Tag\UI\MtoSmartTagWindow.g.cs(1,2): error CS1056: Unexpected character '\0' [C:\Users\Nhan\OneDrive - Rincovitch\00. Nhan\CSharp\RincoMTO\RincoMTO_djj4tpge_wpftmp.csproj::TargetFramework=net8.0-windows]
C:\Users\Nhan\OneDrive - Rincovitch\00. Nhan\CSharp\RincoMTO\BIMTOOL\obj\Release R26\Tools\MTO Smart Tag\UI\MtoSmartTagWindow.g.cs(1,3): error CS1056: Unexpected character '\0' [C:\Users\Nhan\OneDrive - Rincovitch\00. Nhan\CSharp\RincoMTO\RincoMTO_djj4tpge_wpftmp.csproj::TargetFramework=net8.0-windows]
C:\Users\Nhan\OneDrive - Rincovitch\00. Nhan\CSharp\RincoMTO\BIMTOOL\obj\Release R26\Tools\MTO Smart Tag\UI\MtoSmartTagWindow.g.cs(1,4): error CS1056: Unexpected character '\0' [C:\Users\Nhan\OneDrive - Rincovitch\00. Nhan\CSharp\RincoMTO\RincoMTO_djj4tpge_wpftmp.csproj::TargetFramework=net8.0-windows]
C:\Users\Nhan\OneDrive - Rincovitch\00. Nhan\CSharp\RincoMTO\BIMTOOL\obj\Release R26\Tools\MTO Smart Tag\UI\MtoSmartTagWindow.g.cs(1,5): error CS1056: Unexpected character '\0' [C:\Users\Nhan\OneDrive - Rincovitch\00. Nhan\CSharp\RincoMTO\RincoMTO_djj4tpge_wpftmp.csproj::TargetFramework=net8.0-windows]
C:\Users\Nhan\OneDrive - Rincovitch\00. Nhan\CSharp\RincoMTO\BIMTOOL\obj\Release R26\Tools\MTO Smart Tag\UI\MtoSmartTagWindow.g.cs(1,6): error CS1056: Unexpected character '\0' [C:\Users\Nhan\OneDrive - Rincovitch\00. Nhan\CSharp\RincoMTO\RincoMTO_djj4tpge_wpftmp.csproj::TargetFramework=net8.0-windows]
C:\Users\Nhan\OneDrive - Rincovitch\00. Nhan\CSharp\RincoMTO\BIMTOOL\obj\Release R26\Tools\MTO Smart Tag\UI\MtoSmartTagWindow.g.cs(1,7): error CS1056: Unexpected character '\0' [C:\Users\Nhan\OneDrive - Rincovitch\00. Nhan\CSharp\RincoMTO\RincoMTO_djj4tpge_wpftmp.csproj::TargetFramework=net8.0-windows]
C:\Users\Nhan\OneDrive - Rincovitch\00. Nhan\CSharp\RincoMTO\BIMTOOL\obj\Release R26\Tools\MTO Smart Tag\UI\MtoSmartTagWindow.g.cs(1,8): error CS1056: Unexpected character '\0' [C:\Users\Nhan\OneDrive - Rincovitch\00. Nhan\CSharp\RincoMTO\RincoMTO_djj4tpge_wpftmp.csproj::TargetFramework=net8.0-windows]
C:\Users\Nhan\OneDrive - Rincovitch\00. Nhan\CSharp\RincoMTO\BIMTOOL\obj\Release R26\Tools\MTO Smart Tag\UI\MtoSmartTagWindow.g.cs(1,9): error CS1056: Unexpected character '\0' [C:\Users\Nhan\OneDrive - Rincovitch\00. Nhan\CSharp\RincoMTO\RincoMTO_djj4tpge_wpftmp.csproj::TargetFramework=net8.0-windows]
C:\Users\Nhan\OneDrive - Rincovitch\00. Nhan\CSharp\RincoMTO\BIMTOOL\obj\Release R26\Tools\MTO Smart Tag\UI\MtoSmartTagWindow.g.cs(1,10): error CS1056: Unexpected character '\0' [C:\Users\Nhan\OneDrive - Rincovitch\00. Nhan\CSharp\RincoMTO\RincoMTO_djj4tpge_wpftmp.csproj::TargetFramework=net8.0-windows]
C:\Users\Nhan\OneDrive - Rincovitch\00. Nhan\CSharp\RincoMTO\BIMTOOL\obj\Release R26\Tools\MTO Smart Tag\UI\MtoSmartTagWindow.g.cs(1,11): error CS1056: Unexpected character '\0' [C:\Users\Nhan\OneDrive - Rincovitch\00. Nhan\CSharp\RincoMTO\RincoMTO_djj4tpge_wpftmp.csproj::TargetFramework=net8.0-windows]
C:\Users\Nhan\OneDrive - Rincovitch\00. Nhan\CSharp\RincoMTO\BIMTOOL\obj\Release R26\Tools\MTO Smart Tag\UI\MtoSmartTagWindow.g.cs(1,12): error CS1056: Unexpected character '\0' [C:\Users\Nhan\OneDrive - Rincovitch\00. Nhan\CSharp\RincoMTO\RincoMTO_djj4tpge_wpftmp.csproj::TargetFramework=net8.0-windows]
C:\Users\Nhan\OneDrive - Rincovitch\00. Nhan\CSharp\RincoMTO\BIMTOOL\obj\Release R26\Tools\MTO Smart Tag\UI\MtoSmartTagWindow.g.cs(1,13): error CS1056: Unexpected character '\0' [C:\Users\Nhan\OneDrive - Rincovitch\00. Nhan\CSharp\RincoMTO\RincoMTO_djj4tpge_wpftmp.csproj::TargetFramework=net8.0-windows]
C:\Users\Nhan\OneDrive - Rincovitch\00. Nhan\CSharp\RincoMTO\BIMTOOL\obj\Release R26\Tools\MTO Smart Tag\UI\MtoSmartTagWindow.g.cs(1,14): error CS1056: Unexpected character '\0' [C:\Users\Nhan\OneDrive - Rincovitch\00. Nhan\CSharp\RincoMTO\RincoMTO_djj4tpge_wpftmp.csproj::TargetFramework=net8.0-windows]
C:\Users\Nhan\OneDrive - Rincovitch\00. Nhan\CSharp\RincoMTO\BIMTOOL\obj\Release R26\Tools\MTO Smart Tag\UI\MtoSmartTagWindow.g.cs(1,15): error CS1056: Unexpected character '\0' [C:\Users\Nhan\OneDrive - Rincovitch\00. Nhan\CSharp\RincoMTO\RincoMTO_djj4tpge_wpftmp.csproj::TargetFramework=net8.0-windows]
C:\Users\Nhan\OneDrive - Rincovitch\00. Nhan\CSharp\RincoMTO\BIMTOOL\obj\Release R26\Tools\MTO Smart Tag\UI\MtoSmartTagWindow.g.cs(1,16): error CS1056: Unexpected character '\0' [C:\Users\Nhan\OneDrive - Rincovitch\00. Nhan\CSharp\RincoMTO\RincoMTO_djj4tpge_wpftmp.csproj::TargetFramework=net8.0-windows]
C:\Users\Nhan\OneDrive - Rincovitch\00. Nhan\CSharp\RincoMTO\BIMTOOL\obj\Release R26\Tools\MTO Smart Tag\UI\MtoSmartTagWindow.g.cs(1,17): error CS1056: Unexpected character '\0' [C:\Users\Nhan\OneDrive - Rincovitch\00. Nhan\CSharp\RincoMTO\RincoMTO_djj4tpge_wpftmp.csproj::TargetFramework=net8.0-windows]
C:\Users\Nhan\OneDrive - Rincovitch\00. Nhan\CSharp\RincoMTO\BIMTOOL\obj\Release R26\Tools\MTO Smart Tag\UI\MtoSmartTagWindow.g.cs(1,18): error CS1056: Unexpected character '\0' [C:\Users\Nhan\OneDrive - Rincovitch\00. Nhan\CSharp\RincoMTO\RincoMTO_djj4tpge_wpftmp.csproj::TargetFramework=net8.0-windows]
C:\Users\Nhan\OneDrive - Rincovitch\00. Nhan\CSharp\RincoMTO\BIMTOOL\obj\Release R26\Tools\MTO Smart Tag\UI\MtoSmartTagWindow.g.cs(1,19): error CS1056: Unexpected character '\0' [C:\Users\Nhan\OneDrive - Rincovitch\00. Nhan\CSharp\RincoMTO\RincoMTO_djj4tpge_wpftmp.csproj::TargetFramework=net8.0-windows]
C:\Users\Nhan\OneDrive - Rincovitch\00. Nhan\CSharp\RincoMTO\BIMTOOL\obj\Release R26\Tools\MTO Smart Tag\UI\MtoSmartTagWindow.g.cs(1,20): error CS1056: Unexpected character '\0' [C:\Users\Nhan\OneDrive - Rincovitch\00. Nhan\CSharp\RincoMTO\RincoMTO_djj4tpge_wpftmp.csproj::TargetFramework=net8.0-windows]
C:\Users\Nhan\OneDrive - Rincovitch\00. Nhan\CSharp\RincoMTO\BIMTOOL\obj\Release R26\Tools\MTO Smart Tag\UI\MtoSmartTagWindow.g.cs(1,21): error CS1056: Unexpected character '\0' [C:\Users\Nhan\OneDrive - Rincovitch\00. Nhan\CSharp\RincoMTO\RincoMTO_djj4tpge_wpftmp.csproj::TargetFramework=net8.0-windows]
C:\Users\Nhan\OneDrive - Rincovitch\00. Nhan\CSharp\RincoMTO\BIMTOOL\obj\Release R26\Tools\MTO Smart Tag\UI\MtoSmartTagWindow.g.cs(1,22): error CS1056: Unexpected character '\0' [C:\Users\Nhan\OneDrive - Rincovitch\00. Nhan\CSharp\RincoMTO\RincoMTO_djj4tpge_wpftmp.csproj::TargetFramework=net8.0-windows]
C:\Users\Nhan\OneDrive - Rincovitch\00. Nhan\CSharp\RincoMTO\BIMTOOL\obj\Release R26\Tools\MTO Smart Tag\UI\MtoSmartTagWindow.g.cs(1,23): error CS1056: Unexpected character '\0' [C:\Users\Nhan\OneDrive - Rincovitch\00. Nhan\CSharp\RincoMTO\RincoMTO_djj4tpge_wpftmp.csproj::TargetFramework=net8.0-windows]
C:\Users\Nhan\OneDrive - Rincovitch\00. Nhan\CSharp\RincoMTO\BIMTOOL\obj\Release R26\Tools\MTO Smart Tag\UI\MtoSmartTagWindow.g.cs(1,24): error CS1056: Unexpected character '\0' [C:\Users\Nhan\OneDrive - Rincovitch\00. Nhan\CSharp\RincoMTO\RincoMTO_djj4tpge_wpftmp.csproj::TargetFramework=net8.0-windows]
C:\Users\Nhan\OneDrive - Rincovitch\00. Nhan\CSharp\RincoMTO\BIMTOOL\obj\Release R26\Tools\MTO Smart Tag\UI\MtoSmartTagWindow.g.cs(1,25): error CS1056: Unexpected character '\0' [C:\Users\Nhan\OneDrive - Rincovitch\00. Nhan\CSharp\RincoMTO\RincoMTO_djj4tpge_wpftmp.csproj::TargetFramework=net8.0-windows]
C:\Users\Nhan\OneDrive - Rincovitch\00. Nhan\CSharp\RincoMTO\BIMTOOL\obj\Release R26\Tools\MTO Smart Tag\UI\MtoSmartTagWindow.g.cs(1,26): error CS1056: Unexpected character '\0' [C:\Users\Nhan\OneDrive - Rincovitch\00. Nhan\CSharp\RincoMTO\RincoMTO_djj4tpge_wpftmp.csproj::TargetFramework=net8.0-windows]
C:\Users\Nhan\OneDrive - Rincovitch\00. Nhan\CSharp\RincoMTO\BIMTOOL\obj\Release R26\Tools\MTO Smart Tag\UI\MtoSmartTagWindow.g.cs(1,27): error CS1056: Unexpected character '\0' [C:\Users\Nhan\OneDrive - Rincovitch\00. Nhan\CSharp\RincoMTO\RincoMTO_djj4tpge_wpftmp.csproj::TargetFramework=net8.0-windows]
C:\Users\Nhan\OneDrive - Rincovitch\00. Nhan\CSharp\RincoMTO\BIMTOOL\obj\Release R26\Tools\MTO Smart Tag\UI\MtoSmartTagWindow.g.cs(1,28): error CS1056: Unexpected character '\0' [C:\Users\Nhan\OneDrive - Rincovitch\00. Nhan\CSharp\RincoMTO\RincoMTO_djj4tpge_wpftmp.csproj::TargetFramework=net8.0-windows]
C:\Users\Nhan\OneDrive - Rincovitch\00. Nhan\CSharp\RincoMTO\BIMTOOL\obj\Release R26\Tools\MTO Smart Tag\UI\MtoSmartTagWindow.g.cs(1,29): error CS1056: Unexpected character '\0' [C:\Users\Nhan\OneDrive - Rincovitch\00. Nhan\CSharp\RincoMTO\RincoMTO_djj4tpge_wpftmp.csproj::TargetFramework=net8.0-windows]
C:\Users\Nhan\OneDrive - Rincovitch\00. Nhan\CSharp\RincoMTO\BIMTOOL\obj\Release R26\Tools\MTO Smart Tag\UI\MtoSmartTagWindow.g.cs(1,30): error CS1056: Unexpected character '\0' [C:\Users\Nhan\OneDrive - Rincovitch\00. Nhan\CSharp\RincoMTO\RincoMTO_djj4tpge_wpftmp.csproj::TargetFramework=net8.0-windows]
C:\Users\Nhan\OneDrive - Rincovitch\00. Nhan\CSharp\RincoMTO\BIMTOOL\obj\Release R26\Tools\MTO Smart Tag\UI\MtoSmartTagWindow.g.cs(1,31): error CS1056: Unexpected character '\0' [C:\Users\Nhan\OneDrive - Rincovitch\00. Nhan\CSharp\RincoMTO\RincoMTO_djj4tpge_wpftmp.csproj::TargetFramework=net8.0-windows]
C:\Users\Nhan\OneDrive - Rincovitch\00. Nhan\CSharp\RincoMTO\BIMTOOL\obj\Release R26\Tools\MTO Smart Tag\UI\MtoSmartTagWindow.g.cs(1,32): error CS1056: Unexpected character '\0' [C:\Users\Nhan\OneDrive - Rincovitch\00. Nhan\CSharp\RincoMTO\RincoMTO_djj4tpge_wpftmp.csproj::TargetFramework=net8.0-windows]
C:\Users\Nhan\OneDrive - Rincovitch\00. Nhan\CSharp\RincoMTO\BIMTOOL\obj\Release R26\Tools\MTO Smart Tag\UI\MtoSmartTagWindow.g.cs(1,33): error CS1056: Unexpected character '\0' [C:\Users\Nhan\OneDrive - Rincovitch\00. Nhan\CSharp\RincoMTO\RincoMTO_djj4tpge_wpftmp.csproj::TargetFramework=net8.0-windows]
C:\Users\Nhan\OneDrive - Rincovitch\00. Nhan\CSharp\RincoMTO\BIMTOOL\obj\Release R26\Tools\MTO Smart Tag\UI\MtoSmartTagWindow.g.cs(1,34): error CS1056: Unexpected character '\0' [C:\Users\Nhan\OneDrive - Rincovitch\00. Nhan\CSharp\RincoMTO\RincoMTO_djj4tpge_wpftmp.csproj::TargetFramework=net8.0-windows]
C:\Users\Nhan\OneDrive - Rincovitch\00. Nhan\CSharp\RincoMTO\BIMTOOL\obj\Release R26\Tools\MTO Smart Tag\UI\MtoSmartTagWindow.g.cs(1,35): error CS1056: Unexpected character '\0' [C:\Users\Nhan\OneDrive - Rincovitch\00. Nhan\CSharp\RincoMTO\RincoMTO_djj4tpge_wpftmp.csproj::TargetFramework=net8.0-windows]
C:\Users\Nhan\OneDrive - Rincovitch\00. Nhan\CSharp\RincoMTO\BIMTOOL\obj\Release R26\Tools\MTO Smart Tag\UI\MtoSmartTagWindow.g.cs(1,36): error CS1056: Unexpected character '\0' [C:\Users\Nhan\OneDrive - Rincovitch\00. Nhan\CSharp\RincoMTO\RincoMTO_djj4tpge_wpftmp.csproj::TargetFramework=net8.0-windows]
C:\Users\Nhan\OneDrive - Rincovitch\00. Nhan\CSharp\RincoMTO\BIMTOOL\obj\Release R26\Tools\MTO Smart Tag\UI\MtoSmartTagWindow.g.cs(1,37): error CS1056: Unexpected character '\0' [C:\Users\Nhan\OneDrive - Rincovitch\00. Nhan\CSharp\RincoMTO\RincoMTO_djj4tpge_wpftmp.csproj::TargetFramework=net8.0-windows]
C:\Users\Nhan\OneDrive - Rincovitch\00. Nhan\CSharp\RincoMTO\BIMTOOL\obj\Release R26\Tools\MTO Smart Tag\UI\MtoSmartTagWindow.g.cs(1,38): error CS1056: Unexpected character '\0' [C:\Users\Nhan\OneDrive - Rincovitch\00. Nhan\CSharp\RincoMTO\RincoMTO_djj4tpge_wpftmp.csproj::TargetFramework=net8.0-windows]
C:\Users\Nhan\OneDrive - Rincovitch\00. Nhan\CSharp\RincoMTO\BIMTOOL\obj\Release R26\Tools\MTO Smart Tag\UI\MtoSmartTagWindow.g.cs(1,39): error CS1056: Unexpected character '\0' [C:\Users\Nhan\OneDrive - Rincovitch\00. Nhan\CSharp\RincoMTO\RincoMTO_djj4tpge_wpftmp.csproj::TargetFramework=net8.0-windows]
C:\Users\Nhan\OneDrive - Rincovitch\00. Nhan\CSharp\RincoMTO\BIMTOOL\obj\Release R26\Tools\MTO Smart Tag\UI\MtoSmartTagWindow.g.cs(1,40): error CS1056: Unexpected character '\0' [C:\Users\Nhan\OneDrive - Rincovitch\00. Nhan\CSharp\RincoMTO\RincoMTO_djj4tpge_wpftmp.csproj::TargetFramework=net8.0-windows]
C:\Users\Nhan\OneDrive - Rincovitch\00. Nhan\CSharp\RincoMTO\BIMTOOL\obj\Release R26\Tools\MTO Smart Tag\UI\MtoSmartTagWindow.g.cs(1,41): error CS1056: Unexpected character '\0' [C:\Users\Nhan\OneDrive - Rincovitch\00. Nhan\CSharp\RincoMTO\RincoMTO_djj4tpge_wpftmp.csproj::TargetFramework=net8.0-windows]
C:\Users\Nhan\OneDrive - Rincovitch\00. Nhan\CSharp\RincoMTO\BIMTOOL\obj\Release R26\Tools\MTO Smart Tag\UI\MtoSmartTagWindow.g.cs(1,42): error CS1056: Unexpected character '\0' [C:\Users\Nhan\OneDrive - Rincovitch\00. Nhan\CSharp\RincoMTO\RincoMTO_djj4tpge_wpftmp.csproj::TargetFramework=net8.0-windows]
C:\Users\Nhan\OneDrive - Rincovitch\00. Nhan\CSharp\RincoMTO\BIMTOOL\obj\Release R26\Tools\MTO Smart Tag\UI\MtoSmartTagWindow.g.cs(1,43): error CS1056: Unexpected character '\0' [C:\Users\Nhan\OneDrive - Rincovitch\00. Nhan\CSharp\RincoMTO\RincoMTO_djj4tpge_wpftmp.csproj::TargetFramework=net8.0-windows]
C:\Users\Nhan\OneDrive - Rincovitch\00. Nhan\CSharp\RincoMTO\BIMTOOL\obj\Release R26\Tools\MTO Smart Tag\UI\MtoSmartTagWindow.g.cs(1,44): error CS1056: Unexpected character '\0' [C:\Users\Nhan\OneDrive - Rincovitch\00. Nhan\CSharp\RincoMTO\RincoMTO_djj4tpge_wpftmp.csproj::TargetFramework=net8.0-windows]
C:\Users\Nhan\OneDrive - Rincovitch\00. Nhan\CSharp\RincoMTO\BIMTOOL\obj\Release R26\Tools\MTO Smart Tag\UI\MtoSmartTagWindow.g.cs(1,45): error CS1056: Unexpected character '\0' [C:\Users\Nhan\OneDrive - Rincovitch\00. Nhan\CSharp\RincoMTO\RincoMTO_djj4tpge_wpftmp.csproj::TargetFramework=net8.0-windows]
C:\Users\Nhan\OneDrive - Rincovitch\00. Nhan\CSharp\RincoMTO\BIMTOOL\obj\Release R26\Tools\MTO Smart Tag\UI\MtoSmartTagWindow.g.cs(1,46): error CS1056: Unexpected character '\0' [C:\Users\Nhan\OneDrive - Rincovitch\00. Nhan\CSharp\RincoMTO\RincoMTO_djj4tpge_wpftmp.csproj::TargetFramework=net8.0-windows]
C:\Users\Nhan\OneDrive - Rincovitch\00. Nhan\CSharp\RincoMTO\BIMTOOL\obj\Release R26\Tools\MTO Smart Tag\UI\MtoSmartTagWindow.g.cs(1,47): error CS1056: Unexpected character '\0' [C:\Users\Nhan\OneDrive - Rincovitch\00. Nhan\CSharp\RincoMTO\RincoMTO_djj4tpge_wpftmp.csproj::TargetFramework=net8.0-windows]
C:\Users\Nhan\OneDrive - Rincovitch\00. Nhan\CSharp\RincoMTO\BIMTOOL\obj\Release R26\Tools\MTO Smart Tag\UI\MtoSmartTagWindow.g.cs(1,48): error CS1056: Unexpected character '\0' [C:\Users\Nhan\OneDrive - Rincovitch\00. Nhan\CSharp\RincoMTO\RincoMTO_djj4tpge_wpftmp.csproj::TargetFramework=net8.0-windows]
C:\Users\Nhan\OneDrive - Rincovitch\00. Nhan\CSharp\RincoMTO\BIMTOOL\obj\Release R26\Tools\MTO Smart Tag\UI\MtoSmartTagWindow.g.cs(1,49): error CS1056: Unexpected character '\0' [C:\Users\Nhan\OneDrive - Rincovitch\00. Nhan\CSharp\RincoMTO\RincoMTO_djj4tpge_wpftmp.csproj::TargetFramework=net8.0-windows]
C:\Users\Nhan\OneDrive - Rincovitch\00. Nhan\CSharp\RincoMTO\BIMTOOL\obj\Release R26\Tools\MTO Smart Tag\UI\MtoSmartTagWindow.g.cs(1,50): error CS1056: Unexpected character '\0' [C:\Users\Nhan\OneDrive - Rincovitch\00. Nhan\CSharp\RincoMTO\RincoMTO_djj4tpge_wpftmp.csproj::TargetFramework=net8.0-windows]
C:\Users\Nhan\OneDrive - Rincovitch\00. Nhan\CSharp\RincoMTO\BIMTOOL\obj\Release R26\Tools\MTO Smart Tag\UI\MtoSmartTagWindow.g.cs(1,51): error CS1056: Unexpected character '\0' [C:\Users\Nhan\OneDrive - Rincovitch\00. Nhan\CSharp\RincoMTO\RincoMTO_djj4tpge_wpftmp.csproj::TargetFramework=net8.0-windows]
C:\Users\Nhan\OneDrive - Rincovitch\00. Nhan\CSharp\RincoMTO\BIMTOOL\obj\Release R26\Tools\MTO Smart Tag\UI\MtoSmartTagWindow.g.cs(1,52): error CS1056: Unexpected character '\0' [C:\Users\Nhan\OneDrive - Rincovitch\00. Nhan\CSharp\RincoMTO\RincoMTO_djj4tpge_wpftmp.csproj::TargetFramework=net8.0-windows]
C:\Users\Nhan\OneDrive - Rincovitch\00. Nhan\CSharp\RincoMTO\BIMTOOL\obj\Release R26\Tools\MTO Smart Tag\UI\MtoSmartTagWindow.g.cs(1,53): error CS1056: Unexpected character '\0' [C:\Users\Nhan\OneDrive - Rincovitch\00. Nhan\CSharp\RincoMTO\RincoMTO_djj4tpge_wpftmp.csproj::TargetFramework=net8.0-windows]
C:\Users\Nhan\OneDrive - Rincovitch\00. Nhan\CSharp\RincoMTO\BIMTOOL\obj\Release R26\Tools\MTO Smart Tag\UI\MtoSmartTagWindow.g.cs(1,54): error CS1056: Unexpected character '\0' [C:\Users\Nhan\OneDrive - Rincovitch\00. Nhan\CSharp\RincoMTO\RincoMTO_djj4tpge_wpftmp.csproj::TargetFramework=net8.0-windows]
C:\Users\Nhan\OneDrive - Rincovitch\00. Nhan\CSharp\RincoMTO\BIMTOOL\obj\Release R26\Tools\MTO Smart Tag\UI\MtoSmartTagWindow.g.cs(1,55): error CS1056: Unexpected character '\0' [C:\Users\Nhan\OneDrive - Rincovitch\00. Nhan\CSharp\RincoMTO\RincoMTO_djj4tpge_wpftmp.csproj::TargetFramework=net8.0-windows]
C:\Users\Nhan\OneDrive - Rincovitch\00. Nhan\CSharp\RincoMTO\BIMTOOL\obj\Release R26\Tools\MTO Smart Tag\UI\MtoSmartTagWindow.g.cs(1,56): error CS1056: Unexpected character '\0' [C:\Users\Nhan\OneDrive - Rincovitch\00. Nhan\CSharp\RincoMTO\RincoMTO_djj4tpge_wpftmp.csproj::TargetFramework=net8.0-windows]
C:\Users\Nhan\OneDrive - Rincovitch\00. Nhan\CSharp\RincoMTO\BIMTOOL\obj\Release R26\Tools\MTO Smart Tag\UI\MtoSmartTagWindow.g.cs(1,57): error CS1056: Unexpected character '\0' [C:\Users\Nhan\OneDrive - Rincovitch\00. Nhan\CSharp\RincoMTO\RincoMTO_djj4tpge_wpftmp.csproj::TargetFramework=net8.0-windows]
C:\Users\Nhan\OneDrive - Rincovitch\00. Nhan\CSharp\RincoMTO\BIMTOOL\obj\Release R26\Tools\MTO Smart Tag\UI\MtoSmartTagWindow.g.cs(1,58): error CS1056: Unexpected character '\0' [C:\Users\Nhan\OneDrive - Rincovitch\00. Nhan\CSharp\RincoMTO\RincoMTO_djj4tpge_wpftmp.csproj::TargetFramework=net8.0-windows]
C:\Users\Nhan\OneDrive - Rincovitch\00. Nhan\CSharp\RincoMTO\BIMTOOL\obj\Release R26\Tools\MTO Smart Tag\UI\MtoSmartTagWindow.g.cs(1,59): error CS1056: Unexpected character '\0' [C:\Users\Nhan\OneDrive - Rincovitch\00. Nhan\CSharp\RincoMTO\RincoMTO_djj4tpge_wpftmp.csproj::TargetFramework=net8.0-windows]
C:\Users\Nhan\OneDrive - Rincovitch\00. Nhan\CSharp\RincoMTO\BIMTOOL\obj\Release R26\Tools\MTO Smart Tag\UI\MtoSmartTagWindow.g.cs(1,60): error CS1056: Unexpected character '\0' [C:\Users\Nhan\OneDrive - Rincovitch\00. Nhan\CSharp\RincoMTO\RincoMTO_djj4tpge_wpftmp.csproj::TargetFramework=net8.0-windows]
C:\Users\Nhan\OneDrive - Rincovitch\00. Nhan\CSharp\RincoMTO\BIMTOOL\obj\Release R26\Tools\MTO Smart Tag\UI\MtoSmartTagWindow.g.cs(1,61): error CS1056: Unexpected character '\0' [C:\Users\Nhan\OneDrive - Rincovitch\00. Nhan\CSharp\RincoMTO\RincoMTO_djj4tpge_wpftmp.csproj::TargetFramework=net8.0-windows]
C:\Users\Nhan\OneDrive - Rincovitch\00. Nhan\CSharp\RincoMTO\BIMTOOL\obj\Release R26\Tools\MTO Smart Tag\UI\MtoSmartTagWindow.g.cs(1,62): error CS1056: Unexpected character '\0' [C:\Users\Nhan\OneDrive - Rincovitch\00. Nhan\CSharp\RincoMTO\RincoMTO_djj4tpge_wpftmp.csproj::TargetFramework=net8.0-windows]
C:\Users\Nhan\OneDrive - Rincovitch\00. Nhan\CSharp\RincoMTO\BIMTOOL\obj\Release R26\Tools\MTO Smart Tag\UI\MtoSmartTagWindow.g.cs(1,63): error CS1056: Unexpected character '\0' [C:\Users\Nhan\OneDrive - Rincovitch\00. Nhan\CSharp\RincoMTO\RincoMTO_djj4tpge_wpftmp.csproj::TargetFramework=net8.0-windows]
C:\Users\Nhan\OneDrive - Rincovitch\00. Nhan\CSharp\RincoMTO\BIMTOOL\obj\Release R26\Tools\MTO Smart Tag\UI\MtoSmartTagWindow.g.cs(1,64): error CS1056: Unexpected character '\0' [C:\Users\Nhan\OneDrive - Rincovitch\00. Nhan\CSharp\RincoMTO\RincoMTO_djj4tpge_wpftmp.csproj::TargetFramework=net8.0-windows]
C:\Users\Nhan\OneDrive - Rincovitch\00. Nhan\CSharp\RincoMTO\BIMTOOL\obj\Release R26\Tools\MTO Smart Tag\UI\MtoSmartTagWindow.g.cs(1,65): error CS1056: Unexpected character '\0' [C:\Users\Nhan\OneDrive - Rincovitch\00. Nhan\CSharp\RincoMTO\RincoMTO_djj4tpge_wpftmp.csproj::TargetFramework=net8.0-windows]
C:\Users\Nhan\OneDrive - Rincovitch\00. Nhan\CSharp\RincoMTO\BIMTOOL\obj\Release R26\Tools\MTO Smart Tag\UI\MtoSmartTagWindow.g.cs(1,66): error CS1056: Unexpected character '\0' [C:\Users\Nhan\OneDrive - Rincovitch\00. Nhan\CSharp\RincoMTO\RincoMTO_djj4tpge_wpftmp.csproj::TargetFramework=net8.0-windows]
C:\Users\Nhan\OneDrive - Rincovitch\00. Nhan\CSharp\RincoMTO\BIMTOOL\obj\Release R26\Tools\MTO Smart Tag\UI\MtoSmartTagWindow.g.cs(1,67): error CS1056: Unexpected character '\0' [C:\Users\Nhan\OneDrive - Rincovitch\00. Nhan\CSharp\RincoMTO\RincoMTO_djj4tpge_wpftmp.csproj::TargetFramework=net8.0-windows]
C:\Users\Nhan\OneDrive - Rincovitch\00. Nhan\CSharp\RincoMTO\BIMTOOL\obj\Release R26\Tools\MTO Smart Tag\UI\MtoSmartTagWindow.g.cs(1,68): error CS1056: Unexpected character '\0' [C:\Users\Nhan\OneDrive - Rincovitch\00. Nhan\CSharp\RincoMTO\RincoMTO_djj4tpge_wpftmp.csproj::TargetFramework=net8.0-windows]
C:\Users\Nhan\OneDrive - Rincovitch\00. Nhan\CSharp\RincoMTO\BIMTOOL\obj\Release R26\Tools\MTO Smart Tag\UI\MtoSmartTagWindow.g.cs(1,69): error CS1056: Unexpected character '\0' [C:\Users\Nhan\OneDrive - Rincovitch\00. Nhan\CSharp\RincoMTO\RincoMTO_djj4tpge_wpftmp.csproj::TargetFramework=net8.0-windows]
C:\Users\Nhan\OneDrive - Rincovitch\00. Nhan\CSharp\RincoMTO\BIMTOOL\obj\Release R26\Tools\MTO Smart Tag\UI\MtoSmartTagWindow.g.cs(1,70): error CS1056: Unexpected character '\0' [C:\Users\Nhan\OneDrive - Rincovitch\00. Nhan\CSharp\RincoMTO\RincoMTO_djj4tpge_wpftmp.csproj::TargetFramework=net8.0-windows]
C:\Users\Nhan\OneDrive - Rincovitch\00. Nhan\CSharp\RincoMTO\BIMTOOL\obj\Release R26\Tools\MTO Smart Tag\UI\MtoSmartTagWindow.g.cs(1,71): error CS1056: Unexpected character '\0' [C:\Users\Nhan\OneDrive - Rincovitch\00. Nhan\CSharp\RincoMTO\RincoMTO_djj4tpge_wpftmp.csproj::TargetFramework=net8.0-windows]
C:\Users\Nhan\OneDrive - Rincovitch\00. Nhan\CSharp\RincoMTO\BIMTOOL\obj\Release R26\Tools\MTO Smart Tag\UI\MtoSmartTagWindow.g.cs(1,72): error CS1056: Unexpected character '\0' [C:\Users\Nhan\OneDrive - Rincovitch\00. Nhan\CSharp\RincoMTO\RincoMTO_djj4tpge_wpftmp.csproj::TargetFramework=net8.0-windows]
C:\Users\Nhan\OneDrive - Rincovitch\00. Nhan\CSharp\RincoMTO\BIMTOOL\obj\Release R26\Tools\MTO Smart Tag\UI\MtoSmartTagWindow.g.cs(1,73): error CS1056: Unexpected character '\0' [C:\Users\Nhan\OneDrive - Rincovitch\00. Nhan\CSharp\RincoMTO\RincoMTO_djj4tpge_wpftmp.csproj::TargetFramework=net8.0-windows]
C:\Users\Nhan\OneDrive - Rincovitch\00. Nhan\CSharp\RincoMTO\BIMTOOL\obj\Release R26\Tools\MTO Smart Tag\UI\MtoSmartTagWindow.g.cs(1,74): error CS1056: Unexpected character '\0' [C:\Users\Nhan\OneDrive - Rincovitch\00. Nhan\CSharp\RincoMTO\RincoMTO_djj4tpge_wpftmp.csproj::TargetFramework=net8.0-windows]
C:\Users\Nhan\OneDrive - Rincovitch\00. Nhan\CSharp\RincoMTO\BIMTOOL\obj\Release R26\Tools\MTO Smart Tag\UI\MtoSmartTagWindow.g.cs(1,75): error CS1056: Unexpected character '\0' [C:\Users\Nhan\OneDrive - Rincovitch\00. Nhan\CSharp\RincoMTO\RincoMTO_djj4tpge_wpftmp.csproj::TargetFramework=net8.0-windows]
C:\Users\Nhan\OneDrive - Rincovitch\00. Nhan\CSharp\RincoMTO\BIMTOOL\obj\Release R26\Tools\MTO Smart Tag\UI\MtoSmartTagWindow.g.cs(1,76): error CS1056: Unexpected character '\0' [C:\Users\Nhan\OneDrive - Rincovitch\00. Nhan\CSharp\RincoMTO\RincoMTO_djj4tpge_wpftmp.csproj::TargetFramework=net8.0-windows]
C:\Users\Nhan\OneDrive - Rincovitch\00. Nhan\CSharp\RincoMTO\BIMTOOL\obj\Release R26\Tools\MTO Smart Tag\UI\MtoSmartTagWindow.g.cs(1,77): error CS1056: Unexpected character '\0' [C:\Users\Nhan\OneDrive - Rincovitch\00. Nhan\CSharp\RincoMTO\RincoMTO_djj4tpge_wpftmp.csproj::TargetFramework=net8.0-windows]
C:\Users\Nhan\OneDrive - Rincovitch\00. Nhan\CSharp\RincoMTO\BIMTOOL\obj\Release R26\Tools\MTO Smart Tag\UI\MtoSmartTagWindow.g.cs(1,78): error CS1056: Unexpected character '\0' [C:\Users\Nhan\OneDrive - Rincovitch\00. Nhan\CSharp\RincoMTO\RincoMTO_djj4tpge_wpftmp.csproj::TargetFramework=net8.0-windows]
C:\Users\Nhan\OneDrive - Rincovitch\00. Nhan\CSharp\RincoMTO\BIMTOOL\obj\Release R26\Tools\MTO Smart Tag\UI\MtoSmartTagWindow.g.cs(1,79): error CS1056: Unexpected character '\0' [C:\Users\Nhan\OneDrive - Rincovitch\00. Nhan\CSharp\RincoMTO\RincoMTO_djj4tpge_wpftmp.csproj::TargetFramework=net8.0-windows]
C:\Users\Nhan\OneDrive - Rincovitch\00. Nhan\CSharp\RincoMTO\BIMTOOL\obj\Release R26\Tools\MTO Smart Tag\UI\MtoSmartTagWindow.g.cs(1,80): error CS1056: Unexpected character '\0' [C:\Users\Nhan\OneDrive - Rincovitch\00. Nhan\CSharp\RincoMTO\RincoMTO_djj4tpge_wpftmp.csproj::TargetFramework=net8.0-windows]
C:\Users\Nhan\OneDrive - Rincovitch\00. Nhan\CSharp\RincoMTO\BIMTOOL\obj\Release R26\Tools\MTO Smart Tag\UI\MtoSmartTagWindow.g.cs(1,81): error CS1056: Unexpected character '\0' [C:\Users\Nhan\OneDrive - Rincovitch\00. Nhan\CSharp\RincoMTO\RincoMTO_djj4tpge_wpftmp.csproj::TargetFramework=net8.0-windows]
C:\Users\Nhan\OneDrive - Rincovitch\00. Nhan\CSharp\RincoMTO\BIMTOOL\obj\Release R26\Tools\MTO Smart Tag\UI\MtoSmartTagWindow.g.cs(1,82): error CS1056: Unexpected character '\0' [C:\Users\Nhan\OneDrive - Rincovitch\00. Nhan\CSharp\RincoMTO\RincoMTO_djj4tpge_wpftmp.csproj::TargetFramework=net8.0-windows]
C:\Users\Nhan\OneDrive - Rincovitch\00. Nhan\CSharp\RincoMTO\BIMTOOL\obj\Release R26\Tools\MTO Smart Tag\UI\MtoSmartTagWindow.g.cs(1,83): error CS1056: Unexpected character '\0' [C:\Users\Nhan\OneDrive - Rincovitch\00. Nhan\CSharp\RincoMTO\RincoMTO_djj4tpge_wpftmp.csproj::TargetFramework=net8.0-windows]
C:\Users\Nhan\OneDrive - Rincovitch\00. Nhan\CSharp\RincoMTO\BIMTOOL\obj\Release R26\Tools\MTO Smart Tag\UI\MtoSmartTagWindow.g.cs(1,84): error CS1056: Unexpected character '\0' [C:\Users\Nhan\OneDrive - Rincovitch\00. Nhan\CSharp\RincoMTO\RincoMTO_djj4tpge_wpftmp.csproj::TargetFramework=net8.0-windows]
C:\Users\Nhan\OneDrive - Rincovitch\00. Nhan\CSharp\RincoMTO\BIMTOOL\obj\Release R26\Tools\MTO Smart Tag\UI\MtoSmartTagWindow.g.cs(1,85): error CS1056: Unexpected character '\0' [C:\Users\Nhan\OneDrive - Rincovitch\00. Nhan\CSharp\RincoMTO\RincoMTO_djj4tpge_wpftmp.csproj::TargetFramework=net8.0-windows]
C:\Users\Nhan\OneDrive - Rincovitch\00. Nhan\CSharp\RincoMTO\BIMTOOL\obj\Release R26\Tools\MTO Smart Tag\UI\MtoSmartTagWindow.g.cs(1,86): error CS1056: Unexpected character '\0' [C:\Users\Nhan\OneDrive - Rincovitch\00. Nhan\CSharp\RincoMTO\RincoMTO_djj4tpge_wpftmp.csproj::TargetFramework=net8.0-windows]
C:\Users\Nhan\OneDrive - Rincovitch\00. Nhan\CSharp\RincoMTO\BIMTOOL\obj\Release R26\Tools\MTO Smart Tag\UI\MtoSmartTagWindow.g.cs(1,87): error CS1056: Unexpected character '\0' [C:\Users\Nhan\OneDrive - Rincovitch\00. Nhan\CSharp\RincoMTO\RincoMTO_djj4tpge_wpftmp.csproj::TargetFramework=net8.0-windows]
C:\Users\Nhan\OneDrive - Rincovitch\00. Nhan\CSharp\RincoMTO\BIMTOOL\obj\Release R26\Tools\MTO Smart Tag\UI\MtoSmartTagWindow.g.cs(1,88): error CS1056: Unexpected character '\0' [C:\Users\Nhan\OneDrive - Rincovitch\00. Nhan\CSharp\RincoMTO\RincoMTO_djj4tpge_wpftmp.csproj::TargetFramework=net8.0-windows]
C:\Users\Nhan\OneDrive - Rincovitch\00. Nhan\CSharp\RincoMTO\BIMTOOL\obj\Release R26\Tools\MTO Smart Tag\UI\MtoSmartTagWindow.g.cs(1,89): error CS1056: Unexpected character '\0' [C:\Users\Nhan\OneDrive - Rincovitch\00. Nhan\CSharp\RincoMTO\RincoMTO_djj4tpge_wpftmp.csproj::TargetFramework=net8.0-windows]
C:\Users\Nhan\OneDrive - Rincovitch\00. Nhan\CSharp\RincoMTO\BIMTOOL\obj\Release R26\Tools\MTO Smart Tag\UI\MtoSmartTagWindow.g.cs(1,90): error CS1056: Unexpected character '\0' [C:\Users\Nhan\OneDrive - Rincovitch\00. Nhan\CSharp\RincoMTO\RincoMTO_djj4tpge_wpftmp.csproj::TargetFramework=net8.0-windows]
C:\Users\Nhan\OneDrive - Rincovitch\00. Nhan\CSharp\RincoMTO\BIMTOOL\obj\Release R26\Tools\MTO Smart Tag\UI\MtoSmartTagWindow.g.cs(1,91): error CS1056: Unexpected character '\0' [C:\Users\Nhan\OneDrive - Rincovitch\00. Nhan\CSharp\RincoMTO\RincoMTO_djj4tpge_wpftmp.csproj::TargetFramework=net8.0-windows]
C:\Users\Nhan\OneDrive - Rincovitch\00. Nhan\CSharp\RincoMTO\BIMTOOL\obj\Release R26\Tools\MTO Smart Tag\UI\MtoSmartTagWindow.g.cs(1,92): error CS1056: Unexpected character '\0' [C:\Users\Nhan\OneDrive - Rincovitch\00. Nhan\CSharp\RincoMTO\RincoMTO_djj4tpge_wpftmp.csproj::TargetFramework=net8.0-windows]
C:\Users\Nhan\OneDrive - Rincovitch\00. Nhan\CSharp\RincoMTO\BIMTOOL\obj\Release R26\Tools\MTO Smart Tag\UI\MtoSmartTagWindow.g.cs(1,93): error CS1056: Unexpected character '\0' [C:\Users\Nhan\OneDrive - Rincovitch\00. Nhan\CSharp\RincoMTO\RincoMTO_djj4tpge_wpftmp.csproj::TargetFramework=net8.0-windows]
C:\Users\Nhan\OneDrive - Rincovitch\00. Nhan\CSharp\RincoMTO\BIMTOOL\obj\Release R26\Tools\MTO Smart Tag\UI\MtoSmartTagWindow.g.cs(1,94): error CS1056: Unexpected character '\0' [C:\Users\Nhan\OneDrive - Rincovitch\00. Nhan\CSharp\RincoMTO\RincoMTO_djj4tpge_wpftmp.csproj::TargetFramework=net8.0-windows]
C:\Users\Nhan\OneDrive - Rincovitch\00. Nhan\CSharp\RincoMTO\BIMTOOL\obj\Release R26\Tools\MTO Smart Tag\UI\MtoSmartTagWindow.g.cs(1,95): error CS1056: Unexpected character '\0' [C:\Users\Nhan\OneDrive - Rincovitch\00. Nhan\CSharp\RincoMTO\RincoMTO_djj4tpge_wpftmp.csproj::TargetFramework=net8.0-windows]
C:\Users\Nhan\OneDrive - Rincovitch\00. Nhan\CSharp\RincoMTO\BIMTOOL\obj\Release R26\Tools\MTO Smart Tag\UI\MtoSmartTagWindow.g.cs(1,96): error CS1056: Unexpected character '\0' [C:\Users\Nhan\OneDrive - Rincovitch\00. Nhan\CSharp\RincoMTO\RincoMTO_djj4tpge_wpftmp.csproj::TargetFramework=net8.0-windows]
C:\Users\Nhan\OneDrive - Rincovitch\00. Nhan\CSharp\RincoMTO\BIMTOOL\obj\Release R26\Tools\MTO Smart Tag\UI\MtoSmartTagWindow.g.cs(1,97): error CS1056: Unexpected character '\0' [C:\Users\Nhan\OneDrive - Rincovitch\00. Nhan\CSharp\RincoMTO\RincoMTO_djj4tpge_wpftmp.csproj::TargetFramework=net8.0-windows]
C:\Users\Nhan\OneDrive - Rincovitch\00. Nhan\CSharp\RincoMTO\BIMTOOL\obj\Release R26\Tools\MTO Smart Tag\UI\MtoSmartTagWindow.g.cs(1,98): error CS1056: Unexpected character '\0' [C:\Users\Nhan\OneDrive - Rincovitch\00. Nhan\CSharp\RincoMTO\RincoMTO_djj4tpge_wpftmp.csproj::TargetFramework=net8.0-windows]
C:\Users\Nhan\OneDrive - Rincovitch\00. Nhan\CSharp\RincoMTO\BIMTOOL\obj\Release R26\Tools\MTO Smart Tag\UI\MtoSmartTagWindow.g.cs(1,99): error CS1056: Unexpected character '\0' [C:\Users\Nhan\OneDrive - Rincovitch\00. Nhan\CSharp\RincoMTO\RincoMTO_djj4tpge_wpftmp.csproj::TargetFramework=net8.0-windows]
C:\Users\Nhan\OneDrive - Rincovitch\00. Nhan\CSharp\RincoMTO\BIMTOOL\obj\Release R26\Tools\MTO Smart Tag\UI\MtoSmartTagWindow.g.cs(1,100): error CS1056: Unexpected character '\0' [C:\Users\Nhan\OneDrive - Rincovitch\00. Nhan\CSharp\RincoMTO\RincoMTO_djj4tpge_wpftmp.csproj::TargetFramework=net8.0-windows]
C:\Users\Nhan\OneDrive - Rincovitch\00. Nhan\CSharp\RincoMTO\BIMTOOL\obj\Release R26\Tools\MTO Smart Tag\UI\MtoSmartTagWindow.g.cs(1,101): error CS1056: Unexpected character '\0' [C:\Users\Nhan\OneDrive - Rincovitch\00. Nhan\CSharp\RincoMTO\RincoMTO_djj4tpge_wpftmp.csproj::TargetFramework=net8.0-windows]
C:\Users\Nhan\OneDrive - Rincovitch\00. Nhan\CSharp\RincoMTO\BIMTOOL\obj\Release R26\Tools\MTO Smart Tag\UI\MtoSmartTagWindow.g.cs(1,102): error CS1056: Unexpected character '\0' [C:\Users\Nhan\OneDrive - Rincovitch\00. Nhan\CSharp\RincoMTO\RincoMTO_djj4tpge_wpftmp.csproj::TargetFramework=net8.0-windows]
C:\Users\Nhan\OneDrive - Rincovitch\00. Nhan\CSharp\RincoMTO\BIMTOOL\obj\Release R26\Tools\MTO Smart Tag\UI\MtoSmartTagWindow.g.cs(1,103): error CS1056: Unexpected character '\0' [C:\Users\Nhan\OneDrive - Rincovitch\00. Nhan\CSharp\RincoMTO\RincoMTO_djj4tpge_wpftmp.csproj::TargetFramework=net8.0-windows]
C:\Users\Nhan\OneDrive - Rincovitch\00. Nhan\CSharp\RincoMTO\BIMTOOL\obj\Release R26\Tools\MTO Smart Tag\UI\MtoSmartTagWindow.g.cs(1,104): error CS1056: Unexpected character '\0' [C:\Users\Nhan\OneDrive - Rincovitch\00. Nhan\CSharp\RincoMTO\RincoMTO_djj4tpge_wpftmp.csproj::TargetFramework=net8.0-windows]
C:\Users\Nhan\OneDrive - Rincovitch\00. Nhan\CSharp\RincoMTO\BIMTOOL\obj\Release R26\Tools\MTO Smart Tag\UI\MtoSmartTagWindow.g.cs(1,105): error CS1056: Unexpected character '\0' [C:\Users\Nhan\OneDrive - Rincovitch\00. Nhan\CSharp\RincoMTO\RincoMTO_djj4tpge_wpftmp.csproj::TargetFramework=net8.0-windows]
C:\Users\Nhan\OneDrive - Rincovitch\00. Nhan\CSharp\RincoMTO\BIMTOOL\obj\Release R26\Tools\MTO Smart Tag\UI\MtoSmartTagWindow.g.cs(1,106): error CS1056: Unexpected character '\0' [C:\Users\Nhan\OneDrive - Rincovitch\00. Nhan\CSharp\RincoMTO\RincoMTO_djj4tpge_wpftmp.csproj::TargetFramework=net8.0-windows]
C:\Users\Nhan\OneDrive - Rincovitch\00. Nhan\CSharp\RincoMTO\BIMTOOL\obj\Release R26\Tools\MTO Smart Tag\UI\MtoSmartTagWindow.g.cs(1,107): error CS1056: Unexpected character '\0' [C:\Users\Nhan\OneDrive - Rincovitch\00. Nhan\CSharp\RincoMTO\RincoMTO_djj4tpge_wpftmp.csproj::TargetFramework=net8.0-windows]
C:\Users\Nhan\OneDrive - Rincovitch\00. Nhan\CSharp\RincoMTO\BIMTOOL\obj\Release R26\Tools\MTO Smart Tag\UI\MtoSmartTagWindow.g.cs(1,108): error CS1056: Unexpected character '\0' [C:\Users\Nhan\OneDrive - Rincovitch\00. Nhan\CSharp\RincoMTO\RincoMTO_djj4tpge_wpftmp.csproj::TargetFramework=net8.0-windows]
C:\Users\Nhan\OneDrive - Rincovitch\00. Nhan\CSharp\RincoMTO\BIMTOOL\obj\Release R26\Tools\MTO Smart Tag\UI\MtoSmartTagWindow.g.cs(1,109): error CS1056: Unexpected character '\0' [C:\Users\Nhan\OneDrive - Rincovitch\00. Nhan\CSharp\RincoMTO\RincoMTO_djj4tpge_wpftmp.csproj::TargetFramework=net8.0-windows]
C:\Users\Nhan\OneDrive - Rincovitch\00. Nhan\CSharp\RincoMTO\BIMTOOL\obj\Release R26\Tools\MTO Smart Tag\UI\MtoSmartTagWindow.g.cs(1,110): error CS1056: Unexpected character '\0' [C:\Users\Nhan\OneDrive - Rincovitch\00. Nhan\CSharp\RincoMTO\RincoMTO_djj4tpge_wpftmp.csproj::TargetFramework=net8.0-windows]
C:\Users\Nhan\OneDrive - Rincovitch\00. Nhan\CSharp\RincoMTO\BIMTOOL\obj\Release R26\Tools\MTO Smart Tag\UI\MtoSmartTagWindow.g.cs(1,111): error CS1056: Unexpected character '\0' [C:\Users\Nhan\OneDrive - Rincovitch\00. Nhan\CSharp\RincoMTO\RincoMTO_djj4tpge_wpftmp.csproj::TargetFramework=net8.0-windows]
C:\Users\Nhan\OneDrive - Rincovitch\00. Nhan\CSharp\RincoMTO\BIMTOOL\obj\Release R26\Tools\MTO Smart Tag\UI\MtoSmartTagWindow.g.cs(1,112): error CS1056: Unexpected character '\0' [C:\Users\Nhan\OneDrive - Rincovitch\00. Nhan\CSharp\RincoMTO\RincoMTO_djj4tpge_wpftmp.csproj::TargetFramework=net8.0-windows]
C:\Users\Nhan\OneDrive - Rincovitch\00. Nhan\CSharp\RincoMTO\BIMTOOL\obj\Release R26\Tools\MTO Smart Tag\UI\MtoSmartTagWindow.g.cs(1,113): error CS1056: Unexpected character '\0' [C:\Users\Nhan\OneDrive - Rincovitch\00. Nhan\CSharp\RincoMTO\RincoMTO_djj4tpge_wpftmp.csproj::TargetFramework=net8.0-windows]
C:\Users\Nhan\OneDrive - Rincovitch\00. Nhan\CSharp\RincoMTO\BIMTOOL\obj\Release R26\Tools\MTO Smart Tag\UI\MtoSmartTagWindow.g.cs(1,114): error CS1056: Unexpected character '\0' [C:\Users\Nhan\OneDrive - Rincovitch\00. Nhan\CSharp\RincoMTO\RincoMTO_djj4tpge_wpftmp.csproj::TargetFramework=net8.0-windows]
C:\Users\Nhan\OneDrive - Rincovitch\00. Nhan\CSharp\RincoMTO\BIMTOOL\obj\Release R26\Tools\MTO Smart Tag\UI\MtoSmartTagWindow.g.cs(1,115): error CS1056: Unexpected character '\0' [C:\Users\Nhan\OneDrive - Rincovitch\00. Nhan\CSharp\RincoMTO\RincoMTO_djj4tpge_wpftmp.csproj::TargetFramework=net8.0-windows]
C:\Users\Nhan\OneDrive - Rincovitch\00. Nhan\CSharp\RincoMTO\BIMTOOL\obj\Release R26\Tools\MTO Smart Tag\UI\MtoSmartTagWindow.g.cs(1,116): error CS1056: Unexpected character '\0' [C:\Users\Nhan\OneDrive - Rincovitch\00. Nhan\CSharp\RincoMTO\RincoMTO_djj4tpge_wpftmp.csproj::TargetFramework=net8.0-windows]
C:\Users\Nhan\OneDrive - Rincovitch\00. Nhan\CSharp\RincoMTO\BIMTOOL\obj\Release R26\Tools\MTO Smart Tag\UI\MtoSmartTagWindow.g.cs(1,117): error CS1056: Unexpected character '\0' [C:\Users\Nhan\OneDrive - Rincovitch\00. Nhan\CSharp\RincoMTO\RincoMTO_djj4tpge_wpftmp.csproj::TargetFramework=net8.0-windows]
C:\Users\Nhan\OneDrive - Rincovitch\00. Nhan\CSharp\RincoMTO\BIMTOOL\obj\Release R26\Tools\MTO Smart Tag\UI\MtoSmartTagWindow.g.cs(1,118): error CS1056: Unexpected character '\0' [C:\Users\Nhan\OneDrive - Rincovitch\00. Nhan\CSharp\RincoMTO\RincoMTO_djj4tpge_wpftmp.csproj::TargetFramework=net8.0-windows]
C:\Users\Nhan\OneDrive - Rincovitch\00. Nhan\CSharp\RincoMTO\BIMTOOL\obj\Release R26\Tools\MTO Smart Tag\UI\MtoSmartTagWindow.g.cs(1,119): error CS1056: Unexpected character '\0' [C:\Users\Nhan\OneDrive - Rincovitch\00. Nhan\CSharp\RincoMTO\RincoMTO_djj4tpge_wpftmp.csproj::TargetFramework=net8.0-windows]
C:\Users\Nhan\OneDrive - Rincovitch\00. Nhan\CSharp\RincoMTO\BIMTOOL\obj\Release R26\Tools\MTO Smart Tag\UI\MtoSmartTagWindow.g.cs(1,120): error CS1056: Unexpected character '\0' [C:\Users\Nhan\OneDrive - Rincovitch\00. Nhan\CSharp\RincoMTO\RincoMTO_djj4tpge_wpftmp.csproj::TargetFramework=net8.0-windows]
C:\Users\Nhan\OneDrive - Rincovitch\00. Nhan\CSharp\RincoMTO\BIMTOOL\obj\Release R26\Tools\MTO Smart Tag\UI\MtoSmartTagWindow.g.cs(1,121): error CS1056: Unexpected character '\0' [C:\Users\Nhan\OneDrive - Rincovitch\00. Nhan\CSharp\RincoMTO\RincoMTO_djj4tpge_wpftmp.csproj::TargetFramework=net8.0-windows]
C:\Users\Nhan\OneDrive - Rincovitch\00. Nhan\CSharp\RincoMTO\BIMTOOL\obj\Release R26\Tools\MTO Smart Tag\UI\MtoSmartTagWindow.g.cs(1,122): error CS1056: Unexpected character '\0' [C:\Users\Nhan\OneDrive - Rincovitch\00. Nhan\CSharp\RincoMTO\RincoMTO_djj4tpge_wpftmp.csproj::TargetFramework=net8.0-windows]
C:\Users\Nhan\OneDrive - Rincovitch\00. Nhan\CSharp\RincoMTO\BIMTOOL\obj\Release R26\Tools\MTO Smart Tag\UI\MtoSmartTagWindow.g.cs(1,123): error CS1056: Unexpected character '\0' [C:\Users\Nhan\OneDrive - Rincovitch\00. Nhan\CSharp\RincoMTO\RincoMTO_djj4tpge_wpftmp.csproj::TargetFramework=net8.0-windows]
C:\Users\Nhan\OneDrive - Rincovitch\00. Nhan\CSharp\RincoMTO\BIMTOOL\obj\Release R26\Tools\MTO Smart Tag\UI\MtoSmartTagWindow.g.cs(1,124): error CS1056: Unexpected character '\0' [C:\Users\Nhan\OneDrive - Rincovitch\00. Nhan\CSharp\RincoMTO\RincoMTO_djj4tpge_wpftmp.csproj::TargetFramework=net8.0-windows]
C:\Users\Nhan\OneDrive - Rincovitch\00. Nhan\CSharp\RincoMTO\BIMTOOL\obj\Release R26\Tools\MTO Smart Tag\UI\MtoSmartTagWindow.g.cs(1,125): error CS1056: Unexpected character '\0' [C:\Users\Nhan\OneDrive - Rincovitch\00. Nhan\CSharp\RincoMTO\RincoMTO_djj4tpge_wpftmp.csproj::TargetFramework=net8.0-windows]
C:\Users\Nhan\OneDrive - Rincovitch\00. Nhan\CSharp\RincoMTO\BIMTOOL\obj\Release R26\Tools\MTO Smart Tag\UI\MtoSmartTagWindow.g.cs(1,126): error CS1056: Unexpected character '\0' [C:\Users\Nhan\OneDrive - Rincovitch\00. Nhan\CSharp\RincoMTO\RincoMTO_djj4tpge_wpftmp.csproj::TargetFramework=net8.0-windows]
C:\Users\Nhan\OneDrive - Rincovitch\00. Nhan\CSharp\RincoMTO\BIMTOOL\obj\Release R26\Tools\MTO Smart Tag\UI\MtoSmartTagWindow.g.cs(1,127): error CS1056: Unexpected character '\0' [C:\Users\Nhan\OneDrive - Rincovitch\00. Nhan\CSharp\RincoMTO\RincoMTO_djj4tpge_wpftmp.csproj::TargetFramework=net8.0-windows]
C:\Users\Nhan\OneDrive - Rincovitch\00. Nhan\CSharp\RincoMTO\BIMTOOL\obj\Release R26\Tools\MTO Smart Tag\UI\MtoSmartTagWindow.g.cs(1,128): error CS1056: Unexpected character '\0' [C:\Users\Nhan\OneDrive - Rincovitch\00. Nhan\CSharp\RincoMTO\RincoMTO_djj4tpge_wpftmp.csproj::TargetFramework=net8.0-windows]
C:\Users\Nhan\OneDrive - Rincovitch\00. Nhan\CSharp\RincoMTO\BIMTOOL\obj\Release R26\Tools\MTO Smart Tag\UI\MtoSmartTagWindow.g.cs(1,129): error CS1056: Unexpected character '\0' [C:\Users\Nhan\OneDrive - Rincovitch\00. Nhan\CSharp\RincoMTO\RincoMTO_djj4tpge_wpftmp.csproj::TargetFramework=net8.0-windows]
C:\Users\Nhan\OneDrive - Rincovitch\00. Nhan\CSharp\RincoMTO\BIMTOOL\obj\Release R26\Tools\MTO Smart Tag\UI\MtoSmartTagWindow.g.cs(1,130): error CS1056: Unexpected character '\0' [C:\Users\Nhan\OneDrive - Rincovitch\00. Nhan\CSharp\RincoMTO\RincoMTO_djj4tpge_wpftmp.csproj::TargetFramework=net8.0-windows]
C:\Users\Nhan\OneDrive - Rincovitch\00. Nhan\CSharp\RincoMTO\BIMTOOL\obj\Release R26\Tools\MTO Smart Tag\UI\MtoSmartTagWindow.g.cs(1,131): error CS1056: Unexpected character '\0' [C:\Users\Nhan\OneDrive - Rincovitch\00. Nhan\CSharp\RincoMTO\RincoMTO_djj4tpge_wpftmp.csproj::TargetFramework=net8.0-windows]
C:\Users\Nhan\OneDrive - Rincovitch\00. Nhan\CSharp\RincoMTO\BIMTOOL\obj\Release R26\Tools\MTO Smart Tag\UI\MtoSmartTagWindow.g.cs(1,132): error CS1056: Unexpected character '\0' [C:\Users\Nhan\OneDrive - Rincovitch\00. Nhan\CSharp\RincoMTO\RincoMTO_djj4tpge_wpftmp.csproj::TargetFramework=net8.0-windows]
C:\Users\Nhan\OneDrive - Rincovitch\00. Nhan\CSharp\RincoMTO\BIMTOOL\obj\Release R26\Tools\MTO Smart Tag\UI\MtoSmartTagWindow.g.cs(1,133): error CS1056: Unexpected character '\0' [C:\Users\Nhan\OneDrive - Rincovitch\00. Nhan\CSharp\RincoMTO\RincoMTO_djj4tpge_wpftmp.csproj::TargetFramework=net8.0-windows]
C:\Users\Nhan\OneDrive - Rincovitch\00. Nhan\CSharp\RincoMTO\BIMTOOL\obj\Release R26\Tools\MTO Smart Tag\UI\MtoSmartTagWindow.g.cs(1,134): error CS1056: Unexpected character '\0' [C:\Users\Nhan\OneDrive - Rincovitch\00. Nhan\CSharp\RincoMTO\RincoMTO_djj4tpge_wpftmp.csproj::TargetFramework=net8.0-windows]
C:\Users\Nhan\OneDrive - Rincovitch\00. Nhan\CSharp\RincoMTO\BIMTOOL\obj\Release R26\Tools\MTO Smart Tag\UI\MtoSmartTagWindow.g.cs(1,135): error CS1056: Unexpected character '\0' [C:\Users\Nhan\OneDrive - Rincovitch\00. Nhan\CSharp\RincoMTO\RincoMTO_djj4tpge_wpftmp.csproj::TargetFramework=net8.0-windows]
C:\Users\Nhan\OneDrive - Rincovitch\00. Nhan\CSharp\RincoMTO\BIMTOOL\obj\Release R26\Tools\MTO Smart Tag\UI\MtoSmartTagWindow.g.cs(1,136): error CS1056: Unexpected character '\0' [C:\Users\Nhan\OneDrive - Rincovitch\00. Nhan\CSharp\RincoMTO\RincoMTO_djj4tpge_wpftmp.csproj::TargetFramework=net8.0-windows]
C:\Users\Nhan\OneDrive - Rincovitch\00. Nhan\CSharp\RincoMTO\BIMTOOL\obj\Release R26\Tools\MTO Smart Tag\UI\MtoSmartTagWindow.g.cs(1,137): error CS1056: Unexpected character '\0' [C:\Users\Nhan\OneDrive - Rincovitch\00. Nhan\CSharp\RincoMTO\RincoMTO_djj4tpge_wpftmp.csproj::TargetFramework=net8.0-windows]
C:\Users\Nhan\OneDrive - Rincovitch\00. Nhan\CSharp\RincoMTO\BIMTOOL\obj\Release R26\Tools\MTO Smart Tag\UI\MtoSmartTagWindow.g.cs(1,138): error CS1056: Unexpected character '\0' [C:\Users\Nhan\OneDrive - Rincovitch\00. Nhan\CSharp\RincoMTO\RincoMTO_djj4tpge_wpftmp.csproj::TargetFramework=net8.0-windows]
C:\Users\Nhan\OneDrive - Rincovitch\00. Nhan\CSharp\RincoMTO\BIMTOOL\obj\Release R26\Tools\MTO Smart Tag\UI\MtoSmartTagWindow.g.cs(1,139): error CS1056: Unexpected character '\0' [C:\Users\Nhan\OneDrive - Rincovitch\00. Nhan\CSharp\RincoMTO\RincoMTO_djj4tpge_wpftmp.csproj::TargetFramework=net8.0-windows]
C:\Users\Nhan\OneDrive - Rincovitch\00. Nhan\CSharp\RincoMTO\BIMTOOL\obj\Release R26\Tools\MTO Smart Tag\UI\MtoSmartTagWindow.g.cs(1,140): error CS1056: Unexpected character '\0' [C:\Users\Nhan\OneDrive - Rincovitch\00. Nhan\CSharp\RincoMTO\RincoMTO_djj4tpge_wpftmp.csproj::TargetFramework=net8.0-windows]
C:\Users\Nhan\OneDrive - Rincovitch\00. Nhan\CSharp\RincoMTO\BIMTOOL\obj\Release R26\Tools\MTO Smart Tag\UI\MtoSmartTagWindow.g.cs(1,141): error CS1056: Unexpected character '\0' [C:\Users\Nhan\OneDrive - Rincovitch\00. Nhan\CSharp\RincoMTO\RincoMTO_djj4tpge_wpftmp.csproj::TargetFramework=net8.0-windows]
C:\Users\Nhan\OneDrive - Rincovitch\00. Nhan\CSharp\RincoMTO\BIMTOOL\obj\Release R26\Tools\MTO Smart Tag\UI\MtoSmartTagWindow.g.cs(1,142): error CS1056: Unexpected character '\0' [C:\Users\Nhan\OneDrive - Rincovitch\00. Nhan\CSharp\RincoMTO\RincoMTO_djj4tpge_wpftmp.csproj::TargetFramework=net8.0-windows]
C:\Users\Nhan\OneDrive - Rincovitch\00. Nhan\CSharp\RincoMTO\BIMTOOL\obj\Release R26\Tools\MTO Smart Tag\UI\MtoSmartTagWindow.g.cs(1,143): error CS1056: Unexpected character '\0' [C:\Users\Nhan\OneDrive - Rincovitch\00. Nhan\CSharp\RincoMTO\RincoMTO_djj4tpge_wpftmp.csproj::TargetFramework=net8.0-windows]
C:\Users\Nhan\OneDrive - Rincovitch\00. Nhan\CSharp\RincoMTO\BIMTOOL\obj\Release R26\Tools\MTO Smart Tag\UI\MtoSmartTagWindow.g.cs(1,144): error CS1056: Unexpected character '\0' [C:\Users\Nhan\OneDrive - Rincovitch\00. Nhan\CSharp\RincoMTO\RincoMTO_djj4tpge_wpftmp.csproj::TargetFramework=net8.0-windows]
C:\Users\Nhan\OneDrive - Rincovitch\00. Nhan\CSharp\RincoMTO\BIMTOOL\obj\Release R26\Tools\MTO Smart Tag\UI\MtoSmartTagWindow.g.cs(1,145): error CS1056: Unexpected character '\0' [C:\Users\Nhan\OneDrive - Rincovitch\00. Nhan\CSharp\RincoMTO\RincoMTO_djj4tpge_wpftmp.csproj::TargetFramework=net8.0-windows]
C:\Users\Nhan\OneDrive - Rincovitch\00. Nhan\CSharp\RincoMTO\BIMTOOL\obj\Release R26\Tools\MTO Smart Tag\UI\MtoSmartTagWindow.g.cs(1,146): error CS1056: Unexpected character '\0' [C:\Users\Nhan\OneDrive - Rincovitch\00. Nhan\CSharp\RincoMTO\RincoMTO_djj4tpge_wpftmp.csproj::TargetFramework=net8.0-windows]
C:\Users\Nhan\OneDrive - Rincovitch\00. Nhan\CSharp\RincoMTO\BIMTOOL\obj\Release R26\Tools\MTO Smart Tag\UI\MtoSmartTagWindow.g.cs(1,147): error CS1056: Unexpected character '\0' [C:\Users\Nhan\OneDrive - Rincovitch\00. Nhan\CSharp\RincoMTO\RincoMTO_djj4tpge_wpftmp.csproj::TargetFramework=net8.0-windows]
C:\Users\Nhan\OneDrive - Rincovitch\00. Nhan\CSharp\RincoMTO\BIMTOOL\obj\Release R26\Tools\MTO Smart Tag\UI\MtoSmartTagWindow.g.cs(1,148): error CS1056: Unexpected character '\0' [C:\Users\Nhan\OneDrive - Rincovitch\00. Nhan\CSharp\RincoMTO\RincoMTO_djj4tpge_wpftmp.csproj::TargetFramework=net8.0-windows]
C:\Users\Nhan\OneDrive - Rincovitch\00. Nhan\CSharp\RincoMTO\BIMTOOL\obj\Release R26\Tools\MTO Smart Tag\UI\MtoSmartTagWindow.g.cs(1,149): error CS1056: Unexpected character '\0' [C:\Users\Nhan\OneDrive - Rincovitch\00. Nhan\CSharp\RincoMTO\RincoMTO_djj4tpge_wpftmp.csproj::TargetFramework=net8.0-windows]
C:\Users\Nhan\OneDrive - Rincovitch\00. Nhan\CSharp\RincoMTO\BIMTOOL\obj\Release R26\Tools\MTO Smart Tag\UI\MtoSmartTagWindow.g.cs(1,150): error CS1056: Unexpected character '\0' [C:\Users\Nhan\OneDrive - Rincovitch\00. Nhan\CSharp\RincoMTO\RincoMTO_djj4tpge_wpftmp.csproj::TargetFramework=net8.0-windows]
C:\Users\Nhan\OneDrive - Rincovitch\00. Nhan\CSharp\RincoMTO\BIMTOOL\obj\Release R26\Tools\MTO Smart Tag\UI\MtoSmartTagWindow.g.cs(1,151): error CS1056: Unexpected character '\0' [C:\Users\Nhan\OneDrive - Rincovitch\00. Nhan\CSharp\RincoMTO\RincoMTO_djj4tpge_wpftmp.csproj::TargetFramework=net8.0-windows]
C:\Users\Nhan\OneDrive - Rincovitch\00. Nhan\CSharp\RincoMTO\BIMTOOL\obj\Release R26\Tools\MTO Smart Tag\UI\MtoSmartTagWindow.g.cs(1,152): error CS1056: Unexpected character '\0' [C:\Users\Nhan\OneDrive - Rincovitch\00. Nhan\CSharp\RincoMTO\RincoMTO_djj4tpge_wpftmp.csproj::TargetFramework=net8.0-windows]
C:\Users\Nhan\OneDrive - Rincovitch\00. Nhan\CSharp\RincoMTO\BIMTOOL\obj\Release R26\Tools\MTO Smart Tag\UI\MtoSmartTagWindow.g.cs(1,153): error CS1056: Unexpected character '\0' [C:\Users\Nhan\OneDrive - Rincovitch\00. Nhan\CSharp\RincoMTO\RincoMTO_djj4tpge_wpftmp.csproj::TargetFramework=net8.0-windows]
C:\Users\Nhan\OneDrive - Rincovitch\00. Nhan\CSharp\RincoMTO\BIMTOOL\obj\Release R26\Tools\MTO Smart Tag\UI\MtoSmartTagWindow.g.cs(1,154): error CS1056: Unexpected character '\0' [C:\Users\Nhan\OneDrive - Rincovitch\00. Nhan\CSharp\RincoMTO\RincoMTO_djj4tpge_wpftmp.csproj::TargetFramework=net8.0-windows]
C:\Users\Nhan\OneDrive - Rincovitch\00. Nhan\CSharp\RincoMTO\BIMTOOL\obj\Release R26\Tools\MTO Smart Tag\UI\MtoSmartTagWindow.g.cs(1,155): error CS1056: Unexpected character '\0' [C:\Users\Nhan\OneDrive - Rincovitch\00. Nhan\CSharp\RincoMTO\RincoMTO_djj4tpge_wpftmp.csproj::TargetFramework=net8.0-windows]
C:\Users\Nhan\OneDrive - Rincovitch\00. Nhan\CSharp\RincoMTO\BIMTOOL\obj\Release R26\Tools\MTO Smart Tag\UI\MtoSmartTagWindow.g.cs(1,156): error CS1056: Unexpected character '\0' [C:\Users\Nhan\OneDrive - Rincovitch\00. Nhan\CSharp\RincoMTO\RincoMTO_djj4tpge_wpftmp.csproj::TargetFramework=net8.0-windows]
C:\Users\Nhan\OneDrive - Rincovitch\00. Nhan\CSharp\RincoMTO\BIMTOOL\obj\Release R26\Tools\MTO Smart Tag\UI\MtoSmartTagWindow.g.cs(1,157): error CS1056: Unexpected character '\0' [C:\Users\Nhan\OneDrive - Rincovitch\00. Nhan\CSharp\RincoMTO\RincoMTO_djj4tpge_wpftmp.csproj::TargetFramework=net8.0-windows]
C:\Users\Nhan\OneDrive - Rincovitch\00. Nhan\CSharp\RincoMTO\BIMTOOL\obj\Release R26\Tools\MTO Smart Tag\UI\MtoSmartTagWindow.g.cs(1,158): error CS1056: Unexpected character '\0' [C:\Users\Nhan\OneDrive - Rincovitch\00. Nhan\CSharp\RincoMTO\RincoMTO_djj4tpge_wpftmp.csproj::TargetFramework=net8.0-windows]
C:\Users\Nhan\OneDrive - Rincovitch\00. Nhan\CSharp\RincoMTO\BIMTOOL\obj\Release R26\Tools\MTO Smart Tag\UI\MtoSmartTagWindow.g.cs(1,159): error CS1056: Unexpected character '\0' [C:\Users\Nhan\OneDrive - Rincovitch\00. Nhan\CSharp\RincoMTO\RincoMTO_djj4tpge_wpftmp.csproj::TargetFramework=net8.0-windows]
C:\Users\Nhan\OneDrive - Rincovitch\00. Nhan\CSharp\RincoMTO\BIMTOOL\obj\Release R26\Tools\MTO Smart Tag\UI\MtoSmartTagWindow.g.cs(1,160): error CS1056: Unexpected character '\0' [C:\Users\Nhan\OneDrive - Rincovitch\00. Nhan\CSharp\RincoMTO\RincoMTO_djj4tpge_wpftmp.csproj::TargetFramework=net8.0-windows]
C:\Users\Nhan\OneDrive - Rincovitch\00. Nhan\CSharp\RincoMTO\BIMTOOL\obj\Release R26\Tools\MTO Smart Tag\UI\MtoSmartTagWindow.g.cs(1,161): error CS1056: Unexpected character '\0' [C:\Users\Nhan\OneDrive - Rincovitch\00. Nhan\CSharp\RincoMTO\RincoMTO_djj4tpge_wpftmp.csproj::TargetFramework=net8.0-windows]
C:\Users\Nhan\OneDrive - Rincovitch\00. Nhan\CSharp\RincoMTO\BIMTOOL\obj\Release R26\Tools\MTO Smart Tag\UI\MtoSmartTagWindow.g.cs(1,162): error CS1056: Unexpected character '\0' [C:\Users\Nhan\OneDrive - Rincovitch\00. Nhan\CSharp\RincoMTO\RincoMTO_djj4tpge_wpftmp.csproj::TargetFramework=net8.0-windows]
C:\Users\Nhan\OneDrive - Rincovitch\00. Nhan\CSharp\RincoMTO\BIMTOOL\obj\Release R26\Tools\MTO Smart Tag\UI\MtoSmartTagWindow.g.cs(1,163): error CS1056: Unexpected character '\0' [C:\Users\Nhan\OneDrive - Rincovitch\00. Nhan\CSharp\RincoMTO\RincoMTO_djj4tpge_wpftmp.csproj::TargetFramework=net8.0-windows]
C:\Users\Nhan\OneDrive - Rincovitch\00. Nhan\CSharp\RincoMTO\BIMTOOL\obj\Release R26\Tools\MTO Smart Tag\UI\MtoSmartTagWindow.g.cs(1,164): error CS1056: Unexpected character '\0' [C:\Users\Nhan\OneDrive - Rincovitch\00. Nhan\CSharp\RincoMTO\RincoMTO_djj4tpge_wpftmp.csproj::TargetFramework=net8.0-windows]
C:\Users\Nhan\OneDrive - Rincovitch\00. Nhan\CSharp\RincoMTO\BIMTOOL\obj\Release R26\Tools\MTO Smart Tag\UI\MtoSmartTagWindow.g.cs(1,165): error CS1056: Unexpected character '\0' [C:\Users\Nhan\OneDrive - Rincovitch\00. Nhan\CSharp\RincoMTO\RincoMTO_djj4tpge_wpftmp.csproj::TargetFramework=net8.0-windows]
C:\Users\Nhan\OneDrive - Rincovitch\00. Nhan\CSharp\RincoMTO\BIMTOOL\obj\Release R26\Tools\MTO Smart Tag\UI\MtoSmartTagWindow.g.cs(1,166): error CS1056: Unexpected character '\0' [C:\Users\Nhan\OneDrive - Rincovitch\00. Nhan\CSharp\RincoMTO\RincoMTO_djj4tpge_wpftmp.csproj::TargetFramework=net8.0-windows]
C:\Users\Nhan\OneDrive - Rincovitch\00. Nhan\CSharp\RincoMTO\BIMTOOL\obj\Release R26\Tools\MTO Smart Tag\UI\MtoSmartTagWindow.g.cs(1,167): error CS1056: Unexpected character '\0' [C:\Users\Nhan\OneDrive - Rincovitch\00. Nhan\CSharp\RincoMTO\RincoMTO_djj4tpge_wpftmp.csproj::TargetFramework=net8.0-windows]
C:\Users\Nhan\OneDrive - Rincovitch\00. Nhan\CSharp\RincoMTO\BIMTOOL\obj\Release R26\Tools\MTO Smart Tag\UI\MtoSmartTagWindow.g.cs(1,168): error CS1056: Unexpected character '\0' [C:\Users\Nhan\OneDrive - Rincovitch\00. Nhan\CSharp\RincoMTO\RincoMTO_djj4tpge_wpftmp.csproj::TargetFramework=net8.0-windows]
C:\Users\Nhan\OneDrive - Rincovitch\00. Nhan\CSharp\RincoMTO\BIMTOOL\obj\Release R26\Tools\MTO Smart Tag\UI\MtoSmartTagWindow.g.cs(1,169): error CS1056: Unexpected character '\0' [C:\Users\Nhan\OneDrive - Rincovitch\00. Nhan\CSharp\RincoMTO\RincoMTO_djj4tpge_wpftmp.csproj::TargetFramework=net8.0-windows]
C:\Users\Nhan\OneDrive - Rincovitch\00. Nhan\CSharp\RincoMTO\BIMTOOL\obj\Release R26\Tools\MTO Smart Tag\UI\MtoSmartTagWindow.g.cs(1,170): error CS1056: Unexpected character '\0' [C:\Users\Nhan\OneDrive - Rincovitch\00. Nhan\CSharp\RincoMTO\RincoMTO_djj4tpge_wpftmp.csproj::TargetFramework=net8.0-windows]
C:\Users\Nhan\OneDrive - Rincovitch\00. Nhan\CSharp\RincoMTO\BIMTOOL\obj\Release R26\Tools\MTO Smart Tag\UI\MtoSmartTagWindow.g.cs(1,171): error CS1056: Unexpected character '\0' [C:\Users\Nhan\OneDrive - Rincovitch\00. Nhan\CSharp\RincoMTO\RincoMTO_djj4tpge_wpftmp.csproj::TargetFramework=net8.0-windows]
C:\Users\Nhan\OneDrive - Rincovitch\00. Nhan\CSharp\RincoMTO\BIMTOOL\obj\Release R26\Tools\MTO Smart Tag\UI\MtoSmartTagWindow.g.cs(1,172): error CS1056: Unexpected character '\0' [C:\Users\Nhan\OneDrive - Rincovitch\00. Nhan\CSharp\RincoMTO\RincoMTO_djj4tpge_wpftmp.csproj::TargetFramework=net8.0-windows]
C:\Users\Nhan\OneDrive - Rincovitch\00. Nhan\CSharp\RincoMTO\BIMTOOL\obj\Release R26\Tools\MTO Smart Tag\UI\MtoSmartTagWindow.g.cs(1,173): error CS1056: Unexpected character '\0' [C:\Users\Nhan\OneDrive - Rincovitch\00. Nhan\CSharp\RincoMTO\RincoMTO_djj4tpge_wpftmp.csproj::TargetFramework=net8.0-windows]
C:\Users\Nhan\OneDrive - Rincovitch\00. Nhan\CSharp\RincoMTO\BIMTOOL\obj\Release R26\Tools\MTO Smart Tag\UI\MtoSmartTagWindow.g.cs(1,174): error CS1056: Unexpected character '\0' [C:\Users\Nhan\OneDrive - Rincovitch\00. Nhan\CSharp\RincoMTO\RincoMTO_djj4tpge_wpftmp.csproj::TargetFramework=net8.0-windows]
C:\Users\Nhan\OneDrive - Rincovitch\00. Nhan\CSharp\RincoMTO\BIMTOOL\obj\Release R26\Tools\MTO Smart Tag\UI\MtoSmartTagWindow.g.cs(1,175): error CS1056: Unexpected character '\0' [C:\Users\Nhan\OneDrive - Rincovitch\00. Nhan\CSharp\RincoMTO\RincoMTO_djj4tpge_wpftmp.csproj::TargetFramework=net8.0-windows]
C:\Users\Nhan\OneDrive - Rincovitch\00. Nhan\CSharp\RincoMTO\BIMTOOL\obj\Release R26\Tools\MTO Smart Tag\UI\MtoSmartTagWindow.g.cs(1,176): error CS1056: Unexpected character '\0' [C:\Users\Nhan\OneDrive - Rincovitch\00. Nhan\CSharp\RincoMTO\RincoMTO_djj4tpge_wpftmp.csproj::TargetFramework=net8.0-windows]
C:\Users\Nhan\OneDrive - Rincovitch\00. Nhan\CSharp\RincoMTO\BIMTOOL\obj\Release R26\Tools\MTO Smart Tag\UI\MtoSmartTagWindow.g.cs(1,177): error CS1056: Unexpected character '\0' [C:\Users\Nhan\OneDrive - Rincovitch\00. Nhan\CSharp\RincoMTO\RincoMTO_djj4tpge_wpftmp.csproj::TargetFramework=net8.0-windows]
C:\Users\Nhan\OneDrive - Rincovitch\00. Nhan\CSharp\RincoMTO\BIMTOOL\obj\Release R26\Tools\MTO Smart Tag\UI\MtoSmartTagWindow.g.cs(1,178): error CS1056: Unexpected character '\0' [C:\Users\Nhan\OneDrive - Rincovitch\00. Nhan\CSharp\RincoMTO\RincoMTO_djj4tpge_wpftmp.csproj::TargetFramework=net8.0-windows]
C:\Users\Nhan\OneDrive - Rincovitch\00. Nhan\CSharp\RincoMTO\BIMTOOL\obj\Release R26\Tools\MTO Smart Tag\UI\MtoSmartTagWindow.g.cs(1,179): error CS1056: Unexpected character '\0' [C:\Users\Nhan\OneDrive - Rincovitch\00. Nhan\CSharp\RincoMTO\RincoMTO_djj4tpge_wpftmp.csproj::TargetFramework=net8.0-windows]
C:\Users\Nhan\OneDrive - Rincovitch\00. Nhan\CSharp\RincoMTO\BIMTOOL\obj\Release R26\Tools\MTO Smart Tag\UI\MtoSmartTagWindow.g.cs(1,180): error CS1056: Unexpected character '\0' [C:\Users\Nhan\OneDrive - Rincovitch\00. Nhan\CSharp\RincoMTO\RincoMTO_djj4tpge_wpftmp.csproj::TargetFramework=net8.0-windows]
C:\Users\Nhan\OneDrive - Rincovitch\00. Nhan\CSharp\RincoMTO\BIMTOOL\obj\Release R26\Tools\MTO Smart Tag\UI\MtoSmartTagWindow.g.cs(1,181): error CS1056: Unexpected character '\0' [C:\Users\Nhan\OneDrive - Rincovitch\00. Nhan\CSharp\RincoMTO\RincoMTO_djj4tpge_wpftmp.csproj::TargetFramework=net8.0-windows]
C:\Users\Nhan\OneDrive - Rincovitch\00. Nhan\CSharp\RincoMTO\BIMTOOL\obj\Release R26\Tools\MTO Smart Tag\UI\MtoSmartTagWindow.g.cs(1,182): error CS1056: Unexpected character '\0' [C:\Users\Nhan\OneDrive - Rincovitch\00. Nhan\CSharp\RincoMTO\RincoMTO_djj4tpge_wpftmp.csproj::TargetFramework=net8.0-windows]
C:\Users\Nhan\OneDrive - Rincovitch\00. Nhan\CSharp\RincoMTO\BIMTOOL\obj\Release R26\Tools\MTO Smart Tag\UI\MtoSmartTagWindow.g.cs(1,183): error CS1056: Unexpected character '\0' [C:\Users\Nhan\OneDrive - Rincovitch\00. Nhan\CSharp\RincoMTO\RincoMTO_djj4tpge_wpftmp.csproj::TargetFramework=net8.0-windows]
C:\Users\Nhan\OneDrive - Rincovitch\00. Nhan\CSharp\RincoMTO\BIMTOOL\obj\Release R26\Tools\MTO Smart Tag\UI\MtoSmartTagWindow.g.cs(1,184): error CS1056: Unexpected character '\0' [C:\Users\Nhan\OneDrive - Rincovitch\00. Nhan\CSharp\RincoMTO\RincoMTO_djj4tpge_wpftmp.csproj::TargetFramework=net8.0-windows]
C:\Users\Nhan\OneDrive - Rincovitch\00. Nhan\CSharp\RincoMTO\BIMTOOL\obj\Release R26\Tools\MTO Smart Tag\UI\MtoSmartTagWindow.g.cs(1,185): error CS1056: Unexpected character '\0' [C:\Users\Nhan\OneDrive - Rincovitch\00. Nhan\CSharp\RincoMTO\RincoMTO_djj4tpge_wpftmp.csproj::TargetFramework=net8.0-windows]
C:\Users\Nhan\OneDrive - Rincovitch\00. Nhan\CSharp\RincoMTO\BIMTOOL\obj\Release R26\Tools\MTO Smart Tag\UI\MtoSmartTagWindow.g.cs(1,186): error CS1056: Unexpected character '\0' [C:\Users\Nhan\OneDrive - Rincovitch\00. Nhan\CSharp\RincoMTO\RincoMTO_djj4tpge_wpftmp.csproj::TargetFramework=net8.0-windows]
C:\Users\Nhan\OneDrive - Rincovitch\00. Nhan\CSharp\RincoMTO\BIMTOOL\obj\Release R26\Tools\MTO Smart Tag\UI\MtoSmartTagWindow.g.cs(1,187): error CS1056: Unexpected character '\0' [C:\Users\Nhan\OneDrive - Rincovitch\00. Nhan\CSharp\RincoMTO\RincoMTO_djj4tpge_wpftmp.csproj::TargetFramework=net8.0-windows]
C:\Users\Nhan\OneDrive - Rincovitch\00. Nhan\CSharp\RincoMTO\BIMTOOL\obj\Release R26\Tools\MTO Smart Tag\UI\MtoSmartTagWindow.g.cs(1,188): error CS1056: Unexpected character '\0' [C:\Users\Nhan\OneDrive - Rincovitch\00. Nhan\CSharp\RincoMTO\RincoMTO_djj4tpge_wpftmp.csproj::TargetFramework=net8.0-windows]
C:\Users\Nhan\OneDrive - Rincovitch\00. Nhan\CSharp\RincoMTO\BIMTOOL\obj\Release R26\Tools\MTO Smart Tag\UI\MtoSmartTagWindow.g.cs(1,189): error CS1056: Unexpected character '\0' [C:\Users\Nhan\OneDrive - Rincovitch\00. Nhan\CSharp\RincoMTO\RincoMTO_djj4tpge_wpftmp.csproj::TargetFramework=net8.0-windows]
C:\Users\Nhan\OneDrive - Rincovitch\00. Nhan\CSharp\RincoMTO\BIMTOOL\obj\Release R26\Tools\MTO Smart Tag\UI\MtoSmartTagWindow.g.cs(1,190): error CS1056: Unexpected character '\0' [C:\Users\Nhan\OneDrive - Rincovitch\00. Nhan\CSharp\RincoMTO\RincoMTO_djj4tpge_wpftmp.csproj::TargetFramework=net8.0-windows]
C:\Users\Nhan\OneDrive - Rincovitch\00. Nhan\CSharp\RincoMTO\BIMTOOL\obj\Release R26\Tools\MTO Smart Tag\UI\MtoSmartTagWindow.g.cs(1,191): error CS1056: Unexpected character '\0' [C:\Users\Nhan\OneDrive - Rincovitch\00. Nhan\CSharp\RincoMTO\RincoMTO_djj4tpge_wpftmp.csproj::TargetFramework=net8.0-windows]
C:\Users\Nhan\OneDrive - Rincovitch\00. Nhan\CSharp\RincoMTO\BIMTOOL\obj\Release R26\Tools\MTO Smart Tag\UI\MtoSmartTagWindow.g.cs(1,192): error CS1056: Unexpected character '\0' [C:\Users\Nhan\OneDrive - Rincovitch\00. Nhan\CSharp\RincoMTO\RincoMTO_djj4tpge_wpftmp.csproj::TargetFramework=net8.0-windows]
C:\Users\Nhan\OneDrive - Rincovitch\00. Nhan\CSharp\RincoMTO\BIMTOOL\obj\Release R26\Tools\MTO Smart Tag\UI\MtoSmartTagWindow.g.cs(1,193): error CS1056: Unexpected character '\0' [C:\Users\Nhan\OneDrive - Rincovitch\00. Nhan\CSharp\RincoMTO\RincoMTO_djj4tpge_wpftmp.csproj::TargetFramework=net8.0-windows]
C:\Users\Nhan\OneDrive - Rincovitch\00. Nhan\CSharp\RincoMTO\BIMTOOL\obj\Release R26\Tools\MTO Smart Tag\UI\MtoSmartTagWindow.g.cs(1,194): error CS1056: Unexpected character '\0' [C:\Users\Nhan\OneDrive - Rincovitch\00. Nhan\CSharp\RincoMTO\RincoMTO_djj4tpge_wpftmp.csproj::TargetFramework=net8.0-windows]
C:\Users\Nhan\OneDrive - Rincovitch\00. Nhan\CSharp\RincoMTO\BIMTOOL\obj\Release R26\Tools\MTO Smart Tag\UI\MtoSmartTagWindow.g.cs(1,195): error CS1056: Unexpected character '\0' [C:\Users\Nhan\OneDrive - Rincovitch\00. Nhan\CSharp\RincoMTO\RincoMTO_djj4tpge_wpftmp.csproj::TargetFramework=net8.0-windows]
C:\Users\Nhan\OneDrive - Rincovitch\00. Nhan\CSharp\RincoMTO\BIMTOOL\obj\Release R26\Tools\MTO Smart Tag\UI\MtoSmartTagWindow.g.cs(1,196): error CS1056: Unexpected character '\0' [C:\Users\Nhan\OneDrive - Rincovitch\00. Nhan\CSharp\RincoMTO\RincoMTO_djj4tpge_wpftmp.csproj::TargetFramework=net8.0-windows]
C:\Users\Nhan\OneDrive - Rincovitch\00. Nhan\CSharp\RincoMTO\BIMTOOL\obj\Release R26\Tools\MTO Smart Tag\UI\MtoSmartTagWindow.g.cs(1,197): error CS1056: Unexpected character '\0' [C:\Users\Nhan\OneDrive - Rincovitch\00. Nhan\CSharp\RincoMTO\RincoMTO_djj4tpge_wpftmp.csproj::TargetFramework=net8.0-windows]
C:\Users\Nhan\OneDrive - Rincovitch\00. Nhan\CSharp\RincoMTO\BIMTOOL\obj\Release R26\Tools\MTO Smart Tag\UI\MtoSmartTagWindow.g.cs(1,198): error CS1056: Unexpected character '\0' [C:\Users\Nhan\OneDrive - Rincovitch\00. Nhan\CSharp\RincoMTO\RincoMTO_djj4tpge_wpftmp.csproj::TargetFramework=net8.0-windows]
C:\Users\Nhan\OneDrive - Rincovitch\00. Nhan\CSharp\RincoMTO\BIMTOOL\obj\Release R26\Tools\MTO Smart Tag\UI\MtoSmartTagWindow.g.cs(1,199): error CS1056: Unexpected character '\0' [C:\Users\Nhan\OneDrive - Rincovitch\00. Nhan\CSharp\RincoMTO\RincoMTO_djj4tpge_wpftmp.csproj::TargetFramework=net8.0-windows]
C:\Users\Nhan\OneDrive - Rincovitch\00. Nhan\CSharp\RincoMTO\BIMTOOL\obj\Release R26\Tools\MTO Smart Tag\UI\MtoSmartTagWindow.g.cs(1,200): error CS1056: Unexpected character '\0' [C:\Users\Nhan\OneDrive - Rincovitch\00. Nhan\CSharp\RincoMTO\RincoMTO_djj4tpge_wpftmp.csproj::TargetFramework=net8.0-windows]
C:\Users\Nhan\OneDrive - Rincovitch\00. Nhan\CSharp\RincoMTO\BIMTOOL\obj\Release R26\Tools\MTO Smart Tag\UI\MtoSmartTagWindow.g.cs(1,201): error CS1056: Unexpected character '\0' [C:\Users\Nhan\OneDrive - Rincovitch\00. Nhan\CSharp\RincoMTO\RincoMTO_djj4tpge_wpftmp.csproj::TargetFramework=net8.0-windows]
C:\Users\Nhan\OneDrive - Rincovitch\00. Nhan\CSharp\RincoMTO\BIMTOOL\obj\Release R26\Tools\MTO Smart Tag\UI\MtoSmartTagWindow.g.cs(1,202): error CS1056: Unexpected character '\0\0\0\0\0\0\0\0\0\0\0\0\0\0\0\0\0\0\0\0\0\0\0\0\0\0\0\0\0\0\0\0\0\0\0\0\0\0\0\0\0\0\0\0\0\0\0\0\0\0\0\0\0\0\0\0\0\0\0\0\0\0\0\0\0\0\0\0\0\0\0\0\0\0\0\0\0\0\0\0\0\0\0\0\0\0\0\0\0\0\0\0\0\0\0\0\0\0\0\0\0\0\0\0\0\0\0\0\0\0\0\0\0\0\0\0\0\0\0\0\0\0\0\0\0\0\0\0\0\0\0\0\0\0\0\0\0\0\0\0\0\0\0\0\0\0\0\0\0\0\0\0\0\0\0\0\0\0\0\0\0\0\0\0\0\0\0\0\0\0\0\0\0\0\0\0\0\0\0\0\0\0\0\0\0\0\0\0\0\0\0\0\0\0\0\0\0\0\0\0\0\0\0\0\0\0\0\0\0\0\0\0\0\0\0\0\0\0\0\0\0\0\0\0\0\0\0\0\0\0\0\0\0\0\0\0\0\0\0\0\0\0\0\0\0\0\0\0\0\0\0\0\0\0\0\0\0\0\0\0\0\0\0\0\0\0\0\0\0\0\0\0\0\0\0\0\0\0\0\0\0\0\0\0\0\0\0\0\0\0\0\0\0\0\0\0\0\0\0\0\0\0\0\0\0\0\0\0\0\0\0\0\0\0\0\0\0\0\0\0\0\0\0\0\0\0\0\0\0\0\0\0\0\0\0\0\0\0\0\0\0\0\0\0\0\0\0\0\0\0\0\0\0\0\0\0\0\0\0\0\0\0\0\0\0\0\0\0\0\0\0\0\0\0\0\0\0\0\0\0\0\0\0\0\0\0\0\0\0\0\0\0\0\0\0\0\0\0\0\0\0\0\0\0\0\0\0\0\0\0\0\0\0\0\0\0\0\0\0\0\0\0\0\0\0\0\0\0\0\0\0\0\0\0\0\0\0\0\0\0\0\0\0\0\0\0\0\0\0\0\0\0\0\0\0\0\0\0\0\0\0\0\0\0\0\0\0\0\0\0\0\0\0\0\0\0\0\0\0\0\0\0\0\0\0\0\0\0\0\0\0\0\0\0\0\0\0\0\0\0\0\0\0\0\0\0\0\0\0\0\0\0\0\0\0\0\0\0\0\0\0\0\0\0\0\0\0\0\0\0\0\0\0\0\0\0\0\0\0\0\0\0\0\0\0\0\0\0\0\0\0\0\0\0\0\0\0\0\0\0\0\0\0\0\0\0\0\0\0\0\0\0\0\0\0\0\0\0\0\0\0\0\0\0\0\0\0\0\0\0\0\0\0\0\0\0\0\0\0\0\0\0\0\0\0\0\0\0\0\0\0\0\0\0\0\0\0\0\0\0\0\0\0\0\0\0\0\0\0\0\0\0\0\0\0\0\0\0\0\0\0\0\0\0\0\0\0\0\0\0\0\0\0\0\0\0\0\0\0\0\0\0\0\0\0\0\0\0\0\0\0\0\0\0\0\0\0\0\0\0\0\0\0\0\0\0\0\0\0\0\0\0\0\0\0\0\0\0\0\0\0\0\0\0\0\0\0\0\0\0\0\0\0\0\0\0\0\0\0\0\0\0\0\0\0\0\0\0\0\0\0\0\0\0\0\0\0\0\0\0\0\0\0\0\0\0\0\0\0\0\0\0\0\0\0\0\0\0\0\0\0\0\0\0\0\0\0\0\0\0\0\0\0\0\0\0\0\0\0\0\0\0\0\0\0\0\0\0\0\0\0\0\0\0\0\0\0\0\0\0\0\0\0\0\0\0\0\0\0\0\0\0\0\0\0\0\0\0\0\0\0\0\0\0\0\0\0\0\0\0\0\0\0\0\0\0\0\0\0\0\0\0\0\0\0\0\0\0\0\0\0\0\0\0\0\0\0\0\0\0\0\0\0\0\0\0\0\0\0\0\0\0\0\0\0\0\0\0\0\0\0\0\0\0\0\0\0\0\0\0\0\0\0\0\0\0\0\0\0\0\0\0\0\0\0\0\0\0\0\0\0\0\0\0\0\0\0\0\0\0\0\0\0\0\0\0\0\0\0\0\0\0\0\0\0\0\0\0\0\0\0\0\0\0\0\0\0\0\0\0\0\0\0\0\0\0\0\0\0\0\0\0\0\0\0\0\0\0\0\0\0\0\0\0\0\0\0\0\0\0\0\0\0\0\0\0\0\0\0\0\0\0\0\0\0\0\0\0\0\0\0\0\0\0\0\0\0\0\0\0\0\0\0\0\0\0\0\0\0\0\0\0\0\0\0\0\0\0\0\0\0\0\0\0\0\0\0\0\0\0\0\0\0\0\0\0\0\0\0\0\0\0\0\0\0\0\0\0\0\0\0\0\0\0\0\0\0\0\0\0\0\0\0\0\0\0\0\0\0\0\0\0\0\0\0\0\0\0\0\0\0\0\0\0\0\0\0\0\0\0\0\0\0\0\0\0\0\0\0\0\0\0\0\0\0\0\0\0\0\0\0\0\0\0\0\0\0\0\0\0\0\0\0\0\0\0\0\0\0\0\0\0\0\0\0\0\0\0\0\0\0\0\0\0\0\0\0\0\0\0\0\0\0\0\0\0\0\0\0\0\0\0\0\0\0\0\0\0\0\0\0\0\0\0\0\0\0\0\0\0\0\0\0\0\0\0\0\0\0\0\0\0\0\0\0\0\0\0\0\0\0\0\0\0\0\0\0\0\0\0\0\0\0\0\0\0\0\0\0\0\0\0\0\0\0\0\0\0\0\0\0\0\0\0\0\0\0\0\0\0\0\0\0\0\0\0\0\0\0\0\0\0\0\0\0\0\0\0\0\0\0\0\0\0\0\0\0\0\0\0\0\0\0\0\0\0\0\0\0\0\0\0\0\0\0\0\0\0\0\0\0\0\0\0\0\0\0\0\0\0\0\0\0\0\0\0\0\0\0\0\0\0\0\0\0\0\0\0\0\0\0\0\0\0\0\0\0\0\0\0\0\0\0\0\0\0\0\0\0\0\0\0\0\0\0\0\0\0\0\0\0\0\0\0\0\0\0\0\0\0\0\0\0\0\0\0\0\0\0\0\0\0\0\0\0\0\0\0\0\0\0\0\0\0\0\0\0\0\0\0\0\0\0\0\0\0\0\0\0\0\0\0\0\0\0\0\0\0\0\0\0\0\0\0\0\0\0\0\0\0\0\0\0\0\0\0\0\0\0\0\0\0\0\0\0\0\0\0\0\0\0\0\0\0\0\0\0\0\0\0\0\0\0\0\0\0\0\0\0\0\0\0\0\0\0\0\0\0\0\0\0\0\0\0\0\0\0\0\0\0\0\0\0\0\0\0\0\0\0\0\0\0\0\0\0\0\0\0\0\0\0\0\0\0\0\0\0\0\0\0\0\0\0\0\0\0\0\0\0\0\0\0\0\0\0\0\0\0\0\0\0\0\0\0\0\0\0\0\0\0\0\0\0\0\0\0\0\0\0\0\0\0\0\0\0\0\0\0\0\0\0\0\0\0\0\0\0\0\0\0\0\0\0\0\0\0\0\0\0\0\0\0\0\0\0\0\0\0\0\0\0\0\0\0\0\0\0\0\0\0\0\0\0\0\0\0\0\0\0\0\0\0\0\0\0\0\0\0\0\0\0\0\0\0\0\0\0\0\0\0\0\0\0\0\0\0\0\0\0\0\0\0\0\0\0\0\0\0\0\0\0\0\0\0\0\0\0\0\0\0\0\0\0\0\0\0\0\0\0\0\0\0\0\0\0\0\0\0\0\0\0\0\0\0\0\0\0\0\0\0\0\0\0\0\0\0\0\0\0\0\0\0\0\0\0\0\0\0\0\0\0\0\0\0\0\0\0\0\0\0\0\0\0\0\0\0\0\0\0\0\0\0\0\0\0\0\0\0\0\0\0\0\0\0\0\0\0\0\0\0\0\0\0\0\0\0\0\0\0\0\0\0\0\0\0\0\0\0\0\0\0\0\0\0\0\0\0\0\0\0\0\0\0\0\0\0\0\0\0\0\0\0\0\0\0\0\0\0\0\0\0\0\0\0\0\0\0\0\0\0\0\0\0\0\0\0\0\0\0\0\0\0\0\0\0\0\0\0\0\0\0\0\0\0\0\0\0\0\0\0\0\0\0\0\0\0\0\0\0\0\0\0\0\0\0\0\0\0\0\0\0\0\0\0\0\0\0\0\0\0\0\0\0\0\0\0\0\0\0\0\0\0\0\0\0\0\0\0\0\0\0\0\0\0\0\0\0\0\0\0\0\0\0\0\0\0\0\0\0\0\0\0\0\0\0\0\0\0\0\0\0\0\0\0\0\0\0\0\0\0\0\0\0\0\0\0\0\0\0\0\0\0\0\0\0\0\0\0\0\0\0\0\0\0\0\0\0\0\0\0\0\0\0\0\0\0\0\0\0\0\0\0\0\0\0\0\0\0\0\0\0\0\0\0\0\0\0\0\0\0\0\0\0\0\0\0\0\0\0\0\0\0\0\0\0\0\0\0\0\0\0\0\0\0\0\0\0\0\0\0\0\0\0\0\0\0\0\0\0\0\0\0\0\0\0\0\0\0\0\0\0\0\0\0\0\0\0\0\0\0\0\0\0\0\0\0\0\0\0\0\0\0\0\0\0\0\0\0\0\0\0\0\0\0\0\0\0\0\0\0\0\0\0\0\0\0\0\0\0\0\0\0\0\0\0\0\0\0\0\0\0\0\0\0\0\0\0\0\0\0\0\0\0\0\0\0\0\0\0\0\0\0\0\0\0\0\0\0\0\0\0\0\0\0\0\0\0\0\0\0\0\0\0\0\0\0\0\0\0\0\0\0\0\0\0\0\0\0\0\0\0\0\0\0\0\0\0\0\0\0\0\0\0\0\0\0\0\0\0\0\0\0\0\0\0\0\0\0\0\0\0\0\0\0\0\0\0\0\0\0\0\0\0\0\0\0\0\0\0\0\0\0\0\0\0\0\0\0\0\0\0\0\0\0\0\0\0\0\0\0\0\0\0\0\0\0\0\0\0\0\0\0\0\0\0\0\0\0\0\0\0\0\0\0\0\0\0\0\0\0\0\0\0\0\0\0\0\0\0\0\0\0\0\0\0\0\0\0\0\0\0\0\0\0\0\0\0\0\0\0\0\0\0\0\0\0\0\0\0\0\0\0\0\0\0\0\0\0\0\0\0\0\0\0\0\0\0\0\0\0\0\0\0\0\0\0\0\0\0\0\0\0\0\0\0\0\0\0\0\0\0\0\0\0\0\0\0\0\0\0\0\0\0\0\0\0\0\0\0\0\0\0\0\0\0\0\0\0\0\0\0\0\0\0\0\0\0\0\0\0\0\0\0\0\0\0\0\0\0\0\0\0\0\0\0\0\0\0\0\0\0\0\0\0\0\0\0\0\0\0\0\0\0\0\0\0\0\0\0\0\0\0\0\0\0\0\0\0\0\0\0\0\0\0\0\0\0\0\0\0\0\0\0\0\0\0\0\0\0\0\0\0\0\0\0\0\0\0\0\0\0\0\0\0\0\0\0\0\0\0\0\0\0\0\0\0\0\0\0\0\0\0\0\0\0\0\0\0\0\0\0\0\0\0\0\0\0\0\0\0\0\0\0\0\0\0\0\0\0\0\0\0\0\0\0\0\0\0\0\0\0\0\0\0\0\0\0\0\0\0\0\0\0\0\0\0\0\0\0\0\0\0\0\0\0\0\0\0\0\0\0\0\0\0\0\0\0\0\0\0\0\0\0\0\0\0\0\0\0\0\0\0\0\0\0\0\0\0\0\0\0\0\0\0\0\0\0\0\0\0\0\0\0\0\0\0\0\0\0\0\0\0\0\0\0\0\0\0\0\0\0\0\0\0\0\0\0\0\0\0\0\0\0\0\0\0\0\0\0\0\0\0\0\0\0\0\0\0\0\0\0\0\0\0\0\0\0\0\0\0\0\0\0\0\0\0\0\0\0\0\0\0\0\0\0\0\0\0\0\0\0\0\0\0\0\0\0\0\0\0\0\0\0\0\0\0\0\0\0\0\0\0\0\0\0\0\0\0\0\0\0\0\0\0\0\0\0\0\0\0\0\0\0\0\0\0\0\0\0\0\0\0\0\0\0\0\0\0\0\0\0\0\0\0\0\0\0\0\0\0\0\0\0\0\0\0\0\0\0\0\0\0\0\0\0\0\0\0\0\0\0\0\0\0\0\0\0\0\0\0\0\0\0\0\0\0\0\0\0\0\0\0\0\0\0\0\0\0\0\0\0\0\0\0\0\0\0\0\0\0\0\0\0\0\0\0\0\0\0\0\0\0\0\0\0\0\0\0\0\0\0\0\0\0\0\0\0\0\0\0\0\0\0\0\0\0\0\0\0\0\0\0\0\0\0\0\0\0\0\0\0\0\0\0\0\0\0\0\0\0\0\0\0\0\0\0\0\0\0\0\0\0\0\0\0\0\0\0\0\0\0\0\0\0\0\0\0\0\0\0\0\0\0\0\0\0\0\0\0\0\0\0\0\0\0\0\0\0\0\0\0\0\0\0\0\0\0\0\0\0\0\0\0\0\0\0\0\0\0\0\0\0\0\0\0\0\0\0\0\0\0\0\0\0\0\0\0\0\0\0\0\0\0\0\0\0\0\0\0\0\0\0\0\0\0\0\0\0\0\0\0\0\0\0\0\0\0\0\0\0\0\0\0\0\0\0\0\0\0\0\0\0\0\0\0\0\0\0\0\0\0\0\0\0\0\0\0\0\0\0\0\0\0\0\0\0\0\0\0\0\0\0\0\0\0\0\0\0\0\0\0\0\0\0\0\0\0\0\0\0\0\0\0\0\0\0\0\0\0\0\0\0\0\0\0\0\0\0\0\0\0\0\0\0\0\0\0\0\0\0\0\0\0\0\0\0\0\0\0\0\0\0\0\0\0\0\0\0\0\0\0\0\0\0\0\0\0\0\0\0\0\0\0\0\0\0\0\0\0\0\0\0\0\0\0\0\0\0\0\0\0\0\0\0\0\0\0\0\0\0\0\0\0\0\0\0\0\0\0\0\0\0\0\0\0\0\0\0\0\0\0\0\0\0\0\0\0\0\0\0\0\0\0\0\0\0\0\0\0\0\0\0\0\0\0\0\0\0\0\0\0\0\0\0\0\0\0\0\0\0\0\0\0\0\0\0\0\0\0\0\0\0\0\0\0\0\0\0\0\0\0\0\0\0\0\0\0\0\0\0\0\0\0\0\0\0\0\0\0\0\0\0\0\0\0\0\0\0\0\0\0\0\0\0\0\0\0\0\0\0\0\0\0\0\0\0\0\0\0\0\0\0\0\0\0\0\0\0\0\0\0\0\0\0\0\0\0\0\0\0\0\0\0\0\0\0\0\0\0\0\0\0\0\0\0\0\0\0\0\0\0\0\0\0\0\0\0\0\0\0\0\0\0\0\0\0\0\0\0\0\0\0\0\0\0\0\0\0\0\0\0\0\0\0\0\0\0\0\0\0\0\0\0\0\0\0\0\0\0\0\0\0\0\0\0\0\0\0\0\0\0\0\0\0\0\0\0\0\0\0\0\0\0\0\0\0\0\0\0\0\0\0\0\0\0\0\0\0\0\0\0\0\0\0\0\0\0\0\0\0\0\0\0\0\0\0\0\0\0\0\0\0\0\0\0\0\0\0\0\0\0\0\0\0\0\0\0\0\0\0\0\0\0\0\0\0\0\0\0\0\0\0\0\0\0\0\0\0\0\0\0\0\0\0\0\0\0\0\0\0\0\0\0\0\0\0\0\0\0\0\0\0\0\0\0\0\0\0\0\0\0\0\0\0\0\0\0\0\0\0\0\0\0\0\0\0\0\0\0\0\0\0\0\0\0\0\0\0\0\0\0\0\0\0\0\0\0\0\0\0\0\0\0\0\0\0\0\0\0\0\0\0\0\0\0\0\0\0\0\0\0\0\0\0\0\0\0\0\0\0\0\0\0\0\0\0\0\0\0\0\0\0\0\0\0\0\0\0\0\0\0\0\0\0\0\0\0\0\0\0\0\0\0\0\0\0\0\0\0\0\0\0\0\0\0\0\0\0\0\0\0\0\0\0\0\0\0\0\0\0\0\0\0\0\0\0\0\0\0\0\0\0\0\0\0\0\0\0\0\0\0\0\0\0\0\0\0\0\0\0\0\0\0\0\0\0\0\0\0\0\0\0\0\0\0\0\0\0\0\0\0\0\0\0\0\0\0\0\0\0\0\0\0\0\0\0\0\0\0\0\0\0\0\0\0\0\0\0\0\0\0\0\0\0\0\0\0\0\0\0\0\0\0\0\0\0\0\0\0\0\0\0\0\0\0\0\0\0\0\0\0\0\0\0\0\0\0\0\0\0\0\0\0\0\0\0\0\0\0\0\0\0\0\0\0\0\0\0\0\0\0\0\0\0\0\0\0\0\0\0\0\0\0\0\0\0\0\0\0\0\0\0\0\0\0\0\0\0\0\0\0\0\0\0\0\0\0\0\0\0\0\0\0\0\0\0\0\0\0\0\0\0\0\0\0\0\0\0\0\0\0\0\0\0\0\0\0\0\0\0\0\0\0\0\0\0\0\0\0\0\0\0\0\0\0\0\0\0\0\0\0\0\0\0\0\0\0\0\0\0\0\0\0\0\0\0\0\0\0\0\0\0\0\0\0\0\0\0\0\0\0\0\0\0\0\0\0\0\0\0\0\0\0\0\0\0\0\0\0\0\0\0\0\0\0\0\0\0\0\0\0\0\0\0\0\0\0\0\0\0\0\0\0\0\0\0\0\0\0\0\0\0\0\0\0\0\0\0\0\0\0\0\0\0\0\0\0\0\0\0\0\0\0\0\0\0\0\0\0\0\0\0\0\0\0\0\0\0\0\0\0\0\0\0\0\0\0\0\0\0\0\0\0\0\0\0\0\0\0\0\0\0\0\0\0\0\0\0\0\0\0\0\0\0\0\0\0\0\0\0\0\0\0\0\0\0\0\0\0\0\0\0\0\0\0\0\0\0\0\0\0\0\0\0\0\0\0\0\0\0\0\0\0\0\0\0\0\0\0\0\0\0\0\0\0\0\0\0\0\0\0\0\0\0\0\0\0\0\0\0\0\0\0\0\0\0\0\0\0\0\0\0\0\0\0\0\0\0\0\0\0\0\0\0\0\0\0\0\0\0\0\0\0\0\0\0\0\0\0\0\0\0\0\0\0\0\0\0\0\0\0\0\0\0\0\0\0\0\0\0\0\0\0\0\0\0\0\0\0\0\0\0\0\0\0\0\0\0\0\0\0\0\0\0\0\0\0\0\0\0\0\0\0\0\0\0\0\0\0\0\0\0\0\0\0\0\0\0\0\0\0\0\0\0\0\0\0\0\0\0\0\0\0\0\0\0\0\0\0\0\0\0\0\0\0\0\0\0\0\0\0\0\0\0\0\0\0\0\0\0\0\0\0\0\0\0\0\0\0\0\0\0\0\0\0\0\0\0\0\0\0\0\0\0\0\0\0\0\0\0\0\0\0\0\0\0\0\0\0\0\0\0\0\0\0\0\0\0\0\0\0\0\0\0\0\0\0\0\0\0\0\0\0\0\0\0\0\0\0\0\0\0\0\0\0\0\0\0\0\0\0\0\0\0\0\0\0\0\0\0\0\0\0\0\0\0\0\0\0\0\0\0\0\0\0\0\0\0\0\0\0\0\0\0\0\0\0\0\0\0\0\0\0\0\0\0\0\0\0\0\0\0\0\0\0\0\0\0\0\0\0\0\0\0\0\0\0\0\0\0\0\0\0\0\0\0\0\0\0\0\0\0\0\0\0\0\0\0\0\0\0\0\0\0\0\0\0\0\0\0\0\0\0\0\0\0\0\0\0\0\0\0\0\0\0\0\0\0\0\0\0\0\0\0\0\0\0\0\0\0\0\0\0\0\0\0\0\0\0\0\0\0\0\0\0\0\0\0\0\0\0\0\0\0\0\0\0\0\0\0\0\0\0\0\0\0\0\0\0\0\0\0\0\0\0\0\0\0\0\0\0\0\0\0\0\0\0\0\0\0\0\0\0\0\0\0\0\0\0\0\0\0\0\0\0\0\0\0\0\0\0\0\0\0\0\0\0\0\0\0\0\0\0\0\0\0\0\0\0\0\0\0\0\0\0\0\0\0\0\0\0\0\0\0\0\0\0\0\0\0\0\0\0\0\0\0\0\0\0\0\0\0\0\0\0\0\0\0\0\0\0\0\0\0\0\0\0\0\0\0\0\0\0\0\0\0\0\0\0\0\0\0\0\0\0\0\0\0\0\0\0\0\0\0\0\0\0\0\0\0\0\0\0\0\0\0\0\0\0\0\0\0\0\0\0\0\0\0\0\0\0\0\0\0\0\0\0\0\0\0\0\0\0\0\0\0\0\0\0\0\0\0\0\0\0\0\0\0\0\0\0\0\0\0\0\0\0\0\0\0\0\0\0\0\0\0\0\0\0\0\0\0\0\0\0\0\0\0\0\0\0\0\0\0\0\0\0\0\0\0\0\0\0\0\0\0\0\0\0\0\0\0\0\0\0\0\0\0\0\0\0\0\0\0\0\0\0\0\0\0\0\0\0\0\0\0\0\0\0\0\0\0\0\0\0\0\0\0\0\0\0\0\0\0\0\0\0\0\0\0\0\0\0\0\0\0\0\0\0\0\0\0\0\0\0\0\0\0\0\0\0\0\0\0\0\0\0\0\0\0\0\0\0\0\0\0\0\0\0\0\0\0\0\0\0\0\0\0\0\0\0\0\0\0\0\0\0\0\0\0\0\0\0\0\0\0\0\0\0\0\0\0\0\0\0\0\0\0\0\0\0\0\0\0\0\0\0\0\0\0\0\0\0\0\0\0\0\0\0\0\0\0\0\0\0\0\0\0\0\0\0\0\0\0\0\0\0\0\0\0\0\0\0\0\0\0\0\0\0\0\0\0\0\0\0\0\0\0\0\0\0\0\0\0\0\0\0\0\0\0\0\0\0\0\0\0\0\0\0\0\0\0\0\0\0\0\0\0\0\0\0\0\0\0\0\0\0\0\0\0\0\0\0\0\0\0\0\0\0\0\0\0\0\0\0\0\0\0\0\0\0\0\0\0\0\0\0\0\0\0\0\0\0\0\0\0\0\0\0\0\0\0\0\0\0\0\0\0\0\0\0\0\0\0\0\0\0\0\0\0\0\0\0\0\0\0\0\0\0\0\0\0\0\0\0\0\0\0\0\0\0\0\0\0\0\0\0\0\0\0\0\0\0\0\0\0\0\0\0\0\0\0\0\0\0\0\0\0\0\0\0\0\0\0\0\0\0\0\0\0\0\0\0\0\0\0\0\0\0\0\0\0\0\0\0\0\0\0\0\0\0\0\0\0\0\0\0\0\0\0\0\0\0\0\0\0\0\0\0\0\0\0\0\0\0\0\0\0\0\0\0\0\0\0\0\0\0\0\0\0\0\0\0\0\0\0\0\0\0\0\0\0\0\0\0\0\0\0\0\0\0\0\0\0\0\0\0\0\0\0\0\0\0\0\0\0\0\0\0\0\0\0\0\0\0\0\0\0\0\0\0\0\0\0\0\0\0\0\0\0\0\0\0\0\0\0\0\0\0\0\0\0\0\0\0\0\0\0\0\0\0\0\0\0\0\0\0\0\0\0\0\0\0\0\0\0\0\0\0\0\0\0\0\0\0\0\0\0\0\0\0\0\0\0\0\0\0\0\0\0\0\0\0\0\0\0\0\0\0\0\0\0\0\0\0\0\0\0\0\0\0\0\0\0\0\0\0\0\0\0\0\0\0\0\0\0\0\0\0\0\0\0\0\0\0\0\0\0\0\0\0\0\0\0\0\0\0\0\0\0\0\0\0\0\0\0\0\0\0\0\0\0\0\0\0\0\0\0\0\0\0\0\0\0\0\0\0\0\0\0\0\0\0\0\0\0\0\0\0\0\0\0\0\0\0\0\0\0\0\0\0\0\0\0\0\0\0\0\0\0\0\0\0\0\0\0\0\0\0\0\0\0\0\0\0\0\0\0\0\0\0\0\0\0\0\0\0\0\0\0\0\0\0\0\0\0\0\0\0\0\0\0\0\0\0\0\0\0\0\0\0\0\0\0\0\0\0\0\0\0\0\0\0\0\0\0\0\0\0\0\0\0\0\0\0\0\0\0\0\0\0\0\0\0\0\0\0\0\0\0\0\0\0\0\0\0\0\0\0\0\0\0\0\0\0\0\0\0\0\0\0\0\0\0\0\0\0\0\0\0\0\0\0\0\0\0\0\0\0\0\0\0\0\0\0\0\0\0\0\0\0\0\0\0\0\0\0\0\0\0\0\0\0\0\0\0\0\0\0\0\0\0\0\0\0\0\0\0\0\0\0\0\0\0\0\0\0\0\0\0\0\0\0\0\0\0\0\0\0\0\0\0\0\0\0\0\0\0\0\0\0\0\0\0\0\0\0\0\0\0\0\0\0\0\0\0\0\0\0\0\0\0\0\0\0\0\0\0\0\0\0\0\0\0\0\0\0\0\0\0\0\0\0\0\0\0\0\0\0\0\0\0\0\0\0\0\0\0\0\0\0\0\0\0\0\0\0\0\0\0\0\0\0\0\0\0\0\0\0\0\0\0\0\0\0\0\0\0\0\0\0\0\0\0\0\0\0\0\0\0\0\0\0\0\0\0\0\0\0\0\0\0\0\0\0\0\0\0\0\0\0\0\0\0\0\0\0\0\0\0\0\0\0\0\0\0\0\0\0\0\0\0\0\0\0\0\0\0\0\0\0\0\0\0\0\0\0\0\0\0\0\0\0\0\0\0\0\0\0\0\0\0\0\0\0\0\0\0\0\0\0\0\0\0\0\0\0\0\0\0\0\0\0\0\0\0\0\0\0\0\0\0\0\0\0\0\0\0\0\0\0\0\0\0\0\0\0\0\0\0\0\0\0\0\0\0\0\0\0\0\0\0\0\0\0\0\0\0\0\0\0\0\0\0\0\0\0\0\0\0\0\0\0\0\0\0\0\0\0\0\0\0\0\0\0\0\0\0\0\0\0\0\0\0\0\0\0\0\0\0\0\0\0\0\0\0\0\0\0\0\0\0\0\0\0\0\0\0\0\0\0\0\0\0\0\0\0\0\0\0\0\0\0\0\0\0\0\0\0\0\0\0\0\0\0\0\0\0\0\0\0\0\0\0\0\0\0\0\0\0\0\0\0\0\0\0\0\0\0\0\0\0\0\0\0\0\0\0\0\0\0\0\0\0\0\0\0\0\0\0\0\0\0\0\0\0\0\0\0\0\0\0\0\0\0\0\0\0\0\0\0\0\0\0\0\0\0\0\0\0\0\0\0\0\0\0\0\0\0\0\0\0\0\0\0\0\0\0\0\0\0\0\0\0\0\0\0\0\0\0\0\0\0\0\0\0\0\0\0\0\0\0\0\0\0\0\0\0\0\0\0\0\0\0\0\0\0\0\0\0\0\0\0\0\0\0\0\0\0\0\0\0\0\0\0\0\0\0\0\0\0\0\0\0\0\0\0\0\0\0\0\0\0\0\0\0\0\0\0\0\0\0\0\0\0\0\0\0\0\0\0\0\0\0\0\0\0\0\0\0\0\0\0\0\0\0\0\0\0\0\0\0\0\0\0\0\0\0\0\0\0\0\0\0\0\0\0\0\0\0\0\0\0\0\0\0\0\0\0\0\0\0\0\0\0\0\0\0\0\0\0\0\0\0\0\0\0\0\0\0\0\0\0\0\0\0\0\0\0\0\0\0\0\0\0\0\0\0\0\0\0\0\0\0\0\0\0\0\0\0\0\0\0\0\0\0\0\0\0' [C:\Users\Nhan\OneDrive - Rincovitch\00. Nhan\CSharp\RincoMTO\RincoMTO_djj4tpge_wpftmp.csproj::TargetFramework=net8.0-windows]

Build FAILED.

C:\Users\Nhan\OneDrive - Rincovitch\00. Nhan\CSharp\RincoMTO\RincoMTO.csproj : warning NU1603: RincoMTO depends on Nice3point.Revit.Api.RevitAPI (>= 2025.0.0) but Nice3point.Revit.Api.RevitAPI 2025.0.0 was not found. Nice3point.Revit.Api.RevitAPI 2025.0.2 was resolved instead.
C:\Users\Nhan\OneDrive - Rincovitch\00. Nhan\CSharp\RincoMTO\RincoMTO.csproj : warning NU1603: RincoMTO depends on Nice3point.Revit.Api.RevitAPIUI (>= 2025.0.0) but Nice3point.Revit.Api.RevitAPIUI 2025.0.0 was not found. Nice3point.Revit.Api.RevitAPIUI 2025.0.2 was resolved instead.
C:\Users\Nhan\OneDrive - Rincovitch\00. Nhan\CSharp\RincoMTO\RincoMTO.csproj : warning NU1903: Package 'System.IO.Packaging' 6.0.0 has a known high severity vulnerability, https://github.com/advisories/GHSA-f32c-w444-8ppv
C:\Users\Nhan\OneDrive - Rincovitch\00. Nhan\CSharp\RincoMTO\RincoMTO.csproj : warning NU1903: Package 'System.IO.Packaging' 6.0.0 has a known high severity vulnerability, https://github.com/advisories/GHSA-qj66-m88j-hmgj
C:\Users\Nhan\OneDrive - Rincovitch\00. Nhan\CSharp\RincoMTO\RincoMTO.csproj : warning NU1903: Package 'System.Text.Json' 8.0.0 has a known high severity vulnerability, https://github.com/advisories/GHSA-8g4q-xg66-9fp4
C:\Users\Nhan\OneDrive - Rincovitch\00. Nhan\CSharp\RincoMTO\RincoMTO.csproj : warning NU1903: Package 'System.Text.Json' 8.0.0 has a known high severity vulnerability, https://github.com/advisories/GHSA-hh2w-p6rv-4g7w
C:\Users\Nhan\OneDrive - Rincovitch\00. Nhan\CSharp\RincoMTO\RincoMTO.csproj : warning NU1603: RincoMTO depends on Nice3point.Revit.Api.RevitAPI (>= 2025.0.0) but Nice3point.Revit.Api.RevitAPI 2025.0.0 was not found. Nice3point.Revit.Api.RevitAPI 2025.0.2 was resolved instead. [TargetFramework=net48]
C:\Users\Nhan\OneDrive - Rincovitch\00. Nhan\CSharp\RincoMTO\RincoMTO.csproj : warning NU1603: RincoMTO depends on Nice3point.Revit.Api.RevitAPIUI (>= 2025.0.0) but Nice3point.Revit.Api.RevitAPIUI 2025.0.0 was not found. Nice3point.Revit.Api.RevitAPIUI 2025.0.2 was resolved instead. [TargetFramework=net48]
C:\Users\Nhan\OneDrive - Rincovitch\00. Nhan\CSharp\RincoMTO\RincoMTO.csproj : warning NU1903: Package 'System.IO.Packaging' 6.0.0 has a known high severity vulnerability, https://github.com/advisories/GHSA-f32c-w444-8ppv [TargetFramework=net48]
C:\Users\Nhan\OneDrive - Rincovitch\00. Nhan\CSharp\RincoMTO\RincoMTO.csproj : warning NU1903: Package 'System.IO.Packaging' 6.0.0 has a known high severity vulnerability, https://github.com/advisories/GHSA-qj66-m88j-hmgj [TargetFramework=net48]
C:\Users\Nhan\OneDrive - Rincovitch\00. Nhan\CSharp\RincoMTO\RincoMTO.csproj : warning NU1903: Package 'System.Text.Json' 8.0.0 has a known high severity vulnerability, https://github.com/advisories/GHSA-8g4q-xg66-9fp4 [TargetFramework=net48]
C:\Users\Nhan\OneDrive - Rincovitch\00. Nhan\CSharp\RincoMTO\RincoMTO.csproj : warning NU1903: Package 'System.Text.Json' 8.0.0 has a known high severity vulnerability, https://github.com/advisories/GHSA-hh2w-p6rv-4g7w [TargetFramework=net48]
C:\Users\Nhan\OneDrive - Rincovitch\00. Nhan\CSharp\RincoMTO\RincoMTO.csproj : warning NU1603: RincoMTO depends on Nice3point.Revit.Api.RevitAPI (>= 2025.0.0) but Nice3point.Revit.Api.RevitAPI 2025.0.0 was not found. Nice3point.Revit.Api.RevitAPI 2025.0.2 was resolved instead. [TargetFramework=net8.0-windows]
C:\Users\Nhan\OneDrive - Rincovitch\00. Nhan\CSharp\RincoMTO\RincoMTO.csproj : warning NU1603: RincoMTO depends on Nice3point.Revit.Api.RevitAPIUI (>= 2025.0.0) but Nice3point.Revit.Api.RevitAPIUI 2025.0.0 was not found. Nice3point.Revit.Api.RevitAPIUI 2025.0.2 was resolved instead. [TargetFramework=net8.0-windows]
C:\Users\Nhan\OneDrive - Rincovitch\00. Nhan\CSharp\RincoMTO\RincoMTO.csproj : warning NU1903: Package 'System.IO.Packaging' 6.0.0 has a known high severity vulnerability, https://github.com/advisories/GHSA-f32c-w444-8ppv [TargetFramework=net8.0-windows]
C:\Users\Nhan\OneDrive - Rincovitch\00. Nhan\CSharp\RincoMTO\RincoMTO.csproj : warning NU1903: Package 'System.IO.Packaging' 6.0.0 has a known high severity vulnerability, https://github.com/advisories/GHSA-qj66-m88j-hmgj [TargetFramework=net8.0-windows]
C:\Users\Nhan\OneDrive - Rincovitch\00. Nhan\CSharp\RincoMTO\RincoMTO.csproj : warning NU1903: Package 'System.Text.Json' 8.0.0 has a known high severity vulnerability, https://github.com/advisories/GHSA-8g4q-xg66-9fp4 [TargetFramework=net8.0-windows]
C:\Users\Nhan\OneDrive - Rincovitch\00. Nhan\CSharp\RincoMTO\RincoMTO.csproj : warning NU1903: Package 'System.Text.Json' 8.0.0 has a known high severity vulnerability, https://github.com/advisories/GHSA-hh2w-p6rv-4g7w [TargetFramework=net8.0-windows]
C:\Users\Nhan\OneDrive - Rincovitch\00. Nhan\CSharp\RincoMTO\RincoMTO_fsauzi5n_wpftmp.csproj : warning NU1603: RincoMTO depends on Nice3point.Revit.Api.RevitAPI (>= 2025.0.0) but Nice3point.Revit.Api.RevitAPI 2025.0.0 was not found. Nice3point.Revit.Api.RevitAPI 2025.0.2 was resolved instead. [TargetFramework=net48]
C:\Users\Nhan\OneDrive - Rincovitch\00. Nhan\CSharp\RincoMTO\RincoMTO_fsauzi5n_wpftmp.csproj : warning NU1603: RincoMTO depends on Nice3point.Revit.Api.RevitAPIUI (>= 2025.0.0) but Nice3point.Revit.Api.RevitAPIUI 2025.0.0 was not found. Nice3point.Revit.Api.RevitAPIUI 2025.0.2 was resolved instead. [TargetFramework=net48]
C:\Users\Nhan\OneDrive - Rincovitch\00. Nhan\CSharp\RincoMTO\RincoMTO_fsauzi5n_wpftmp.csproj : warning NU1903: Package 'System.IO.Packaging' 6.0.0 has a known high severity vulnerability, https://github.com/advisories/GHSA-f32c-w444-8ppv [TargetFramework=net48]
C:\Users\Nhan\OneDrive - Rincovitch\00. Nhan\CSharp\RincoMTO\RincoMTO_fsauzi5n_wpftmp.csproj : warning NU1903: Package 'System.IO.Packaging' 6.0.0 has a known high severity vulnerability, https://github.com/advisories/GHSA-qj66-m88j-hmgj [TargetFramework=net48]
C:\Users\Nhan\OneDrive - Rincovitch\00. Nhan\CSharp\RincoMTO\RincoMTO_fsauzi5n_wpftmp.csproj : warning NU1903: Package 'System.Text.Json' 8.0.0 has a known high severity vulnerability, https://github.com/advisories/GHSA-8g4q-xg66-9fp4 [TargetFramework=net48]
C:\Users\Nhan\OneDrive - Rincovitch\00. Nhan\CSharp\RincoMTO\RincoMTO_fsauzi5n_wpftmp.csproj : warning NU1903: Package 'System.Text.Json' 8.0.0 has a known high severity vulnerability, https://github.com/advisories/GHSA-hh2w-p6rv-4g7w [TargetFramework=net48]
C:\Users\Nhan\OneDrive - Rincovitch\00. Nhan\CSharp\RincoMTO\RincoMTO_djj4tpge_wpftmp.csproj : warning NU1603: RincoMTO depends on Nice3point.Revit.Api.RevitAPI (>= 2025.0.0) but Nice3point.Revit.Api.RevitAPI 2025.0.0 was not found. Nice3point.Revit.Api.RevitAPI 2025.0.2 was resolved instead. [TargetFramework=net8.0-windows]
C:\Users\Nhan\OneDrive - Rincovitch\00. Nhan\CSharp\RincoMTO\RincoMTO_djj4tpge_wpftmp.csproj : warning NU1603: RincoMTO depends on Nice3point.Revit.Api.RevitAPIUI (>= 2025.0.0) but Nice3point.Revit.Api.RevitAPIUI 2025.0.0 was not found. Nice3point.Revit.Api.RevitAPIUI 2025.0.2 was resolved instead. [TargetFramework=net8.0-windows]
C:\Users\Nhan\OneDrive - Rincovitch\00. Nhan\CSharp\RincoMTO\RincoMTO_djj4tpge_wpftmp.csproj : warning NU1903: Package 'System.IO.Packaging' 6.0.0 has a known high severity vulnerability, https://github.com/advisories/GHSA-f32c-w444-8ppv [TargetFramework=net8.0-windows]
C:\Users\Nhan\OneDrive - Rincovitch\00. Nhan\CSharp\RincoMTO\RincoMTO_djj4tpge_wpftmp.csproj : warning NU1903: Package 'System.IO.Packaging' 6.0.0 has a known high severity vulnerability, https://github.com/advisories/GHSA-qj66-m88j-hmgj [TargetFramework=net8.0-windows]
C:\Users\Nhan\OneDrive - Rincovitch\00. Nhan\CSharp\RincoMTO\RincoMTO_djj4tpge_wpftmp.csproj : warning NU1903: Package 'System.Text.Json' 8.0.0 has a known high severity vulnerability, https://github.com/advisories/GHSA-8g4q-xg66-9fp4 [TargetFramework=net8.0-windows]
C:\Users\Nhan\OneDrive - Rincovitch\00. Nhan\CSharp\RincoMTO\RincoMTO_djj4tpge_wpftmp.csproj : warning NU1903: Package 'System.Text.Json' 8.0.0 has a known high severity vulnerability, https://github.com/advisories/GHSA-hh2w-p6rv-4g7w [TargetFramework=net8.0-windows]
C:\Users\Nhan\OneDrive - Rincovitch\00. Nhan\CSharp\RincoMTO\BIMTOOL\obj\Release R26\GeneratedInternalTypeHelper.g.cs(1,1): error CS1056: Unexpected character '\0' [C:\Users\Nhan\OneDrive - Rincovitch\00. Nhan\CSharp\RincoMTO\RincoMTO_fsauzi5n_wpftmp.csproj::TargetFramework=net48]
C:\Users\Nhan\OneDrive - Rincovitch\00. Nhan\CSharp\RincoMTO\BIMTOOL\obj\Release R26\Tools\MTO Group Bar\UI\MtoGroupBarWindow.g.cs(1,1): error CS1056: Unexpected character '\0' [C:\Users\Nhan\OneDrive - Rincovitch\00. Nhan\CSharp\RincoMTO\RincoMTO_fsauzi5n_wpftmp.csproj::TargetFramework=net48]
C:\Users\Nhan\OneDrive - Rincovitch\00. Nhan\CSharp\RincoMTO\BIMTOOL\obj\Release R26\Tools\MTO Group Bar\UI\MtoGroupBarWindow.g.cs(1,2): error CS1056: Unexpected character '\0' [C:\Users\Nhan\OneDrive - Rincovitch\00. Nhan\CSharp\RincoMTO\RincoMTO_fsauzi5n_wpftmp.csproj::TargetFramework=net48]
C:\Users\Nhan\OneDrive - Rincovitch\00. Nhan\CSharp\RincoMTO\BIMTOOL\obj\Release R26\GeneratedInternalTypeHelper.g.cs(1,2): error CS1056: Unexpected character '\0' [C:\Users\Nhan\OneDrive - Rincovitch\00. Nhan\CSharp\RincoMTO\RincoMTO_fsauzi5n_wpftmp.csproj::TargetFramework=net48]
C:\Users\Nhan\OneDrive - Rincovitch\00. Nhan\CSharp\RincoMTO\BIMTOOL\obj\Release R26\GeneratedInternalTypeHelper.g.cs(1,3): error CS1056: Unexpected character '\0' [C:\Users\Nhan\OneDrive - Rincovitch\00. Nhan\CSharp\RincoMTO\RincoMTO_fsauzi5n_wpftmp.csproj::TargetFramework=net48]
C:\Users\Nhan\OneDrive - Rincovitch\00. Nhan\CSharp\RincoMTO\BIMTOOL\obj\Release R26\Tools\MTO Group Bar\UI\MtoGroupBarWindow.g.cs(1,3): error CS1056: Unexpected character '\0' [C:\Users\Nhan\OneDrive - Rincovitch\00. Nhan\CSharp\RincoMTO\RincoMTO_fsauzi5n_wpftmp.csproj::TargetFramework=net48]
C:\Users\Nhan\OneDrive - Rincovitch\00. Nhan\CSharp\RincoMTO\BIMTOOL\obj\Release R26\GeneratedInternalTypeHelper.g.cs(1,4): error CS1056: Unexpected character '\0' [C:\Users\Nhan\OneDrive - Rincovitch\00. Nhan\CSharp\RincoMTO\RincoMTO_fsauzi5n_wpftmp.csproj::TargetFramework=net48]
C:\Users\Nhan\OneDrive - Rincovitch\00. Nhan\CSharp\RincoMTO\BIMTOOL\obj\Release R26\Tools\MTO Group Bar\UI\MtoGroupBarWindow.g.cs(1,4): error CS1056: Unexpected character '\0' [C:\Users\Nhan\OneDrive - Rincovitch\00. Nhan\CSharp\RincoMTO\RincoMTO_fsauzi5n_wpftmp.csproj::TargetFramework=net48]
C:\Users\Nhan\OneDrive - Rincovitch\00. Nhan\CSharp\RincoMTO\BIMTOOL\obj\Release R26\GeneratedInternalTypeHelper.g.cs(1,5): error CS1056: Unexpected character '\0' [C:\Users\Nhan\OneDrive - Rincovitch\00. Nhan\CSharp\RincoMTO\RincoMTO_fsauzi5n_wpftmp.csproj::TargetFramework=net48]
C:\Users\Nhan\OneDrive - Rincovitch\00. Nhan\CSharp\RincoMTO\BIMTOOL\obj\Release R26\Tools\MTO Group Bar\UI\MtoGroupBarWindow.g.cs(1,5): error CS1056: Unexpected character '\0' [C:\Users\Nhan\OneDrive - Rincovitch\00. Nhan\CSharp\RincoMTO\RincoMTO_fsauzi5n_wpftmp.csproj::TargetFramework=net48]
C:\Users\Nhan\OneDrive - Rincovitch\00. Nhan\CSharp\RincoMTO\BIMTOOL\obj\Release R26\GeneratedInternalTypeHelper.g.cs(1,6): error CS1056: Unexpected character '\0' [C:\Users\Nhan\OneDrive - Rincovitch\00. Nhan\CSharp\RincoMTO\RincoMTO_fsauzi5n_wpftmp.csproj::TargetFramework=net48]
C:\Users\Nhan\OneDrive - Rincovitch\00. Nhan\CSharp\RincoMTO\BIMTOOL\obj\Release R26\Tools\MTO Group Bar\UI\MtoGroupBarWindow.g.cs(1,6): error CS1056: Unexpected character '\0' [C:\Users\Nhan\OneDrive - Rincovitch\00. Nhan\CSharp\RincoMTO\RincoMTO_fsauzi5n_wpftmp.csproj::TargetFramework=net48]
C:\Users\Nhan\OneDrive - Rincovitch\00. Nhan\CSharp\RincoMTO\BIMTOOL\obj\Release R26\GeneratedInternalTypeHelper.g.cs(1,7): error CS1056: Unexpected character '\0' [C:\Users\Nhan\OneDrive - Rincovitch\00. Nhan\CSharp\RincoMTO\RincoMTO_fsauzi5n_wpftmp.csproj::TargetFramework=net48]
C:\Users\Nhan\OneDrive - Rincovitch\00. Nhan\CSharp\RincoMTO\BIMTOOL\obj\Release R26\Tools\MTO Group Bar\UI\MtoGroupBarWindow.g.cs(1,7): error CS1056: Unexpected character '\0' [C:\Users\Nhan\OneDrive - Rincovitch\00. Nhan\CSharp\RincoMTO\RincoMTO_fsauzi5n_wpftmp.csproj::TargetFramework=net48]
C:\Users\Nhan\OneDrive - Rincovitch\00. Nhan\CSharp\RincoMTO\BIMTOOL\obj\Release R26\Tools\MTO Group Bar\UI\MtoGroupBarWindow.g.cs(1,8): error CS1056: Unexpected character '\0' [C:\Users\Nhan\OneDrive - Rincovitch\00. Nhan\CSharp\RincoMTO\RincoMTO_fsauzi5n_wpftmp.csproj::TargetFramework=net48]
C:\Users\Nhan\OneDrive - Rincovitch\00. Nhan\CSharp\RincoMTO\BIMTOOL\obj\Release R26\Tools\MTO Group Bar\UI\MtoGroupBarWindow.g.cs(1,9): error CS1056: Unexpected character '\0' [C:\Users\Nhan\OneDrive - Rincovitch\00. Nhan\CSharp\RincoMTO\RincoMTO_fsauzi5n_wpftmp.csproj::TargetFramework=net48]
C:\Users\Nhan\OneDrive - Rincovitch\00. Nhan\CSharp\RincoMTO\BIMTOOL\obj\Release R26\Tools\MTO Group Bar\UI\MtoGroupBarWindow.g.cs(1,10): error CS1056: Unexpected character '\0' [C:\Users\Nhan\OneDrive - Rincovitch\00. Nhan\CSharp\RincoMTO\RincoMTO_fsauzi5n_wpftmp.csproj::TargetFramework=net48]
C:\Users\Nhan\OneDrive - Rincovitch\00. Nhan\CSharp\RincoMTO\BIMTOOL\obj\Release R26\Tools\MTO Group Bar\UI\MtoGroupBarWindow.g.cs(1,11): error CS1056: Unexpected character '\0' [C:\Users\Nhan\OneDrive - Rincovitch\00. Nhan\CSharp\RincoMTO\RincoMTO_fsauzi5n_wpftmp.csproj::TargetFramework=net48]
C:\Users\Nhan\OneDrive - Rincovitch\00. Nhan\CSharp\RincoMTO\BIMTOOL\obj\Release R26\Tools\MTO Group Bar\UI\MtoGroupBarWindow.g.cs(1,12): error CS1056: Unexpected character '\0' [C:\Users\Nhan\OneDrive - Rincovitch\00. Nhan\CSharp\RincoMTO\RincoMTO_fsauzi5n_wpftmp.csproj::TargetFramework=net48]
C:\Users\Nhan\OneDrive - Rincovitch\00. Nhan\CSharp\RincoMTO\BIMTOOL\obj\Release R26\Tools\MTO Group Bar\UI\MtoGroupBarWindow.g.cs(1,13): error CS1056: Unexpected character '\0' [C:\Users\Nhan\OneDrive - Rincovitch\00. Nhan\CSharp\RincoMTO\RincoMTO_fsauzi5n_wpftmp.csproj::TargetFramework=net48]
C:\Users\Nhan\OneDrive - Rincovitch\00. Nhan\CSharp\RincoMTO\BIMTOOL\obj\Release R26\Tools\MTO Group Bar\UI\MtoGroupBarWindow.g.cs(1,14): error CS1056: Unexpected character '\0' [C:\Users\Nhan\OneDrive - Rincovitch\00. Nhan\CSharp\RincoMTO\RincoMTO_fsauzi5n_wpftmp.csproj::TargetFramework=net48]
C:\Users\Nhan\OneDrive - Rincovitch\00. Nhan\CSharp\RincoMTO\BIMTOOL\obj\Release R26\Tools\MTO Group Bar\UI\MtoGroupBarWindow.g.cs(1,15): error CS1056: Unexpected character '\0' [C:\Users\Nhan\OneDrive - Rincovitch\00. Nhan\CSharp\RincoMTO\RincoMTO_fsauzi5n_wpftmp.csproj::TargetFramework=net48]
C:\Users\Nhan\OneDrive - Rincovitch\00. Nhan\CSharp\RincoMTO\BIMTOOL\obj\Release R26\Tools\MTO Group Bar\UI\MtoGroupBarWindow.g.cs(1,16): error CS1056: Unexpected character '\0' [C:\Users\Nhan\OneDrive - Rincovitch\00. Nhan\CSharp\RincoMTO\RincoMTO_fsauzi5n_wpftmp.csproj::TargetFramework=net48]
C:\Users\Nhan\OneDrive - Rincovitch\00. Nhan\CSharp\RincoMTO\BIMTOOL\obj\Release R26\Tools\MTO Group Bar\UI\MtoGroupBarWindow.g.cs(1,17): error CS1056: Unexpected character '\0' [C:\Users\Nhan\OneDrive - Rincovitch\00. Nhan\CSharp\RincoMTO\RincoMTO_fsauzi5n_wpftmp.csproj::TargetFramework=net48]
C:\Users\Nhan\OneDrive - Rincovitch\00. Nhan\CSharp\RincoMTO\BIMTOOL\obj\Release R26\Tools\MTO Group Bar\UI\MtoGroupBarWindow.g.cs(1,18): error CS1056: Unexpected character '\0' [C:\Users\Nhan\OneDrive - Rincovitch\00. Nhan\CSharp\RincoMTO\RincoMTO_fsauzi5n_wpftmp.csproj::TargetFramework=net48]
C:\Users\Nhan\OneDrive - Rincovitch\00. Nhan\CSharp\RincoMTO\BIMTOOL\obj\Release R26\Tools\MTO Group Bar\UI\MtoGroupBarWindow.g.cs(1,19): error CS1056: Unexpected character '\0' [C:\Users\Nhan\OneDrive - Rincovitch\00. Nhan\CSharp\RincoMTO\RincoMTO_fsauzi5n_wpftmp.csproj::TargetFramework=net48]
C:\Users\Nhan\OneDrive - Rincovitch\00. Nhan\CSharp\RincoMTO\BIMTOOL\obj\Release R26\Tools\MTO Group Bar\UI\MtoGroupBarWindow.g.cs(1,20): error CS1056: Unexpected character '\0' [C:\Users\Nhan\OneDrive - Rincovitch\00. Nhan\CSharp\RincoMTO\RincoMTO_fsauzi5n_wpftmp.csproj::TargetFramework=net48]
C:\Users\Nhan\OneDrive - Rincovitch\00. Nhan\CSharp\RincoMTO\BIMTOOL\obj\Release R26\Tools\MTO Group Bar\UI\MtoGroupBarWindow.g.cs(1,21): error CS1056: Unexpected character '\0' [C:\Users\Nhan\OneDrive - Rincovitch\00. Nhan\CSharp\RincoMTO\RincoMTO_fsauzi5n_wpftmp.csproj::TargetFramework=net48]
C:\Users\Nhan\OneDrive - Rincovitch\00. Nhan\CSharp\RincoMTO\BIMTOOL\obj\Release R26\Tools\MTO Group Bar\UI\MtoGroupBarWindow.g.cs(1,22): error CS1056: Unexpected character '\0' [C:\Users\Nhan\OneDrive - Rincovitch\00. Nhan\CSharp\RincoMTO\RincoMTO_fsauzi5n_wpftmp.csproj::TargetFramework=net48]
C:\Users\Nhan\OneDrive - Rincovitch\00. Nhan\CSharp\RincoMTO\BIMTOOL\obj\Release R26\Tools\MTO Group Bar\UI\MtoGroupBarWindow.g.cs(1,23): error CS1056: Unexpected character '\0' [C:\Users\Nhan\OneDrive - Rincovitch\00. Nhan\CSharp\RincoMTO\RincoMTO_fsauzi5n_wpftmp.csproj::TargetFramework=net48]
C:\Users\Nhan\OneDrive - Rincovitch\00. Nhan\CSharp\RincoMTO\BIMTOOL\obj\Release R26\RincoMTO.AssemblyInfo.cs(1,1): error CS1056: Unexpected character '\0' [C:\Users\Nhan\OneDrive - Rincovitch\00. Nhan\CSharp\RincoMTO\RincoMTO_fsauzi5n_wpftmp.csproj::TargetFramework=net48]
C:\Users\Nhan\OneDrive - Rincovitch\00. Nhan\CSharp\RincoMTO\BIMTOOL\obj\Release R26\Tools\MTO Group Bar\UI\MtoGroupBarWindow.g.cs(1,24): error CS1056: Unexpected character '\0' [C:\Users\Nhan\OneDrive - Rincovitch\00. Nhan\CSharp\RincoMTO\RincoMTO_fsauzi5n_wpftmp.csproj::TargetFramework=net48]
C:\Users\Nhan\OneDrive - Rincovitch\00. Nhan\CSharp\RincoMTO\BIMTOOL\obj\Release R26\RincoMTO.AssemblyInfo.cs(1,2): error CS1056: Unexpected character '\0' [C:\Users\Nhan\OneDrive - Rincovitch\00. Nhan\CSharp\RincoMTO\RincoMTO_fsauzi5n_wpftmp.csproj::TargetFramework=net48]
C:\Users\Nhan\OneDrive - Rincovitch\00. Nhan\CSharp\RincoMTO\BIMTOOL\obj\Release R26\RincoMTO.AssemblyInfo.cs(1,3): error CS1056: Unexpected character '\0' [C:\Users\Nhan\OneDrive - Rincovitch\00. Nhan\CSharp\RincoMTO\RincoMTO_fsauzi5n_wpftmp.csproj::TargetFramework=net48]
C:\Users\Nhan\OneDrive - Rincovitch\00. Nhan\CSharp\RincoMTO\BIMTOOL\obj\Release R26\Tools\MTO Group Bar\UI\MtoGroupBarWindow.g.cs(1,25): error CS1056: Unexpected character '\0' [C:\Users\Nhan\OneDrive - Rincovitch\00. Nhan\CSharp\RincoMTO\RincoMTO_fsauzi5n_wpftmp.csproj::TargetFramework=net48]
C:\Users\Nhan\OneDrive - Rincovitch\00. Nhan\CSharp\RincoMTO\BIMTOOL\obj\Release R26\RincoMTO.AssemblyInfo.cs(1,4): error CS1056: Unexpected character '\0' [C:\Users\Nhan\OneDrive - Rincovitch\00. Nhan\CSharp\RincoMTO\RincoMTO_fsauzi5n_wpftmp.csproj::TargetFramework=net48]
C:\Users\Nhan\OneDrive - Rincovitch\00. Nhan\CSharp\RincoMTO\BIMTOOL\obj\Release R26\Tools\MTO Group Bar\UI\MtoGroupBarWindow.g.cs(1,26): error CS1056: Unexpected character '\0' [C:\Users\Nhan\OneDrive - Rincovitch\00. Nhan\CSharp\RincoMTO\RincoMTO_fsauzi5n_wpftmp.csproj::TargetFramework=net48]
C:\Users\Nhan\OneDrive - Rincovitch\00. Nhan\CSharp\RincoMTO\BIMTOOL\obj\Release R26\RincoMTO.AssemblyInfo.cs(1,5): error CS1056: Unexpected character '\0' [C:\Users\Nhan\OneDrive - Rincovitch\00. Nhan\CSharp\RincoMTO\RincoMTO_fsauzi5n_wpftmp.csproj::TargetFramework=net48]
C:\Users\Nhan\OneDrive - Rincovitch\00. Nhan\CSharp\RincoMTO\BIMTOOL\obj\Release R26\RincoMTO.AssemblyInfo.cs(1,6): error CS1056: Unexpected character '\0' [C:\Users\Nhan\OneDrive - Rincovitch\00. Nhan\CSharp\RincoMTO\RincoMTO_fsauzi5n_wpftmp.csproj::TargetFramework=net48]
C:\Users\Nhan\OneDrive - Rincovitch\00. Nhan\CSharp\RincoMTO\BIMTOOL\obj\Release R26\Tools\MTO Group Bar\UI\MtoGroupBarWindow.g.cs(1,27): error CS1056: Unexpected character '\0' [C:\Users\Nhan\OneDrive - Rincovitch\00. Nhan\CSharp\RincoMTO\RincoMTO_fsauzi5n_wpftmp.csproj::TargetFramework=net48]
C:\Users\Nhan\OneDrive - Rincovitch\00. Nhan\CSharp\RincoMTO\BIMTOOL\obj\Release R26\RincoMTO.AssemblyInfo.cs(1,7): error CS1056: Unexpected character '\0' [C:\Users\Nhan\OneDrive - Rincovitch\00. Nhan\CSharp\RincoMTO\RincoMTO_fsauzi5n_wpftmp.csproj::TargetFramework=net48]
C:\Users\Nhan\OneDrive - Rincovitch\00. Nhan\CSharp\RincoMTO\BIMTOOL\obj\Release R26\Tools\MTO Group Bar\UI\MtoGroupBarWindow.g.cs(1,28): error CS1056: Unexpected character '\0' [C:\Users\Nhan\OneDrive - Rincovitch\00. Nhan\CSharp\RincoMTO\RincoMTO_fsauzi5n_wpftmp.csproj::TargetFramework=net48]
C:\Users\Nhan\OneDrive - Rincovitch\00. Nhan\CSharp\RincoMTO\BIMTOOL\obj\Release R26\RincoMTO.AssemblyInfo.cs(1,8): error CS1056: Unexpected character '\0' [C:\Users\Nhan\OneDrive - Rincovitch\00. Nhan\CSharp\RincoMTO\RincoMTO_fsauzi5n_wpftmp.csproj::TargetFramework=net48]
C:\Users\Nhan\OneDrive - Rincovitch\00. Nhan\CSharp\RincoMTO\BIMTOOL\obj\Release R26\Tools\MTO Group Bar\UI\MtoGroupBarWindow.g.cs(1,29): error CS1056: Unexpected character '\0' [C:\Users\Nhan\OneDrive - Rincovitch\00. Nhan\CSharp\RincoMTO\RincoMTO_fsauzi5n_wpftmp.csproj::TargetFramework=net48]
C:\Users\Nhan\OneDrive - Rincovitch\00. Nhan\CSharp\RincoMTO\BIMTOOL\obj\Release R26\RincoMTO.AssemblyInfo.cs(1,9): error CS1056: Unexpected character '\0' [C:\Users\Nhan\OneDrive - Rincovitch\00. Nhan\CSharp\RincoMTO\RincoMTO_fsauzi5n_wpftmp.csproj::TargetFramework=net48]
C:\Users\Nhan\OneDrive - Rincovitch\00. Nhan\CSharp\RincoMTO\BIMTOOL\obj\Release R26\RincoMTO.AssemblyInfo.cs(1,10): error CS1056: Unexpected character '\0' [C:\Users\Nhan\OneDrive - Rincovitch\00. Nhan\CSharp\RincoMTO\RincoMTO_fsauzi5n_wpftmp.csproj::TargetFramework=net48]
C:\Users\Nhan\OneDrive - Rincovitch\00. Nhan\CSharp\RincoMTO\BIMTOOL\obj\Release R26\Tools\MTO Group Bar\UI\MtoGroupBarWindow.g.cs(1,30): error CS1056: Unexpected character '\0' [C:\Users\Nhan\OneDrive - Rincovitch\00. Nhan\CSharp\RincoMTO\RincoMTO_fsauzi5n_wpftmp.csproj::TargetFramework=net48]
C:\Users\Nhan\OneDrive - Rincovitch\00. Nhan\CSharp\RincoMTO\BIMTOOL\obj\Release R26\RincoMTO.AssemblyInfo.cs(1,11): error CS1056: Unexpected character '\0' [C:\Users\Nhan\OneDrive - Rincovitch\00. Nhan\CSharp\RincoMTO\RincoMTO_fsauzi5n_wpftmp.csproj::TargetFramework=net48]
C:\Users\Nhan\OneDrive - Rincovitch\00. Nhan\CSharp\RincoMTO\BIMTOOL\obj\Release R26\Tools\MTO Group Bar\UI\MtoGroupBarWindow.g.cs(1,31): error CS1056: Unexpected character '\0' [C:\Users\Nhan\OneDrive - Rincovitch\00. Nhan\CSharp\RincoMTO\RincoMTO_fsauzi5n_wpftmp.csproj::TargetFramework=net48]
C:\Users\Nhan\OneDrive - Rincovitch\00. Nhan\CSharp\RincoMTO\BIMTOOL\obj\Release R26\RincoMTO.AssemblyInfo.cs(1,12): error CS1056: Unexpected character '\0' [C:\Users\Nhan\OneDrive - Rincovitch\00. Nhan\CSharp\RincoMTO\RincoMTO_fsauzi5n_wpftmp.csproj::TargetFramework=net48]
C:\Users\Nhan\OneDrive - Rincovitch\00. Nhan\CSharp\RincoMTO\BIMTOOL\obj\Release R26\Tools\MTO Group Bar\UI\MtoGroupBarWindow.g.cs(1,32): error CS1056: Unexpected character '\0' [C:\Users\Nhan\OneDrive - Rincovitch\00. Nhan\CSharp\RincoMTO\RincoMTO_fsauzi5n_wpftmp.csproj::TargetFramework=net48]
C:\Users\Nhan\OneDrive - Rincovitch\00. Nhan\CSharp\RincoMTO\BIMTOOL\obj\Release R26\RincoMTO.AssemblyInfo.cs(1,13): error CS1056: Unexpected character '\0' [C:\Users\Nhan\OneDrive - Rincovitch\00. Nhan\CSharp\RincoMTO\RincoMTO_fsauzi5n_wpftmp.csproj::TargetFramework=net48]
C:\Users\Nhan\OneDrive - Rincovitch\00. Nhan\CSharp\RincoMTO\BIMTOOL\obj\Release R26\Tools\MTO Group Bar\UI\MtoGroupBarWindow.g.cs(1,33): error CS1056: Unexpected character '\0' [C:\Users\Nhan\OneDrive - Rincovitch\00. Nhan\CSharp\RincoMTO\RincoMTO_fsauzi5n_wpftmp.csproj::TargetFramework=net48]
C:\Users\Nhan\OneDrive - Rincovitch\00. Nhan\CSharp\RincoMTO\BIMTOOL\obj\Release R26\RincoMTO.AssemblyInfo.cs(1,14): error CS1056: Unexpected character '\0' [C:\Users\Nhan\OneDrive - Rincovitch\00. Nhan\CSharp\RincoMTO\RincoMTO_fsauzi5n_wpftmp.csproj::TargetFramework=net48]
C:\Users\Nhan\OneDrive - Rincovitch\00. Nhan\CSharp\RincoMTO\BIMTOOL\obj\Release R26\RincoMTO.AssemblyInfo.cs(1,15): error CS1056: Unexpected character '\0' [C:\Users\Nhan\OneDrive - Rincovitch\00. Nhan\CSharp\RincoMTO\RincoMTO_fsauzi5n_wpftmp.csproj::TargetFramework=net48]
C:\Users\Nhan\OneDrive - Rincovitch\00. Nhan\CSharp\RincoMTO\BIMTOOL\obj\Release R26\RincoMTO.AssemblyInfo.cs(1,16): error CS1056: Unexpected character '\0' [C:\Users\Nhan\OneDrive - Rincovitch\00. Nhan\CSharp\RincoMTO\RincoMTO_fsauzi5n_wpftmp.csproj::TargetFramework=net48]
C:\Users\Nhan\OneDrive - Rincovitch\00. Nhan\CSharp\RincoMTO\BIMTOOL\obj\Release R26\Tools\MTO Group Bar\UI\MtoGroupBarWindow.g.cs(1,34): error CS1056: Unexpected character '\0' [C:\Users\Nhan\OneDrive - Rincovitch\00. Nhan\CSharp\RincoMTO\RincoMTO_fsauzi5n_wpftmp.csproj::TargetFramework=net48]
C:\Users\Nhan\OneDrive - Rincovitch\00. Nhan\CSharp\RincoMTO\BIMTOOL\obj\Release R26\RincoMTO.AssemblyInfo.cs(1,17): error CS1056: Unexpected character '\0' [C:\Users\Nhan\OneDrive - Rincovitch\00. Nhan\CSharp\RincoMTO\RincoMTO_fsauzi5n_wpftmp.csproj::TargetFramework=net48]
C:\Users\Nhan\OneDrive - Rincovitch\00. Nhan\CSharp\RincoMTO\BIMTOOL\obj\Release R26\RincoMTO.AssemblyInfo.cs(1,18): error CS1056: Unexpected character '\0' [C:\Users\Nhan\OneDrive - Rincovitch\00. Nhan\CSharp\RincoMTO\RincoMTO_fsauzi5n_wpftmp.csproj::TargetFramework=net48]
C:\Users\Nhan\OneDrive - Rincovitch\00. Nhan\CSharp\RincoMTO\BIMTOOL\obj\Release R26\Tools\MTO Group Bar\UI\MtoGroupBarWindow.g.cs(1,35): error CS1056: Unexpected character '\0' [C:\Users\Nhan\OneDrive - Rincovitch\00. Nhan\CSharp\RincoMTO\RincoMTO_fsauzi5n_wpftmp.csproj::TargetFramework=net48]
C:\Users\Nhan\OneDrive - Rincovitch\00. Nhan\CSharp\RincoMTO\BIMTOOL\obj\Release R26\RincoMTO.AssemblyInfo.cs(1,19): error CS1056: Unexpected character '\0' [C:\Users\Nhan\OneDrive - Rincovitch\00. Nhan\CSharp\RincoMTO\RincoMTO_fsauzi5n_wpftmp.csproj::TargetFramework=net48]
C:\Users\Nhan\OneDrive - Rincovitch\00. Nhan\CSharp\RincoMTO\BIMTOOL\obj\Release R26\Tools\MTO Group Bar\UI\MtoGroupBarWindow.g.cs(1,36): error CS1056: Unexpected character '\0' [C:\Users\Nhan\OneDrive - Rincovitch\00. Nhan\CSharp\RincoMTO\RincoMTO_fsauzi5n_wpftmp.csproj::TargetFramework=net48]
C:\Users\Nhan\OneDrive - Rincovitch\00. Nhan\CSharp\RincoMTO\BIMTOOL\obj\Release R26\RincoMTO.AssemblyInfo.cs(1,20): error CS1056: Unexpected character '\0' [C:\Users\Nhan\OneDrive - Rincovitch\00. Nhan\CSharp\RincoMTO\RincoMTO_fsauzi5n_wpftmp.csproj::TargetFramework=net48]
C:\Users\Nhan\OneDrive - Rincovitch\00. Nhan\CSharp\RincoMTO\BIMTOOL\obj\Release R26\Tools\MTO Group Bar\UI\MtoGroupBarWindow.g.cs(1,37): error CS1056: Unexpected character '\0' [C:\Users\Nhan\OneDrive - Rincovitch\00. Nhan\CSharp\RincoMTO\RincoMTO_fsauzi5n_wpftmp.csproj::TargetFramework=net48]
C:\Users\Nhan\OneDrive - Rincovitch\00. Nhan\CSharp\RincoMTO\BIMTOOL\obj\Release R26\RincoMTO.AssemblyInfo.cs(1,21): error CS1056: Unexpected character '\0' [C:\Users\Nhan\OneDrive - Rincovitch\00. Nhan\CSharp\RincoMTO\RincoMTO_fsauzi5n_wpftmp.csproj::TargetFramework=net48]
C:\Users\Nhan\OneDrive - Rincovitch\00. Nhan\CSharp\RincoMTO\BIMTOOL\obj\Release R26\RincoMTO.AssemblyInfo.cs(1,22): error CS1056: Unexpected character '\0' [C:\Users\Nhan\OneDrive - Rincovitch\00. Nhan\CSharp\RincoMTO\RincoMTO_fsauzi5n_wpftmp.csproj::TargetFramework=net48]
C:\Users\Nhan\OneDrive - Rincovitch\00. Nhan\CSharp\RincoMTO\BIMTOOL\obj\Release R26\Tools\MTO Group Bar\UI\MtoGroupBarWindow.g.cs(1,38): error CS1056: Unexpected character '\0' [C:\Users\Nhan\OneDrive - Rincovitch\00. Nhan\CSharp\RincoMTO\RincoMTO_fsauzi5n_wpftmp.csproj::TargetFramework=net48]
C:\Users\Nhan\OneDrive - Rincovitch\00. Nhan\CSharp\RincoMTO\BIMTOOL\obj\Release R26\RincoMTO.AssemblyInfo.cs(1,23): error CS1056: Unexpected character '\0' [C:\Users\Nhan\OneDrive - Rincovitch\00. Nhan\CSharp\RincoMTO\RincoMTO_fsauzi5n_wpftmp.csproj::TargetFramework=net48]
C:\Users\Nhan\OneDrive - Rincovitch\00. Nhan\CSharp\RincoMTO\BIMTOOL\obj\Release R26\Tools\MTO Group Bar\UI\MtoGroupBarWindow.g.cs(1,39): error CS1056: Unexpected character '\0' [C:\Users\Nhan\OneDrive - Rincovitch\00. Nhan\CSharp\RincoMTO\RincoMTO_fsauzi5n_wpftmp.csproj::TargetFramework=net48]
C:\Users\Nhan\OneDrive - Rincovitch\00. Nhan\CSharp\RincoMTO\BIMTOOL\obj\Release R26\RincoMTO.AssemblyInfo.cs(1,24): error CS1056: Unexpected character '\0' [C:\Users\Nhan\OneDrive - Rincovitch\00. Nhan\CSharp\RincoMTO\RincoMTO_fsauzi5n_wpftmp.csproj::TargetFramework=net48]
C:\Users\Nhan\OneDrive - Rincovitch\00. Nhan\CSharp\RincoMTO\BIMTOOL\obj\Release R26\Tools\MTO Group Bar\UI\MtoGroupBarWindow.g.cs(1,40): error CS1056: Unexpected character '\0' [C:\Users\Nhan\OneDrive - Rincovitch\00. Nhan\CSharp\RincoMTO\RincoMTO_fsauzi5n_wpftmp.csproj::TargetFramework=net48]
C:\Users\Nhan\OneDrive - Rincovitch\00. Nhan\CSharp\RincoMTO\BIMTOOL\obj\Release R26\RincoMTO.AssemblyInfo.cs(1,25): error CS1056: Unexpected character '\0' [C:\Users\Nhan\OneDrive - Rincovitch\00. Nhan\CSharp\RincoMTO\RincoMTO_fsauzi5n_wpftmp.csproj::TargetFramework=net48]
C:\Users\Nhan\OneDrive - Rincovitch\00. Nhan\CSharp\RincoMTO\BIMTOOL\obj\Release R26\RincoMTO.AssemblyInfo.cs(1,26): error CS1056: Unexpected character '\0' [C:\Users\Nhan\OneDrive - Rincovitch\00. Nhan\CSharp\RincoMTO\RincoMTO_fsauzi5n_wpftmp.csproj::TargetFramework=net48]
C:\Users\Nhan\OneDrive - Rincovitch\00. Nhan\CSharp\RincoMTO\BIMTOOL\obj\Release R26\Tools\MTO Group Bar\UI\MtoGroupBarWindow.g.cs(1,41): error CS1056: Unexpected character '\0' [C:\Users\Nhan\OneDrive - Rincovitch\00. Nhan\CSharp\RincoMTO\RincoMTO_fsauzi5n_wpftmp.csproj::TargetFramework=net48]
C:\Users\Nhan\OneDrive - Rincovitch\00. Nhan\CSharp\RincoMTO\BIMTOOL\obj\Release R26\Tools\MTO Group Bar\UI\MtoGroupBarWindow.g.cs(1,42): error CS1056: Unexpected character '\0' [C:\Users\Nhan\OneDrive - Rincovitch\00. Nhan\CSharp\RincoMTO\RincoMTO_fsauzi5n_wpftmp.csproj::TargetFramework=net48]
C:\Users\Nhan\OneDrive - Rincovitch\00. Nhan\CSharp\RincoMTO\BIMTOOL\obj\Release R26\RincoMTO.AssemblyInfo.cs(1,27): error CS1056: Unexpected character '\0' [C:\Users\Nhan\OneDrive - Rincovitch\00. Nhan\CSharp\RincoMTO\RincoMTO_fsauzi5n_wpftmp.csproj::TargetFramework=net48]
C:\Users\Nhan\OneDrive - Rincovitch\00. Nhan\CSharp\RincoMTO\BIMTOOL\obj\Release R26\RincoMTO.AssemblyInfo.cs(1,28): error CS1056: Unexpected character '\0' [C:\Users\Nhan\OneDrive - Rincovitch\00. Nhan\CSharp\RincoMTO\RincoMTO_fsauzi5n_wpftmp.csproj::TargetFramework=net48]
C:\Users\Nhan\OneDrive - Rincovitch\00. Nhan\CSharp\RincoMTO\BIMTOOL\obj\Release R26\Tools\MTO Group Bar\UI\MtoGroupBarWindow.g.cs(1,43): error CS1056: Unexpected character '\0' [C:\Users\Nhan\OneDrive - Rincovitch\00. Nhan\CSharp\RincoMTO\RincoMTO_fsauzi5n_wpftmp.csproj::TargetFramework=net48]
C:\Users\Nhan\OneDrive - Rincovitch\00. Nhan\CSharp\RincoMTO\BIMTOOL\obj\Release R26\RincoMTO.AssemblyInfo.cs(1,29): error CS1056: Unexpected character '\0' [C:\Users\Nhan\OneDrive - Rincovitch\00. Nhan\CSharp\RincoMTO\RincoMTO_fsauzi5n_wpftmp.csproj::TargetFramework=net48]
C:\Users\Nhan\OneDrive - Rincovitch\00. Nhan\CSharp\RincoMTO\BIMTOOL\obj\Release R26\Tools\MTO Group Bar\UI\MtoGroupBarWindow.g.cs(1,44): error CS1056: Unexpected character '\0' [C:\Users\Nhan\OneDrive - Rincovitch\00. Nhan\CSharp\RincoMTO\RincoMTO_fsauzi5n_wpftmp.csproj::TargetFramework=net48]
C:\Users\Nhan\OneDrive - Rincovitch\00. Nhan\CSharp\RincoMTO\BIMTOOL\obj\Release R26\RincoMTO.AssemblyInfo.cs(1,30): error CS1056: Unexpected character '\0' [C:\Users\Nhan\OneDrive - Rincovitch\00. Nhan\CSharp\RincoMTO\RincoMTO_fsauzi5n_wpftmp.csproj::TargetFramework=net48]
C:\Users\Nhan\OneDrive - Rincovitch\00. Nhan\CSharp\RincoMTO\BIMTOOL\obj\Release R26\RincoMTO.AssemblyInfo.cs(1,31): error CS1056: Unexpected character '\0' [C:\Users\Nhan\OneDrive - Rincovitch\00. Nhan\CSharp\RincoMTO\RincoMTO_fsauzi5n_wpftmp.csproj::TargetFramework=net48]
C:\Users\Nhan\OneDrive - Rincovitch\00. Nhan\CSharp\RincoMTO\BIMTOOL\obj\Release R26\Tools\MTO Group Bar\UI\MtoGroupBarWindow.g.cs(1,45): error CS1056: Unexpected character '\0' [C:\Users\Nhan\OneDrive - Rincovitch\00. Nhan\CSharp\RincoMTO\RincoMTO_fsauzi5n_wpftmp.csproj::TargetFramework=net48]
C:\Users\Nhan\OneDrive - Rincovitch\00. Nhan\CSharp\RincoMTO\BIMTOOL\obj\Release R26\RincoMTO.AssemblyInfo.cs(1,32): error CS1056: Unexpected character '\0' [C:\Users\Nhan\OneDrive - Rincovitch\00. Nhan\CSharp\RincoMTO\RincoMTO_fsauzi5n_wpftmp.csproj::TargetFramework=net48]
C:\Users\Nhan\OneDrive - Rincovitch\00. Nhan\CSharp\RincoMTO\BIMTOOL\obj\Release R26\Tools\MTO Group Bar\UI\MtoGroupBarWindow.g.cs(1,46): error CS1056: Unexpected character '\0' [C:\Users\Nhan\OneDrive - Rincovitch\00. Nhan\CSharp\RincoMTO\RincoMTO_fsauzi5n_wpftmp.csproj::TargetFramework=net48]
C:\Users\Nhan\OneDrive - Rincovitch\00. Nhan\CSharp\RincoMTO\BIMTOOL\obj\Release R26\RincoMTO.AssemblyInfo.cs(1,33): error CS1056: Unexpected character '\0' [C:\Users\Nhan\OneDrive - Rincovitch\00. Nhan\CSharp\RincoMTO\RincoMTO_fsauzi5n_wpftmp.csproj::TargetFramework=net48]
C:\Users\Nhan\OneDrive - Rincovitch\00. Nhan\CSharp\RincoMTO\BIMTOOL\obj\Release R26\Tools\MTO Group Bar\UI\MtoGroupBarWindow.g.cs(1,47): error CS1056: Unexpected character '\0' [C:\Users\Nhan\OneDrive - Rincovitch\00. Nhan\CSharp\RincoMTO\RincoMTO_fsauzi5n_wpftmp.csproj::TargetFramework=net48]
C:\Users\Nhan\OneDrive - Rincovitch\00. Nhan\CSharp\RincoMTO\BIMTOOL\obj\Release R26\RincoMTO.AssemblyInfo.cs(1,34): error CS1056: Unexpected character '\0' [C:\Users\Nhan\OneDrive - Rincovitch\00. Nhan\CSharp\RincoMTO\RincoMTO_fsauzi5n_wpftmp.csproj::TargetFramework=net48]
C:\Users\Nhan\OneDrive - Rincovitch\00. Nhan\CSharp\RincoMTO\BIMTOOL\obj\Release R26\Tools\MTO Group Bar\UI\MtoGroupBarWindow.g.cs(1,48): error CS1056: Unexpected character '\0' [C:\Users\Nhan\OneDrive - Rincovitch\00. Nhan\CSharp\RincoMTO\RincoMTO_fsauzi5n_wpftmp.csproj::TargetFramework=net48]
C:\Users\Nhan\OneDrive - Rincovitch\00. Nhan\CSharp\RincoMTO\BIMTOOL\obj\Release R26\RincoMTO.AssemblyInfo.cs(1,35): error CS1056: Unexpected character '\0' [C:\Users\Nhan\OneDrive - Rincovitch\00. Nhan\CSharp\RincoMTO\RincoMTO_fsauzi5n_wpftmp.csproj::TargetFramework=net48]
C:\Users\Nhan\OneDrive - Rincovitch\00. Nhan\CSharp\RincoMTO\BIMTOOL\obj\Release R26\Tools\MTO Group Bar\UI\MtoGroupBarWindow.g.cs(1,49): error CS1056: Unexpected character '\0' [C:\Users\Nhan\OneDrive - Rincovitch\00. Nhan\CSharp\RincoMTO\RincoMTO_fsauzi5n_wpftmp.csproj::TargetFramework=net48]
C:\Users\Nhan\OneDrive - Rincovitch\00. Nhan\CSharp\RincoMTO\BIMTOOL\obj\Release R26\RincoMTO.AssemblyInfo.cs(1,36): error CS1056: Unexpected character '\0' [C:\Users\Nhan\OneDrive - Rincovitch\00. Nhan\CSharp\RincoMTO\RincoMTO_fsauzi5n_wpftmp.csproj::TargetFramework=net48]
C:\Users\Nhan\OneDrive - Rincovitch\00. Nhan\CSharp\RincoMTO\BIMTOOL\obj\Release R26\Tools\MTO Group Bar\UI\MtoGroupBarWindow.g.cs(1,50): error CS1056: Unexpected character '\0' [C:\Users\Nhan\OneDrive - Rincovitch\00. Nhan\CSharp\RincoMTO\RincoMTO_fsauzi5n_wpftmp.csproj::TargetFramework=net48]
C:\Users\Nhan\OneDrive - Rincovitch\00. Nhan\CSharp\RincoMTO\BIMTOOL\obj\Release R26\RincoMTO.AssemblyInfo.cs(1,37): error CS1056: Unexpected character '\0' [C:\Users\Nhan\OneDrive - Rincovitch\00. Nhan\CSharp\RincoMTO\RincoMTO_fsauzi5n_wpftmp.csproj::TargetFramework=net48]
C:\Users\Nhan\OneDrive - Rincovitch\00. Nhan\CSharp\RincoMTO\BIMTOOL\obj\Release R26\RincoMTO.AssemblyInfo.cs(1,38): error CS1056: Unexpected character '\0' [C:\Users\Nhan\OneDrive - Rincovitch\00. Nhan\CSharp\RincoMTO\RincoMTO_fsauzi5n_wpftmp.csproj::TargetFramework=net48]
C:\Users\Nhan\OneDrive - Rincovitch\00. Nhan\CSharp\RincoMTO\BIMTOOL\obj\Release R26\Tools\MTO Group Bar\UI\MtoGroupBarWindow.g.cs(1,51): error CS1056: Unexpected character '\0' [C:\Users\Nhan\OneDrive - Rincovitch\00. Nhan\CSharp\RincoMTO\RincoMTO_fsauzi5n_wpftmp.csproj::TargetFramework=net48]
C:\Users\Nhan\OneDrive - Rincovitch\00. Nhan\CSharp\RincoMTO\BIMTOOL\obj\Release R26\RincoMTO.AssemblyInfo.cs(1,39): error CS1056: Unexpected character '\0' [C:\Users\Nhan\OneDrive - Rincovitch\00. Nhan\CSharp\RincoMTO\RincoMTO_fsauzi5n_wpftmp.csproj::TargetFramework=net48]
C:\Users\Nhan\OneDrive - Rincovitch\00. Nhan\CSharp\RincoMTO\BIMTOOL\obj\Release R26\RincoMTO.AssemblyInfo.cs(1,40): error CS1056: Unexpected character '\0' [C:\Users\Nhan\OneDrive - Rincovitch\00. Nhan\CSharp\RincoMTO\RincoMTO_fsauzi5n_wpftmp.csproj::TargetFramework=net48]
C:\Users\Nhan\OneDrive - Rincovitch\00. Nhan\CSharp\RincoMTO\BIMTOOL\obj\Release R26\Tools\MTO Group Bar\UI\MtoGroupBarWindow.g.cs(1,52): error CS1056: Unexpected character '\0' [C:\Users\Nhan\OneDrive - Rincovitch\00. Nhan\CSharp\RincoMTO\RincoMTO_fsauzi5n_wpftmp.csproj::TargetFramework=net48]
C:\Users\Nhan\OneDrive - Rincovitch\00. Nhan\CSharp\RincoMTO\BIMTOOL\obj\Release R26\RincoMTO.AssemblyInfo.cs(1,41): error CS1056: Unexpected character '\0' [C:\Users\Nhan\OneDrive - Rincovitch\00. Nhan\CSharp\RincoMTO\RincoMTO_fsauzi5n_wpftmp.csproj::TargetFramework=net48]
C:\Users\Nhan\OneDrive - Rincovitch\00. Nhan\CSharp\RincoMTO\BIMTOOL\obj\Release R26\Tools\MTO Group Bar\UI\MtoGroupBarWindow.g.cs(1,53): error CS1056: Unexpected character '\0' [C:\Users\Nhan\OneDrive - Rincovitch\00. Nhan\CSharp\RincoMTO\RincoMTO_fsauzi5n_wpftmp.csproj::TargetFramework=net48]
C:\Users\Nhan\OneDrive - Rincovitch\00. Nhan\CSharp\RincoMTO\BIMTOOL\obj\Release R26\RincoMTO.AssemblyInfo.cs(1,42): error CS1056: Unexpected character '\0' [C:\Users\Nhan\OneDrive - Rincovitch\00. Nhan\CSharp\RincoMTO\RincoMTO_fsauzi5n_wpftmp.csproj::TargetFramework=net48]
C:\Users\Nhan\OneDrive - Rincovitch\00. Nhan\CSharp\RincoMTO\BIMTOOL\obj\Release R26\Tools\MTO Group Bar\UI\MtoGroupBarWindow.g.cs(1,54): error CS1056: Unexpected character '\0' [C:\Users\Nhan\OneDrive - Rincovitch\00. Nhan\CSharp\RincoMTO\RincoMTO_fsauzi5n_wpftmp.csproj::TargetFramework=net48]
C:\Users\Nhan\OneDrive - Rincovitch\00. Nhan\CSharp\RincoMTO\BIMTOOL\obj\Release R26\RincoMTO.AssemblyInfo.cs(1,43): error CS1056: Unexpected character '\0' [C:\Users\Nhan\OneDrive - Rincovitch\00. Nhan\CSharp\RincoMTO\RincoMTO_fsauzi5n_wpftmp.csproj::TargetFramework=net48]
C:\Users\Nhan\OneDrive - Rincovitch\00. Nhan\CSharp\RincoMTO\BIMTOOL\obj\Release R26\Tools\MTO Group Bar\UI\MtoGroupBarWindow.g.cs(1,55): error CS1056: Unexpected character '\0' [C:\Users\Nhan\OneDrive - Rincovitch\00. Nhan\CSharp\RincoMTO\RincoMTO_fsauzi5n_wpftmp.csproj::TargetFramework=net48]
C:\Users\Nhan\OneDrive - Rincovitch\00. Nhan\CSharp\RincoMTO\BIMTOOL\obj\Release R26\RincoMTO.AssemblyInfo.cs(1,44): error CS1056: Unexpected character '\0' [C:\Users\Nhan\OneDrive - Rincovitch\00. Nhan\CSharp\RincoMTO\RincoMTO_fsauzi5n_wpftmp.csproj::TargetFramework=net48]
C:\Users\Nhan\OneDrive - Rincovitch\00. Nhan\CSharp\RincoMTO\BIMTOOL\obj\Release R26\Tools\MTO Group Bar\UI\MtoGroupBarWindow.g.cs(1,56): error CS1056: Unexpected character '\0' [C:\Users\Nhan\OneDrive - Rincovitch\00. Nhan\CSharp\RincoMTO\RincoMTO_fsauzi5n_wpftmp.csproj::TargetFramework=net48]
C:\Users\Nhan\OneDrive - Rincovitch\00. Nhan\CSharp\RincoMTO\BIMTOOL\obj\Release R26\RincoMTO.AssemblyInfo.cs(1,45): error CS1056: Unexpected character '\0' [C:\Users\Nhan\OneDrive - Rincovitch\00. Nhan\CSharp\RincoMTO\RincoMTO_fsauzi5n_wpftmp.csproj::TargetFramework=net48]
C:\Users\Nhan\OneDrive - Rincovitch\00. Nhan\CSharp\RincoMTO\BIMTOOL\obj\Release R26\RincoMTO.AssemblyInfo.cs(1,46): error CS1056: Unexpected character '\0' [C:\Users\Nhan\OneDrive - Rincovitch\00. Nhan\CSharp\RincoMTO\RincoMTO_fsauzi5n_wpftmp.csproj::TargetFramework=net48]
C:\Users\Nhan\OneDrive - Rincovitch\00. Nhan\CSharp\RincoMTO\BIMTOOL\obj\Release R26\Tools\MTO Group Bar\UI\MtoGroupBarWindow.g.cs(1,57): error CS1056: Unexpected character '\0' [C:\Users\Nhan\OneDrive - Rincovitch\00. Nhan\CSharp\RincoMTO\RincoMTO_fsauzi5n_wpftmp.csproj::TargetFramework=net48]
C:\Users\Nhan\OneDrive - Rincovitch\00. Nhan\CSharp\RincoMTO\BIMTOOL\obj\Release R26\RincoMTO.AssemblyInfo.cs(1,47): error CS1056: Unexpected character '\0' [C:\Users\Nhan\OneDrive - Rincovitch\00. Nhan\CSharp\RincoMTO\RincoMTO_fsauzi5n_wpftmp.csproj::TargetFramework=net48]
C:\Users\Nhan\OneDrive - Rincovitch\00. Nhan\CSharp\RincoMTO\BIMTOOL\obj\Release R26\RincoMTO.AssemblyInfo.cs(1,48): error CS1056: Unexpected character '\0' [C:\Users\Nhan\OneDrive - Rincovitch\00. Nhan\CSharp\RincoMTO\RincoMTO_fsauzi5n_wpftmp.csproj::TargetFramework=net48]
C:\Users\Nhan\OneDrive - Rincovitch\00. Nhan\CSharp\RincoMTO\BIMTOOL\obj\Release R26\Tools\MTO Group Bar\UI\MtoGroupBarWindow.g.cs(1,58): error CS1056: Unexpected character '\0' [C:\Users\Nhan\OneDrive - Rincovitch\00. Nhan\CSharp\RincoMTO\RincoMTO_fsauzi5n_wpftmp.csproj::TargetFramework=net48]
C:\Users\Nhan\OneDrive - Rincovitch\00. Nhan\CSharp\RincoMTO\BIMTOOL\obj\Release R26\RincoMTO.AssemblyInfo.cs(1,49): error CS1056: Unexpected character '\0' [C:\Users\Nhan\OneDrive - Rincovitch\00. Nhan\CSharp\RincoMTO\RincoMTO_fsauzi5n_wpftmp.csproj::TargetFramework=net48]
C:\Users\Nhan\OneDrive - Rincovitch\00. Nhan\CSharp\RincoMTO\BIMTOOL\obj\Release R26\Tools\MTO Group Bar\UI\MtoGroupBarWindow.g.cs(1,59): error CS1056: Unexpected character '\0' [C:\Users\Nhan\OneDrive - Rincovitch\00. Nhan\CSharp\RincoMTO\RincoMTO_fsauzi5n_wpftmp.csproj::TargetFramework=net48]
C:\Users\Nhan\OneDrive - Rincovitch\00. Nhan\CSharp\RincoMTO\BIMTOOL\obj\Release R26\RincoMTO.AssemblyInfo.cs(1,50): error CS1056: Unexpected character '\0' [C:\Users\Nhan\OneDrive - Rincovitch\00. Nhan\CSharp\RincoMTO\RincoMTO_fsauzi5n_wpftmp.csproj::TargetFramework=net48]
C:\Users\Nhan\OneDrive - Rincovitch\00. Nhan\CSharp\RincoMTO\BIMTOOL\obj\Release R26\Tools\MTO Group Bar\UI\MtoGroupBarWindow.g.cs(1,60): error CS1056: Unexpected character '\0' [C:\Users\Nhan\OneDrive - Rincovitch\00. Nhan\CSharp\RincoMTO\RincoMTO_fsauzi5n_wpftmp.csproj::TargetFramework=net48]
C:\Users\Nhan\OneDrive - Rincovitch\00. Nhan\CSharp\RincoMTO\BIMTOOL\obj\Release R26\RincoMTO.AssemblyInfo.cs(1,51): error CS1056: Unexpected character '\0' [C:\Users\Nhan\OneDrive - Rincovitch\00. Nhan\CSharp\RincoMTO\RincoMTO_fsauzi5n_wpftmp.csproj::TargetFramework=net48]
C:\Users\Nhan\OneDrive - Rincovitch\00. Nhan\CSharp\RincoMTO\BIMTOOL\obj\Release R26\Tools\MTO Group Bar\UI\MtoGroupBarWindow.g.cs(1,61): error CS1056: Unexpected character '\0' [C:\Users\Nhan\OneDrive - Rincovitch\00. Nhan\CSharp\RincoMTO\RincoMTO_fsauzi5n_wpftmp.csproj::TargetFramework=net48]
C:\Users\Nhan\OneDrive - Rincovitch\00. Nhan\CSharp\RincoMTO\BIMTOOL\obj\Release R26\RincoMTO.AssemblyInfo.cs(1,52): error CS1056: Unexpected character '\0' [C:\Users\Nhan\OneDrive - Rincovitch\00. Nhan\CSharp\RincoMTO\RincoMTO_fsauzi5n_wpftmp.csproj::TargetFramework=net48]
C:\Users\Nhan\OneDrive - Rincovitch\00. Nhan\CSharp\RincoMTO\BIMTOOL\obj\Release R26\Tools\MTO Group Bar\UI\MtoGroupBarWindow.g.cs(1,62): error CS1056: Unexpected character '\0' [C:\Users\Nhan\OneDrive - Rincovitch\00. Nhan\CSharp\RincoMTO\RincoMTO_fsauzi5n_wpftmp.csproj::TargetFramework=net48]
C:\Users\Nhan\OneDrive - Rincovitch\00. Nhan\CSharp\RincoMTO\BIMTOOL\obj\Release R26\RincoMTO.AssemblyInfo.cs(1,53): error CS1056: Unexpected character '\0' [C:\Users\Nhan\OneDrive - Rincovitch\00. Nhan\CSharp\RincoMTO\RincoMTO_fsauzi5n_wpftmp.csproj::TargetFramework=net48]
C:\Users\Nhan\OneDrive - Rincovitch\00. Nhan\CSharp\RincoMTO\BIMTOOL\obj\Release R26\RincoMTO.AssemblyInfo.cs(1,54): error CS1056: Unexpected character '\0' [C:\Users\Nhan\OneDrive - Rincovitch\00. Nhan\CSharp\RincoMTO\RincoMTO_fsauzi5n_wpftmp.csproj::TargetFramework=net48]
C:\Users\Nhan\OneDrive - Rincovitch\00. Nhan\CSharp\RincoMTO\BIMTOOL\obj\Release R26\Tools\MTO Group Bar\UI\MtoGroupBarWindow.g.cs(1,63): error CS1056: Unexpected character '\0' [C:\Users\Nhan\OneDrive - Rincovitch\00. Nhan\CSharp\RincoMTO\RincoMTO_fsauzi5n_wpftmp.csproj::TargetFramework=net48]
C:\Users\Nhan\OneDrive - Rincovitch\00. Nhan\CSharp\RincoMTO\BIMTOOL\obj\Release R26\RincoMTO.AssemblyInfo.cs(1,55): error CS1056: Unexpected character '\0' [C:\Users\Nhan\OneDrive - Rincovitch\00. Nhan\CSharp\RincoMTO\RincoMTO_fsauzi5n_wpftmp.csproj::TargetFramework=net48]
C:\Users\Nhan\OneDrive - Rincovitch\00. Nhan\CSharp\RincoMTO\BIMTOOL\obj\Release R26\RincoMTO.AssemblyInfo.cs(1,56): error CS1056: Unexpected character '\0' [C:\Users\Nhan\OneDrive - Rincovitch\00. Nhan\CSharp\RincoMTO\RincoMTO_fsauzi5n_wpftmp.csproj::TargetFramework=net48]
C:\Users\Nhan\OneDrive - Rincovitch\00. Nhan\CSharp\RincoMTO\BIMTOOL\obj\Release R26\Tools\MTO Group Bar\UI\MtoGroupBarWindow.g.cs(1,64): error CS1056: Unexpected character '\0' [C:\Users\Nhan\OneDrive - Rincovitch\00. Nhan\CSharp\RincoMTO\RincoMTO_fsauzi5n_wpftmp.csproj::TargetFramework=net48]
C:\Users\Nhan\OneDrive - Rincovitch\00. Nhan\CSharp\RincoMTO\BIMTOOL\obj\Release R26\RincoMTO.AssemblyInfo.cs(1,57): error CS1056: Unexpected character '\0' [C:\Users\Nhan\OneDrive - Rincovitch\00. Nhan\CSharp\RincoMTO\RincoMTO_fsauzi5n_wpftmp.csproj::TargetFramework=net48]
C:\Users\Nhan\OneDrive - Rincovitch\00. Nhan\CSharp\RincoMTO\BIMTOOL\obj\Release R26\Tools\MTO Group Bar\UI\MtoGroupBarWindow.g.cs(1,65): error CS1056: Unexpected character '\0' [C:\Users\Nhan\OneDrive - Rincovitch\00. Nhan\CSharp\RincoMTO\RincoMTO_fsauzi5n_wpftmp.csproj::TargetFramework=net48]
C:\Users\Nhan\OneDrive - Rincovitch\00. Nhan\CSharp\RincoMTO\BIMTOOL\obj\Release R26\RincoMTO.AssemblyInfo.cs(1,58): error CS1056: Unexpected character '\0' [C:\Users\Nhan\OneDrive - Rincovitch\00. Nhan\CSharp\RincoMTO\RincoMTO_fsauzi5n_wpftmp.csproj::TargetFramework=net48]
C:\Users\Nhan\OneDrive - Rincovitch\00. Nhan\CSharp\RincoMTO\BIMTOOL\obj\Release R26\RincoMTO.AssemblyInfo.cs(1,59): error CS1056: Unexpected character '\0' [C:\Users\Nhan\OneDrive - Rincovitch\00. Nhan\CSharp\RincoMTO\RincoMTO_fsauzi5n_wpftmp.csproj::TargetFramework=net48]
C:\Users\Nhan\OneDrive - Rincovitch\00. Nhan\CSharp\RincoMTO\BIMTOOL\obj\Release R26\Tools\MTO Group Bar\UI\MtoGroupBarWindow.g.cs(1,66): error CS1056: Unexpected character '\0' [C:\Users\Nhan\OneDrive - Rincovitch\00. Nhan\CSharp\RincoMTO\RincoMTO_fsauzi5n_wpftmp.csproj::TargetFramework=net48]
C:\Users\Nhan\OneDrive - Rincovitch\00. Nhan\CSharp\RincoMTO\BIMTOOL\obj\Release R26\RincoMTO.AssemblyInfo.cs(1,60): error CS1056: Unexpected character '\0' [C:\Users\Nhan\OneDrive - Rincovitch\00. Nhan\CSharp\RincoMTO\RincoMTO_fsauzi5n_wpftmp.csproj::TargetFramework=net48]
C:\Users\Nhan\OneDrive - Rincovitch\00. Nhan\CSharp\RincoMTO\BIMTOOL\obj\Release R26\RincoMTO.AssemblyInfo.cs(1,61): error CS1056: Unexpected character '\0' [C:\Users\Nhan\OneDrive - Rincovitch\00. Nhan\CSharp\RincoMTO\RincoMTO_fsauzi5n_wpftmp.csproj::TargetFramework=net48]
C:\Users\Nhan\OneDrive - Rincovitch\00. Nhan\CSharp\RincoMTO\BIMTOOL\obj\Release R26\Tools\MTO Group Bar\UI\MtoGroupBarWindow.g.cs(1,67): error CS1056: Unexpected character '\0' [C:\Users\Nhan\OneDrive - Rincovitch\00. Nhan\CSharp\RincoMTO\RincoMTO_fsauzi5n_wpftmp.csproj::TargetFramework=net48]
C:\Users\Nhan\OneDrive - Rincovitch\00. Nhan\CSharp\RincoMTO\BIMTOOL\obj\Release R26\RincoMTO.AssemblyInfo.cs(1,62): error CS1056: Unexpected character '\0' [C:\Users\Nhan\OneDrive - Rincovitch\00. Nhan\CSharp\RincoMTO\RincoMTO_fsauzi5n_wpftmp.csproj::TargetFramework=net48]
C:\Users\Nhan\OneDrive - Rincovitch\00. Nhan\CSharp\RincoMTO\BIMTOOL\obj\Release R26\Tools\MTO Group Bar\UI\MtoGroupBarWindow.g.cs(1,68): error CS1056: Unexpected character '\0' [C:\Users\Nhan\OneDrive - Rincovitch\00. Nhan\CSharp\RincoMTO\RincoMTO_fsauzi5n_wpftmp.csproj::TargetFramework=net48]
C:\Users\Nhan\OneDrive - Rincovitch\00. Nhan\CSharp\RincoMTO\BIMTOOL\obj\Release R26\RincoMTO.AssemblyInfo.cs(1,63): error CS1056: Unexpected character '\0' [C:\Users\Nhan\OneDrive - Rincovitch\00. Nhan\CSharp\RincoMTO\RincoMTO_fsauzi5n_wpftmp.csproj::TargetFramework=net48]
C:\Users\Nhan\OneDrive - Rincovitch\00. Nhan\CSharp\RincoMTO\BIMTOOL\obj\Release R26\Tools\MTO Group Bar\UI\MtoGroupBarWindow.g.cs(1,69): error CS1056: Unexpected character '\0' [C:\Users\Nhan\OneDrive - Rincovitch\00. Nhan\CSharp\RincoMTO\RincoMTO_fsauzi5n_wpftmp.csproj::TargetFramework=net48]
C:\Users\Nhan\OneDrive - Rincovitch\00. Nhan\CSharp\RincoMTO\BIMTOOL\obj\Release R26\RincoMTO.AssemblyInfo.cs(1,64): error CS1056: Unexpected character '\0' [C:\Users\Nhan\OneDrive - Rincovitch\00. Nhan\CSharp\RincoMTO\RincoMTO_fsauzi5n_wpftmp.csproj::TargetFramework=net48]
C:\Users\Nhan\OneDrive - Rincovitch\00. Nhan\CSharp\RincoMTO\BIMTOOL\obj\Release R26\Tools\MTO Group Bar\UI\MtoGroupBarWindow.g.cs(1,70): error CS1056: Unexpected character '\0' [C:\Users\Nhan\OneDrive - Rincovitch\00. Nhan\CSharp\RincoMTO\RincoMTO_fsauzi5n_wpftmp.csproj::TargetFramework=net48]
C:\Users\Nhan\OneDrive - Rincovitch\00. Nhan\CSharp\RincoMTO\BIMTOOL\obj\Release R26\RincoMTO.AssemblyInfo.cs(1,65): error CS1056: Unexpected character '\0' [C:\Users\Nhan\OneDrive - Rincovitch\00. Nhan\CSharp\RincoMTO\RincoMTO_fsauzi5n_wpftmp.csproj::TargetFramework=net48]
C:\Users\Nhan\OneDrive - Rincovitch\00. Nhan\CSharp\RincoMTO\BIMTOOL\obj\Release R26\Tools\MTO Group Bar\UI\MtoGroupBarWindow.g.cs(1,71): error CS1056: Unexpected character '\0' [C:\Users\Nhan\OneDrive - Rincovitch\00. Nhan\CSharp\RincoMTO\RincoMTO_fsauzi5n_wpftmp.csproj::TargetFramework=net48]
C:\Users\Nhan\OneDrive - Rincovitch\00. Nhan\CSharp\RincoMTO\BIMTOOL\obj\Release R26\RincoMTO.AssemblyInfo.cs(1,66): error CS1056: Unexpected character '\0' [C:\Users\Nhan\OneDrive - Rincovitch\00. Nhan\CSharp\RincoMTO\RincoMTO_fsauzi5n_wpftmp.csproj::TargetFramework=net48]
C:\Users\Nhan\OneDrive - Rincovitch\00. Nhan\CSharp\RincoMTO\BIMTOOL\obj\Release R26\Tools\MTO Group Bar\UI\MtoGroupBarWindow.g.cs(1,72): error CS1056: Unexpected character '\0' [C:\Users\Nhan\OneDrive - Rincovitch\00. Nhan\CSharp\RincoMTO\RincoMTO_fsauzi5n_wpftmp.csproj::TargetFramework=net48]
C:\Users\Nhan\OneDrive - Rincovitch\00. Nhan\CSharp\RincoMTO\BIMTOOL\obj\Release R26\RincoMTO.AssemblyInfo.cs(1,67): error CS1056: Unexpected character '\0' [C:\Users\Nhan\OneDrive - Rincovitch\00. Nhan\CSharp\RincoMTO\RincoMTO_fsauzi5n_wpftmp.csproj::TargetFramework=net48]
C:\Users\Nhan\OneDrive - Rincovitch\00. Nhan\CSharp\RincoMTO\BIMTOOL\obj\Release R26\Tools\MTO Group Bar\UI\MtoGroupBarWindow.g.cs(1,73): error CS1056: Unexpected character '\0' [C:\Users\Nhan\OneDrive - Rincovitch\00. Nhan\CSharp\RincoMTO\RincoMTO_fsauzi5n_wpftmp.csproj::TargetFramework=net48]
C:\Users\Nhan\OneDrive - Rincovitch\00. Nhan\CSharp\RincoMTO\BIMTOOL\obj\Release R26\RincoMTO.AssemblyInfo.cs(1,68): error CS1056: Unexpected character '\0' [C:\Users\Nhan\OneDrive - Rincovitch\00. Nhan\CSharp\RincoMTO\RincoMTO_fsauzi5n_wpftmp.csproj::TargetFramework=net48]
C:\Users\Nhan\OneDrive - Rincovitch\00. Nhan\CSharp\RincoMTO\BIMTOOL\obj\Release R26\RincoMTO.AssemblyInfo.cs(1,69): error CS1056: Unexpected character '\0' [C:\Users\Nhan\OneDrive - Rincovitch\00. Nhan\CSharp\RincoMTO\RincoMTO_fsauzi5n_wpftmp.csproj::TargetFramework=net48]
C:\Users\Nhan\OneDrive - Rincovitch\00. Nhan\CSharp\RincoMTO\BIMTOOL\obj\Release R26\Tools\MTO Group Bar\UI\MtoGroupBarWindow.g.cs(1,74): error CS1056: Unexpected character '\0' [C:\Users\Nhan\OneDrive - Rincovitch\00. Nhan\CSharp\RincoMTO\RincoMTO_fsauzi5n_wpftmp.csproj::TargetFramework=net48]
C:\Users\Nhan\OneDrive - Rincovitch\00. Nhan\CSharp\RincoMTO\BIMTOOL\obj\Release R26\RincoMTO.AssemblyInfo.cs(1,70): error CS1056: Unexpected character '\0' [C:\Users\Nhan\OneDrive - Rincovitch\00. Nhan\CSharp\RincoMTO\RincoMTO_fsauzi5n_wpftmp.csproj::TargetFramework=net48]
C:\Users\Nhan\OneDrive - Rincovitch\00. Nhan\CSharp\RincoMTO\BIMTOOL\obj\Release R26\Tools\MTO Group Bar\UI\MtoGroupBarWindow.g.cs(1,75): error CS1056: Unexpected character '\0' [C:\Users\Nhan\OneDrive - Rincovitch\00. Nhan\CSharp\RincoMTO\RincoMTO_fsauzi5n_wpftmp.csproj::TargetFramework=net48]
C:\Users\Nhan\OneDrive - Rincovitch\00. Nhan\CSharp\RincoMTO\BIMTOOL\obj\Release R26\RincoMTO.AssemblyInfo.cs(1,71): error CS1056: Unexpected character '\0' [C:\Users\Nhan\OneDrive - Rincovitch\00. Nhan\CSharp\RincoMTO\RincoMTO_fsauzi5n_wpftmp.csproj::TargetFramework=net48]
C:\Users\Nhan\OneDrive - Rincovitch\00. Nhan\CSharp\RincoMTO\BIMTOOL\obj\Release R26\Tools\MTO Group Bar\UI\MtoGroupBarWindow.g.cs(1,76): error CS1056: Unexpected character '\0' [C:\Users\Nhan\OneDrive - Rincovitch\00. Nhan\CSharp\RincoMTO\RincoMTO_fsauzi5n_wpftmp.csproj::TargetFramework=net48]
C:\Users\Nhan\OneDrive - Rincovitch\00. Nhan\CSharp\RincoMTO\BIMTOOL\obj\Release R26\RincoMTO.AssemblyInfo.cs(1,72): error CS1056: Unexpected character '\0' [C:\Users\Nhan\OneDrive - Rincovitch\00. Nhan\CSharp\RincoMTO\RincoMTO_fsauzi5n_wpftmp.csproj::TargetFramework=net48]
C:\Users\Nhan\OneDrive - Rincovitch\00. Nhan\CSharp\RincoMTO\BIMTOOL\obj\Release R26\RincoMTO.AssemblyInfo.cs(1,73): error CS1056: Unexpected character '\0' [C:\Users\Nhan\OneDrive - Rincovitch\00. Nhan\CSharp\RincoMTO\RincoMTO_fsauzi5n_wpftmp.csproj::TargetFramework=net48]
C:\Users\Nhan\OneDrive - Rincovitch\00. Nhan\CSharp\RincoMTO\BIMTOOL\obj\Release R26\Tools\MTO Group Bar\UI\MtoGroupBarWindow.g.cs(1,77): error CS1056: Unexpected character '\0' [C:\Users\Nhan\OneDrive - Rincovitch\00. Nhan\CSharp\RincoMTO\RincoMTO_fsauzi5n_wpftmp.csproj::TargetFramework=net48]
C:\Users\Nhan\OneDrive - Rincovitch\00. Nhan\CSharp\RincoMTO\BIMTOOL\obj\Release R26\RincoMTO.AssemblyInfo.cs(1,74): error CS1056: Unexpected character '\0' [C:\Users\Nhan\OneDrive - Rincovitch\00. Nhan\CSharp\RincoMTO\RincoMTO_fsauzi5n_wpftmp.csproj::TargetFramework=net48]
C:\Users\Nhan\OneDrive - Rincovitch\00. Nhan\CSharp\RincoMTO\BIMTOOL\obj\Release R26\Tools\MTO Group Bar\UI\MtoGroupBarWindow.g.cs(1,78): error CS1056: Unexpected character '\0' [C:\Users\Nhan\OneDrive - Rincovitch\00. Nhan\CSharp\RincoMTO\RincoMTO_fsauzi5n_wpftmp.csproj::TargetFramework=net48]
C:\Users\Nhan\OneDrive - Rincovitch\00. Nhan\CSharp\RincoMTO\BIMTOOL\obj\Release R26\RincoMTO.AssemblyInfo.cs(1,75): error CS1056: Unexpected character '\0' [C:\Users\Nhan\OneDrive - Rincovitch\00. Nhan\CSharp\RincoMTO\RincoMTO_fsauzi5n_wpftmp.csproj::TargetFramework=net48]
C:\Users\Nhan\OneDrive - Rincovitch\00. Nhan\CSharp\RincoMTO\BIMTOOL\obj\Release R26\Tools\MTO Group Bar\UI\MtoGroupBarWindow.g.cs(1,79): error CS1056: Unexpected character '\0' [C:\Users\Nhan\OneDrive - Rincovitch\00. Nhan\CSharp\RincoMTO\RincoMTO_fsauzi5n_wpftmp.csproj::TargetFramework=net48]
C:\Users\Nhan\OneDrive - Rincovitch\00. Nhan\CSharp\RincoMTO\BIMTOOL\obj\Release R26\RincoMTO.AssemblyInfo.cs(1,76): error CS1056: Unexpected character '\0' [C:\Users\Nhan\OneDrive - Rincovitch\00. Nhan\CSharp\RincoMTO\RincoMTO_fsauzi5n_wpftmp.csproj::TargetFramework=net48]
C:\Users\Nhan\OneDrive - Rincovitch\00. Nhan\CSharp\RincoMTO\BIMTOOL\obj\Release R26\Tools\MTO Group Bar\UI\MtoGroupBarWindow.g.cs(1,80): error CS1056: Unexpected character '\0' [C:\Users\Nhan\OneDrive - Rincovitch\00. Nhan\CSharp\RincoMTO\RincoMTO_fsauzi5n_wpftmp.csproj::TargetFramework=net48]
C:\Users\Nhan\OneDrive - Rincovitch\00. Nhan\CSharp\RincoMTO\BIMTOOL\obj\Release R26\RincoMTO.AssemblyInfo.cs(1,77): error CS1056: Unexpected character '\0' [C:\Users\Nhan\OneDrive - Rincovitch\00. Nhan\CSharp\RincoMTO\RincoMTO_fsauzi5n_wpftmp.csproj::TargetFramework=net48]
C:\Users\Nhan\OneDrive - Rincovitch\00. Nhan\CSharp\RincoMTO\BIMTOOL\obj\Release R26\RincoMTO.AssemblyInfo.cs(1,78): error CS1056: Unexpected character '\0' [C:\Users\Nhan\OneDrive - Rincovitch\00. Nhan\CSharp\RincoMTO\RincoMTO_fsauzi5n_wpftmp.csproj::TargetFramework=net48]
C:\Users\Nhan\OneDrive - Rincovitch\00. Nhan\CSharp\RincoMTO\BIMTOOL\obj\Release R26\RincoMTO.AssemblyInfo.cs(1,79): error CS1056: Unexpected character '\0' [C:\Users\Nhan\OneDrive - Rincovitch\00. Nhan\CSharp\RincoMTO\RincoMTO_fsauzi5n_wpftmp.csproj::TargetFramework=net48]
C:\Users\Nhan\OneDrive - Rincovitch\00. Nhan\CSharp\RincoMTO\BIMTOOL\obj\Release R26\Tools\MTO Group Bar\UI\MtoGroupBarWindow.g.cs(1,81): error CS1056: Unexpected character '\0' [C:\Users\Nhan\OneDrive - Rincovitch\00. Nhan\CSharp\RincoMTO\RincoMTO_fsauzi5n_wpftmp.csproj::TargetFramework=net48]
C:\Users\Nhan\OneDrive - Rincovitch\00. Nhan\CSharp\RincoMTO\BIMTOOL\obj\Release R26\RincoMTO.AssemblyInfo.cs(1,80): error CS1056: Unexpected character '\0' [C:\Users\Nhan\OneDrive - Rincovitch\00. Nhan\CSharp\RincoMTO\RincoMTO_fsauzi5n_wpftmp.csproj::TargetFramework=net48]
C:\Users\Nhan\OneDrive - Rincovitch\00. Nhan\CSharp\RincoMTO\BIMTOOL\obj\Release R26\RincoMTO.AssemblyInfo.cs(1,81): error CS1056: Unexpected character '\0' [C:\Users\Nhan\OneDrive - Rincovitch\00. Nhan\CSharp\RincoMTO\RincoMTO_fsauzi5n_wpftmp.csproj::TargetFramework=net48]
C:\Users\Nhan\OneDrive - Rincovitch\00. Nhan\CSharp\RincoMTO\BIMTOOL\obj\Release R26\Tools\MTO Group Bar\UI\MtoGroupBarWindow.g.cs(1,82): error CS1056: Unexpected character '\0' [C:\Users\Nhan\OneDrive - Rincovitch\00. Nhan\CSharp\RincoMTO\RincoMTO_fsauzi5n_wpftmp.csproj::TargetFramework=net48]
C:\Users\Nhan\OneDrive - Rincovitch\00. Nhan\CSharp\RincoMTO\BIMTOOL\obj\Release R26\RincoMTO.AssemblyInfo.cs(1,82): error CS1056: Unexpected character '\0' [C:\Users\Nhan\OneDrive - Rincovitch\00. Nhan\CSharp\RincoMTO\RincoMTO_fsauzi5n_wpftmp.csproj::TargetFramework=net48]
C:\Users\Nhan\OneDrive - Rincovitch\00. Nhan\CSharp\RincoMTO\BIMTOOL\obj\Release R26\Tools\MTO Group Bar\UI\MtoGroupBarWindow.g.cs(1,83): error CS1056: Unexpected character '\0' [C:\Users\Nhan\OneDrive - Rincovitch\00. Nhan\CSharp\RincoMTO\RincoMTO_fsauzi5n_wpftmp.csproj::TargetFramework=net48]
C:\Users\Nhan\OneDrive - Rincovitch\00. Nhan\CSharp\RincoMTO\BIMTOOL\obj\Release R26\Tools\MTO Group Bar\UI\MtoGroupBarWindow.g.cs(1,84): error CS1056: Unexpected character '\0' [C:\Users\Nhan\OneDrive - Rincovitch\00. Nhan\CSharp\RincoMTO\RincoMTO_fsauzi5n_wpftmp.csproj::TargetFramework=net48]
C:\Users\Nhan\OneDrive - Rincovitch\00. Nhan\CSharp\RincoMTO\BIMTOOL\obj\Release R26\RincoMTO.AssemblyInfo.cs(1,83): error CS1056: Unexpected character '\0' [C:\Users\Nhan\OneDrive - Rincovitch\00. Nhan\CSharp\RincoMTO\RincoMTO_fsauzi5n_wpftmp.csproj::TargetFramework=net48]
C:\Users\Nhan\OneDrive - Rincovitch\00. Nhan\CSharp\RincoMTO\BIMTOOL\obj\Release R26\Tools\MTO Group Bar\UI\MtoGroupBarWindow.g.cs(1,85): error CS1056: Unexpected character '\0' [C:\Users\Nhan\OneDrive - Rincovitch\00. Nhan\CSharp\RincoMTO\RincoMTO_fsauzi5n_wpftmp.csproj::TargetFramework=net48]
C:\Users\Nhan\OneDrive - Rincovitch\00. Nhan\CSharp\RincoMTO\BIMTOOL\obj\Release R26\RincoMTO.AssemblyInfo.cs(1,84): error CS1056: Unexpected character '\0' [C:\Users\Nhan\OneDrive - Rincovitch\00. Nhan\CSharp\RincoMTO\RincoMTO_fsauzi5n_wpftmp.csproj::TargetFramework=net48]
C:\Users\Nhan\OneDrive - Rincovitch\00. Nhan\CSharp\RincoMTO\BIMTOOL\obj\Release R26\Tools\MTO Group Bar\UI\MtoGroupBarWindow.g.cs(1,86): error CS1056: Unexpected character '\0' [C:\Users\Nhan\OneDrive - Rincovitch\00. Nhan\CSharp\RincoMTO\RincoMTO_fsauzi5n_wpftmp.csproj::TargetFramework=net48]
C:\Users\Nhan\OneDrive - Rincovitch\00. Nhan\CSharp\RincoMTO\BIMTOOL\obj\Release R26\RincoMTO.AssemblyInfo.cs(1,85): error CS1056: Unexpected character '\0' [C:\Users\Nhan\OneDrive - Rincovitch\00. Nhan\CSharp\RincoMTO\RincoMTO_fsauzi5n_wpftmp.csproj::TargetFramework=net48]
C:\Users\Nhan\OneDrive - Rincovitch\00. Nhan\CSharp\RincoMTO\BIMTOOL\obj\Release R26\RincoMTO.AssemblyInfo.cs(1,86): error CS1056: Unexpected character '\0' [C:\Users\Nhan\OneDrive - Rincovitch\00. Nhan\CSharp\RincoMTO\RincoMTO_fsauzi5n_wpftmp.csproj::TargetFramework=net48]
C:\Users\Nhan\OneDrive - Rincovitch\00. Nhan\CSharp\RincoMTO\BIMTOOL\obj\Release R26\RincoMTO.AssemblyInfo.cs(1,87): error CS1056: Unexpected character '\0' [C:\Users\Nhan\OneDrive - Rincovitch\00. Nhan\CSharp\RincoMTO\RincoMTO_fsauzi5n_wpftmp.csproj::TargetFramework=net48]
C:\Users\Nhan\OneDrive - Rincovitch\00. Nhan\CSharp\RincoMTO\BIMTOOL\obj\Release R26\Tools\MTO Group Bar\UI\MtoGroupBarWindow.g.cs(1,87): error CS1056: Unexpected character '\0' [C:\Users\Nhan\OneDrive - Rincovitch\00. Nhan\CSharp\RincoMTO\RincoMTO_fsauzi5n_wpftmp.csproj::TargetFramework=net48]
C:\Users\Nhan\OneDrive - Rincovitch\00. Nhan\CSharp\RincoMTO\BIMTOOL\obj\Release R26\Tools\MTO Group Bar\UI\MtoGroupBarWindow.g.cs(1,88): error CS1056: Unexpected character '\0' [C:\Users\Nhan\OneDrive - Rincovitch\00. Nhan\CSharp\RincoMTO\RincoMTO_fsauzi5n_wpftmp.csproj::TargetFramework=net48]
C:\Users\Nhan\OneDrive - Rincovitch\00. Nhan\CSharp\RincoMTO\BIMTOOL\obj\Release R26\RincoMTO.AssemblyInfo.cs(1,88): error CS1056: Unexpected character '\0' [C:\Users\Nhan\OneDrive - Rincovitch\00. Nhan\CSharp\RincoMTO\RincoMTO_fsauzi5n_wpftmp.csproj::TargetFramework=net48]
C:\Users\Nhan\OneDrive - Rincovitch\00. Nhan\CSharp\RincoMTO\BIMTOOL\obj\Release R26\Tools\MTO Group Bar\UI\MtoGroupBarWindow.g.cs(1,89): error CS1056: Unexpected character '\0' [C:\Users\Nhan\OneDrive - Rincovitch\00. Nhan\CSharp\RincoMTO\RincoMTO_fsauzi5n_wpftmp.csproj::TargetFramework=net48]
C:\Users\Nhan\OneDrive - Rincovitch\00. Nhan\CSharp\RincoMTO\BIMTOOL\obj\Release R26\RincoMTO.AssemblyInfo.cs(1,89): error CS1056: Unexpected character '\0' [C:\Users\Nhan\OneDrive - Rincovitch\00. Nhan\CSharp\RincoMTO\RincoMTO_fsauzi5n_wpftmp.csproj::TargetFramework=net48]
C:\Users\Nhan\OneDrive - Rincovitch\00. Nhan\CSharp\RincoMTO\BIMTOOL\obj\Release R26\Tools\MTO Group Bar\UI\MtoGroupBarWindow.g.cs(1,90): error CS1056: Unexpected character '\0' [C:\Users\Nhan\OneDrive - Rincovitch\00. Nhan\CSharp\RincoMTO\RincoMTO_fsauzi5n_wpftmp.csproj::TargetFramework=net48]
C:\Users\Nhan\OneDrive - Rincovitch\00. Nhan\CSharp\RincoMTO\BIMTOOL\obj\Release R26\RincoMTO.AssemblyInfo.cs(1,90): error CS1056: Unexpected character '\0' [C:\Users\Nhan\OneDrive - Rincovitch\00. Nhan\CSharp\RincoMTO\RincoMTO_fsauzi5n_wpftmp.csproj::TargetFramework=net48]
C:\Users\Nhan\OneDrive - Rincovitch\00. Nhan\CSharp\RincoMTO\BIMTOOL\obj\Release R26\RincoMTO.AssemblyInfo.cs(1,91): error CS1056: Unexpected character '\0' [C:\Users\Nhan\OneDrive - Rincovitch\00. Nhan\CSharp\RincoMTO\RincoMTO_fsauzi5n_wpftmp.csproj::TargetFramework=net48]
C:\Users\Nhan\OneDrive - Rincovitch\00. Nhan\CSharp\RincoMTO\BIMTOOL\obj\Release R26\RincoMTO.AssemblyInfo.cs(1,92): error CS1056: Unexpected character '\0' [C:\Users\Nhan\OneDrive - Rincovitch\00. Nhan\CSharp\RincoMTO\RincoMTO_fsauzi5n_wpftmp.csproj::TargetFramework=net48]
C:\Users\Nhan\OneDrive - Rincovitch\00. Nhan\CSharp\RincoMTO\BIMTOOL\obj\Release R26\Tools\MTO Group Bar\UI\MtoGroupBarWindow.g.cs(1,91): error CS1056: Unexpected character '\0' [C:\Users\Nhan\OneDrive - Rincovitch\00. Nhan\CSharp\RincoMTO\RincoMTO_fsauzi5n_wpftmp.csproj::TargetFramework=net48]
C:\Users\Nhan\OneDrive - Rincovitch\00. Nhan\CSharp\RincoMTO\BIMTOOL\obj\Release R26\RincoMTO.AssemblyInfo.cs(1,93): error CS1056: Unexpected character '\0' [C:\Users\Nhan\OneDrive - Rincovitch\00. Nhan\CSharp\RincoMTO\RincoMTO_fsauzi5n_wpftmp.csproj::TargetFramework=net48]
C:\Users\Nhan\OneDrive - Rincovitch\00. Nhan\CSharp\RincoMTO\BIMTOOL\obj\Release R26\Tools\MTO Group Bar\UI\MtoGroupBarWindow.g.cs(1,92): error CS1056: Unexpected character '\0' [C:\Users\Nhan\OneDrive - Rincovitch\00. Nhan\CSharp\RincoMTO\RincoMTO_fsauzi5n_wpftmp.csproj::TargetFramework=net48]
C:\Users\Nhan\OneDrive - Rincovitch\00. Nhan\CSharp\RincoMTO\BIMTOOL\obj\Release R26\RincoMTO.AssemblyInfo.cs(1,94): error CS1056: Unexpected character '\0' [C:\Users\Nhan\OneDrive - Rincovitch\00. Nhan\CSharp\RincoMTO\RincoMTO_fsauzi5n_wpftmp.csproj::TargetFramework=net48]
C:\Users\Nhan\OneDrive - Rincovitch\00. Nhan\CSharp\RincoMTO\BIMTOOL\obj\Release R26\Tools\MTO Group Bar\UI\MtoGroupBarWindow.g.cs(1,93): error CS1056: Unexpected character '\0' [C:\Users\Nhan\OneDrive - Rincovitch\00. Nhan\CSharp\RincoMTO\RincoMTO_fsauzi5n_wpftmp.csproj::TargetFramework=net48]
C:\Users\Nhan\OneDrive - Rincovitch\00. Nhan\CSharp\RincoMTO\BIMTOOL\obj\Release R26\RincoMTO.AssemblyInfo.cs(1,95): error CS1056: Unexpected character '\0' [C:\Users\Nhan\OneDrive - Rincovitch\00. Nhan\CSharp\RincoMTO\RincoMTO_fsauzi5n_wpftmp.csproj::TargetFramework=net48]
C:\Users\Nhan\OneDrive - Rincovitch\00. Nhan\CSharp\RincoMTO\BIMTOOL\obj\Release R26\Tools\MTO Group Bar\UI\MtoGroupBarWindow.g.cs(1,94): error CS1056: Unexpected character '\0' [C:\Users\Nhan\OneDrive - Rincovitch\00. Nhan\CSharp\RincoMTO\RincoMTO_fsauzi5n_wpftmp.csproj::TargetFramework=net48]
C:\Users\Nhan\OneDrive - Rincovitch\00. Nhan\CSharp\RincoMTO\BIMTOOL\obj\Release R26\RincoMTO.AssemblyInfo.cs(1,96): error CS1056: Unexpected character '\0' [C:\Users\Nhan\OneDrive - Rincovitch\00. Nhan\CSharp\RincoMTO\RincoMTO_fsauzi5n_wpftmp.csproj::TargetFramework=net48]
C:\Users\Nhan\OneDrive - Rincovitch\00. Nhan\CSharp\RincoMTO\BIMTOOL\obj\Release R26\RincoMTO.AssemblyInfo.cs(1,97): error CS1056: Unexpected character '\0' [C:\Users\Nhan\OneDrive - Rincovitch\00. Nhan\CSharp\RincoMTO\RincoMTO_fsauzi5n_wpftmp.csproj::TargetFramework=net48]
C:\Users\Nhan\OneDrive - Rincovitch\00. Nhan\CSharp\RincoMTO\BIMTOOL\obj\Release R26\Tools\MTO Group Bar\UI\MtoGroupBarWindow.g.cs(1,95): error CS1056: Unexpected character '\0' [C:\Users\Nhan\OneDrive - Rincovitch\00. Nhan\CSharp\RincoMTO\RincoMTO_fsauzi5n_wpftmp.csproj::TargetFramework=net48]
C:\Users\Nhan\OneDrive - Rincovitch\00. Nhan\CSharp\RincoMTO\BIMTOOL\obj\Release R26\RincoMTO.AssemblyInfo.cs(1,98): error CS1056: Unexpected character '\0' [C:\Users\Nhan\OneDrive - Rincovitch\00. Nhan\CSharp\RincoMTO\RincoMTO_fsauzi5n_wpftmp.csproj::TargetFramework=net48]
C:\Users\Nhan\OneDrive - Rincovitch\00. Nhan\CSharp\RincoMTO\BIMTOOL\obj\Release R26\Tools\MTO Group Bar\UI\MtoGroupBarWindow.g.cs(1,96): error CS1056: Unexpected character '\0' [C:\Users\Nhan\OneDrive - Rincovitch\00. Nhan\CSharp\RincoMTO\RincoMTO_fsauzi5n_wpftmp.csproj::TargetFramework=net48]
C:\Users\Nhan\OneDrive - Rincovitch\00. Nhan\CSharp\RincoMTO\BIMTOOL\obj\Release R26\RincoMTO.AssemblyInfo.cs(1,99): error CS1056: Unexpected character '\0' [C:\Users\Nhan\OneDrive - Rincovitch\00. Nhan\CSharp\RincoMTO\RincoMTO_fsauzi5n_wpftmp.csproj::TargetFramework=net48]
C:\Users\Nhan\OneDrive - Rincovitch\00. Nhan\CSharp\RincoMTO\BIMTOOL\obj\Release R26\RincoMTO.AssemblyInfo.cs(1,100): error CS1056: Unexpected character '\0' [C:\Users\Nhan\OneDrive - Rincovitch\00. Nhan\CSharp\RincoMTO\RincoMTO_fsauzi5n_wpftmp.csproj::TargetFramework=net48]
C:\Users\Nhan\OneDrive - Rincovitch\00. Nhan\CSharp\RincoMTO\BIMTOOL\obj\Release R26\Tools\MTO Group Bar\UI\MtoGroupBarWindow.g.cs(1,97): error CS1056: Unexpected character '\0' [C:\Users\Nhan\OneDrive - Rincovitch\00. Nhan\CSharp\RincoMTO\RincoMTO_fsauzi5n_wpftmp.csproj::TargetFramework=net48]
C:\Users\Nhan\OneDrive - Rincovitch\00. Nhan\CSharp\RincoMTO\BIMTOOL\obj\Release R26\RincoMTO.AssemblyInfo.cs(1,101): error CS1056: Unexpected character '\0' [C:\Users\Nhan\OneDrive - Rincovitch\00. Nhan\CSharp\RincoMTO\RincoMTO_fsauzi5n_wpftmp.csproj::TargetFramework=net48]
C:\Users\Nhan\OneDrive - Rincovitch\00. Nhan\CSharp\RincoMTO\BIMTOOL\obj\Release R26\Tools\MTO Group Bar\UI\MtoGroupBarWindow.g.cs(1,98): error CS1056: Unexpected character '\0' [C:\Users\Nhan\OneDrive - Rincovitch\00. Nhan\CSharp\RincoMTO\RincoMTO_fsauzi5n_wpftmp.csproj::TargetFramework=net48]
C:\Users\Nhan\OneDrive - Rincovitch\00. Nhan\CSharp\RincoMTO\BIMTOOL\obj\Release R26\RincoMTO.AssemblyInfo.cs(1,102): error CS1056: Unexpected character '\0' [C:\Users\Nhan\OneDrive - Rincovitch\00. Nhan\CSharp\RincoMTO\RincoMTO_fsauzi5n_wpftmp.csproj::TargetFramework=net48]
C:\Users\Nhan\OneDrive - Rincovitch\00. Nhan\CSharp\RincoMTO\BIMTOOL\obj\Release R26\Tools\MTO Group Bar\UI\MtoGroupBarWindow.g.cs(1,99): error CS1056: Unexpected character '\0' [C:\Users\Nhan\OneDrive - Rincovitch\00. Nhan\CSharp\RincoMTO\RincoMTO_fsauzi5n_wpftmp.csproj::TargetFramework=net48]
C:\Users\Nhan\OneDrive - Rincovitch\00. Nhan\CSharp\RincoMTO\BIMTOOL\obj\Release R26\RincoMTO.AssemblyInfo.cs(1,103): error CS1056: Unexpected character '\0' [C:\Users\Nhan\OneDrive - Rincovitch\00. Nhan\CSharp\RincoMTO\RincoMTO_fsauzi5n_wpftmp.csproj::TargetFramework=net48]
C:\Users\Nhan\OneDrive - Rincovitch\00. Nhan\CSharp\RincoMTO\BIMTOOL\obj\Release R26\Tools\MTO Group Bar\UI\MtoGroupBarWindow.g.cs(1,100): error CS1056: Unexpected character '\0' [C:\Users\Nhan\OneDrive - Rincovitch\00. Nhan\CSharp\RincoMTO\RincoMTO_fsauzi5n_wpftmp.csproj::TargetFramework=net48]
C:\Users\Nhan\OneDrive - Rincovitch\00. Nhan\CSharp\RincoMTO\BIMTOOL\obj\Release R26\RincoMTO.AssemblyInfo.cs(1,104): error CS1056: Unexpected character '\0' [C:\Users\Nhan\OneDrive - Rincovitch\00. Nhan\CSharp\RincoMTO\RincoMTO_fsauzi5n_wpftmp.csproj::TargetFramework=net48]
C:\Users\Nhan\OneDrive - Rincovitch\00. Nhan\CSharp\RincoMTO\BIMTOOL\obj\Release R26\RincoMTO.AssemblyInfo.cs(1,105): error CS1056: Unexpected character '\0' [C:\Users\Nhan\OneDrive - Rincovitch\00. Nhan\CSharp\RincoMTO\RincoMTO_fsauzi5n_wpftmp.csproj::TargetFramework=net48]
C:\Users\Nhan\OneDrive - Rincovitch\00. Nhan\CSharp\RincoMTO\BIMTOOL\obj\Release R26\RincoMTO.AssemblyInfo.cs(1,106): error CS1056: Unexpected character '\0' [C:\Users\Nhan\OneDrive - Rincovitch\00. Nhan\CSharp\RincoMTO\RincoMTO_fsauzi5n_wpftmp.csproj::TargetFramework=net48]
C:\Users\Nhan\OneDrive - Rincovitch\00. Nhan\CSharp\RincoMTO\BIMTOOL\obj\Release R26\Tools\MTO Group Bar\UI\MtoGroupBarWindow.g.cs(1,101): error CS1056: Unexpected character '\0' [C:\Users\Nhan\OneDrive - Rincovitch\00. Nhan\CSharp\RincoMTO\RincoMTO_fsauzi5n_wpftmp.csproj::TargetFramework=net48]
C:\Users\Nhan\OneDrive - Rincovitch\00. Nhan\CSharp\RincoMTO\BIMTOOL\obj\Release R26\RincoMTO.AssemblyInfo.cs(1,107): error CS1056: Unexpected character '\0' [C:\Users\Nhan\OneDrive - Rincovitch\00. Nhan\CSharp\RincoMTO\RincoMTO_fsauzi5n_wpftmp.csproj::TargetFramework=net48]
C:\Users\Nhan\OneDrive - Rincovitch\00. Nhan\CSharp\RincoMTO\BIMTOOL\obj\Release R26\Tools\MTO Group Bar\UI\MtoGroupBarWindow.g.cs(1,102): error CS1056: Unexpected character '\0' [C:\Users\Nhan\OneDrive - Rincovitch\00. Nhan\CSharp\RincoMTO\RincoMTO_fsauzi5n_wpftmp.csproj::TargetFramework=net48]
C:\Users\Nhan\OneDrive - Rincovitch\00. Nhan\CSharp\RincoMTO\BIMTOOL\obj\Release R26\RincoMTO.AssemblyInfo.cs(1,108): error CS1056: Unexpected character '\0' [C:\Users\Nhan\OneDrive - Rincovitch\00. Nhan\CSharp\RincoMTO\RincoMTO_fsauzi5n_wpftmp.csproj::TargetFramework=net48]
C:\Users\Nhan\OneDrive - Rincovitch\00. Nhan\CSharp\RincoMTO\BIMTOOL\obj\Release R26\Tools\MTO Group Bar\UI\MtoGroupBarWindow.g.cs(1,103): error CS1056: Unexpected character '\0' [C:\Users\Nhan\OneDrive - Rincovitch\00. Nhan\CSharp\RincoMTO\RincoMTO_fsauzi5n_wpftmp.csproj::TargetFramework=net48]
C:\Users\Nhan\OneDrive - Rincovitch\00. Nhan\CSharp\RincoMTO\BIMTOOL\obj\Release R26\RincoMTO.AssemblyInfo.cs(1,109): error CS1056: Unexpected character '\0' [C:\Users\Nhan\OneDrive - Rincovitch\00. Nhan\CSharp\RincoMTO\RincoMTO_fsauzi5n_wpftmp.csproj::TargetFramework=net48]
C:\Users\Nhan\OneDrive - Rincovitch\00. Nhan\CSharp\RincoMTO\BIMTOOL\obj\Release R26\Tools\MTO Group Bar\UI\MtoGroupBarWindow.g.cs(1,104): error CS1056: Unexpected character '\0' [C:\Users\Nhan\OneDrive - Rincovitch\00. Nhan\CSharp\RincoMTO\RincoMTO_fsauzi5n_wpftmp.csproj::TargetFramework=net48]
C:\Users\Nhan\OneDrive - Rincovitch\00. Nhan\CSharp\RincoMTO\BIMTOOL\obj\Release R26\RincoMTO.AssemblyInfo.cs(1,110): error CS1056: Unexpected character '\0' [C:\Users\Nhan\OneDrive - Rincovitch\00. Nhan\CSharp\RincoMTO\RincoMTO_fsauzi5n_wpftmp.csproj::TargetFramework=net48]
C:\Users\Nhan\OneDrive - Rincovitch\00. Nhan\CSharp\RincoMTO\BIMTOOL\obj\Release R26\Tools\MTO Group Bar\UI\MtoGroupBarWindow.g.cs(1,105): error CS1056: Unexpected character '\0' [C:\Users\Nhan\OneDrive - Rincovitch\00. Nhan\CSharp\RincoMTO\RincoMTO_fsauzi5n_wpftmp.csproj::TargetFramework=net48]
C:\Users\Nhan\OneDrive - Rincovitch\00. Nhan\CSharp\RincoMTO\BIMTOOL\obj\Release R26\RincoMTO.AssemblyInfo.cs(1,111): error CS1056: Unexpected character '\0' [C:\Users\Nhan\OneDrive - Rincovitch\00. Nhan\CSharp\RincoMTO\RincoMTO_fsauzi5n_wpftmp.csproj::TargetFramework=net48]
C:\Users\Nhan\OneDrive - Rincovitch\00. Nhan\CSharp\RincoMTO\BIMTOOL\obj\Release R26\Tools\MTO Group Bar\UI\MtoGroupBarWindow.g.cs(1,106): error CS1056: Unexpected character '\0' [C:\Users\Nhan\OneDrive - Rincovitch\00. Nhan\CSharp\RincoMTO\RincoMTO_fsauzi5n_wpftmp.csproj::TargetFramework=net48]
C:\Users\Nhan\OneDrive - Rincovitch\00. Nhan\CSharp\RincoMTO\BIMTOOL\obj\Release R26\RincoMTO.AssemblyInfo.cs(1,112): error CS1056: Unexpected character '\0' [C:\Users\Nhan\OneDrive - Rincovitch\00. Nhan\CSharp\RincoMTO\RincoMTO_fsauzi5n_wpftmp.csproj::TargetFramework=net48]
C:\Users\Nhan\OneDrive - Rincovitch\00. Nhan\CSharp\RincoMTO\BIMTOOL\obj\Release R26\RincoMTO.AssemblyInfo.cs(1,113): error CS1056: Unexpected character '\0' [C:\Users\Nhan\OneDrive - Rincovitch\00. Nhan\CSharp\RincoMTO\RincoMTO_fsauzi5n_wpftmp.csproj::TargetFramework=net48]
C:\Users\Nhan\OneDrive - Rincovitch\00. Nhan\CSharp\RincoMTO\BIMTOOL\obj\Release R26\RincoMTO.AssemblyInfo.cs(1,114): error CS1056: Unexpected character '\0' [C:\Users\Nhan\OneDrive - Rincovitch\00. Nhan\CSharp\RincoMTO\RincoMTO_fsauzi5n_wpftmp.csproj::TargetFramework=net48]
C:\Users\Nhan\OneDrive - Rincovitch\00. Nhan\CSharp\RincoMTO\BIMTOOL\obj\Release R26\RincoMTO.AssemblyInfo.cs(1,115): error CS1056: Unexpected character '\0' [C:\Users\Nhan\OneDrive - Rincovitch\00. Nhan\CSharp\RincoMTO\RincoMTO_fsauzi5n_wpftmp.csproj::TargetFramework=net48]
C:\Users\Nhan\OneDrive - Rincovitch\00. Nhan\CSharp\RincoMTO\BIMTOOL\obj\Release R26\Tools\MTO Group Bar\UI\MtoGroupBarWindow.g.cs(1,107): error CS1056: Unexpected character '\0' [C:\Users\Nhan\OneDrive - Rincovitch\00. Nhan\CSharp\RincoMTO\RincoMTO_fsauzi5n_wpftmp.csproj::TargetFramework=net48]
C:\Users\Nhan\OneDrive - Rincovitch\00. Nhan\CSharp\RincoMTO\BIMTOOL\obj\Release R26\RincoMTO.AssemblyInfo.cs(1,116): error CS1056: Unexpected character '\0' [C:\Users\Nhan\OneDrive - Rincovitch\00. Nhan\CSharp\RincoMTO\RincoMTO_fsauzi5n_wpftmp.csproj::TargetFramework=net48]
C:\Users\Nhan\OneDrive - Rincovitch\00. Nhan\CSharp\RincoMTO\BIMTOOL\obj\Release R26\Tools\MTO Group Bar\UI\MtoGroupBarWindow.g.cs(1,108): error CS1056: Unexpected character '\0' [C:\Users\Nhan\OneDrive - Rincovitch\00. Nhan\CSharp\RincoMTO\RincoMTO_fsauzi5n_wpftmp.csproj::TargetFramework=net48]
C:\Users\Nhan\OneDrive - Rincovitch\00. Nhan\CSharp\RincoMTO\BIMTOOL\obj\Release R26\RincoMTO.AssemblyInfo.cs(1,117): error CS1056: Unexpected character '\0' [C:\Users\Nhan\OneDrive - Rincovitch\00. Nhan\CSharp\RincoMTO\RincoMTO_fsauzi5n_wpftmp.csproj::TargetFramework=net48]
C:\Users\Nhan\OneDrive - Rincovitch\00. Nhan\CSharp\RincoMTO\BIMTOOL\obj\Release R26\Tools\MTO Group Bar\UI\MtoGroupBarWindow.g.cs(1,109): error CS1056: Unexpected character '\0' [C:\Users\Nhan\OneDrive - Rincovitch\00. Nhan\CSharp\RincoMTO\RincoMTO_fsauzi5n_wpftmp.csproj::TargetFramework=net48]
C:\Users\Nhan\OneDrive - Rincovitch\00. Nhan\CSharp\RincoMTO\BIMTOOL\obj\Release R26\RincoMTO.AssemblyInfo.cs(1,118): error CS1056: Unexpected character '\0' [C:\Users\Nhan\OneDrive - Rincovitch\00. Nhan\CSharp\RincoMTO\RincoMTO_fsauzi5n_wpftmp.csproj::TargetFramework=net48]
C:\Users\Nhan\OneDrive - Rincovitch\00. Nhan\CSharp\RincoMTO\BIMTOOL\obj\Release R26\RincoMTO.AssemblyInfo.cs(1,119): error CS1056: Unexpected character '\0' [C:\Users\Nhan\OneDrive - Rincovitch\00. Nhan\CSharp\RincoMTO\RincoMTO_fsauzi5n_wpftmp.csproj::TargetFramework=net48]
C:\Users\Nhan\OneDrive - Rincovitch\00. Nhan\CSharp\RincoMTO\BIMTOOL\obj\Release R26\Tools\MTO Group Bar\UI\MtoGroupBarWindow.g.cs(1,110): error CS1056: Unexpected character '\0' [C:\Users\Nhan\OneDrive - Rincovitch\00. Nhan\CSharp\RincoMTO\RincoMTO_fsauzi5n_wpftmp.csproj::TargetFramework=net48]
C:\Users\Nhan\OneDrive - Rincovitch\00. Nhan\CSharp\RincoMTO\BIMTOOL\obj\Release R26\RincoMTO.AssemblyInfo.cs(1,120): error CS1056: Unexpected character '\0' [C:\Users\Nhan\OneDrive - Rincovitch\00. Nhan\CSharp\RincoMTO\RincoMTO_fsauzi5n_wpftmp.csproj::TargetFramework=net48]
C:\Users\Nhan\OneDrive - Rincovitch\00. Nhan\CSharp\RincoMTO\BIMTOOL\obj\Release R26\Tools\MTO Group Bar\UI\MtoGroupBarWindow.g.cs(1,111): error CS1056: Unexpected character '\0' [C:\Users\Nhan\OneDrive - Rincovitch\00. Nhan\CSharp\RincoMTO\RincoMTO_fsauzi5n_wpftmp.csproj::TargetFramework=net48]
C:\Users\Nhan\OneDrive - Rincovitch\00. Nhan\CSharp\RincoMTO\BIMTOOL\obj\Release R26\RincoMTO.AssemblyInfo.cs(1,121): error CS1056: Unexpected character '\0' [C:\Users\Nhan\OneDrive - Rincovitch\00. Nhan\CSharp\RincoMTO\RincoMTO_fsauzi5n_wpftmp.csproj::TargetFramework=net48]
C:\Users\Nhan\OneDrive - Rincovitch\00. Nhan\CSharp\RincoMTO\BIMTOOL\obj\Release R26\Tools\MTO Group Bar\UI\MtoGroupBarWindow.g.cs(1,112): error CS1056: Unexpected character '\0' [C:\Users\Nhan\OneDrive - Rincovitch\00. Nhan\CSharp\RincoMTO\RincoMTO_fsauzi5n_wpftmp.csproj::TargetFramework=net48]
C:\Users\Nhan\OneDrive - Rincovitch\00. Nhan\CSharp\RincoMTO\BIMTOOL\obj\Release R26\RincoMTO.AssemblyInfo.cs(1,122): error CS1056: Unexpected character '\0' [C:\Users\Nhan\OneDrive - Rincovitch\00. Nhan\CSharp\RincoMTO\RincoMTO_fsauzi5n_wpftmp.csproj::TargetFramework=net48]
C:\Users\Nhan\OneDrive - Rincovitch\00. Nhan\CSharp\RincoMTO\BIMTOOL\obj\Release R26\RincoMTO.AssemblyInfo.cs(1,123): error CS1056: Unexpected character '\0' [C:\Users\Nhan\OneDrive - Rincovitch\00. Nhan\CSharp\RincoMTO\RincoMTO_fsauzi5n_wpftmp.csproj::TargetFramework=net48]
C:\Users\Nhan\OneDrive - Rincovitch\00. Nhan\CSharp\RincoMTO\BIMTOOL\obj\Release R26\RincoMTO.AssemblyInfo.cs(1,124): error CS1056: Unexpected character '\0' [C:\Users\Nhan\OneDrive - Rincovitch\00. Nhan\CSharp\RincoMTO\RincoMTO_fsauzi5n_wpftmp.csproj::TargetFramework=net48]
C:\Users\Nhan\OneDrive - Rincovitch\00. Nhan\CSharp\RincoMTO\BIMTOOL\obj\Release R26\Tools\MTO Group Bar\UI\MtoGroupBarWindow.g.cs(1,113): error CS1056: Unexpected character '\0' [C:\Users\Nhan\OneDrive - Rincovitch\00. Nhan\CSharp\RincoMTO\RincoMTO_fsauzi5n_wpftmp.csproj::TargetFramework=net48]
C:\Users\Nhan\OneDrive - Rincovitch\00. Nhan\CSharp\RincoMTO\BIMTOOL\obj\Release R26\RincoMTO.AssemblyInfo.cs(1,125): error CS1056: Unexpected character '\0' [C:\Users\Nhan\OneDrive - Rincovitch\00. Nhan\CSharp\RincoMTO\RincoMTO_fsauzi5n_wpftmp.csproj::TargetFramework=net48]
C:\Users\Nhan\OneDrive - Rincovitch\00. Nhan\CSharp\RincoMTO\BIMTOOL\obj\Release R26\RincoMTO.AssemblyInfo.cs(1,126): error CS1056: Unexpected character '\0' [C:\Users\Nhan\OneDrive - Rincovitch\00. Nhan\CSharp\RincoMTO\RincoMTO_fsauzi5n_wpftmp.csproj::TargetFramework=net48]
C:\Users\Nhan\OneDrive - Rincovitch\00. Nhan\CSharp\RincoMTO\BIMTOOL\obj\Release R26\Tools\MTO Group Bar\UI\MtoGroupBarWindow.g.cs(1,114): error CS1056: Unexpected character '\0' [C:\Users\Nhan\OneDrive - Rincovitch\00. Nhan\CSharp\RincoMTO\RincoMTO_fsauzi5n_wpftmp.csproj::TargetFramework=net48]
C:\Users\Nhan\OneDrive - Rincovitch\00. Nhan\CSharp\RincoMTO\BIMTOOL\obj\Release R26\RincoMTO.AssemblyInfo.cs(1,127): error CS1056: Unexpected character '\0' [C:\Users\Nhan\OneDrive - Rincovitch\00. Nhan\CSharp\RincoMTO\RincoMTO_fsauzi5n_wpftmp.csproj::TargetFramework=net48]
C:\Users\Nhan\OneDrive - Rincovitch\00. Nhan\CSharp\RincoMTO\BIMTOOL\obj\Release R26\Tools\MTO Group Bar\UI\MtoGroupBarWindow.g.cs(1,115): error CS1056: Unexpected character '\0' [C:\Users\Nhan\OneDrive - Rincovitch\00. Nhan\CSharp\RincoMTO\RincoMTO_fsauzi5n_wpftmp.csproj::TargetFramework=net48]
C:\Users\Nhan\OneDrive - Rincovitch\00. Nhan\CSharp\RincoMTO\BIMTOOL\obj\Release R26\RincoMTO.AssemblyInfo.cs(1,128): error CS1056: Unexpected character '\0' [C:\Users\Nhan\OneDrive - Rincovitch\00. Nhan\CSharp\RincoMTO\RincoMTO_fsauzi5n_wpftmp.csproj::TargetFramework=net48]
C:\Users\Nhan\OneDrive - Rincovitch\00. Nhan\CSharp\RincoMTO\BIMTOOL\obj\Release R26\Tools\MTO Group Bar\UI\MtoGroupBarWindow.g.cs(1,116): error CS1056: Unexpected character '\0' [C:\Users\Nhan\OneDrive - Rincovitch\00. Nhan\CSharp\RincoMTO\RincoMTO_fsauzi5n_wpftmp.csproj::TargetFramework=net48]
C:\Users\Nhan\OneDrive - Rincovitch\00. Nhan\CSharp\RincoMTO\BIMTOOL\obj\Release R26\RincoMTO.AssemblyInfo.cs(1,129): error CS1056: Unexpected character '\0' [C:\Users\Nhan\OneDrive - Rincovitch\00. Nhan\CSharp\RincoMTO\RincoMTO_fsauzi5n_wpftmp.csproj::TargetFramework=net48]
C:\Users\Nhan\OneDrive - Rincovitch\00. Nhan\CSharp\RincoMTO\BIMTOOL\obj\Release R26\RincoMTO.AssemblyInfo.cs(1,130): error CS1056: Unexpected character '\0' [C:\Users\Nhan\OneDrive - Rincovitch\00. Nhan\CSharp\RincoMTO\RincoMTO_fsauzi5n_wpftmp.csproj::TargetFramework=net48]
C:\Users\Nhan\OneDrive - Rincovitch\00. Nhan\CSharp\RincoMTO\BIMTOOL\obj\Release R26\Tools\MTO Group Bar\UI\MtoGroupBarWindow.g.cs(1,117): error CS1056: Unexpected character '\0' [C:\Users\Nhan\OneDrive - Rincovitch\00. Nhan\CSharp\RincoMTO\RincoMTO_fsauzi5n_wpftmp.csproj::TargetFramework=net48]
C:\Users\Nhan\OneDrive - Rincovitch\00. Nhan\CSharp\RincoMTO\BIMTOOL\obj\Release R26\RincoMTO.AssemblyInfo.cs(1,131): error CS1056: Unexpected character '\0' [C:\Users\Nhan\OneDrive - Rincovitch\00. Nhan\CSharp\RincoMTO\RincoMTO_fsauzi5n_wpftmp.csproj::TargetFramework=net48]
C:\Users\Nhan\OneDrive - Rincovitch\00. Nhan\CSharp\RincoMTO\BIMTOOL\obj\Release R26\Tools\MTO Group Bar\UI\MtoGroupBarWindow.g.cs(1,118): error CS1056: Unexpected character '\0' [C:\Users\Nhan\OneDrive - Rincovitch\00. Nhan\CSharp\RincoMTO\RincoMTO_fsauzi5n_wpftmp.csproj::TargetFramework=net48]
C:\Users\Nhan\OneDrive - Rincovitch\00. Nhan\CSharp\RincoMTO\BIMTOOL\obj\Release R26\RincoMTO.AssemblyInfo.cs(1,132): error CS1056: Unexpected character '\0' [C:\Users\Nhan\OneDrive - Rincovitch\00. Nhan\CSharp\RincoMTO\RincoMTO_fsauzi5n_wpftmp.csproj::TargetFramework=net48]
C:\Users\Nhan\OneDrive - Rincovitch\00. Nhan\CSharp\RincoMTO\BIMTOOL\obj\Release R26\Tools\MTO Group Bar\UI\MtoGroupBarWindow.g.cs(1,119): error CS1056: Unexpected character '\0' [C:\Users\Nhan\OneDrive - Rincovitch\00. Nhan\CSharp\RincoMTO\RincoMTO_fsauzi5n_wpftmp.csproj::TargetFramework=net48]
C:\Users\Nhan\OneDrive - Rincovitch\00. Nhan\CSharp\RincoMTO\BIMTOOL\obj\Release R26\RincoMTO.AssemblyInfo.cs(1,133): error CS1056: Unexpected character '\0' [C:\Users\Nhan\OneDrive - Rincovitch\00. Nhan\CSharp\RincoMTO\RincoMTO_fsauzi5n_wpftmp.csproj::TargetFramework=net48]
C:\Users\Nhan\OneDrive - Rincovitch\00. Nhan\CSharp\RincoMTO\BIMTOOL\obj\Release R26\Tools\MTO Group Bar\UI\MtoGroupBarWindow.g.cs(1,120): error CS1056: Unexpected character '\0' [C:\Users\Nhan\OneDrive - Rincovitch\00. Nhan\CSharp\RincoMTO\RincoMTO_fsauzi5n_wpftmp.csproj::TargetFramework=net48]
C:\Users\Nhan\OneDrive - Rincovitch\00. Nhan\CSharp\RincoMTO\BIMTOOL\obj\Release R26\RincoMTO.AssemblyInfo.cs(1,134): error CS1056: Unexpected character '\0' [C:\Users\Nhan\OneDrive - Rincovitch\00. Nhan\CSharp\RincoMTO\RincoMTO_fsauzi5n_wpftmp.csproj::TargetFramework=net48]
C:\Users\Nhan\OneDrive - Rincovitch\00. Nhan\CSharp\RincoMTO\BIMTOOL\obj\Release R26\RincoMTO.AssemblyInfo.cs(1,135): error CS1056: Unexpected character '\0' [C:\Users\Nhan\OneDrive - Rincovitch\00. Nhan\CSharp\RincoMTO\RincoMTO_fsauzi5n_wpftmp.csproj::TargetFramework=net48]
C:\Users\Nhan\OneDrive - Rincovitch\00. Nhan\CSharp\RincoMTO\BIMTOOL\obj\Release R26\Tools\MTO Group Bar\UI\MtoGroupBarWindow.g.cs(1,121): error CS1056: Unexpected character '\0' [C:\Users\Nhan\OneDrive - Rincovitch\00. Nhan\CSharp\RincoMTO\RincoMTO_fsauzi5n_wpftmp.csproj::TargetFramework=net48]
C:\Users\Nhan\OneDrive - Rincovitch\00. Nhan\CSharp\RincoMTO\BIMTOOL\obj\Release R26\RincoMTO.AssemblyInfo.cs(1,136): error CS1056: Unexpected character '\0' [C:\Users\Nhan\OneDrive - Rincovitch\00. Nhan\CSharp\RincoMTO\RincoMTO_fsauzi5n_wpftmp.csproj::TargetFramework=net48]
C:\Users\Nhan\OneDrive - Rincovitch\00. Nhan\CSharp\RincoMTO\BIMTOOL\obj\Release R26\Tools\MTO Group Bar\UI\MtoGroupBarWindow.g.cs(1,122): error CS1056: Unexpected character '\0' [C:\Users\Nhan\OneDrive - Rincovitch\00. Nhan\CSharp\RincoMTO\RincoMTO_fsauzi5n_wpftmp.csproj::TargetFramework=net48]
C:\Users\Nhan\OneDrive - Rincovitch\00. Nhan\CSharp\RincoMTO\BIMTOOL\obj\Release R26\RincoMTO.AssemblyInfo.cs(1,137): error CS1056: Unexpected character '\0' [C:\Users\Nhan\OneDrive - Rincovitch\00. Nhan\CSharp\RincoMTO\RincoMTO_fsauzi5n_wpftmp.csproj::TargetFramework=net48]
C:\Users\Nhan\OneDrive - Rincovitch\00. Nhan\CSharp\RincoMTO\BIMTOOL\obj\Release R26\Tools\MTO Group Bar\UI\MtoGroupBarWindow.g.cs(1,123): error CS1056: Unexpected character '\0' [C:\Users\Nhan\OneDrive - Rincovitch\00. Nhan\CSharp\RincoMTO\RincoMTO_fsauzi5n_wpftmp.csproj::TargetFramework=net48]
C:\Users\Nhan\OneDrive - Rincovitch\00. Nhan\CSharp\RincoMTO\BIMTOOL\obj\Release R26\RincoMTO.AssemblyInfo.cs(1,138): error CS1056: Unexpected character '\0' [C:\Users\Nhan\OneDrive - Rincovitch\00. Nhan\CSharp\RincoMTO\RincoMTO_fsauzi5n_wpftmp.csproj::TargetFramework=net48]
C:\Users\Nhan\OneDrive - Rincovitch\00. Nhan\CSharp\RincoMTO\BIMTOOL\obj\Release R26\Tools\MTO Group Bar\UI\MtoGroupBarWindow.g.cs(1,124): error CS1056: Unexpected character '\0' [C:\Users\Nhan\OneDrive - Rincovitch\00. Nhan\CSharp\RincoMTO\RincoMTO_fsauzi5n_wpftmp.csproj::TargetFramework=net48]
C:\Users\Nhan\OneDrive - Rincovitch\00. Nhan\CSharp\RincoMTO\BIMTOOL\obj\Release R26\Tools\MTO Group Bar\UI\MtoGroupBarWindow.g.cs(1,125): error CS1056: Unexpected character '\0' [C:\Users\Nhan\OneDrive - Rincovitch\00. Nhan\CSharp\RincoMTO\RincoMTO_fsauzi5n_wpftmp.csproj::TargetFramework=net48]
C:\Users\Nhan\OneDrive - Rincovitch\00. Nhan\CSharp\RincoMTO\BIMTOOL\obj\Release R26\RincoMTO.AssemblyInfo.cs(1,139): error CS1056: Unexpected character '\0' [C:\Users\Nhan\OneDrive - Rincovitch\00. Nhan\CSharp\RincoMTO\RincoMTO_fsauzi5n_wpftmp.csproj::TargetFramework=net48]
C:\Users\Nhan\OneDrive - Rincovitch\00. Nhan\CSharp\RincoMTO\BIMTOOL\obj\Release R26\Tools\MTO Group Bar\UI\MtoGroupBarWindow.g.cs(1,126): error CS1056: Unexpected character '\0' [C:\Users\Nhan\OneDrive - Rincovitch\00. Nhan\CSharp\RincoMTO\RincoMTO_fsauzi5n_wpftmp.csproj::TargetFramework=net48]
C:\Users\Nhan\OneDrive - Rincovitch\00. Nhan\CSharp\RincoMTO\BIMTOOL\obj\Release R26\RincoMTO.AssemblyInfo.cs(1,140): error CS1056: Unexpected character '\0' [C:\Users\Nhan\OneDrive - Rincovitch\00. Nhan\CSharp\RincoMTO\RincoMTO_fsauzi5n_wpftmp.csproj::TargetFramework=net48]
C:\Users\Nhan\OneDrive - Rincovitch\00. Nhan\CSharp\RincoMTO\BIMTOOL\obj\Release R26\Tools\MTO Group Bar\UI\MtoGroupBarWindow.g.cs(1,127): error CS1056: Unexpected character '\0' [C:\Users\Nhan\OneDrive - Rincovitch\00. Nhan\CSharp\RincoMTO\RincoMTO_fsauzi5n_wpftmp.csproj::TargetFramework=net48]
C:\Users\Nhan\OneDrive - Rincovitch\00. Nhan\CSharp\RincoMTO\BIMTOOL\obj\Release R26\RincoMTO.AssemblyInfo.cs(1,141): error CS1056: Unexpected character '\0' [C:\Users\Nhan\OneDrive - Rincovitch\00. Nhan\CSharp\RincoMTO\RincoMTO_fsauzi5n_wpftmp.csproj::TargetFramework=net48]
C:\Users\Nhan\OneDrive - Rincovitch\00. Nhan\CSharp\RincoMTO\BIMTOOL\obj\Release R26\RincoMTO.AssemblyInfo.cs(1,142): error CS1056: Unexpected character '\0' [C:\Users\Nhan\OneDrive - Rincovitch\00. Nhan\CSharp\RincoMTO\RincoMTO_fsauzi5n_wpftmp.csproj::TargetFramework=net48]
C:\Users\Nhan\OneDrive - Rincovitch\00. Nhan\CSharp\RincoMTO\BIMTOOL\obj\Release R26\RincoMTO.AssemblyInfo.cs(1,143): error CS1056: Unexpected character '\0' [C:\Users\Nhan\OneDrive - Rincovitch\00. Nhan\CSharp\RincoMTO\RincoMTO_fsauzi5n_wpftmp.csproj::TargetFramework=net48]
C:\Users\Nhan\OneDrive - Rincovitch\00. Nhan\CSharp\RincoMTO\BIMTOOL\obj\Release R26\Tools\MTO Group Bar\UI\MtoGroupBarWindow.g.cs(1,128): error CS1056: Unexpected character '\0' [C:\Users\Nhan\OneDrive - Rincovitch\00. Nhan\CSharp\RincoMTO\RincoMTO_fsauzi5n_wpftmp.csproj::TargetFramework=net48]
C:\Users\Nhan\OneDrive - Rincovitch\00. Nhan\CSharp\RincoMTO\BIMTOOL\obj\Release R26\RincoMTO.AssemblyInfo.cs(1,144): error CS1056: Unexpected character '\0' [C:\Users\Nhan\OneDrive - Rincovitch\00. Nhan\CSharp\RincoMTO\RincoMTO_fsauzi5n_wpftmp.csproj::TargetFramework=net48]
C:\Users\Nhan\OneDrive - Rincovitch\00. Nhan\CSharp\RincoMTO\BIMTOOL\obj\Release R26\RincoMTO.AssemblyInfo.cs(1,145): error CS1056: Unexpected character '\0' [C:\Users\Nhan\OneDrive - Rincovitch\00. Nhan\CSharp\RincoMTO\RincoMTO_fsauzi5n_wpftmp.csproj::TargetFramework=net48]
C:\Users\Nhan\OneDrive - Rincovitch\00. Nhan\CSharp\RincoMTO\BIMTOOL\obj\Release R26\Tools\MTO Group Bar\UI\MtoGroupBarWindow.g.cs(1,129): error CS1056: Unexpected character '\0' [C:\Users\Nhan\OneDrive - Rincovitch\00. Nhan\CSharp\RincoMTO\RincoMTO_fsauzi5n_wpftmp.csproj::TargetFramework=net48]
C:\Users\Nhan\OneDrive - Rincovitch\00. Nhan\CSharp\RincoMTO\BIMTOOL\obj\Release R26\RincoMTO.AssemblyInfo.cs(1,146): error CS1056: Unexpected character '\0' [C:\Users\Nhan\OneDrive - Rincovitch\00. Nhan\CSharp\RincoMTO\RincoMTO_fsauzi5n_wpftmp.csproj::TargetFramework=net48]
C:\Users\Nhan\OneDrive - Rincovitch\00. Nhan\CSharp\RincoMTO\BIMTOOL\obj\Release R26\Tools\MTO Group Bar\UI\MtoGroupBarWindow.g.cs(1,130): error CS1056: Unexpected character '\0' [C:\Users\Nhan\OneDrive - Rincovitch\00. Nhan\CSharp\RincoMTO\RincoMTO_fsauzi5n_wpftmp.csproj::TargetFramework=net48]
C:\Users\Nhan\OneDrive - Rincovitch\00. Nhan\CSharp\RincoMTO\BIMTOOL\obj\Release R26\RincoMTO.AssemblyInfo.cs(1,147): error CS1056: Unexpected character '\0' [C:\Users\Nhan\OneDrive - Rincovitch\00. Nhan\CSharp\RincoMTO\RincoMTO_fsauzi5n_wpftmp.csproj::TargetFramework=net48]
C:\Users\Nhan\OneDrive - Rincovitch\00. Nhan\CSharp\RincoMTO\BIMTOOL\obj\Release R26\Tools\MTO Group Bar\UI\MtoGroupBarWindow.g.cs(1,131): error CS1056: Unexpected character '\0' [C:\Users\Nhan\OneDrive - Rincovitch\00. Nhan\CSharp\RincoMTO\RincoMTO_fsauzi5n_wpftmp.csproj::TargetFramework=net48]
C:\Users\Nhan\OneDrive - Rincovitch\00. Nhan\CSharp\RincoMTO\BIMTOOL\obj\Release R26\RincoMTO.AssemblyInfo.cs(1,148): error CS1056: Unexpected character '\0' [C:\Users\Nhan\OneDrive - Rincovitch\00. Nhan\CSharp\RincoMTO\RincoMTO_fsauzi5n_wpftmp.csproj::TargetFramework=net48]
C:\Users\Nhan\OneDrive - Rincovitch\00. Nhan\CSharp\RincoMTO\BIMTOOL\obj\Release R26\Tools\MTO Group Bar\UI\MtoGroupBarWindow.g.cs(1,132): error CS1056: Unexpected character '\0' [C:\Users\Nhan\OneDrive - Rincovitch\00. Nhan\CSharp\RincoMTO\RincoMTO_fsauzi5n_wpftmp.csproj::TargetFramework=net48]
C:\Users\Nhan\OneDrive - Rincovitch\00. Nhan\CSharp\RincoMTO\BIMTOOL\obj\Release R26\RincoMTO.AssemblyInfo.cs(1,149): error CS1056: Unexpected character '\0' [C:\Users\Nhan\OneDrive - Rincovitch\00. Nhan\CSharp\RincoMTO\RincoMTO_fsauzi5n_wpftmp.csproj::TargetFramework=net48]
C:\Users\Nhan\OneDrive - Rincovitch\00. Nhan\CSharp\RincoMTO\BIMTOOL\obj\Release R26\Tools\MTO Group Bar\UI\MtoGroupBarWindow.g.cs(1,133): error CS1056: Unexpected character '\0' [C:\Users\Nhan\OneDrive - Rincovitch\00. Nhan\CSharp\RincoMTO\RincoMTO_fsauzi5n_wpftmp.csproj::TargetFramework=net48]
C:\Users\Nhan\OneDrive - Rincovitch\00. Nhan\CSharp\RincoMTO\BIMTOOL\obj\Release R26\RincoMTO.AssemblyInfo.cs(1,150): error CS1056: Unexpected character '\0' [C:\Users\Nhan\OneDrive - Rincovitch\00. Nhan\CSharp\RincoMTO\RincoMTO_fsauzi5n_wpftmp.csproj::TargetFramework=net48]
C:\Users\Nhan\OneDrive - Rincovitch\00. Nhan\CSharp\RincoMTO\BIMTOOL\obj\Release R26\RincoMTO.AssemblyInfo.cs(1,151): error CS1056: Unexpected character '\0' [C:\Users\Nhan\OneDrive - Rincovitch\00. Nhan\CSharp\RincoMTO\RincoMTO_fsauzi5n_wpftmp.csproj::TargetFramework=net48]
C:\Users\Nhan\OneDrive - Rincovitch\00. Nhan\CSharp\RincoMTO\BIMTOOL\obj\Release R26\Tools\MTO Group Bar\UI\MtoGroupBarWindow.g.cs(1,134): error CS1056: Unexpected character '\0' [C:\Users\Nhan\OneDrive - Rincovitch\00. Nhan\CSharp\RincoMTO\RincoMTO_fsauzi5n_wpftmp.csproj::TargetFramework=net48]
C:\Users\Nhan\OneDrive - Rincovitch\00. Nhan\CSharp\RincoMTO\BIMTOOL\obj\Release R26\RincoMTO.AssemblyInfo.cs(1,152): error CS1056: Unexpected character '\0' [C:\Users\Nhan\OneDrive - Rincovitch\00. Nhan\CSharp\RincoMTO\RincoMTO_fsauzi5n_wpftmp.csproj::TargetFramework=net48]
C:\Users\Nhan\OneDrive - Rincovitch\00. Nhan\CSharp\RincoMTO\BIMTOOL\obj\Release R26\RincoMTO.AssemblyInfo.cs(1,153): error CS1056: Unexpected character '\0' [C:\Users\Nhan\OneDrive - Rincovitch\00. Nhan\CSharp\RincoMTO\RincoMTO_fsauzi5n_wpftmp.csproj::TargetFramework=net48]
C:\Users\Nhan\OneDrive - Rincovitch\00. Nhan\CSharp\RincoMTO\BIMTOOL\obj\Release R26\Tools\MTO Group Bar\UI\MtoGroupBarWindow.g.cs(1,135): error CS1056: Unexpected character '\0' [C:\Users\Nhan\OneDrive - Rincovitch\00. Nhan\CSharp\RincoMTO\RincoMTO_fsauzi5n_wpftmp.csproj::TargetFramework=net48]
C:\Users\Nhan\OneDrive - Rincovitch\00. Nhan\CSharp\RincoMTO\BIMTOOL\obj\Release R26\RincoMTO.AssemblyInfo.cs(1,154): error CS1056: Unexpected character '\0' [C:\Users\Nhan\OneDrive - Rincovitch\00. Nhan\CSharp\RincoMTO\RincoMTO_fsauzi5n_wpftmp.csproj::TargetFramework=net48]
C:\Users\Nhan\OneDrive - Rincovitch\00. Nhan\CSharp\RincoMTO\BIMTOOL\obj\Release R26\Tools\MTO Group Bar\UI\MtoGroupBarWindow.g.cs(1,136): error CS1056: Unexpected character '\0' [C:\Users\Nhan\OneDrive - Rincovitch\00. Nhan\CSharp\RincoMTO\RincoMTO_fsauzi5n_wpftmp.csproj::TargetFramework=net48]
C:\Users\Nhan\OneDrive - Rincovitch\00. Nhan\CSharp\RincoMTO\BIMTOOL\obj\Release R26\RincoMTO.AssemblyInfo.cs(1,155): error CS1056: Unexpected character '\0' [C:\Users\Nhan\OneDrive - Rincovitch\00. Nhan\CSharp\RincoMTO\RincoMTO_fsauzi5n_wpftmp.csproj::TargetFramework=net48]
C:\Users\Nhan\OneDrive - Rincovitch\00. Nhan\CSharp\RincoMTO\BIMTOOL\obj\Release R26\Tools\MTO Group Bar\UI\MtoGroupBarWindow.g.cs(1,137): error CS1056: Unexpected character '\0' [C:\Users\Nhan\OneDrive - Rincovitch\00. Nhan\CSharp\RincoMTO\RincoMTO_fsauzi5n_wpftmp.csproj::TargetFramework=net48]
C:\Users\Nhan\OneDrive - Rincovitch\00. Nhan\CSharp\RincoMTO\BIMTOOL\obj\Release R26\RincoMTO.AssemblyInfo.cs(1,156): error CS1056: Unexpected character '\0' [C:\Users\Nhan\OneDrive - Rincovitch\00. Nhan\CSharp\RincoMTO\RincoMTO_fsauzi5n_wpftmp.csproj::TargetFramework=net48]
C:\Users\Nhan\OneDrive - Rincovitch\00. Nhan\CSharp\RincoMTO\BIMTOOL\obj\Release R26\Tools\MTO Group Bar\UI\MtoGroupBarWindow.g.cs(1,138): error CS1056: Unexpected character '\0' [C:\Users\Nhan\OneDrive - Rincovitch\00. Nhan\CSharp\RincoMTO\RincoMTO_fsauzi5n_wpftmp.csproj::TargetFramework=net48]
C:\Users\Nhan\OneDrive - Rincovitch\00. Nhan\CSharp\RincoMTO\BIMTOOL\obj\Release R26\RincoMTO.AssemblyInfo.cs(1,157): error CS1056: Unexpected character '\0' [C:\Users\Nhan\OneDrive - Rincovitch\00. Nhan\CSharp\RincoMTO\RincoMTO_fsauzi5n_wpftmp.csproj::TargetFramework=net48]
C:\Users\Nhan\OneDrive - Rincovitch\00. Nhan\CSharp\RincoMTO\BIMTOOL\obj\Release R26\Tools\MTO Group Bar\UI\MtoGroupBarWindow.g.cs(1,139): error CS1056: Unexpected character '\0' [C:\Users\Nhan\OneDrive - Rincovitch\00. Nhan\CSharp\RincoMTO\RincoMTO_fsauzi5n_wpftmp.csproj::TargetFramework=net48]
C:\Users\Nhan\OneDrive - Rincovitch\00. Nhan\CSharp\RincoMTO\BIMTOOL\obj\Release R26\RincoMTO.AssemblyInfo.cs(1,158): error CS1056: Unexpected character '\0' [C:\Users\Nhan\OneDrive - Rincovitch\00. Nhan\CSharp\RincoMTO\RincoMTO_fsauzi5n_wpftmp.csproj::TargetFramework=net48]
C:\Users\Nhan\OneDrive - Rincovitch\00. Nhan\CSharp\RincoMTO\BIMTOOL\obj\Release R26\Tools\MTO Group Bar\UI\MtoGroupBarWindow.g.cs(1,140): error CS1056: Unexpected character '\0' [C:\Users\Nhan\OneDrive - Rincovitch\00. Nhan\CSharp\RincoMTO\RincoMTO_fsauzi5n_wpftmp.csproj::TargetFramework=net48]
C:\Users\Nhan\OneDrive - Rincovitch\00. Nhan\CSharp\RincoMTO\BIMTOOL\obj\Release R26\RincoMTO.AssemblyInfo.cs(1,159): error CS1056: Unexpected character '\0' [C:\Users\Nhan\OneDrive - Rincovitch\00. Nhan\CSharp\RincoMTO\RincoMTO_fsauzi5n_wpftmp.csproj::TargetFramework=net48]
C:\Users\Nhan\OneDrive - Rincovitch\00. Nhan\CSharp\RincoMTO\BIMTOOL\obj\Release R26\Tools\MTO Group Bar\UI\MtoGroupBarWindow.g.cs(1,141): error CS1056: Unexpected character '\0' [C:\Users\Nhan\OneDrive - Rincovitch\00. Nhan\CSharp\RincoMTO\RincoMTO_fsauzi5n_wpftmp.csproj::TargetFramework=net48]
C:\Users\Nhan\OneDrive - Rincovitch\00. Nhan\CSharp\RincoMTO\BIMTOOL\obj\Release R26\RincoMTO.AssemblyInfo.cs(1,160): error CS1056: Unexpected character '\0' [C:\Users\Nhan\OneDrive - Rincovitch\00. Nhan\CSharp\RincoMTO\RincoMTO_fsauzi5n_wpftmp.csproj::TargetFramework=net48]
C:\Users\Nhan\OneDrive - Rincovitch\00. Nhan\CSharp\RincoMTO\BIMTOOL\obj\Release R26\RincoMTO.AssemblyInfo.cs(1,161): error CS1056: Unexpected character '\0' [C:\Users\Nhan\OneDrive - Rincovitch\00. Nhan\CSharp\RincoMTO\RincoMTO_fsauzi5n_wpftmp.csproj::TargetFramework=net48]
C:\Users\Nhan\OneDrive - Rincovitch\00. Nhan\CSharp\RincoMTO\BIMTOOL\obj\Release R26\Tools\MTO Group Bar\UI\MtoGroupBarWindow.g.cs(1,142): error CS1056: Unexpected character '\0' [C:\Users\Nhan\OneDrive - Rincovitch\00. Nhan\CSharp\RincoMTO\RincoMTO_fsauzi5n_wpftmp.csproj::TargetFramework=net48]
C:\Users\Nhan\OneDrive - Rincovitch\00. Nhan\CSharp\RincoMTO\BIMTOOL\obj\Release R26\RincoMTO.AssemblyInfo.cs(1,162): error CS1056: Unexpected character '\0' [C:\Users\Nhan\OneDrive - Rincovitch\00. Nhan\CSharp\RincoMTO\RincoMTO_fsauzi5n_wpftmp.csproj::TargetFramework=net48]
C:\Users\Nhan\OneDrive - Rincovitch\00. Nhan\CSharp\RincoMTO\BIMTOOL\obj\Release R26\Tools\MTO Group Bar\UI\MtoGroupBarWindow.g.cs(1,143): error CS1056: Unexpected character '\0' [C:\Users\Nhan\OneDrive - Rincovitch\00. Nhan\CSharp\RincoMTO\RincoMTO_fsauzi5n_wpftmp.csproj::TargetFramework=net48]
C:\Users\Nhan\OneDrive - Rincovitch\00. Nhan\CSharp\RincoMTO\BIMTOOL\obj\Release R26\RincoMTO.AssemblyInfo.cs(1,163): error CS1056: Unexpected character '\0' [C:\Users\Nhan\OneDrive - Rincovitch\00. Nhan\CSharp\RincoMTO\RincoMTO_fsauzi5n_wpftmp.csproj::TargetFramework=net48]
C:\Users\Nhan\OneDrive - Rincovitch\00. Nhan\CSharp\RincoMTO\BIMTOOL\obj\Release R26\Tools\MTO Group Bar\UI\MtoGroupBarWindow.g.cs(1,144): error CS1056: Unexpected character '\0' [C:\Users\Nhan\OneDrive - Rincovitch\00. Nhan\CSharp\RincoMTO\RincoMTO_fsauzi5n_wpftmp.csproj::TargetFramework=net48]
C:\Users\Nhan\OneDrive - Rincovitch\00. Nhan\CSharp\RincoMTO\BIMTOOL\obj\Release R26\RincoMTO.AssemblyInfo.cs(1,164): error CS1056: Unexpected character '\0' [C:\Users\Nhan\OneDrive - Rincovitch\00. Nhan\CSharp\RincoMTO\RincoMTO_fsauzi5n_wpftmp.csproj::TargetFramework=net48]
C:\Users\Nhan\OneDrive - Rincovitch\00. Nhan\CSharp\RincoMTO\BIMTOOL\obj\Release R26\Tools\MTO Group Bar\UI\MtoGroupBarWindow.g.cs(1,145): error CS1056: Unexpected character '\0' [C:\Users\Nhan\OneDrive - Rincovitch\00. Nhan\CSharp\RincoMTO\RincoMTO_fsauzi5n_wpftmp.csproj::TargetFramework=net48]
C:\Users\Nhan\OneDrive - Rincovitch\00. Nhan\CSharp\RincoMTO\BIMTOOL\obj\Release R26\RincoMTO.AssemblyInfo.cs(1,165): error CS1056: Unexpected character '\0' [C:\Users\Nhan\OneDrive - Rincovitch\00. Nhan\CSharp\RincoMTO\RincoMTO_fsauzi5n_wpftmp.csproj::TargetFramework=net48]
C:\Users\Nhan\OneDrive - Rincovitch\00. Nhan\CSharp\RincoMTO\BIMTOOL\obj\Release R26\RincoMTO.AssemblyInfo.cs(1,166): error CS1056: Unexpected character '\0' [C:\Users\Nhan\OneDrive - Rincovitch\00. Nhan\CSharp\RincoMTO\RincoMTO_fsauzi5n_wpftmp.csproj::TargetFramework=net48]
C:\Users\Nhan\OneDrive - Rincovitch\00. Nhan\CSharp\RincoMTO\BIMTOOL\obj\Release R26\RincoMTO.AssemblyInfo.cs(1,167): error CS1056: Unexpected character '\0' [C:\Users\Nhan\OneDrive - Rincovitch\00. Nhan\CSharp\RincoMTO\RincoMTO_fsauzi5n_wpftmp.csproj::TargetFramework=net48]
C:\Users\Nhan\OneDrive - Rincovitch\00. Nhan\CSharp\RincoMTO\BIMTOOL\obj\Release R26\RincoMTO.AssemblyInfo.cs(1,168): error CS1056: Unexpected character '\0' [C:\Users\Nhan\OneDrive - Rincovitch\00. Nhan\CSharp\RincoMTO\RincoMTO_fsauzi5n_wpftmp.csproj::TargetFramework=net48]
C:\Users\Nhan\OneDrive - Rincovitch\00. Nhan\CSharp\RincoMTO\BIMTOOL\obj\Release R26\RincoMTO.AssemblyInfo.cs(1,169): error CS1056: Unexpected character '\0' [C:\Users\Nhan\OneDrive - Rincovitch\00. Nhan\CSharp\RincoMTO\RincoMTO_fsauzi5n_wpftmp.csproj::TargetFramework=net48]
C:\Users\Nhan\OneDrive - Rincovitch\00. Nhan\CSharp\RincoMTO\BIMTOOL\obj\Release R26\Tools\MTO Group Bar\UI\MtoGroupBarWindow.g.cs(1,146): error CS1056: Unexpected character '\0' [C:\Users\Nhan\OneDrive - Rincovitch\00. Nhan\CSharp\RincoMTO\RincoMTO_fsauzi5n_wpftmp.csproj::TargetFramework=net48]
C:\Users\Nhan\OneDrive - Rincovitch\00. Nhan\CSharp\RincoMTO\BIMTOOL\obj\Release R26\RincoMTO.AssemblyInfo.cs(1,170): error CS1056: Unexpected character '\0' [C:\Users\Nhan\OneDrive - Rincovitch\00. Nhan\CSharp\RincoMTO\RincoMTO_fsauzi5n_wpftmp.csproj::TargetFramework=net48]
C:\Users\Nhan\OneDrive - Rincovitch\00. Nhan\CSharp\RincoMTO\BIMTOOL\obj\Release R26\Tools\MTO Group Bar\UI\MtoGroupBarWindow.g.cs(1,147): error CS1056: Unexpected character '\0' [C:\Users\Nhan\OneDrive - Rincovitch\00. Nhan\CSharp\RincoMTO\RincoMTO_fsauzi5n_wpftmp.csproj::TargetFramework=net48]
C:\Users\Nhan\OneDrive - Rincovitch\00. Nhan\CSharp\RincoMTO\BIMTOOL\obj\Release R26\RincoMTO.AssemblyInfo.cs(1,171): error CS1056: Unexpected character '\0' [C:\Users\Nhan\OneDrive - Rincovitch\00. Nhan\CSharp\RincoMTO\RincoMTO_fsauzi5n_wpftmp.csproj::TargetFramework=net48]
C:\Users\Nhan\OneDrive - Rincovitch\00. Nhan\CSharp\RincoMTO\BIMTOOL\obj\Release R26\Tools\MTO Group Bar\UI\MtoGroupBarWindow.g.cs(1,148): error CS1056: Unexpected character '\0' [C:\Users\Nhan\OneDrive - Rincovitch\00. Nhan\CSharp\RincoMTO\RincoMTO_fsauzi5n_wpftmp.csproj::TargetFramework=net48]
C:\Users\Nhan\OneDrive - Rincovitch\00. Nhan\CSharp\RincoMTO\BIMTOOL\obj\Release R26\RincoMTO.AssemblyInfo.cs(1,172): error CS1056: Unexpected character '\0' [C:\Users\Nhan\OneDrive - Rincovitch\00. Nhan\CSharp\RincoMTO\RincoMTO_fsauzi5n_wpftmp.csproj::TargetFramework=net48]
C:\Users\Nhan\OneDrive - Rincovitch\00. Nhan\CSharp\RincoMTO\BIMTOOL\obj\Release R26\RincoMTO.AssemblyInfo.cs(1,173): error CS1056: Unexpected character '\0' [C:\Users\Nhan\OneDrive - Rincovitch\00. Nhan\CSharp\RincoMTO\RincoMTO_fsauzi5n_wpftmp.csproj::TargetFramework=net48]
C:\Users\Nhan\OneDrive - Rincovitch\00. Nhan\CSharp\RincoMTO\BIMTOOL\obj\Release R26\Tools\MTO Group Bar\UI\MtoGroupBarWindow.g.cs(1,149): error CS1056: Unexpected character '\0' [C:\Users\Nhan\OneDrive - Rincovitch\00. Nhan\CSharp\RincoMTO\RincoMTO_fsauzi5n_wpftmp.csproj::TargetFramework=net48]
C:\Users\Nhan\OneDrive - Rincovitch\00. Nhan\CSharp\RincoMTO\BIMTOOL\obj\Release R26\RincoMTO.AssemblyInfo.cs(1,174): error CS1056: Unexpected character '\0' [C:\Users\Nhan\OneDrive - Rincovitch\00. Nhan\CSharp\RincoMTO\RincoMTO_fsauzi5n_wpftmp.csproj::TargetFramework=net48]
C:\Users\Nhan\OneDrive - Rincovitch\00. Nhan\CSharp\RincoMTO\BIMTOOL\obj\Release R26\Tools\MTO Group Bar\UI\MtoGroupBarWindow.g.cs(1,150): error CS1056: Unexpected character '\0' [C:\Users\Nhan\OneDrive - Rincovitch\00. Nhan\CSharp\RincoMTO\RincoMTO_fsauzi5n_wpftmp.csproj::TargetFramework=net48]
C:\Users\Nhan\OneDrive - Rincovitch\00. Nhan\CSharp\RincoMTO\BIMTOOL\obj\Release R26\Tools\MTO Group Bar\UI\MtoGroupBarWindow.g.cs(1,151): error CS1056: Unexpected character '\0' [C:\Users\Nhan\OneDrive - Rincovitch\00. Nhan\CSharp\RincoMTO\RincoMTO_fsauzi5n_wpftmp.csproj::TargetFramework=net48]
C:\Users\Nhan\OneDrive - Rincovitch\00. Nhan\CSharp\RincoMTO\BIMTOOL\obj\Release R26\Tools\MTO Group Bar\UI\MtoGroupBarWindow.g.cs(1,152): error CS1056: Unexpected character '\0' [C:\Users\Nhan\OneDrive - Rincovitch\00. Nhan\CSharp\RincoMTO\RincoMTO_fsauzi5n_wpftmp.csproj::TargetFramework=net48]
C:\Users\Nhan\OneDrive - Rincovitch\00. Nhan\CSharp\RincoMTO\BIMTOOL\obj\Release R26\Tools\MTO Group Bar\UI\MtoGroupBarWindow.g.cs(1,153): error CS1056: Unexpected character '\0' [C:\Users\Nhan\OneDrive - Rincovitch\00. Nhan\CSharp\RincoMTO\RincoMTO_fsauzi5n_wpftmp.csproj::TargetFramework=net48]
C:\Users\Nhan\OneDrive - Rincovitch\00. Nhan\CSharp\RincoMTO\BIMTOOL\obj\Release R26\Tools\MTO Group Bar\UI\MtoGroupBarWindow.g.cs(1,154): error CS1056: Unexpected character '\0' [C:\Users\Nhan\OneDrive - Rincovitch\00. Nhan\CSharp\RincoMTO\RincoMTO_fsauzi5n_wpftmp.csproj::TargetFramework=net48]
C:\Users\Nhan\OneDrive - Rincovitch\00. Nhan\CSharp\RincoMTO\BIMTOOL\obj\Release R26\Tools\MTO Group Bar\UI\MtoGroupBarWindow.g.cs(1,155): error CS1056: Unexpected character '\0' [C:\Users\Nhan\OneDrive - Rincovitch\00. Nhan\CSharp\RincoMTO\RincoMTO_fsauzi5n_wpftmp.csproj::TargetFramework=net48]
C:\Users\Nhan\OneDrive - Rincovitch\00. Nhan\CSharp\RincoMTO\BIMTOOL\obj\Release R26\Tools\MTO Group Bar\UI\MtoGroupBarWindow.g.cs(1,156): error CS1056: Unexpected character '\0' [C:\Users\Nhan\OneDrive - Rincovitch\00. Nhan\CSharp\RincoMTO\RincoMTO_fsauzi5n_wpftmp.csproj::TargetFramework=net48]
C:\Users\Nhan\OneDrive - Rincovitch\00. Nhan\CSharp\RincoMTO\BIMTOOL\obj\Release R26\Tools\MTO Group Bar\UI\MtoGroupBarWindow.g.cs(1,157): error CS1056: Unexpected character '\0' [C:\Users\Nhan\OneDrive - Rincovitch\00. Nhan\CSharp\RincoMTO\RincoMTO_fsauzi5n_wpftmp.csproj::TargetFramework=net48]
C:\Users\Nhan\OneDrive - Rincovitch\00. Nhan\CSharp\RincoMTO\BIMTOOL\obj\Release R26\Tools\MTO Group Bar\UI\MtoGroupBarWindow.g.cs(1,158): error CS1056: Unexpected character '\0' [C:\Users\Nhan\OneDrive - Rincovitch\00. Nhan\CSharp\RincoMTO\RincoMTO_fsauzi5n_wpftmp.csproj::TargetFramework=net48]
C:\Users\Nhan\OneDrive - Rincovitch\00. Nhan\CSharp\RincoMTO\BIMTOOL\obj\Release R26\Tools\MTO Group Bar\UI\MtoGroupBarWindow.g.cs(1,159): error CS1056: Unexpected character '\0' [C:\Users\Nhan\OneDrive - Rincovitch\00. Nhan\CSharp\RincoMTO\RincoMTO_fsauzi5n_wpftmp.csproj::TargetFramework=net48]
C:\Users\Nhan\OneDrive - Rincovitch\00. Nhan\CSharp\RincoMTO\BIMTOOL\obj\Release R26\Tools\MTO Group Bar\UI\MtoGroupBarWindow.g.cs(1,160): error CS1056: Unexpected character '\0' [C:\Users\Nhan\OneDrive - Rincovitch\00. Nhan\CSharp\RincoMTO\RincoMTO_fsauzi5n_wpftmp.csproj::TargetFramework=net48]
C:\Users\Nhan\OneDrive - Rincovitch\00. Nhan\CSharp\RincoMTO\BIMTOOL\obj\Release R26\Tools\MTO Group Bar\UI\MtoGroupBarWindow.g.cs(1,161): error CS1056: Unexpected character '\0' [C:\Users\Nhan\OneDrive - Rincovitch\00. Nhan\CSharp\RincoMTO\RincoMTO_fsauzi5n_wpftmp.csproj::TargetFramework=net48]
C:\Users\Nhan\OneDrive - Rincovitch\00. Nhan\CSharp\RincoMTO\BIMTOOL\obj\Release R26\Tools\MTO Group Bar\UI\MtoGroupBarWindow.g.cs(1,162): error CS1056: Unexpected character '\0' [C:\Users\Nhan\OneDrive - Rincovitch\00. Nhan\CSharp\RincoMTO\RincoMTO_fsauzi5n_wpftmp.csproj::TargetFramework=net48]
C:\Users\Nhan\OneDrive - Rincovitch\00. Nhan\CSharp\RincoMTO\BIMTOOL\obj\Release R26\Tools\MTO Group Bar\UI\MtoGroupBarWindow.g.cs(1,163): error CS1056: Unexpected character '\0' [C:\Users\Nhan\OneDrive - Rincovitch\00. Nhan\CSharp\RincoMTO\RincoMTO_fsauzi5n_wpftmp.csproj::TargetFramework=net48]
C:\Users\Nhan\OneDrive - Rincovitch\00. Nhan\CSharp\RincoMTO\BIMTOOL\obj\Release R26\Tools\MTO Group Bar\UI\MtoGroupBarWindow.g.cs(1,164): error CS1056: Unexpected character '\0' [C:\Users\Nhan\OneDrive - Rincovitch\00. Nhan\CSharp\RincoMTO\RincoMTO_fsauzi5n_wpftmp.csproj::TargetFramework=net48]
C:\Users\Nhan\OneDrive - Rincovitch\00. Nhan\CSharp\RincoMTO\BIMTOOL\obj\Release R26\Tools\MTO Group Bar\UI\MtoGroupBarWindow.g.cs(1,165): error CS1056: Unexpected character '\0' [C:\Users\Nhan\OneDrive - Rincovitch\00. Nhan\CSharp\RincoMTO\RincoMTO_fsauzi5n_wpftmp.csproj::TargetFramework=net48]
C:\Users\Nhan\OneDrive - Rincovitch\00. Nhan\CSharp\RincoMTO\BIMTOOL\obj\Release R26\Tools\MTO Group Bar\UI\MtoGroupBarWindow.g.cs(1,166): error CS1056: Unexpected character '\0' [C:\Users\Nhan\OneDrive - Rincovitch\00. Nhan\CSharp\RincoMTO\RincoMTO_fsauzi5n_wpftmp.csproj::TargetFramework=net48]
C:\Users\Nhan\OneDrive - Rincovitch\00. Nhan\CSharp\RincoMTO\BIMTOOL\obj\Release R26\Tools\MTO Group Bar\UI\MtoGroupBarWindow.g.cs(1,167): error CS1056: Unexpected character '\0' [C:\Users\Nhan\OneDrive - Rincovitch\00. Nhan\CSharp\RincoMTO\RincoMTO_fsauzi5n_wpftmp.csproj::TargetFramework=net48]
C:\Users\Nhan\OneDrive - Rincovitch\00. Nhan\CSharp\RincoMTO\BIMTOOL\obj\Release R26\Tools\MTO Group Bar\UI\MtoGroupBarWindow.g.cs(1,168): error CS1056: Unexpected character '\0' [C:\Users\Nhan\OneDrive - Rincovitch\00. Nhan\CSharp\RincoMTO\RincoMTO_fsauzi5n_wpftmp.csproj::TargetFramework=net48]
C:\Users\Nhan\OneDrive - Rincovitch\00. Nhan\CSharp\RincoMTO\BIMTOOL\obj\Release R26\Tools\MTO Group Bar\UI\MtoGroupBarWindow.g.cs(1,169): error CS1056: Unexpected character '\0' [C:\Users\Nhan\OneDrive - Rincovitch\00. Nhan\CSharp\RincoMTO\RincoMTO_fsauzi5n_wpftmp.csproj::TargetFramework=net48]
C:\Users\Nhan\OneDrive - Rincovitch\00. Nhan\CSharp\RincoMTO\BIMTOOL\obj\Release R26\Tools\MTO Group Bar\UI\MtoGroupBarWindow.g.cs(1,170): error CS1056: Unexpected character '\0' [C:\Users\Nhan\OneDrive - Rincovitch\00. Nhan\CSharp\RincoMTO\RincoMTO_fsauzi5n_wpftmp.csproj::TargetFramework=net48]
C:\Users\Nhan\OneDrive - Rincovitch\00. Nhan\CSharp\RincoMTO\BIMTOOL\obj\Release R26\RincoMTO.AssemblyInfo.cs(1,175): error CS1056: Unexpected character '\0' [C:\Users\Nhan\OneDrive - Rincovitch\00. Nhan\CSharp\RincoMTO\RincoMTO_fsauzi5n_wpftmp.csproj::TargetFramework=net48]
C:\Users\Nhan\OneDrive - Rincovitch\00. Nhan\CSharp\RincoMTO\BIMTOOL\obj\Release R26\Tools\MTO Group Bar\UI\MtoGroupBarWindow.g.cs(1,171): error CS1056: Unexpected character '\0' [C:\Users\Nhan\OneDrive - Rincovitch\00. Nhan\CSharp\RincoMTO\RincoMTO_fsauzi5n_wpftmp.csproj::TargetFramework=net48]
C:\Users\Nhan\OneDrive - Rincovitch\00. Nhan\CSharp\RincoMTO\BIMTOOL\obj\Release R26\Tools\MTO Group Bar\UI\MtoGroupBarWindow.g.cs(1,172): error CS1056: Unexpected character '\0' [C:\Users\Nhan\OneDrive - Rincovitch\00. Nhan\CSharp\RincoMTO\RincoMTO_fsauzi5n_wpftmp.csproj::TargetFramework=net48]
C:\Users\Nhan\OneDrive - Rincovitch\00. Nhan\CSharp\RincoMTO\BIMTOOL\obj\Release R26\RincoMTO.AssemblyInfo.cs(1,176): error CS1056: Unexpected character '\0' [C:\Users\Nhan\OneDrive - Rincovitch\00. Nhan\CSharp\RincoMTO\RincoMTO_fsauzi5n_wpftmp.csproj::TargetFramework=net48]
C:\Users\Nhan\OneDrive - Rincovitch\00. Nhan\CSharp\RincoMTO\BIMTOOL\obj\Release R26\Tools\MTO Group Bar\UI\MtoGroupBarWindow.g.cs(1,173): error CS1056: Unexpected character '\0' [C:\Users\Nhan\OneDrive - Rincovitch\00. Nhan\CSharp\RincoMTO\RincoMTO_fsauzi5n_wpftmp.csproj::TargetFramework=net48]
C:\Users\Nhan\OneDrive - Rincovitch\00. Nhan\CSharp\RincoMTO\BIMTOOL\obj\Release R26\RincoMTO.AssemblyInfo.cs(1,177): error CS1056: Unexpected character '\0' [C:\Users\Nhan\OneDrive - Rincovitch\00. Nhan\CSharp\RincoMTO\RincoMTO_fsauzi5n_wpftmp.csproj::TargetFramework=net48]
C:\Users\Nhan\OneDrive - Rincovitch\00. Nhan\CSharp\RincoMTO\BIMTOOL\obj\Release R26\Tools\MTO Group Bar\UI\MtoGroupBarWindow.g.cs(1,174): error CS1056: Unexpected character '\0' [C:\Users\Nhan\OneDrive - Rincovitch\00. Nhan\CSharp\RincoMTO\RincoMTO_fsauzi5n_wpftmp.csproj::TargetFramework=net48]
C:\Users\Nhan\OneDrive - Rincovitch\00. Nhan\CSharp\RincoMTO\BIMTOOL\obj\Release R26\RincoMTO.AssemblyInfo.cs(1,178): error CS1056: Unexpected character '\0' [C:\Users\Nhan\OneDrive - Rincovitch\00. Nhan\CSharp\RincoMTO\RincoMTO_fsauzi5n_wpftmp.csproj::TargetFramework=net48]
C:\Users\Nhan\OneDrive - Rincovitch\00. Nhan\CSharp\RincoMTO\BIMTOOL\obj\Release R26\Tools\MTO Group Bar\UI\MtoGroupBarWindow.g.cs(1,175): error CS1056: Unexpected character '\0' [C:\Users\Nhan\OneDrive - Rincovitch\00. Nhan\CSharp\RincoMTO\RincoMTO_fsauzi5n_wpftmp.csproj::TargetFramework=net48]
C:\Users\Nhan\OneDrive - Rincovitch\00. Nhan\CSharp\RincoMTO\BIMTOOL\obj\Release R26\RincoMTO.AssemblyInfo.cs(1,179): error CS1056: Unexpected character '\0' [C:\Users\Nhan\OneDrive - Rincovitch\00. Nhan\CSharp\RincoMTO\RincoMTO_fsauzi5n_wpftmp.csproj::TargetFramework=net48]
C:\Users\Nhan\OneDrive - Rincovitch\00. Nhan\CSharp\RincoMTO\BIMTOOL\obj\Release R26\Tools\MTO Group Bar\UI\MtoGroupBarWindow.g.cs(1,176): error CS1056: Unexpected character '\0' [C:\Users\Nhan\OneDrive - Rincovitch\00. Nhan\CSharp\RincoMTO\RincoMTO_fsauzi5n_wpftmp.csproj::TargetFramework=net48]
C:\Users\Nhan\OneDrive - Rincovitch\00. Nhan\CSharp\RincoMTO\BIMTOOL\obj\Release R26\RincoMTO.AssemblyInfo.cs(1,180): error CS1056: Unexpected character '\0' [C:\Users\Nhan\OneDrive - Rincovitch\00. Nhan\CSharp\RincoMTO\RincoMTO_fsauzi5n_wpftmp.csproj::TargetFramework=net48]
C:\Users\Nhan\OneDrive - Rincovitch\00. Nhan\CSharp\RincoMTO\BIMTOOL\obj\Release R26\Tools\MTO Group Bar\UI\MtoGroupBarWindow.g.cs(1,177): error CS1056: Unexpected character '\0' [C:\Users\Nhan\OneDrive - Rincovitch\00. Nhan\CSharp\RincoMTO\RincoMTO_fsauzi5n_wpftmp.csproj::TargetFramework=net48]
C:\Users\Nhan\OneDrive - Rincovitch\00. Nhan\CSharp\RincoMTO\BIMTOOL\obj\Release R26\RincoMTO.AssemblyInfo.cs(1,181): error CS1056: Unexpected character '\0' [C:\Users\Nhan\OneDrive - Rincovitch\00. Nhan\CSharp\RincoMTO\RincoMTO_fsauzi5n_wpftmp.csproj::TargetFramework=net48]
C:\Users\Nhan\OneDrive - Rincovitch\00. Nhan\CSharp\RincoMTO\BIMTOOL\obj\Release R26\Tools\MTO Group Bar\UI\MtoGroupBarWindow.g.cs(1,178): error CS1056: Unexpected character '\0' [C:\Users\Nhan\OneDrive - Rincovitch\00. Nhan\CSharp\RincoMTO\RincoMTO_fsauzi5n_wpftmp.csproj::TargetFramework=net48]
C:\Users\Nhan\OneDrive - Rincovitch\00. Nhan\CSharp\RincoMTO\BIMTOOL\obj\Release R26\RincoMTO.AssemblyInfo.cs(1,182): error CS1056: Unexpected character '\0' [C:\Users\Nhan\OneDrive - Rincovitch\00. Nhan\CSharp\RincoMTO\RincoMTO_fsauzi5n_wpftmp.csproj::TargetFramework=net48]
C:\Users\Nhan\OneDrive - Rincovitch\00. Nhan\CSharp\RincoMTO\BIMTOOL\obj\Release R26\Tools\MTO Group Bar\UI\MtoGroupBarWindow.g.cs(1,179): error CS1056: Unexpected character '\0' [C:\Users\Nhan\OneDrive - Rincovitch\00. Nhan\CSharp\RincoMTO\RincoMTO_fsauzi5n_wpftmp.csproj::TargetFramework=net48]
C:\Users\Nhan\OneDrive - Rincovitch\00. Nhan\CSharp\RincoMTO\BIMTOOL\obj\Release R26\RincoMTO.AssemblyInfo.cs(1,183): error CS1056: Unexpected character '\0' [C:\Users\Nhan\OneDrive - Rincovitch\00. Nhan\CSharp\RincoMTO\RincoMTO_fsauzi5n_wpftmp.csproj::TargetFramework=net48]
C:\Users\Nhan\OneDrive - Rincovitch\00. Nhan\CSharp\RincoMTO\BIMTOOL\obj\Release R26\RincoMTO.AssemblyInfo.cs(1,184): error CS1056: Unexpected character '\0' [C:\Users\Nhan\OneDrive - Rincovitch\00. Nhan\CSharp\RincoMTO\RincoMTO_fsauzi5n_wpftmp.csproj::TargetFramework=net48]
C:\Users\Nhan\OneDrive - Rincovitch\00. Nhan\CSharp\RincoMTO\BIMTOOL\obj\Release R26\Tools\MTO Group Bar\UI\MtoGroupBarWindow.g.cs(1,180): error CS1056: Unexpected character '\0' [C:\Users\Nhan\OneDrive - Rincovitch\00. Nhan\CSharp\RincoMTO\RincoMTO_fsauzi5n_wpftmp.csproj::TargetFramework=net48]
C:\Users\Nhan\OneDrive - Rincovitch\00. Nhan\CSharp\RincoMTO\BIMTOOL\obj\Release R26\RincoMTO.AssemblyInfo.cs(1,185): error CS1056: Unexpected character '\0' [C:\Users\Nhan\OneDrive - Rincovitch\00. Nhan\CSharp\RincoMTO\RincoMTO_fsauzi5n_wpftmp.csproj::TargetFramework=net48]
C:\Users\Nhan\OneDrive - Rincovitch\00. Nhan\CSharp\RincoMTO\BIMTOOL\obj\Release R26\Tools\MTO Group Bar\UI\MtoGroupBarWindow.g.cs(1,181): error CS1056: Unexpected character '\0' [C:\Users\Nhan\OneDrive - Rincovitch\00. Nhan\CSharp\RincoMTO\RincoMTO_fsauzi5n_wpftmp.csproj::TargetFramework=net48]
C:\Users\Nhan\OneDrive - Rincovitch\00. Nhan\CSharp\RincoMTO\BIMTOOL\obj\Release R26\RincoMTO.AssemblyInfo.cs(1,186): error CS1056: Unexpected character '\0' [C:\Users\Nhan\OneDrive - Rincovitch\00. Nhan\CSharp\RincoMTO\RincoMTO_fsauzi5n_wpftmp.csproj::TargetFramework=net48]
C:\Users\Nhan\OneDrive - Rincovitch\00. Nhan\CSharp\RincoMTO\BIMTOOL\obj\Release R26\Tools\MTO Group Bar\UI\MtoGroupBarWindow.g.cs(1,182): error CS1056: Unexpected character '\0' [C:\Users\Nhan\OneDrive - Rincovitch\00. Nhan\CSharp\RincoMTO\RincoMTO_fsauzi5n_wpftmp.csproj::TargetFramework=net48]
C:\Users\Nhan\OneDrive - Rincovitch\00. Nhan\CSharp\RincoMTO\BIMTOOL\obj\Release R26\RincoMTO.AssemblyInfo.cs(1,187): error CS1056: Unexpected character '\0' [C:\Users\Nhan\OneDrive - Rincovitch\00. Nhan\CSharp\RincoMTO\RincoMTO_fsauzi5n_wpftmp.csproj::TargetFramework=net48]
C:\Users\Nhan\OneDrive - Rincovitch\00. Nhan\CSharp\RincoMTO\BIMTOOL\obj\Release R26\Tools\MTO Group Bar\UI\MtoGroupBarWindow.g.cs(1,183): error CS1056: Unexpected character '\0' [C:\Users\Nhan\OneDrive - Rincovitch\00. Nhan\CSharp\RincoMTO\RincoMTO_fsauzi5n_wpftmp.csproj::TargetFramework=net48]
C:\Users\Nhan\OneDrive - Rincovitch\00. Nhan\CSharp\RincoMTO\BIMTOOL\obj\Release R26\RincoMTO.AssemblyInfo.cs(1,188): error CS1056: Unexpected character '\0' [C:\Users\Nhan\OneDrive - Rincovitch\00. Nhan\CSharp\RincoMTO\RincoMTO_fsauzi5n_wpftmp.csproj::TargetFramework=net48]
C:\Users\Nhan\OneDrive - Rincovitch\00. Nhan\CSharp\RincoMTO\BIMTOOL\obj\Release R26\Tools\MTO Group Bar\UI\MtoGroupBarWindow.g.cs(1,184): error CS1056: Unexpected character '\0' [C:\Users\Nhan\OneDrive - Rincovitch\00. Nhan\CSharp\RincoMTO\RincoMTO_fsauzi5n_wpftmp.csproj::TargetFramework=net48]
C:\Users\Nhan\OneDrive - Rincovitch\00. Nhan\CSharp\RincoMTO\BIMTOOL\obj\Release R26\RincoMTO.AssemblyInfo.cs(1,189): error CS1056: Unexpected character '\0' [C:\Users\Nhan\OneDrive - Rincovitch\00. Nhan\CSharp\RincoMTO\RincoMTO_fsauzi5n_wpftmp.csproj::TargetFramework=net48]
C:\Users\Nhan\OneDrive - Rincovitch\00. Nhan\CSharp\RincoMTO\BIMTOOL\obj\Release R26\Tools\MTO Group Bar\UI\MtoGroupBarWindow.g.cs(1,185): error CS1056: Unexpected character '\0' [C:\Users\Nhan\OneDrive - Rincovitch\00. Nhan\CSharp\RincoMTO\RincoMTO_fsauzi5n_wpftmp.csproj::TargetFramework=net48]
C:\Users\Nhan\OneDrive - Rincovitch\00. Nhan\CSharp\RincoMTO\BIMTOOL\obj\Release R26\RincoMTO.AssemblyInfo.cs(1,190): error CS1056: Unexpected character '\0' [C:\Users\Nhan\OneDrive - Rincovitch\00. Nhan\CSharp\RincoMTO\RincoMTO_fsauzi5n_wpftmp.csproj::TargetFramework=net48]
C:\Users\Nhan\OneDrive - Rincovitch\00. Nhan\CSharp\RincoMTO\BIMTOOL\obj\Release R26\RincoMTO.AssemblyInfo.cs(1,191): error CS1056: Unexpected character '\0' [C:\Users\Nhan\OneDrive - Rincovitch\00. Nhan\CSharp\RincoMTO\RincoMTO_fsauzi5n_wpftmp.csproj::TargetFramework=net48]
C:\Users\Nhan\OneDrive - Rincovitch\00. Nhan\CSharp\RincoMTO\BIMTOOL\obj\Release R26\Tools\MTO Group Bar\UI\MtoGroupBarWindow.g.cs(1,186): error CS1056: Unexpected character '\0' [C:\Users\Nhan\OneDrive - Rincovitch\00. Nhan\CSharp\RincoMTO\RincoMTO_fsauzi5n_wpftmp.csproj::TargetFramework=net48]
C:\Users\Nhan\OneDrive - Rincovitch\00. Nhan\CSharp\RincoMTO\BIMTOOL\obj\Release R26\RincoMTO.AssemblyInfo.cs(1,192): error CS1056: Unexpected character '\0' [C:\Users\Nhan\OneDrive - Rincovitch\00. Nhan\CSharp\RincoMTO\RincoMTO_fsauzi5n_wpftmp.csproj::TargetFramework=net48]
C:\Users\Nhan\OneDrive - Rincovitch\00. Nhan\CSharp\RincoMTO\BIMTOOL\obj\Release R26\Tools\MTO Group Bar\UI\MtoGroupBarWindow.g.cs(1,187): error CS1056: Unexpected character '\0' [C:\Users\Nhan\OneDrive - Rincovitch\00. Nhan\CSharp\RincoMTO\RincoMTO_fsauzi5n_wpftmp.csproj::TargetFramework=net48]
C:\Users\Nhan\OneDrive - Rincovitch\00. Nhan\CSharp\RincoMTO\BIMTOOL\obj\Release R26\RincoMTO.AssemblyInfo.cs(1,193): error CS1056: Unexpected character '\0' [C:\Users\Nhan\OneDrive - Rincovitch\00. Nhan\CSharp\RincoMTO\RincoMTO_fsauzi5n_wpftmp.csproj::TargetFramework=net48]
C:\Users\Nhan\OneDrive - Rincovitch\00. Nhan\CSharp\RincoMTO\BIMTOOL\obj\Release R26\Tools\MTO Group Bar\UI\MtoGroupBarWindow.g.cs(1,188): error CS1056: Unexpected character '\0' [C:\Users\Nhan\OneDrive - Rincovitch\00. Nhan\CSharp\RincoMTO\RincoMTO_fsauzi5n_wpftmp.csproj::TargetFramework=net48]
C:\Users\Nhan\OneDrive - Rincovitch\00. Nhan\CSharp\RincoMTO\BIMTOOL\obj\Release R26\RincoMTO.AssemblyInfo.cs(1,194): error CS1056: Unexpected character '\0' [C:\Users\Nhan\OneDrive - Rincovitch\00. Nhan\CSharp\RincoMTO\RincoMTO_fsauzi5n_wpftmp.csproj::TargetFramework=net48]
C:\Users\Nhan\OneDrive - Rincovitch\00. Nhan\CSharp\RincoMTO\BIMTOOL\obj\Release R26\Tools\MTO Group Bar\UI\MtoGroupBarWindow.g.cs(1,189): error CS1056: Unexpected character '\0' [C:\Users\Nhan\OneDrive - Rincovitch\00. Nhan\CSharp\RincoMTO\RincoMTO_fsauzi5n_wpftmp.csproj::TargetFramework=net48]
C:\Users\Nhan\OneDrive - Rincovitch\00. Nhan\CSharp\RincoMTO\BIMTOOL\obj\Release R26\RincoMTO.AssemblyInfo.cs(1,195): error CS1056: Unexpected character '\0' [C:\Users\Nhan\OneDrive - Rincovitch\00. Nhan\CSharp\RincoMTO\RincoMTO_fsauzi5n_wpftmp.csproj::TargetFramework=net48]
C:\Users\Nhan\OneDrive - Rincovitch\00. Nhan\CSharp\RincoMTO\BIMTOOL\obj\Release R26\Tools\MTO Group Bar\UI\MtoGroupBarWindow.g.cs(1,190): error CS1056: Unexpected character '\0' [C:\Users\Nhan\OneDrive - Rincovitch\00. Nhan\CSharp\RincoMTO\RincoMTO_fsauzi5n_wpftmp.csproj::TargetFramework=net48]
C:\Users\Nhan\OneDrive - Rincovitch\00. Nhan\CSharp\RincoMTO\BIMTOOL\obj\Release R26\RincoMTO.AssemblyInfo.cs(1,196): error CS1056: Unexpected character '\0' [C:\Users\Nhan\OneDrive - Rincovitch\00. Nhan\CSharp\RincoMTO\RincoMTO_fsauzi5n_wpftmp.csproj::TargetFramework=net48]
C:\Users\Nhan\OneDrive - Rincovitch\00. Nhan\CSharp\RincoMTO\BIMTOOL\obj\Release R26\Tools\MTO Group Bar\UI\MtoGroupBarWindow.g.cs(1,191): error CS1056: Unexpected character '\0' [C:\Users\Nhan\OneDrive - Rincovitch\00. Nhan\CSharp\RincoMTO\RincoMTO_fsauzi5n_wpftmp.csproj::TargetFramework=net48]
C:\Users\Nhan\OneDrive - Rincovitch\00. Nhan\CSharp\RincoMTO\BIMTOOL\obj\Release R26\RincoMTO.AssemblyInfo.cs(1,197): error CS1056: Unexpected character '\0' [C:\Users\Nhan\OneDrive - Rincovitch\00. Nhan\CSharp\RincoMTO\RincoMTO_fsauzi5n_wpftmp.csproj::TargetFramework=net48]
C:\Users\Nhan\OneDrive - Rincovitch\00. Nhan\CSharp\RincoMTO\BIMTOOL\obj\Release R26\RincoMTO.AssemblyInfo.cs(1,198): error CS1056: Unexpected character '\0' [C:\Users\Nhan\OneDrive - Rincovitch\00. Nhan\CSharp\RincoMTO\RincoMTO_fsauzi5n_wpftmp.csproj::TargetFramework=net48]
C:\Users\Nhan\OneDrive - Rincovitch\00. Nhan\CSharp\RincoMTO\BIMTOOL\obj\Release R26\Tools\MTO Group Bar\UI\MtoGroupBarWindow.g.cs(1,192): error CS1056: Unexpected character '\0' [C:\Users\Nhan\OneDrive - Rincovitch\00. Nhan\CSharp\RincoMTO\RincoMTO_fsauzi5n_wpftmp.csproj::TargetFramework=net48]
C:\Users\Nhan\OneDrive - Rincovitch\00. Nhan\CSharp\RincoMTO\BIMTOOL\obj\Release R26\RincoMTO.AssemblyInfo.cs(1,199): error CS1056: Unexpected character '\0' [C:\Users\Nhan\OneDrive - Rincovitch\00. Nhan\CSharp\RincoMTO\RincoMTO_fsauzi5n_wpftmp.csproj::TargetFramework=net48]
C:\Users\Nhan\OneDrive - Rincovitch\00. Nhan\CSharp\RincoMTO\BIMTOOL\obj\Release R26\Tools\MTO Group Bar\UI\MtoGroupBarWindow.g.cs(1,193): error CS1056: Unexpected character '\0' [C:\Users\Nhan\OneDrive - Rincovitch\00. Nhan\CSharp\RincoMTO\RincoMTO_fsauzi5n_wpftmp.csproj::TargetFramework=net48]
C:\Users\Nhan\OneDrive - Rincovitch\00. Nhan\CSharp\RincoMTO\BIMTOOL\obj\Release R26\RincoMTO.AssemblyInfo.cs(1,200): error CS1056: Unexpected character '\0' [C:\Users\Nhan\OneDrive - Rincovitch\00. Nhan\CSharp\RincoMTO\RincoMTO_fsauzi5n_wpftmp.csproj::TargetFramework=net48]
C:\Users\Nhan\OneDrive - Rincovitch\00. Nhan\CSharp\RincoMTO\BIMTOOL\obj\Release R26\Tools\MTO Group Bar\UI\MtoGroupBarWindow.g.cs(1,194): error CS1056: Unexpected character '\0' [C:\Users\Nhan\OneDrive - Rincovitch\00. Nhan\CSharp\RincoMTO\RincoMTO_fsauzi5n_wpftmp.csproj::TargetFramework=net48]
C:\Users\Nhan\OneDrive - Rincovitch\00. Nhan\CSharp\RincoMTO\BIMTOOL\obj\Release R26\Tools\MTO Group Bar\UI\MtoGroupBarWindow.g.cs(1,195): error CS1056: Unexpected character '\0' [C:\Users\Nhan\OneDrive - Rincovitch\00. Nhan\CSharp\RincoMTO\RincoMTO_fsauzi5n_wpftmp.csproj::TargetFramework=net48]
C:\Users\Nhan\OneDrive - Rincovitch\00. Nhan\CSharp\RincoMTO\BIMTOOL\obj\Release R26\RincoMTO.AssemblyInfo.cs(1,201): error CS1056: Unexpected character '\0' [C:\Users\Nhan\OneDrive - Rincovitch\00. Nhan\CSharp\RincoMTO\RincoMTO_fsauzi5n_wpftmp.csproj::TargetFramework=net48]
C:\Users\Nhan\OneDrive - Rincovitch\00. Nhan\CSharp\RincoMTO\BIMTOOL\obj\Release R26\Tools\MTO Group Bar\UI\MtoGroupBarWindow.g.cs(1,196): error CS1056: Unexpected character '\0' [C:\Users\Nhan\OneDrive - Rincovitch\00. Nhan\CSharp\RincoMTO\RincoMTO_fsauzi5n_wpftmp.csproj::TargetFramework=net48]
C:\Users\Nhan\OneDrive - Rincovitch\00. Nhan\CSharp\RincoMTO\BIMTOOL\obj\Release R26\Tools\MTO Group Bar\UI\MtoGroupBarWindow.g.cs(1,197): error CS1056: Unexpected character '\0' [C:\Users\Nhan\OneDrive - Rincovitch\00. Nhan\CSharp\RincoMTO\RincoMTO_fsauzi5n_wpftmp.csproj::TargetFramework=net48]
C:\Users\Nhan\OneDrive - Rincovitch\00. Nhan\CSharp\RincoMTO\BIMTOOL\obj\Release R26\Tools\MTO Group Bar\UI\MtoGroupBarWindow.g.cs(1,198): error CS1056: Unexpected character '\0' [C:\Users\Nhan\OneDrive - Rincovitch\00. Nhan\CSharp\RincoMTO\RincoMTO_fsauzi5n_wpftmp.csproj::TargetFramework=net48]
C:\Users\Nhan\OneDrive - Rincovitch\00. Nhan\CSharp\RincoMTO\BIMTOOL\obj\Release R26\RincoMTO.AssemblyInfo.cs(1,202): error CS1056: Unexpected character '\0\0\0\0\0\0\0\0\0\0\0\0\0\0\0\0\0\0\0\0\0\0\0\0\0\0\0\0\0\0\0\0\0\0\0\0\0\0\0\0\0\0\0\0\0\0\0\0\0\0\0\0\0\0\0\0\0\0\0\0\0\0\0\0\0\0\0\0\0\0\0\0\0\0\0\0\0\0\0\0\0\0\0\0\0\0\0\0\0\0\0\0\0\0\0\0\0\0\0\0\0\0\0\0\0\0\0\0\0\0\0\0\0\0\0\0\0\0\0\0\0\0\0\0\0\0\0\0\0\0\0\0\0\0\0\0\0\0\0\0\0\0\0\0\0\0\0\0\0\0\0\0\0\0\0\0\0\0\0\0\0\0\0\0\0\0\0\0\0\0\0\0\0\0\0\0\0\0\0\0\0\0\0\0\0\0\0\0\0\0\0\0\0\0\0\0\0\0\0\0\0\0\0\0\0\0\0\0\0\0\0\0\0\0\0\0\0\0\0\0\0\0\0\0\0\0\0\0\0\0\0\0\0\0\0\0\0\0\0\0\0\0\0\0\0\0\0\0\0\0\0\0\0\0\0\0\0\0\0\0\0\0\0\0\0\0\0\0\0\0\0\0\0\0\0\0\0\0\0\0\0\0\0\0\0\0\0\0\0\0\0\0\0\0\0\0\0\0\0\0\0\0\0\0\0\0\0\0\0\0\0\0\0\0\0\0\0\0\0\0\0\0\0\0\0\0\0\0\0\0\0\0\0\0\0\0\0\0\0\0\0\0\0\0\0\0\0\0\0\0\0\0\0\0\0\0\0\0\0\0\0\0\0\0\0\0\0\0\0\0\0\0\0\0\0\0\0\0\0\0\0\0\0\0\0\0\0\0\0\0\0\0\0\0\0\0\0\0\0\0\0\0\0\0\0\0\0\0\0\0\0\0\0\0\0\0\0\0\0\0\0\0\0\0\0\0\0\0\0\0\0\0\0\0\0\0\0\0\0\0\0\0\0\0\0\0\0\0\0\0\0\0\0\0\0\0\0\0\0\0\0\0\0\0\0\0\0\0\0\0\0\0\0\0\0\0\0\0\0\0\0\0\0\0\0\0\0\0\0\0\0\0\0\0\0\0\0\0\0\0\0\0\0\0\0\0\0\0\0\0\0\0\0\0\0\0\0\0\0\0\0\0\0\0\0\0\0\0\0\0\0\0\0\0\0\0\0\0\0\0\0\0\0\0\0\0\0\0\0\0\0\0\0\0\0\0\0\0\0\0\0\0\0\0\0\0\0\0\0\0\0\0\0\0\0\0\0\0\0\0\0\0\0\0\0\0\0\0\0\0\0\0\0\0\0\0\0\0\0\0\0\0\0\0\0\0\0\0\0\0\0\0\0\0\0\0\0\0\0\0\0\0\0\0\0\0\0\0\0\0\0\0\0\0\0\0\0\0\0\0\0\0\0\0\0\0\0\0\0\0\0\0\0\0\0\0\0\0\0\0\0\0\0\0\0\0\0\0\0\0\0\0\0\0\0\0\0\0\0\0\0\0\0\0\0\0\0\0\0\0\0\0\0\0\0\0\0\0\0\0\0\0\0\0\0\0\0\0\0\0\0\0\0\0\0\0\0\0\0\0\0\0\0\0\0\0\0\0\0\0\0\0\0\0\0\0\0\0\0\0\0\0\0\0\0\0\0\0\0\0\0\0\0\0\0\0\0\0\0\0\0\0\0\0\0\0\0\0\0\0\0\0\0\0\0\0\0\0\0\0\0\0\0\0\0\0\0\0\0\0\0\0\0\0\0\0\0\0\0\0\0\0\0\0\0\0\0\0\0\0\0\0\0\0\0\0\0\0\0\0\0\0\0\0\0\0\0\0\0\0\0\0\0\0\0\0\0\0\0\0\0\0\0\0\0\0\0\0\0\0\0\0\0\0\0\0\0\0\0\0\0\0\0\0\0\0\0\0\0\0\0\0\0\0\0\0\0\0\0\0\0\0\0\0\0\0\0\0\0\0\0\0\0\0\0\0\0\0\0\0\0\0\0\0\0\0\0\0\0\0\0\0\0\0\0\0\0\0\0\0\0\0\0\0\0\0\0\0\0\0\0\0\0\0\0\0\0\0\0\0\0\0\0\0\0\0\0\0\0\0\0\0\0\0\0\0\0\0\0\0\0\0' [C:\Users\Nhan\OneDrive - Rincovitch\00. Nhan\CSharp\RincoMTO\RincoMTO_fsauzi5n_wpftmp.csproj::TargetFramework=net48]
C:\Users\Nhan\OneDrive - Rincovitch\00. Nhan\CSharp\RincoMTO\BIMTOOL\obj\Release R26\Tools\MTO Group Bar\UI\MtoGroupBarWindow.g.cs(1,199): error CS1056: Unexpected character '\0' [C:\Users\Nhan\OneDrive - Rincovitch\00. Nhan\CSharp\RincoMTO\RincoMTO_fsauzi5n_wpftmp.csproj::TargetFramework=net48]
C:\Users\Nhan\OneDrive - Rincovitch\00. Nhan\CSharp\RincoMTO\BIMTOOL\obj\Release R26\Tools\MTO Group Bar\UI\MtoGroupBarWindow.g.cs(1,200): error CS1056: Unexpected character '\0' [C:\Users\Nhan\OneDrive - Rincovitch\00. Nhan\CSharp\RincoMTO\RincoMTO_fsauzi5n_wpftmp.csproj::TargetFramework=net48]
C:\Users\Nhan\OneDrive - Rincovitch\00. Nhan\CSharp\RincoMTO\BIMTOOL\obj\Release R26\Tools\MTO Group Bar\UI\MtoGroupBarWindow.g.cs(1,201): error CS1056: Unexpected character '\0' [C:\Users\Nhan\OneDrive - Rincovitch\00. Nhan\CSharp\RincoMTO\RincoMTO_fsauzi5n_wpftmp.csproj::TargetFramework=net48]
C:\Users\Nhan\OneDrive - Rincovitch\00. Nhan\CSharp\RincoMTO\BIMTOOL\obj\Release R26\Tools\MTO Group Bar\UI\MtoGroupBarWindow.g.cs(1,202): error CS1056: Unexpected character '\0\0\0\0\0\0\0\0\0\0\0\0\0\0\0\0\0\0\0\0\0\0\0\0\0\0\0\0\0\0\0\0\0\0\0\0\0\0\0\0\0\0\0\0\0\0\0\0\0\0\0\0\0\0\0\0\0\0\0\0\0\0\0\0\0\0\0\0\0\0\0\0\0\0\0\0\0\0\0\0\0\0\0\0\0\0\0\0\0\0\0\0\0\0\0\0\0\0\0\0\0\0\0\0\0\0\0\0\0\0\0\0\0\0\0\0\0\0\0\0\0\0\0\0\0\0\0\0\0\0\0\0\0\0\0\0\0\0\0\0\0\0\0\0\0\0\0\0\0\0\0\0\0\0\0\0\0\0\0\0\0\0\0\0\0\0\0\0\0\0\0\0\0\0\0\0\0\0\0\0\0\0\0\0\0\0\0\0\0\0\0\0\0\0\0\0\0\0\0\0\0\0\0\0\0\0\0\0\0\0\0\0\0\0\0\0\0\0\0\0\0\0\0\0\0\0\0\0\0\0\0\0\0\0\0\0\0\0\0\0\0\0\0\0\0\0\0\0\0\0\0\0\0\0\0\0\0\0\0\0\0\0\0\0\0\0\0\0\0\0\0\0\0\0\0\0\0\0\0\0\0\0\0\0\0\0\0\0\0\0\0\0\0\0\0\0\0\0\0\0\0\0\0\0\0\0\0\0\0\0\0\0\0\0\0\0\0\0\0\0\0\0\0\0\0\0\0\0\0\0\0\0\0\0\0\0\0\0\0\0\0\0\0\0\0\0\0\0\0\0\0\0\0\0\0\0\0\0\0\0\0\0\0\0\0\0\0\0\0\0\0\0\0\0\0\0\0\0\0\0\0\0\0\0\0\0\0\0\0\0\0\0\0\0\0\0\0\0\0\0\0\0\0\0\0\0\0\0\0\0\0\0\0\0\0\0\0\0\0\0\0\0\0\0\0\0\0\0\0\0\0\0\0\0\0\0\0\0\0\0\0\0\0\0\0\0\0\0\0\0\0\0\0\0\0\0\0\0\0\0\0\0\0\0\0\0\0\0\0\0\0\0\0\0\0\0\0\0\0\0\0\0\0\0\0\0\0\0\0\0\0\0\0\0\0\0\0\0\0\0\0\0\0\0\0\0\0\0\0\0\0\0\0\0\0\0\0\0\0\0\0\0\0\0\0\0\0\0\0\0\0\0\0\0\0\0\0\0\0\0\0\0\0\0\0\0\0\0\0\0\0\0\0\0\0\0\0\0\0\0\0\0\0\0\0\0\0\0\0\0\0\0\0\0\0\0\0\0\0\0\0\0\0\0\0\0\0\0\0\0\0\0\0\0\0\0\0\0\0\0\0\0\0\0\0\0\0\0\0\0\0\0\0\0\0\0\0\0\0\0\0\0\0\0\0\0\0\0\0\0\0\0\0\0\0\0\0\0\0\0\0\0\0\0\0\0\0\0\0\0\0\0\0\0\0\0\0\0\0\0\0\0\0\0\0\0\0\0\0\0\0\0\0\0\0\0\0\0\0\0\0\0\0\0\0\0\0\0\0\0\0\0\0\0\0\0\0\0\0\0\0\0\0\0\0\0\0\0\0\0\0\0\0\0\0\0\0\0\0\0\0\0\0\0\0\0\0\0\0\0\0\0\0\0\0\0\0\0\0\0\0\0\0\0\0\0\0\0\0\0\0\0\0\0\0\0\0\0\0\0\0\0\0\0\0\0\0\0\0\0\0\0\0\0\0\0\0\0\0\0\0\0\0\0\0\0\0\0\0\0\0\0\0\0\0\0\0\0\0\0\0\0\0\0\0\0\0\0\0\0\0\0\0\0\0\0\0\0\0\0\0\0\0\0\0\0\0\0\0\0\0\0\0\0\0\0\0\0\0\0\0\0\0\0\0\0\0\0\0\0\0\0\0\0\0\0\0\0\0\0\0\0\0\0\0\0\0\0\0\0\0\0\0\0\0\0\0\0\0\0\0\0\0\0\0\0\0\0\0\0\0\0\0\0\0\0\0\0\0\0\0\0\0\0\0\0\0\0\0\0\0\0\0\0\0\0\0\0\0\0\0\0\0\0\0\0\0\0\0\0\0\0\0\0\0\0\0\0\0\0\0\0\0\0\0\0\0\0\0\0\0\0\0\0\0\0\0\0\0\0\0\0\0\0\0\0\0\0\0\0\0\0\0\0\0\0\0\0\0\0\0\0\0\0\0\0\0\0\0\0\0\0\0\0\0\0\0\0\0\0\0\0\0\0\0\0\0\0\0\0\0\0\0\0\0\0\0\0\0\0\0\0\0\0\0\0\0\0\0\0\0\0\0\0\0\0\0\0\0\0\0\0\0\0\0\0\0\0\0\0\0\0\0\0\0\0\0\0\0\0\0\0\0\0\0\0\0\0\0\0\0\0\0\0\0\0\0\0\0\0\0\0\0\0\0\0\0\0\0\0\0\0\0\0\0\0\0\0\0\0\0\0\0\0\0\0\0\0\0\0\0\0\0\0\0\0\0\0\0\0\0\0\0\0\0\0\0\0\0\0\0\0\0\0\0\0\0\0\0\0\0\0\0\0\0\0\0\0\0\0\0\0\0\0\0\0\0\0\0\0\0\0\0\0\0\0\0\0\0\0\0\0\0\0\0\0\0\0\0\0\0\0\0\0\0\0\0\0\0\0\0\0\0\0\0\0\0\0\0\0\0\0\0\0\0\0\0\0\0\0\0\0\0\0\0\0\0\0\0\0\0\0\0\0\0\0\0\0\0\0\0\0\0\0\0\0\0\0\0\0\0\0\0\0\0\0\0\0\0\0\0\0\0\0\0\0\0\0\0\0\0\0\0\0\0\0\0\0\0\0\0\0\0\0\0\0\0\0\0\0\0\0\0\0\0\0\0\0\0\0\0\0\0\0\0\0\0\0\0\0\0\0\0\0\0\0\0\0\0\0\0\0\0\0\0\0\0\0\0\0\0\0\0\0\0\0\0\0\0\0\0\0\0\0\0\0\0\0\0\0\0\0\0\0\0\0\0\0\0\0\0\0\0\0\0\0\0\0\0\0\0\0\0\0\0\0\0\0\0\0\0\0\0\0\0\0\0\0\0\0\0\0\0\0\0\0\0\0\0\0\0\0\0\0\0\0\0\0\0\0\0\0\0\0\0\0\0\0\0\0\0\0\0\0\0\0\0\0\0\0\0\0\0\0\0\0\0\0\0\0\0\0\0\0\0\0\0\0\0\0\0\0\0\0\0\0\0\0\0\0\0\0\0\0\0\0\0\0\0\0\0\0\0\0\0\0\0\0\0\0\0\0\0\0\0\0\0\0\0\0\0\0\0\0\0\0\0\0\0\0\0\0\0\0\0\0\0\0\0\0\0\0\0\0\0\0\0\0\0\0\0\0\0\0\0\0\0\0\0\0\0\0\0\0\0\0\0\0\0\0\0\0\0\0\0\0\0\0\0\0\0\0\0\0\0\0\0\0\0\0\0\0\0\0\0\0\0\0\0\0\0\0\0\0\0\0\0\0\0\0\0\0\0\0\0\0\0\0\0\0\0\0\0\0\0\0\0\0\0\0\0\0\0\0\0\0\0\0\0\0\0\0\0\0\0\0\0\0\0\0\0\0\0\0\0\0\0\0\0\0\0\0\0\0\0\0\0\0\0\0\0\0\0\0\0\0\0\0\0\0\0\0\0\0\0\0\0\0\0\0\0\0\0\0\0\0\0\0\0\0\0\0\0\0\0\0\0\0\0\0\0\0\0\0\0\0\0\0\0\0\0\0\0\0\0\0\0\0\0\0\0\0\0\0\0\0\0\0\0\0\0\0\0\0\0\0\0\0\0\0\0\0\0\0\0\0\0\0\0\0\0\0\0\0\0\0\0\0\0\0\0\0\0\0\0\0\0\0\0\0\0\0\0\0\0\0\0\0\0\0\0\0\0\0\0\0\0\0\0\0\0\0\0\0\0\0\0\0\0\0\0\0\0\0\0\0\0\0\0\0\0\0\0\0\0\0\0\0\0\0\0\0\0\0\0\0\0\0\0\0\0\0\0\0\0\0\0\0\0\0\0\0\0\0\0\0\0\0\0\0\0\0\0\0\0\0\0\0\0\0\0\0\0\0\0\0\0\0\0\0\0\0\0\0\0\0\0\0\0\0\0\0\0\0\0\0\0\0\0\0\0\0\0\0\0\0\0\0\0\0\0\0\0\0\0\0\0\0\0\0\0\0\0\0\0\0\0\0\0\0\0\0\0\0\0\0\0\0\0\0\0\0\0\0\0\0\0\0\0\0\0\0\0\0\0\0\0\0\0\0\0\0\0\0\0\0\0\0\0\0\0\0\0\0\0\0\0\0\0\0\0\0\0\0\0\0\0\0\0\0\0\0\0\0\0\0\0\0\0\0\0\0\0\0\0\0\0\0\0\0\0\0\0\0\0\0\0\0\0\0\0\0\0\0\0\0\0\0\0\0\0\0\0\0\0\0\0\0\0\0\0\0\0\0\0\0\0\0\0\0\0\0\0\0\0\0\0\0\0\0\0\0\0\0\0\0\0\0\0\0\0\0\0\0\0\0\0\0\0\0\0\0\0\0\0\0\0\0\0\0\0\0\0\0\0\0\0\0\0\0\0\0\0\0\0\0\0\0\0\0\0\0\0\0\0\0\0\0\0\0\0\0\0\0\0\0\0\0\0\0\0\0\0\0\0\0\0\0\0\0\0\0\0\0\0\0\0\0\0\0\0\0\0\0\0\0\0\0\0\0\0\0\0\0\0\0\0\0\0\0\0\0\0\0\0\0\0\0\0\0\0\0\0\0\0\0\0\0\0\0\0\0\0\0\0\0\0\0\0\0\0\0\0\0\0\0\0\0\0\0\0\0\0\0\0\0\0\0\0\0\0\0\0\0\0\0\0\0\0\0\0\0\0\0\0\0\0\0\0\0\0\0\0\0\0\0\0\0\0\0\0\0\0\0\0\0\0\0\0\0\0\0\0\0\0\0\0\0\0\0\0\0\0\0\0\0\0\0\0\0\0\0\0\0\0\0\0\0\0\0\0\0\0\0\0\0\0\0\0\0\0\0\0\0\0\0\0\0\0\0\0\0\0\0\0\0\0\0\0\0\0\0\0\0\0\0\0\0\0\0\0\0\0\0\0\0\0\0\0\0\0\0\0\0\0\0\0\0\0\0\0\0\0\0\0\0\0\0\0\0\0\0\0\0\0\0\0\0\0\0\0\0\0\0\0\0\0\0\0\0\0\0\0\0\0\0\0\0\0\0\0\0\0\0\0\0\0\0\0\0\0\0\0\0\0\0\0\0\0\0\0\0\0\0\0\0\0\0\0\0\0\0\0\0\0\0\0\0\0\0\0\0\0\0\0\0\0\0\0\0\0\0\0\0\0\0\0\0\0\0\0\0\0\0\0\0\0\0\0\0\0\0\0\0\0\0\0\0\0\0\0\0\0\0\0\0\0\0\0\0\0\0\0\0\0\0\0\0\0\0\0\0\0\0\0\0\0\0\0\0\0\0\0\0\0\0\0\0\0\0\0\0\0\0\0\0\0\0\0\0\0\0\0\0\0\0\0\0\0\0\0\0\0\0\0\0\0\0\0\0\0\0\0\0\0\0\0\0\0\0\0\0\0\0\0\0\0\0\0\0\0\0\0\0\0\0\0\0\0\0\0\0\0\0\0\0\0\0\0\0\0\0\0\0\0\0\0\0\0\0\0\0\0\0\0\0\0\0\0\0\0\0\0\0\0\0\0\0\0\0\0\0\0\0\0\0\0\0\0\0\0\0\0\0\0\0\0\0\0\0\0\0\0\0\0\0\0\0\0\0\0\0\0\0\0\0\0\0\0\0\0\0\0\0\0\0\0\0\0\0\0\0\0\0\0\0\0\0\0\0\0\0\0\0\0\0\0\0\0\0\0\0\0\0\0\0\0\0\0\0\0\0\0\0\0\0\0\0\0\0\0\0\0\0\0\0\0\0\0\0\0\0\0\0\0\0\0\0\0\0\0\0\0\0\0\0\0\0\0\0\0\0\0\0\0\0\0\0\0\0\0\0\0\0\0\0\0\0\0\0\0\0\0\0\0\0\0\0\0\0\0\0\0\0\0\0\0\0\0\0\0\0\0\0\0\0\0\0\0\0\0\0\0\0\0\0\0\0\0\0\0\0\0\0\0\0\0\0\0\0\0\0\0\0\0\0\0\0\0\0\0\0\0\0\0\0\0\0\0\0\0\0\0\0\0\0\0\0\0\0\0\0\0\0\0\0\0\0\0\0\0\0\0\0\0\0\0\0\0\0\0\0\0\0\0\0\0\0\0\0\0\0\0\0\0\0\0\0\0\0\0\0\0\0\0\0\0\0\0\0\0\0\0\0\0\0\0\0\0\0\0\0\0\0\0\0\0\0\0\0\0\0\0\0\0\0\0\0\0\0\0\0\0\0\0\0\0\0\0\0\0\0\0\0\0\0\0\0\0\0\0\0\0\0\0\0\0\0\0\0\0\0\0\0\0\0\0\0\0\0\0\0\0\0\0\0\0\0\0\0\0\0\0\0\0\0\0\0\0\0\0\0\0\0\0\0\0\0\0\0\0\0\0\0\0\0\0\0\0\0\0\0\0\0\0\0\0\0\0\0\0\0\0\0\0\0\0\0\0\0\0\0\0\0\0\0\0\0\0\0\0\0\0\0\0\0\0\0\0\0\0\0\0\0\0\0\0\0\0\0\0\0\0\0\0\0\0\0\0\0\0\0\0\0\0\0\0\0\0\0\0\0\0\0\0\0\0\0\0\0\0\0\0\0\0\0\0\0\0\0\0\0\0\0\0\0\0\0\0\0\0\0\0\0\0\0\0\0\0\0\0\0\0\0\0\0\0\0\0\0\0\0\0\0\0\0\0\0\0\0\0\0\0\0\0\0\0\0\0\0\0\0\0\0\0\0\0\0\0\0\0\0\0\0\0\0\0\0\0\0\0\0\0\0\0\0\0\0\0\0\0\0\0\0\0\0\0\0\0\0\0\0\0\0\0\0\0\0\0\0\0\0\0\0\0\0\0\0\0\0\0\0\0\0\0\0\0\0\0\0\0\0\0\0\0\0\0\0\0\0\0\0\0\0\0\0\0\0\0\0\0\0\0\0\0\0\0\0\0\0\0\0\0\0\0\0\0\0\0\0\0\0\0\0\0\0\0\0\0\0\0\0\0\0\0\0\0\0\0\0\0\0\0\0\0\0\0\0\0\0\0\0\0\0\0\0\0\0\0\0\0\0\0\0\0\0\0\0\0\0\0\0\0\0\0\0\0\0\0\0\0\0\0\0\0\0\0\0\0\0\0\0\0\0\0\0\0\0\0\0\0\0\0\0\0\0\0\0\0\0\0\0\0\0\0\0\0\0\0\0\0\0\0\0\0\0\0\0\0\0\0\0\0\0\0\0\0\0\0\0\0\0\0\0\0\0\0\0\0\0\0\0\0\0\0\0\0\0\0\0\0\0\0\0\0\0\0\0\0\0\0\0\0\0\0\0\0\0\0\0\0\0\0\0\0\0\0\0\0\0\0\0\0\0\0\0\0\0\0\0\0\0\0\0\0\0\0\0\0\0\0\0\0\0\0\0\0\0\0\0\0\0\0\0\0\0\0\0\0\0\0\0\0\0\0\0\0\0\0\0\0\0\0\0\0\0\0\0\0\0\0\0\0\0\0\0\0\0\0\0\0\0\0\0\0\0\0\0\0\0\0\0\0\0\0\0\0\0\0\0\0\0\0\0\0\0\0\0\0\0\0\0\0\0\0\0\0\0\0\0\0\0\0\0\0\0\0\0\0\0\0\0\0\0\0\0\0\0\0\0\0\0\0\0\0\0\0\0\0\0\0\0\0\0\0\0\0\0\0\0\0\0\0\0\0\0\0\0\0\0\0\0\0\0\0\0\0\0\0\0\0\0\0\0\0\0\0\0\0\0\0\0\0\0\0\0\0\0\0\0\0\0\0\0\0\0\0\0\0\0\0\0\0\0\0\0\0\0\0\0\0\0\0\0\0\0\0\0\0\0\0\0\0\0\0\0\0\0\0\0\0\0\0\0\0\0\0\0\0\0\0\0\0\0\0\0\0\0\0\0\0\0\0\0\0\0\0\0\0\0\0\0\0\0\0\0\0\0\0\0\0\0\0\0\0\0\0\0\0\0\0\0\0\0\0\0\0\0\0\0\0\0\0\0\0\0\0\0\0\0\0\0\0\0\0\0\0\0\0\0\0\0\0\0\0\0\0\0\0\0\0\0\0\0\0\0\0\0\0\0\0\0\0\0\0\0\0\0\0\0\0\0\0\0\0\0\0\0\0\0\0\0\0\0\0\0\0\0\0\0\0\0\0\0\0\0\0\0\0\0\0\0\0\0\0\0\0\0\0\0\0\0\0\0\0\0\0\0\0\0\0\0\0\0\0\0\0\0\0\0\0\0\0\0\0\0\0\0\0\0\0\0\0\0\0\0\0\0\0\0\0\0\0\0\0\0\0\0\0\0\0\0\0\0\0\0\0\0\0\0\0\0\0\0\0\0\0\0\0\0\0\0\0\0\0\0\0\0\0\0\0\0\0\0\0\0\0\0\0\0\0\0\0\0\0\0\0\0\0\0\0\0\0\0\0\0\0\0\0\0\0\0\0\0\0\0\0\0\0\0\0\0\0\0\0\0\0\0\0\0\0\0\0\0\0\0\0\0\0\0\0\0\0\0\0\0\0\0\0\0\0\0\0\0\0\0\0\0\0\0\0\0\0\0\0\0\0\0\0\0\0\0\0\0\0\0\0\0\0\0\0\0\0\0\0\0\0\0\0\0\0\0\0\0\0\0\0\0\0\0\0\0\0\0\0\0\0\0\0\0\0\0\0\0\0\0\0\0\0\0\0\0\0\0\0\0\0\0\0\0\0\0\0\0\0\0\0\0\0\0\0\0\0\0\0\0\0\0\0\0\0\0\0\0\0\0\0\0\0\0\0\0\0\0\0\0\0\0\0\0\0\0\0\0\0\0\0\0\0\0\0\0\0\0\0\0\0\0\0\0\0\0\0\0\0\0\0\0\0\0\0\0\0\0\0\0\0\0\0\0\0\0\0\0\0\0\0\0\0\0\0\0\0\0\0\0\0\0\0\0\0\0\0\0\0\0\0\0\0\0\0\0\0\0\0\0\0\0\0\0\0\0\0\0\0\0\0\0\0\0\0\0\0\0\0\0\0\0\0\0\0\0\0\0\0\0\0\0\0\0\0\0\0\0\0\0\0\0\0\0\0\0\0\0\0\0\0\0\0\0\0\0\0\0\0\0\0\0\0\0\0\0\0\0\0\0\0\0\0\0\0\0\0\0\0\0\0\0\0\0\0\0\0\0\0\0\0\0\0\0\0\0\0\0\0\0\0\0\0\0\0\0\0\0\0\0\0\0\0\0\0\0\0\0\0\0\0\0\0\0\0\0\0\0\0\0\0\0\0\0\0\0\0\0\0\0\0\0\0\0\0\0\0\0\0\0\0\0\0\0\0\0\0\0\0\0\0\0\0\0\0\0\0\0\0\0\0\0\0\0\0\0\0\0\0\0\0\0\0\0\0\0\0\0\0\0\0\0\0\0\0\0\0\0\0\0\0\0\0\0\0\0\0\0\0\0\0\0\0\0\0\0\0\0\0\0\0\0\0\0\0\0\0\0\0\0\0\0\0\0\0\0\0\0\0\0\0\0\0\0\0\0\0\0\0\0\0\0\0\0\0\0\0\0\0\0\0\0\0\0\0\0\0\0\0\0\0\0\0\0\0\0\0\0\0\0\0\0\0\0\0\0\0\0\0\0\0\0\0\0\0\0\0\0\0\0\0\0\0\0\0\0\0\0\0\0\0\0\0\0\0\0\0\0\0\0\0\0\0\0\0\0\0\0\0\0\0\0\0\0\0\0\0\0\0\0\0\0\0\0\0\0\0\0\0\0\0\0\0\0\0\0\0\0\0\0\0\0\0\0\0\0\0\0\0\0\0\0\0\0\0\0\0\0\0\0\0\0\0\0\0\0\0\0\0\0\0\0\0\0\0\0\0\0\0\0\0\0\0\0\0\0\0\0\0\0\0\0\0\0\0\0\0\0\0' [C:\Users\Nhan\OneDrive - Rincovitch\00. Nhan\CSharp\RincoMTO\RincoMTO_fsauzi5n_wpftmp.csproj::TargetFramework=net48]
C:\Users\Nhan\OneDrive - Rincovitch\00. Nhan\CSharp\RincoMTO\BIMTOOL\obj\Release R26\Tools\MTO Query\UI\MtoQueryWindow.g.cs(1,1): error CS1056: Unexpected character '\0' [C:\Users\Nhan\OneDrive - Rincovitch\00. Nhan\CSharp\RincoMTO\RincoMTO_fsauzi5n_wpftmp.csproj::TargetFramework=net48]
C:\Users\Nhan\OneDrive - Rincovitch\00. Nhan\CSharp\RincoMTO\BIMTOOL\obj\Release R26\Tools\MTO Query\UI\MtoQueryWindow.g.cs(1,2): error CS1056: Unexpected character '\0' [C:\Users\Nhan\OneDrive - Rincovitch\00. Nhan\CSharp\RincoMTO\RincoMTO_fsauzi5n_wpftmp.csproj::TargetFramework=net48]
C:\Users\Nhan\OneDrive - Rincovitch\00. Nhan\CSharp\RincoMTO\BIMTOOL\obj\Release R26\Tools\MTO Query\UI\MtoQueryWindow.g.cs(1,3): error CS1056: Unexpected character '\0' [C:\Users\Nhan\OneDrive - Rincovitch\00. Nhan\CSharp\RincoMTO\RincoMTO_fsauzi5n_wpftmp.csproj::TargetFramework=net48]
C:\Users\Nhan\OneDrive - Rincovitch\00. Nhan\CSharp\RincoMTO\BIMTOOL\obj\Release R26\Tools\MTO Query\UI\MtoQueryWindow.g.cs(1,4): error CS1056: Unexpected character '\0' [C:\Users\Nhan\OneDrive - Rincovitch\00. Nhan\CSharp\RincoMTO\RincoMTO_fsauzi5n_wpftmp.csproj::TargetFramework=net48]
C:\Users\Nhan\OneDrive - Rincovitch\00. Nhan\CSharp\RincoMTO\BIMTOOL\obj\Release R26\Tools\MTO Query\UI\MtoQueryWindow.g.cs(1,5): error CS1056: Unexpected character '\0' [C:\Users\Nhan\OneDrive - Rincovitch\00. Nhan\CSharp\RincoMTO\RincoMTO_fsauzi5n_wpftmp.csproj::TargetFramework=net48]
C:\Users\Nhan\OneDrive - Rincovitch\00. Nhan\CSharp\RincoMTO\BIMTOOL\obj\Release R26\Tools\MTO Query\UI\MtoQueryWindow.g.cs(1,6): error CS1056: Unexpected character '\0' [C:\Users\Nhan\OneDrive - Rincovitch\00. Nhan\CSharp\RincoMTO\RincoMTO_fsauzi5n_wpftmp.csproj::TargetFramework=net48]
C:\Users\Nhan\OneDrive - Rincovitch\00. Nhan\CSharp\RincoMTO\BIMTOOL\obj\Release R26\Tools\MTO Query\UI\MtoQueryWindow.g.cs(1,7): error CS1056: Unexpected character '\0' [C:\Users\Nhan\OneDrive - Rincovitch\00. Nhan\CSharp\RincoMTO\RincoMTO_fsauzi5n_wpftmp.csproj::TargetFramework=net48]
C:\Users\Nhan\OneDrive - Rincovitch\00. Nhan\CSharp\RincoMTO\BIMTOOL\obj\Release R26\Tools\MTO Query\UI\MtoQueryWindow.g.cs(1,8): error CS1056: Unexpected character '\0' [C:\Users\Nhan\OneDrive - Rincovitch\00. Nhan\CSharp\RincoMTO\RincoMTO_fsauzi5n_wpftmp.csproj::TargetFramework=net48]
C:\Users\Nhan\OneDrive - Rincovitch\00. Nhan\CSharp\RincoMTO\BIMTOOL\obj\Release R26\Tools\MTO Query\UI\MtoQueryWindow.g.cs(1,9): error CS1056: Unexpected character '\0' [C:\Users\Nhan\OneDrive - Rincovitch\00. Nhan\CSharp\RincoMTO\RincoMTO_fsauzi5n_wpftmp.csproj::TargetFramework=net48]
C:\Users\Nhan\OneDrive - Rincovitch\00. Nhan\CSharp\RincoMTO\BIMTOOL\obj\Release R26\Tools\MTO Query\UI\MtoQueryWindow.g.cs(1,10): error CS1056: Unexpected character '\0' [C:\Users\Nhan\OneDrive - Rincovitch\00. Nhan\CSharp\RincoMTO\RincoMTO_fsauzi5n_wpftmp.csproj::TargetFramework=net48]
C:\Users\Nhan\OneDrive - Rincovitch\00. Nhan\CSharp\RincoMTO\BIMTOOL\obj\Release R26\Tools\MTO Query\UI\MtoQueryWindow.g.cs(1,11): error CS1056: Unexpected character '\0' [C:\Users\Nhan\OneDrive - Rincovitch\00. Nhan\CSharp\RincoMTO\RincoMTO_fsauzi5n_wpftmp.csproj::TargetFramework=net48]
C:\Users\Nhan\OneDrive - Rincovitch\00. Nhan\CSharp\RincoMTO\BIMTOOL\obj\Release R26\Tools\MTO Query\UI\MtoQueryWindow.g.cs(1,12): error CS1056: Unexpected character '\0' [C:\Users\Nhan\OneDrive - Rincovitch\00. Nhan\CSharp\RincoMTO\RincoMTO_fsauzi5n_wpftmp.csproj::TargetFramework=net48]
C:\Users\Nhan\OneDrive - Rincovitch\00. Nhan\CSharp\RincoMTO\BIMTOOL\obj\Release R26\Tools\MTO Query\UI\MtoQueryWindow.g.cs(1,13): error CS1056: Unexpected character '\0' [C:\Users\Nhan\OneDrive - Rincovitch\00. Nhan\CSharp\RincoMTO\RincoMTO_fsauzi5n_wpftmp.csproj::TargetFramework=net48]
C:\Users\Nhan\OneDrive - Rincovitch\00. Nhan\CSharp\RincoMTO\BIMTOOL\obj\Release R26\Tools\MTO Query\UI\MtoQueryWindow.g.cs(1,14): error CS1056: Unexpected character '\0' [C:\Users\Nhan\OneDrive - Rincovitch\00. Nhan\CSharp\RincoMTO\RincoMTO_fsauzi5n_wpftmp.csproj::TargetFramework=net48]
C:\Users\Nhan\OneDrive - Rincovitch\00. Nhan\CSharp\RincoMTO\BIMTOOL\obj\Release R26\Tools\MTO Query\UI\MtoQueryWindow.g.cs(1,15): error CS1056: Unexpected character '\0' [C:\Users\Nhan\OneDrive - Rincovitch\00. Nhan\CSharp\RincoMTO\RincoMTO_fsauzi5n_wpftmp.csproj::TargetFramework=net48]
C:\Users\Nhan\OneDrive - Rincovitch\00. Nhan\CSharp\RincoMTO\BIMTOOL\obj\Release R26\Tools\MTO Query\UI\MtoQueryWindow.g.cs(1,16): error CS1056: Unexpected character '\0' [C:\Users\Nhan\OneDrive - Rincovitch\00. Nhan\CSharp\RincoMTO\RincoMTO_fsauzi5n_wpftmp.csproj::TargetFramework=net48]
C:\Users\Nhan\OneDrive - Rincovitch\00. Nhan\CSharp\RincoMTO\BIMTOOL\obj\Release R26\Tools\MTO Query\UI\MtoQueryWindow.g.cs(1,17): error CS1056: Unexpected character '\0' [C:\Users\Nhan\OneDrive - Rincovitch\00. Nhan\CSharp\RincoMTO\RincoMTO_fsauzi5n_wpftmp.csproj::TargetFramework=net48]
C:\Users\Nhan\OneDrive - Rincovitch\00. Nhan\CSharp\RincoMTO\BIMTOOL\obj\Release R26\Tools\MTO Query\UI\MtoQueryWindow.g.cs(1,18): error CS1056: Unexpected character '\0' [C:\Users\Nhan\OneDrive - Rincovitch\00. Nhan\CSharp\RincoMTO\RincoMTO_fsauzi5n_wpftmp.csproj::TargetFramework=net48]
C:\Users\Nhan\OneDrive - Rincovitch\00. Nhan\CSharp\RincoMTO\BIMTOOL\obj\Release R26\Tools\MTO Query\UI\MtoQueryWindow.g.cs(1,19): error CS1056: Unexpected character '\0' [C:\Users\Nhan\OneDrive - Rincovitch\00. Nhan\CSharp\RincoMTO\RincoMTO_fsauzi5n_wpftmp.csproj::TargetFramework=net48]
C:\Users\Nhan\OneDrive - Rincovitch\00. Nhan\CSharp\RincoMTO\BIMTOOL\obj\Release R26\Tools\MTO Query\UI\MtoQueryWindow.g.cs(1,20): error CS1056: Unexpected character '\0' [C:\Users\Nhan\OneDrive - Rincovitch\00. Nhan\CSharp\RincoMTO\RincoMTO_fsauzi5n_wpftmp.csproj::TargetFramework=net48]
C:\Users\Nhan\OneDrive - Rincovitch\00. Nhan\CSharp\RincoMTO\BIMTOOL\obj\Release R26\Tools\MTO Query\UI\MtoQueryWindow.g.cs(1,21): error CS1056: Unexpected character '\0' [C:\Users\Nhan\OneDrive - Rincovitch\00. Nhan\CSharp\RincoMTO\RincoMTO_fsauzi5n_wpftmp.csproj::TargetFramework=net48]
C:\Users\Nhan\OneDrive - Rincovitch\00. Nhan\CSharp\RincoMTO\BIMTOOL\obj\Release R26\Tools\MTO Query\UI\MtoQueryWindow.g.cs(1,22): error CS1056: Unexpected character '\0' [C:\Users\Nhan\OneDrive - Rincovitch\00. Nhan\CSharp\RincoMTO\RincoMTO_fsauzi5n_wpftmp.csproj::TargetFramework=net48]
C:\Users\Nhan\OneDrive - Rincovitch\00. Nhan\CSharp\RincoMTO\BIMTOOL\obj\Release R26\Tools\MTO Query\UI\MtoQueryWindow.g.cs(1,23): error CS1056: Unexpected character '\0' [C:\Users\Nhan\OneDrive - Rincovitch\00. Nhan\CSharp\RincoMTO\RincoMTO_fsauzi5n_wpftmp.csproj::TargetFramework=net48]
C:\Users\Nhan\OneDrive - Rincovitch\00. Nhan\CSharp\RincoMTO\BIMTOOL\obj\Release R26\Tools\MTO Query\UI\MtoQueryWindow.g.cs(1,24): error CS1056: Unexpected character '\0' [C:\Users\Nhan\OneDrive - Rincovitch\00. Nhan\CSharp\RincoMTO\RincoMTO_fsauzi5n_wpftmp.csproj::TargetFramework=net48]
C:\Users\Nhan\OneDrive - Rincovitch\00. Nhan\CSharp\RincoMTO\BIMTOOL\obj\Release R26\Tools\MTO Query\UI\MtoQueryWindow.g.cs(1,25): error CS1056: Unexpected character '\0' [C:\Users\Nhan\OneDrive - Rincovitch\00. Nhan\CSharp\RincoMTO\RincoMTO_fsauzi5n_wpftmp.csproj::TargetFramework=net48]
C:\Users\Nhan\OneDrive - Rincovitch\00. Nhan\CSharp\RincoMTO\BIMTOOL\obj\Release R26\Tools\MTO Query\UI\MtoQueryWindow.g.cs(1,26): error CS1056: Unexpected character '\0' [C:\Users\Nhan\OneDrive - Rincovitch\00. Nhan\CSharp\RincoMTO\RincoMTO_fsauzi5n_wpftmp.csproj::TargetFramework=net48]
C:\Users\Nhan\OneDrive - Rincovitch\00. Nhan\CSharp\RincoMTO\BIMTOOL\obj\Release R26\Tools\MTO Query\UI\MtoQueryWindow.g.cs(1,27): error CS1056: Unexpected character '\0' [C:\Users\Nhan\OneDrive - Rincovitch\00. Nhan\CSharp\RincoMTO\RincoMTO_fsauzi5n_wpftmp.csproj::TargetFramework=net48]
C:\Users\Nhan\OneDrive - Rincovitch\00. Nhan\CSharp\RincoMTO\BIMTOOL\obj\Release R26\Tools\MTO Query\UI\MtoQueryWindow.g.cs(1,28): error CS1056: Unexpected character '\0' [C:\Users\Nhan\OneDrive - Rincovitch\00. Nhan\CSharp\RincoMTO\RincoMTO_fsauzi5n_wpftmp.csproj::TargetFramework=net48]
C:\Users\Nhan\OneDrive - Rincovitch\00. Nhan\CSharp\RincoMTO\BIMTOOL\obj\Release R26\Tools\MTO Query\UI\MtoQueryWindow.g.cs(1,29): error CS1056: Unexpected character '\0' [C:\Users\Nhan\OneDrive - Rincovitch\00. Nhan\CSharp\RincoMTO\RincoMTO_fsauzi5n_wpftmp.csproj::TargetFramework=net48]
C:\Users\Nhan\OneDrive - Rincovitch\00. Nhan\CSharp\RincoMTO\BIMTOOL\obj\Release R26\Tools\MTO Query\UI\MtoQueryWindow.g.cs(1,30): error CS1056: Unexpected character '\0' [C:\Users\Nhan\OneDrive - Rincovitch\00. Nhan\CSharp\RincoMTO\RincoMTO_fsauzi5n_wpftmp.csproj::TargetFramework=net48]
C:\Users\Nhan\OneDrive - Rincovitch\00. Nhan\CSharp\RincoMTO\BIMTOOL\obj\Release R26\Tools\MTO Query\UI\MtoQueryWindow.g.cs(1,31): error CS1056: Unexpected character '\0' [C:\Users\Nhan\OneDrive - Rincovitch\00. Nhan\CSharp\RincoMTO\RincoMTO_fsauzi5n_wpftmp.csproj::TargetFramework=net48]
C:\Users\Nhan\OneDrive - Rincovitch\00. Nhan\CSharp\RincoMTO\BIMTOOL\obj\Release R26\Tools\MTO Query\UI\MtoQueryWindow.g.cs(1,32): error CS1056: Unexpected character '\0' [C:\Users\Nhan\OneDrive - Rincovitch\00. Nhan\CSharp\RincoMTO\RincoMTO_fsauzi5n_wpftmp.csproj::TargetFramework=net48]
C:\Users\Nhan\OneDrive - Rincovitch\00. Nhan\CSharp\RincoMTO\BIMTOOL\obj\Release R26\Tools\MTO Query\UI\MtoQueryWindow.g.cs(1,33): error CS1056: Unexpected character '\0' [C:\Users\Nhan\OneDrive - Rincovitch\00. Nhan\CSharp\RincoMTO\RincoMTO_fsauzi5n_wpftmp.csproj::TargetFramework=net48]
C:\Users\Nhan\OneDrive - Rincovitch\00. Nhan\CSharp\RincoMTO\BIMTOOL\obj\Release R26\Tools\MTO Query\UI\MtoQueryWindow.g.cs(1,34): error CS1056: Unexpected character '\0' [C:\Users\Nhan\OneDrive - Rincovitch\00. Nhan\CSharp\RincoMTO\RincoMTO_fsauzi5n_wpftmp.csproj::TargetFramework=net48]
C:\Users\Nhan\OneDrive - Rincovitch\00. Nhan\CSharp\RincoMTO\BIMTOOL\obj\Release R26\Tools\MTO Query\UI\MtoQueryWindow.g.cs(1,35): error CS1056: Unexpected character '\0' [C:\Users\Nhan\OneDrive - Rincovitch\00. Nhan\CSharp\RincoMTO\RincoMTO_fsauzi5n_wpftmp.csproj::TargetFramework=net48]
C:\Users\Nhan\OneDrive - Rincovitch\00. Nhan\CSharp\RincoMTO\BIMTOOL\obj\Release R26\Tools\MTO Query\UI\MtoQueryWindow.g.cs(1,36): error CS1056: Unexpected character '\0' [C:\Users\Nhan\OneDrive - Rincovitch\00. Nhan\CSharp\RincoMTO\RincoMTO_fsauzi5n_wpftmp.csproj::TargetFramework=net48]
C:\Users\Nhan\OneDrive - Rincovitch\00. Nhan\CSharp\RincoMTO\BIMTOOL\obj\Release R26\Tools\MTO Query\UI\MtoQueryWindow.g.cs(1,37): error CS1056: Unexpected character '\0' [C:\Users\Nhan\OneDrive - Rincovitch\00. Nhan\CSharp\RincoMTO\RincoMTO_fsauzi5n_wpftmp.csproj::TargetFramework=net48]
C:\Users\Nhan\OneDrive - Rincovitch\00. Nhan\CSharp\RincoMTO\BIMTOOL\obj\Release R26\Tools\MTO Query\UI\MtoQueryWindow.g.cs(1,38): error CS1056: Unexpected character '\0' [C:\Users\Nhan\OneDrive - Rincovitch\00. Nhan\CSharp\RincoMTO\RincoMTO_fsauzi5n_wpftmp.csproj::TargetFramework=net48]
C:\Users\Nhan\OneDrive - Rincovitch\00. Nhan\CSharp\RincoMTO\BIMTOOL\obj\Release R26\Tools\MTO Query\UI\MtoQueryWindow.g.cs(1,39): error CS1056: Unexpected character '\0' [C:\Users\Nhan\OneDrive - Rincovitch\00. Nhan\CSharp\RincoMTO\RincoMTO_fsauzi5n_wpftmp.csproj::TargetFramework=net48]
C:\Users\Nhan\OneDrive - Rincovitch\00. Nhan\CSharp\RincoMTO\BIMTOOL\obj\Release R26\Tools\MTO Query\UI\MtoQueryWindow.g.cs(1,40): error CS1056: Unexpected character '\0' [C:\Users\Nhan\OneDrive - Rincovitch\00. Nhan\CSharp\RincoMTO\RincoMTO_fsauzi5n_wpftmp.csproj::TargetFramework=net48]
C:\Users\Nhan\OneDrive - Rincovitch\00. Nhan\CSharp\RincoMTO\BIMTOOL\obj\Release R26\Tools\MTO Query\UI\MtoQueryWindow.g.cs(1,41): error CS1056: Unexpected character '\0' [C:\Users\Nhan\OneDrive - Rincovitch\00. Nhan\CSharp\RincoMTO\RincoMTO_fsauzi5n_wpftmp.csproj::TargetFramework=net48]
C:\Users\Nhan\OneDrive - Rincovitch\00. Nhan\CSharp\RincoMTO\BIMTOOL\obj\Release R26\Tools\MTO Query\UI\MtoQueryWindow.g.cs(1,42): error CS1056: Unexpected character '\0' [C:\Users\Nhan\OneDrive - Rincovitch\00. Nhan\CSharp\RincoMTO\RincoMTO_fsauzi5n_wpftmp.csproj::TargetFramework=net48]
C:\Users\Nhan\OneDrive - Rincovitch\00. Nhan\CSharp\RincoMTO\BIMTOOL\obj\Release R26\Tools\MTO Query\UI\MtoQueryWindow.g.cs(1,43): error CS1056: Unexpected character '\0' [C:\Users\Nhan\OneDrive - Rincovitch\00. Nhan\CSharp\RincoMTO\RincoMTO_fsauzi5n_wpftmp.csproj::TargetFramework=net48]
C:\Users\Nhan\OneDrive - Rincovitch\00. Nhan\CSharp\RincoMTO\BIMTOOL\obj\Release R26\Tools\MTO Query\UI\MtoQueryWindow.g.cs(1,44): error CS1056: Unexpected character '\0' [C:\Users\Nhan\OneDrive - Rincovitch\00. Nhan\CSharp\RincoMTO\RincoMTO_fsauzi5n_wpftmp.csproj::TargetFramework=net48]
C:\Users\Nhan\OneDrive - Rincovitch\00. Nhan\CSharp\RincoMTO\BIMTOOL\obj\Release R26\Tools\MTO Query\UI\MtoQueryWindow.g.cs(1,45): error CS1056: Unexpected character '\0' [C:\Users\Nhan\OneDrive - Rincovitch\00. Nhan\CSharp\RincoMTO\RincoMTO_fsauzi5n_wpftmp.csproj::TargetFramework=net48]
C:\Users\Nhan\OneDrive - Rincovitch\00. Nhan\CSharp\RincoMTO\BIMTOOL\obj\Release R26\Tools\MTO Query\UI\MtoQueryWindow.g.cs(1,46): error CS1056: Unexpected character '\0' [C:\Users\Nhan\OneDrive - Rincovitch\00. Nhan\CSharp\RincoMTO\RincoMTO_fsauzi5n_wpftmp.csproj::TargetFramework=net48]
C:\Users\Nhan\OneDrive - Rincovitch\00. Nhan\CSharp\RincoMTO\BIMTOOL\obj\Release R26\Tools\MTO Query\UI\MtoQueryWindow.g.cs(1,47): error CS1056: Unexpected character '\0' [C:\Users\Nhan\OneDrive - Rincovitch\00. Nhan\CSharp\RincoMTO\RincoMTO_fsauzi5n_wpftmp.csproj::TargetFramework=net48]
C:\Users\Nhan\OneDrive - Rincovitch\00. Nhan\CSharp\RincoMTO\BIMTOOL\obj\Release R26\Tools\MTO Query\UI\MtoQueryWindow.g.cs(1,48): error CS1056: Unexpected character '\0' [C:\Users\Nhan\OneDrive - Rincovitch\00. Nhan\CSharp\RincoMTO\RincoMTO_fsauzi5n_wpftmp.csproj::TargetFramework=net48]
C:\Users\Nhan\OneDrive - Rincovitch\00. Nhan\CSharp\RincoMTO\BIMTOOL\obj\Release R26\Tools\MTO Query\UI\MtoQueryWindow.g.cs(1,49): error CS1056: Unexpected character '\0' [C:\Users\Nhan\OneDrive - Rincovitch\00. Nhan\CSharp\RincoMTO\RincoMTO_fsauzi5n_wpftmp.csproj::TargetFramework=net48]
C:\Users\Nhan\OneDrive - Rincovitch\00. Nhan\CSharp\RincoMTO\BIMTOOL\obj\Release R26\Tools\MTO Query\UI\MtoQueryWindow.g.cs(1,50): error CS1056: Unexpected character '\0' [C:\Users\Nhan\OneDrive - Rincovitch\00. Nhan\CSharp\RincoMTO\RincoMTO_fsauzi5n_wpftmp.csproj::TargetFramework=net48]
C:\Users\Nhan\OneDrive - Rincovitch\00. Nhan\CSharp\RincoMTO\BIMTOOL\obj\Release R26\Tools\MTO Query\UI\MtoQueryWindow.g.cs(1,51): error CS1056: Unexpected character '\0' [C:\Users\Nhan\OneDrive - Rincovitch\00. Nhan\CSharp\RincoMTO\RincoMTO_fsauzi5n_wpftmp.csproj::TargetFramework=net48]
C:\Users\Nhan\OneDrive - Rincovitch\00. Nhan\CSharp\RincoMTO\BIMTOOL\obj\Release R26\Tools\MTO Query\UI\MtoQueryWindow.g.cs(1,52): error CS1056: Unexpected character '\0' [C:\Users\Nhan\OneDrive - Rincovitch\00. Nhan\CSharp\RincoMTO\RincoMTO_fsauzi5n_wpftmp.csproj::TargetFramework=net48]
C:\Users\Nhan\OneDrive - Rincovitch\00. Nhan\CSharp\RincoMTO\BIMTOOL\obj\Release R26\Tools\MTO Query\UI\MtoQueryWindow.g.cs(1,53): error CS1056: Unexpected character '\0' [C:\Users\Nhan\OneDrive - Rincovitch\00. Nhan\CSharp\RincoMTO\RincoMTO_fsauzi5n_wpftmp.csproj::TargetFramework=net48]
C:\Users\Nhan\OneDrive - Rincovitch\00. Nhan\CSharp\RincoMTO\BIMTOOL\obj\Release R26\Tools\MTO Query\UI\MtoQueryWindow.g.cs(1,54): error CS1056: Unexpected character '\0' [C:\Users\Nhan\OneDrive - Rincovitch\00. Nhan\CSharp\RincoMTO\RincoMTO_fsauzi5n_wpftmp.csproj::TargetFramework=net48]
C:\Users\Nhan\OneDrive - Rincovitch\00. Nhan\CSharp\RincoMTO\BIMTOOL\obj\Release R26\Tools\MTO Query\UI\MtoQueryWindow.g.cs(1,55): error CS1056: Unexpected character '\0' [C:\Users\Nhan\OneDrive - Rincovitch\00. Nhan\CSharp\RincoMTO\RincoMTO_fsauzi5n_wpftmp.csproj::TargetFramework=net48]
C:\Users\Nhan\OneDrive - Rincovitch\00. Nhan\CSharp\RincoMTO\BIMTOOL\obj\Release R26\Tools\MTO Query\UI\MtoQueryWindow.g.cs(1,56): error CS1056: Unexpected character '\0' [C:\Users\Nhan\OneDrive - Rincovitch\00. Nhan\CSharp\RincoMTO\RincoMTO_fsauzi5n_wpftmp.csproj::TargetFramework=net48]
C:\Users\Nhan\OneDrive - Rincovitch\00. Nhan\CSharp\RincoMTO\BIMTOOL\obj\Release R26\Tools\MTO Query\UI\MtoQueryWindow.g.cs(1,57): error CS1056: Unexpected character '\0' [C:\Users\Nhan\OneDrive - Rincovitch\00. Nhan\CSharp\RincoMTO\RincoMTO_fsauzi5n_wpftmp.csproj::TargetFramework=net48]
C:\Users\Nhan\OneDrive - Rincovitch\00. Nhan\CSharp\RincoMTO\BIMTOOL\obj\Release R26\Tools\MTO Query\UI\MtoQueryWindow.g.cs(1,58): error CS1056: Unexpected character '\0' [C:\Users\Nhan\OneDrive - Rincovitch\00. Nhan\CSharp\RincoMTO\RincoMTO_fsauzi5n_wpftmp.csproj::TargetFramework=net48]
C:\Users\Nhan\OneDrive - Rincovitch\00. Nhan\CSharp\RincoMTO\BIMTOOL\obj\Release R26\Tools\MTO Query\UI\MtoQueryWindow.g.cs(1,59): error CS1056: Unexpected character '\0' [C:\Users\Nhan\OneDrive - Rincovitch\00. Nhan\CSharp\RincoMTO\RincoMTO_fsauzi5n_wpftmp.csproj::TargetFramework=net48]
C:\Users\Nhan\OneDrive - Rincovitch\00. Nhan\CSharp\RincoMTO\BIMTOOL\obj\Release R26\Tools\MTO Query\UI\MtoQueryWindow.g.cs(1,60): error CS1056: Unexpected character '\0' [C:\Users\Nhan\OneDrive - Rincovitch\00. Nhan\CSharp\RincoMTO\RincoMTO_fsauzi5n_wpftmp.csproj::TargetFramework=net48]
C:\Users\Nhan\OneDrive - Rincovitch\00. Nhan\CSharp\RincoMTO\BIMTOOL\obj\Release R26\Tools\MTO Query\UI\MtoQueryWindow.g.cs(1,61): error CS1056: Unexpected character '\0' [C:\Users\Nhan\OneDrive - Rincovitch\00. Nhan\CSharp\RincoMTO\RincoMTO_fsauzi5n_wpftmp.csproj::TargetFramework=net48]
C:\Users\Nhan\OneDrive - Rincovitch\00. Nhan\CSharp\RincoMTO\BIMTOOL\obj\Release R26\Tools\MTO Query\UI\MtoQueryWindow.g.cs(1,62): error CS1056: Unexpected character '\0' [C:\Users\Nhan\OneDrive - Rincovitch\00. Nhan\CSharp\RincoMTO\RincoMTO_fsauzi5n_wpftmp.csproj::TargetFramework=net48]
C:\Users\Nhan\OneDrive - Rincovitch\00. Nhan\CSharp\RincoMTO\BIMTOOL\obj\Release R26\Tools\MTO Query\UI\MtoQueryWindow.g.cs(1,63): error CS1056: Unexpected character '\0' [C:\Users\Nhan\OneDrive - Rincovitch\00. Nhan\CSharp\RincoMTO\RincoMTO_fsauzi5n_wpftmp.csproj::TargetFramework=net48]
C:\Users\Nhan\OneDrive - Rincovitch\00. Nhan\CSharp\RincoMTO\BIMTOOL\obj\Release R26\Tools\MTO Query\UI\MtoQueryWindow.g.cs(1,64): error CS1056: Unexpected character '\0' [C:\Users\Nhan\OneDrive - Rincovitch\00. Nhan\CSharp\RincoMTO\RincoMTO_fsauzi5n_wpftmp.csproj::TargetFramework=net48]
C:\Users\Nhan\OneDrive - Rincovitch\00. Nhan\CSharp\RincoMTO\BIMTOOL\obj\Release R26\Tools\MTO Query\UI\MtoQueryWindow.g.cs(1,65): error CS1056: Unexpected character '\0' [C:\Users\Nhan\OneDrive - Rincovitch\00. Nhan\CSharp\RincoMTO\RincoMTO_fsauzi5n_wpftmp.csproj::TargetFramework=net48]
C:\Users\Nhan\OneDrive - Rincovitch\00. Nhan\CSharp\RincoMTO\BIMTOOL\obj\Release R26\Tools\MTO Query\UI\MtoQueryWindow.g.cs(1,66): error CS1056: Unexpected character '\0' [C:\Users\Nhan\OneDrive - Rincovitch\00. Nhan\CSharp\RincoMTO\RincoMTO_fsauzi5n_wpftmp.csproj::TargetFramework=net48]
C:\Users\Nhan\OneDrive - Rincovitch\00. Nhan\CSharp\RincoMTO\BIMTOOL\obj\Release R26\Tools\MTO Query\UI\MtoQueryWindow.g.cs(1,67): error CS1056: Unexpected character '\0' [C:\Users\Nhan\OneDrive - Rincovitch\00. Nhan\CSharp\RincoMTO\RincoMTO_fsauzi5n_wpftmp.csproj::TargetFramework=net48]
C:\Users\Nhan\OneDrive - Rincovitch\00. Nhan\CSharp\RincoMTO\BIMTOOL\obj\Release R26\Tools\MTO Query\UI\MtoQueryWindow.g.cs(1,68): error CS1056: Unexpected character '\0' [C:\Users\Nhan\OneDrive - Rincovitch\00. Nhan\CSharp\RincoMTO\RincoMTO_fsauzi5n_wpftmp.csproj::TargetFramework=net48]
C:\Users\Nhan\OneDrive - Rincovitch\00. Nhan\CSharp\RincoMTO\BIMTOOL\obj\Release R26\Tools\MTO Query\UI\MtoQueryWindow.g.cs(1,69): error CS1056: Unexpected character '\0' [C:\Users\Nhan\OneDrive - Rincovitch\00. Nhan\CSharp\RincoMTO\RincoMTO_fsauzi5n_wpftmp.csproj::TargetFramework=net48]
C:\Users\Nhan\OneDrive - Rincovitch\00. Nhan\CSharp\RincoMTO\BIMTOOL\obj\Release R26\Tools\MTO Query\UI\MtoQueryWindow.g.cs(1,70): error CS1056: Unexpected character '\0' [C:\Users\Nhan\OneDrive - Rincovitch\00. Nhan\CSharp\RincoMTO\RincoMTO_fsauzi5n_wpftmp.csproj::TargetFramework=net48]
C:\Users\Nhan\OneDrive - Rincovitch\00. Nhan\CSharp\RincoMTO\BIMTOOL\obj\Release R26\Tools\MTO Query\UI\MtoQueryWindow.g.cs(1,71): error CS1056: Unexpected character '\0' [C:\Users\Nhan\OneDrive - Rincovitch\00. Nhan\CSharp\RincoMTO\RincoMTO_fsauzi5n_wpftmp.csproj::TargetFramework=net48]
C:\Users\Nhan\OneDrive - Rincovitch\00. Nhan\CSharp\RincoMTO\BIMTOOL\obj\Release R26\Tools\MTO Query\UI\MtoQueryWindow.g.cs(1,72): error CS1056: Unexpected character '\0' [C:\Users\Nhan\OneDrive - Rincovitch\00. Nhan\CSharp\RincoMTO\RincoMTO_fsauzi5n_wpftmp.csproj::TargetFramework=net48]
C:\Users\Nhan\OneDrive - Rincovitch\00. Nhan\CSharp\RincoMTO\BIMTOOL\obj\Release R26\Tools\MTO Query\UI\MtoQueryWindow.g.cs(1,73): error CS1056: Unexpected character '\0' [C:\Users\Nhan\OneDrive - Rincovitch\00. Nhan\CSharp\RincoMTO\RincoMTO_fsauzi5n_wpftmp.csproj::TargetFramework=net48]
C:\Users\Nhan\OneDrive - Rincovitch\00. Nhan\CSharp\RincoMTO\BIMTOOL\obj\Release R26\Tools\MTO Query\UI\MtoQueryWindow.g.cs(1,74): error CS1056: Unexpected character '\0' [C:\Users\Nhan\OneDrive - Rincovitch\00. Nhan\CSharp\RincoMTO\RincoMTO_fsauzi5n_wpftmp.csproj::TargetFramework=net48]
C:\Users\Nhan\OneDrive - Rincovitch\00. Nhan\CSharp\RincoMTO\BIMTOOL\obj\Release R26\Tools\MTO Query\UI\MtoQueryWindow.g.cs(1,75): error CS1056: Unexpected character '\0' [C:\Users\Nhan\OneDrive - Rincovitch\00. Nhan\CSharp\RincoMTO\RincoMTO_fsauzi5n_wpftmp.csproj::TargetFramework=net48]
C:\Users\Nhan\OneDrive - Rincovitch\00. Nhan\CSharp\RincoMTO\BIMTOOL\obj\Release R26\Tools\MTO Query\UI\MtoQueryWindow.g.cs(1,76): error CS1056: Unexpected character '\0' [C:\Users\Nhan\OneDrive - Rincovitch\00. Nhan\CSharp\RincoMTO\RincoMTO_fsauzi5n_wpftmp.csproj::TargetFramework=net48]
C:\Users\Nhan\OneDrive - Rincovitch\00. Nhan\CSharp\RincoMTO\BIMTOOL\obj\Release R26\Tools\MTO Query\UI\MtoQueryWindow.g.cs(1,77): error CS1056: Unexpected character '\0' [C:\Users\Nhan\OneDrive - Rincovitch\00. Nhan\CSharp\RincoMTO\RincoMTO_fsauzi5n_wpftmp.csproj::TargetFramework=net48]
C:\Users\Nhan\OneDrive - Rincovitch\00. Nhan\CSharp\RincoMTO\BIMTOOL\obj\Release R26\Tools\MTO Query\UI\MtoQueryWindow.g.cs(1,78): error CS1056: Unexpected character '\0' [C:\Users\Nhan\OneDrive - Rincovitch\00. Nhan\CSharp\RincoMTO\RincoMTO_fsauzi5n_wpftmp.csproj::TargetFramework=net48]
C:\Users\Nhan\OneDrive - Rincovitch\00. Nhan\CSharp\RincoMTO\BIMTOOL\obj\Release R26\Tools\MTO Query\UI\MtoQueryWindow.g.cs(1,79): error CS1056: Unexpected character '\0' [C:\Users\Nhan\OneDrive - Rincovitch\00. Nhan\CSharp\RincoMTO\RincoMTO_fsauzi5n_wpftmp.csproj::TargetFramework=net48]
C:\Users\Nhan\OneDrive - Rincovitch\00. Nhan\CSharp\RincoMTO\BIMTOOL\obj\Release R26\Tools\MTO Query\UI\MtoQueryWindow.g.cs(1,80): error CS1056: Unexpected character '\0' [C:\Users\Nhan\OneDrive - Rincovitch\00. Nhan\CSharp\RincoMTO\RincoMTO_fsauzi5n_wpftmp.csproj::TargetFramework=net48]
C:\Users\Nhan\OneDrive - Rincovitch\00. Nhan\CSharp\RincoMTO\BIMTOOL\obj\Release R26\Tools\MTO Query\UI\MtoQueryWindow.g.cs(1,81): error CS1056: Unexpected character '\0' [C:\Users\Nhan\OneDrive - Rincovitch\00. Nhan\CSharp\RincoMTO\RincoMTO_fsauzi5n_wpftmp.csproj::TargetFramework=net48]
C:\Users\Nhan\OneDrive - Rincovitch\00. Nhan\CSharp\RincoMTO\BIMTOOL\obj\Release R26\Tools\MTO Query\UI\MtoQueryWindow.g.cs(1,82): error CS1056: Unexpected character '\0' [C:\Users\Nhan\OneDrive - Rincovitch\00. Nhan\CSharp\RincoMTO\RincoMTO_fsauzi5n_wpftmp.csproj::TargetFramework=net48]
C:\Users\Nhan\OneDrive - Rincovitch\00. Nhan\CSharp\RincoMTO\BIMTOOL\obj\Release R26\Tools\MTO Query\UI\MtoQueryWindow.g.cs(1,83): error CS1056: Unexpected character '\0' [C:\Users\Nhan\OneDrive - Rincovitch\00. Nhan\CSharp\RincoMTO\RincoMTO_fsauzi5n_wpftmp.csproj::TargetFramework=net48]
C:\Users\Nhan\OneDrive - Rincovitch\00. Nhan\CSharp\RincoMTO\BIMTOOL\obj\Release R26\Tools\MTO Query\UI\MtoQueryWindow.g.cs(1,84): error CS1056: Unexpected character '\0' [C:\Users\Nhan\OneDrive - Rincovitch\00. Nhan\CSharp\RincoMTO\RincoMTO_fsauzi5n_wpftmp.csproj::TargetFramework=net48]
C:\Users\Nhan\OneDrive - Rincovitch\00. Nhan\CSharp\RincoMTO\BIMTOOL\obj\Release R26\Tools\MTO Query\UI\MtoQueryWindow.g.cs(1,85): error CS1056: Unexpected character '\0' [C:\Users\Nhan\OneDrive - Rincovitch\00. Nhan\CSharp\RincoMTO\RincoMTO_fsauzi5n_wpftmp.csproj::TargetFramework=net48]
C:\Users\Nhan\OneDrive - Rincovitch\00. Nhan\CSharp\RincoMTO\BIMTOOL\obj\Release R26\Tools\MTO Query\UI\MtoQueryWindow.g.cs(1,86): error CS1056: Unexpected character '\0' [C:\Users\Nhan\OneDrive - Rincovitch\00. Nhan\CSharp\RincoMTO\RincoMTO_fsauzi5n_wpftmp.csproj::TargetFramework=net48]
C:\Users\Nhan\OneDrive - Rincovitch\00. Nhan\CSharp\RincoMTO\BIMTOOL\obj\Release R26\Tools\MTO Query\UI\MtoQueryWindow.g.cs(1,87): error CS1056: Unexpected character '\0' [C:\Users\Nhan\OneDrive - Rincovitch\00. Nhan\CSharp\RincoMTO\RincoMTO_fsauzi5n_wpftmp.csproj::TargetFramework=net48]
C:\Users\Nhan\OneDrive - Rincovitch\00. Nhan\CSharp\RincoMTO\BIMTOOL\obj\Release R26\Tools\MTO Query\UI\MtoQueryWindow.g.cs(1,88): error CS1056: Unexpected character '\0' [C:\Users\Nhan\OneDrive - Rincovitch\00. Nhan\CSharp\RincoMTO\RincoMTO_fsauzi5n_wpftmp.csproj::TargetFramework=net48]
C:\Users\Nhan\OneDrive - Rincovitch\00. Nhan\CSharp\RincoMTO\BIMTOOL\obj\Release R26\Tools\MTO Query\UI\MtoQueryWindow.g.cs(1,89): error CS1056: Unexpected character '\0' [C:\Users\Nhan\OneDrive - Rincovitch\00. Nhan\CSharp\RincoMTO\RincoMTO_fsauzi5n_wpftmp.csproj::TargetFramework=net48]
C:\Users\Nhan\OneDrive - Rincovitch\00. Nhan\CSharp\RincoMTO\BIMTOOL\obj\Release R26\Tools\MTO Query\UI\MtoQueryWindow.g.cs(1,90): error CS1056: Unexpected character '\0' [C:\Users\Nhan\OneDrive - Rincovitch\00. Nhan\CSharp\RincoMTO\RincoMTO_fsauzi5n_wpftmp.csproj::TargetFramework=net48]
C:\Users\Nhan\OneDrive - Rincovitch\00. Nhan\CSharp\RincoMTO\BIMTOOL\obj\Release R26\Tools\MTO Query\UI\MtoQueryWindow.g.cs(1,91): error CS1056: Unexpected character '\0' [C:\Users\Nhan\OneDrive - Rincovitch\00. Nhan\CSharp\RincoMTO\RincoMTO_fsauzi5n_wpftmp.csproj::TargetFramework=net48]
C:\Users\Nhan\OneDrive - Rincovitch\00. Nhan\CSharp\RincoMTO\BIMTOOL\obj\Release R26\Tools\MTO Query\UI\MtoQueryWindow.g.cs(1,92): error CS1056: Unexpected character '\0' [C:\Users\Nhan\OneDrive - Rincovitch\00. Nhan\CSharp\RincoMTO\RincoMTO_fsauzi5n_wpftmp.csproj::TargetFramework=net48]
C:\Users\Nhan\OneDrive - Rincovitch\00. Nhan\CSharp\RincoMTO\BIMTOOL\obj\Release R26\Tools\MTO Query\UI\MtoQueryWindow.g.cs(1,93): error CS1056: Unexpected character '\0' [C:\Users\Nhan\OneDrive - Rincovitch\00. Nhan\CSharp\RincoMTO\RincoMTO_fsauzi5n_wpftmp.csproj::TargetFramework=net48]
C:\Users\Nhan\OneDrive - Rincovitch\00. Nhan\CSharp\RincoMTO\BIMTOOL\obj\Release R26\Tools\MTO Query\UI\MtoQueryWindow.g.cs(1,94): error CS1056: Unexpected character '\0' [C:\Users\Nhan\OneDrive - Rincovitch\00. Nhan\CSharp\RincoMTO\RincoMTO_fsauzi5n_wpftmp.csproj::TargetFramework=net48]
C:\Users\Nhan\OneDrive - Rincovitch\00. Nhan\CSharp\RincoMTO\BIMTOOL\obj\Release R26\Tools\MTO Query\UI\MtoQueryWindow.g.cs(1,95): error CS1056: Unexpected character '\0' [C:\Users\Nhan\OneDrive - Rincovitch\00. Nhan\CSharp\RincoMTO\RincoMTO_fsauzi5n_wpftmp.csproj::TargetFramework=net48]
C:\Users\Nhan\OneDrive - Rincovitch\00. Nhan\CSharp\RincoMTO\BIMTOOL\obj\Release R26\Tools\MTO Query\UI\MtoQueryWindow.g.cs(1,96): error CS1056: Unexpected character '\0' [C:\Users\Nhan\OneDrive - Rincovitch\00. Nhan\CSharp\RincoMTO\RincoMTO_fsauzi5n_wpftmp.csproj::TargetFramework=net48]
C:\Users\Nhan\OneDrive - Rincovitch\00. Nhan\CSharp\RincoMTO\BIMTOOL\obj\Release R26\Tools\MTO Query\UI\MtoQueryWindow.g.cs(1,97): error CS1056: Unexpected character '\0' [C:\Users\Nhan\OneDrive - Rincovitch\00. Nhan\CSharp\RincoMTO\RincoMTO_fsauzi5n_wpftmp.csproj::TargetFramework=net48]
C:\Users\Nhan\OneDrive - Rincovitch\00. Nhan\CSharp\RincoMTO\BIMTOOL\obj\Release R26\Tools\MTO Query\UI\MtoQueryWindow.g.cs(1,98): error CS1056: Unexpected character '\0' [C:\Users\Nhan\OneDrive - Rincovitch\00. Nhan\CSharp\RincoMTO\RincoMTO_fsauzi5n_wpftmp.csproj::TargetFramework=net48]
C:\Users\Nhan\OneDrive - Rincovitch\00. Nhan\CSharp\RincoMTO\BIMTOOL\obj\Release R26\Tools\MTO Query\UI\MtoQueryWindow.g.cs(1,99): error CS1056: Unexpected character '\0' [C:\Users\Nhan\OneDrive - Rincovitch\00. Nhan\CSharp\RincoMTO\RincoMTO_fsauzi5n_wpftmp.csproj::TargetFramework=net48]
C:\Users\Nhan\OneDrive - Rincovitch\00. Nhan\CSharp\RincoMTO\BIMTOOL\obj\Release R26\Tools\MTO Query\UI\MtoQueryWindow.g.cs(1,100): error CS1056: Unexpected character '\0' [C:\Users\Nhan\OneDrive - Rincovitch\00. Nhan\CSharp\RincoMTO\RincoMTO_fsauzi5n_wpftmp.csproj::TargetFramework=net48]
C:\Users\Nhan\OneDrive - Rincovitch\00. Nhan\CSharp\RincoMTO\BIMTOOL\obj\Release R26\Tools\MTO Query\UI\MtoQueryWindow.g.cs(1,101): error CS1056: Unexpected character '\0' [C:\Users\Nhan\OneDrive - Rincovitch\00. Nhan\CSharp\RincoMTO\RincoMTO_fsauzi5n_wpftmp.csproj::TargetFramework=net48]
C:\Users\Nhan\OneDrive - Rincovitch\00. Nhan\CSharp\RincoMTO\BIMTOOL\obj\Release R26\Tools\MTO Query\UI\MtoQueryWindow.g.cs(1,102): error CS1056: Unexpected character '\0' [C:\Users\Nhan\OneDrive - Rincovitch\00. Nhan\CSharp\RincoMTO\RincoMTO_fsauzi5n_wpftmp.csproj::TargetFramework=net48]
C:\Users\Nhan\OneDrive - Rincovitch\00. Nhan\CSharp\RincoMTO\BIMTOOL\obj\Release R26\Tools\MTO Query\UI\MtoQueryWindow.g.cs(1,103): error CS1056: Unexpected character '\0' [C:\Users\Nhan\OneDrive - Rincovitch\00. Nhan\CSharp\RincoMTO\RincoMTO_fsauzi5n_wpftmp.csproj::TargetFramework=net48]
C:\Users\Nhan\OneDrive - Rincovitch\00. Nhan\CSharp\RincoMTO\BIMTOOL\obj\Release R26\Tools\MTO Query\UI\MtoQueryWindow.g.cs(1,104): error CS1056: Unexpected character '\0' [C:\Users\Nhan\OneDrive - Rincovitch\00. Nhan\CSharp\RincoMTO\RincoMTO_fsauzi5n_wpftmp.csproj::TargetFramework=net48]
C:\Users\Nhan\OneDrive - Rincovitch\00. Nhan\CSharp\RincoMTO\BIMTOOL\obj\Release R26\Tools\MTO Query\UI\MtoQueryWindow.g.cs(1,105): error CS1056: Unexpected character '\0' [C:\Users\Nhan\OneDrive - Rincovitch\00. Nhan\CSharp\RincoMTO\RincoMTO_fsauzi5n_wpftmp.csproj::TargetFramework=net48]
C:\Users\Nhan\OneDrive - Rincovitch\00. Nhan\CSharp\RincoMTO\BIMTOOL\obj\Release R26\Tools\MTO Query\UI\MtoQueryWindow.g.cs(1,106): error CS1056: Unexpected character '\0' [C:\Users\Nhan\OneDrive - Rincovitch\00. Nhan\CSharp\RincoMTO\RincoMTO_fsauzi5n_wpftmp.csproj::TargetFramework=net48]
C:\Users\Nhan\OneDrive - Rincovitch\00. Nhan\CSharp\RincoMTO\BIMTOOL\obj\Release R26\Tools\MTO Query\UI\MtoQueryWindow.g.cs(1,107): error CS1056: Unexpected character '\0' [C:\Users\Nhan\OneDrive - Rincovitch\00. Nhan\CSharp\RincoMTO\RincoMTO_fsauzi5n_wpftmp.csproj::TargetFramework=net48]
C:\Users\Nhan\OneDrive - Rincovitch\00. Nhan\CSharp\RincoMTO\BIMTOOL\obj\Release R26\Tools\MTO Query\UI\MtoQueryWindow.g.cs(1,108): error CS1056: Unexpected character '\0' [C:\Users\Nhan\OneDrive - Rincovitch\00. Nhan\CSharp\RincoMTO\RincoMTO_fsauzi5n_wpftmp.csproj::TargetFramework=net48]
C:\Users\Nhan\OneDrive - Rincovitch\00. Nhan\CSharp\RincoMTO\BIMTOOL\obj\Release R26\Tools\MTO Query\UI\MtoQueryWindow.g.cs(1,109): error CS1056: Unexpected character '\0' [C:\Users\Nhan\OneDrive - Rincovitch\00. Nhan\CSharp\RincoMTO\RincoMTO_fsauzi5n_wpftmp.csproj::TargetFramework=net48]
C:\Users\Nhan\OneDrive - Rincovitch\00. Nhan\CSharp\RincoMTO\BIMTOOL\obj\Release R26\Tools\MTO Query\UI\MtoQueryWindow.g.cs(1,110): error CS1056: Unexpected character '\0' [C:\Users\Nhan\OneDrive - Rincovitch\00. Nhan\CSharp\RincoMTO\RincoMTO_fsauzi5n_wpftmp.csproj::TargetFramework=net48]
C:\Users\Nhan\OneDrive - Rincovitch\00. Nhan\CSharp\RincoMTO\BIMTOOL\obj\Release R26\Tools\MTO Query\UI\MtoQueryWindow.g.cs(1,111): error CS1056: Unexpected character '\0' [C:\Users\Nhan\OneDrive - Rincovitch\00. Nhan\CSharp\RincoMTO\RincoMTO_fsauzi5n_wpftmp.csproj::TargetFramework=net48]
C:\Users\Nhan\OneDrive - Rincovitch\00. Nhan\CSharp\RincoMTO\BIMTOOL\obj\Release R26\Tools\MTO Query\UI\MtoQueryWindow.g.cs(1,112): error CS1056: Unexpected character '\0' [C:\Users\Nhan\OneDrive - Rincovitch\00. Nhan\CSharp\RincoMTO\RincoMTO_fsauzi5n_wpftmp.csproj::TargetFramework=net48]
C:\Users\Nhan\OneDrive - Rincovitch\00. Nhan\CSharp\RincoMTO\BIMTOOL\obj\Release R26\Tools\MTO Query\UI\MtoQueryWindow.g.cs(1,113): error CS1056: Unexpected character '\0' [C:\Users\Nhan\OneDrive - Rincovitch\00. Nhan\CSharp\RincoMTO\RincoMTO_fsauzi5n_wpftmp.csproj::TargetFramework=net48]
C:\Users\Nhan\OneDrive - Rincovitch\00. Nhan\CSharp\RincoMTO\BIMTOOL\obj\Release R26\Tools\MTO Query\UI\MtoQueryWindow.g.cs(1,114): error CS1056: Unexpected character '\0' [C:\Users\Nhan\OneDrive - Rincovitch\00. Nhan\CSharp\RincoMTO\RincoMTO_fsauzi5n_wpftmp.csproj::TargetFramework=net48]
C:\Users\Nhan\OneDrive - Rincovitch\00. Nhan\CSharp\RincoMTO\BIMTOOL\obj\Release R26\Tools\MTO Query\UI\MtoQueryWindow.g.cs(1,115): error CS1056: Unexpected character '\0' [C:\Users\Nhan\OneDrive - Rincovitch\00. Nhan\CSharp\RincoMTO\RincoMTO_fsauzi5n_wpftmp.csproj::TargetFramework=net48]
C:\Users\Nhan\OneDrive - Rincovitch\00. Nhan\CSharp\RincoMTO\BIMTOOL\obj\Release R26\Tools\MTO Query\UI\MtoQueryWindow.g.cs(1,116): error CS1056: Unexpected character '\0' [C:\Users\Nhan\OneDrive - Rincovitch\00. Nhan\CSharp\RincoMTO\RincoMTO_fsauzi5n_wpftmp.csproj::TargetFramework=net48]
C:\Users\Nhan\OneDrive - Rincovitch\00. Nhan\CSharp\RincoMTO\BIMTOOL\obj\Release R26\Tools\MTO Query\UI\MtoQueryWindow.g.cs(1,117): error CS1056: Unexpected character '\0' [C:\Users\Nhan\OneDrive - Rincovitch\00. Nhan\CSharp\RincoMTO\RincoMTO_fsauzi5n_wpftmp.csproj::TargetFramework=net48]
C:\Users\Nhan\OneDrive - Rincovitch\00. Nhan\CSharp\RincoMTO\BIMTOOL\obj\Release R26\Tools\MTO Query\UI\MtoQueryWindow.g.cs(1,118): error CS1056: Unexpected character '\0' [C:\Users\Nhan\OneDrive - Rincovitch\00. Nhan\CSharp\RincoMTO\RincoMTO_fsauzi5n_wpftmp.csproj::TargetFramework=net48]
C:\Users\Nhan\OneDrive - Rincovitch\00. Nhan\CSharp\RincoMTO\BIMTOOL\obj\Release R26\Tools\MTO Query\UI\MtoQueryWindow.g.cs(1,119): error CS1056: Unexpected character '\0' [C:\Users\Nhan\OneDrive - Rincovitch\00. Nhan\CSharp\RincoMTO\RincoMTO_fsauzi5n_wpftmp.csproj::TargetFramework=net48]
C:\Users\Nhan\OneDrive - Rincovitch\00. Nhan\CSharp\RincoMTO\BIMTOOL\obj\Release R26\Tools\MTO Query\UI\MtoQueryWindow.g.cs(1,120): error CS1056: Unexpected character '\0' [C:\Users\Nhan\OneDrive - Rincovitch\00. Nhan\CSharp\RincoMTO\RincoMTO_fsauzi5n_wpftmp.csproj::TargetFramework=net48]
C:\Users\Nhan\OneDrive - Rincovitch\00. Nhan\CSharp\RincoMTO\BIMTOOL\obj\Release R26\Tools\MTO Query\UI\MtoQueryWindow.g.cs(1,121): error CS1056: Unexpected character '\0' [C:\Users\Nhan\OneDrive - Rincovitch\00. Nhan\CSharp\RincoMTO\RincoMTO_fsauzi5n_wpftmp.csproj::TargetFramework=net48]
C:\Users\Nhan\OneDrive - Rincovitch\00. Nhan\CSharp\RincoMTO\BIMTOOL\obj\Release R26\Tools\MTO Query\UI\MtoQueryWindow.g.cs(1,122): error CS1056: Unexpected character '\0' [C:\Users\Nhan\OneDrive - Rincovitch\00. Nhan\CSharp\RincoMTO\RincoMTO_fsauzi5n_wpftmp.csproj::TargetFramework=net48]
C:\Users\Nhan\OneDrive - Rincovitch\00. Nhan\CSharp\RincoMTO\BIMTOOL\obj\Release R26\Tools\MTO Query\UI\MtoQueryWindow.g.cs(1,123): error CS1056: Unexpected character '\0' [C:\Users\Nhan\OneDrive - Rincovitch\00. Nhan\CSharp\RincoMTO\RincoMTO_fsauzi5n_wpftmp.csproj::TargetFramework=net48]
C:\Users\Nhan\OneDrive - Rincovitch\00. Nhan\CSharp\RincoMTO\BIMTOOL\obj\Release R26\Tools\MTO Query\UI\MtoQueryWindow.g.cs(1,124): error CS1056: Unexpected character '\0' [C:\Users\Nhan\OneDrive - Rincovitch\00. Nhan\CSharp\RincoMTO\RincoMTO_fsauzi5n_wpftmp.csproj::TargetFramework=net48]
C:\Users\Nhan\OneDrive - Rincovitch\00. Nhan\CSharp\RincoMTO\BIMTOOL\obj\Release R26\Tools\MTO Query\UI\MtoQueryWindow.g.cs(1,125): error CS1056: Unexpected character '\0' [C:\Users\Nhan\OneDrive - Rincovitch\00. Nhan\CSharp\RincoMTO\RincoMTO_fsauzi5n_wpftmp.csproj::TargetFramework=net48]
C:\Users\Nhan\OneDrive - Rincovitch\00. Nhan\CSharp\RincoMTO\BIMTOOL\obj\Release R26\Tools\MTO Query\UI\MtoQueryWindow.g.cs(1,126): error CS1056: Unexpected character '\0' [C:\Users\Nhan\OneDrive - Rincovitch\00. Nhan\CSharp\RincoMTO\RincoMTO_fsauzi5n_wpftmp.csproj::TargetFramework=net48]
C:\Users\Nhan\OneDrive - Rincovitch\00. Nhan\CSharp\RincoMTO\BIMTOOL\obj\Release R26\Tools\MTO Query\UI\MtoQueryWindow.g.cs(1,127): error CS1056: Unexpected character '\0' [C:\Users\Nhan\OneDrive - Rincovitch\00. Nhan\CSharp\RincoMTO\RincoMTO_fsauzi5n_wpftmp.csproj::TargetFramework=net48]
C:\Users\Nhan\OneDrive - Rincovitch\00. Nhan\CSharp\RincoMTO\BIMTOOL\obj\Release R26\Tools\MTO Query\UI\MtoQueryWindow.g.cs(1,128): error CS1056: Unexpected character '\0' [C:\Users\Nhan\OneDrive - Rincovitch\00. Nhan\CSharp\RincoMTO\RincoMTO_fsauzi5n_wpftmp.csproj::TargetFramework=net48]
C:\Users\Nhan\OneDrive - Rincovitch\00. Nhan\CSharp\RincoMTO\BIMTOOL\obj\Release R26\Tools\MTO Query\UI\MtoQueryWindow.g.cs(1,129): error CS1056: Unexpected character '\0' [C:\Users\Nhan\OneDrive - Rincovitch\00. Nhan\CSharp\RincoMTO\RincoMTO_fsauzi5n_wpftmp.csproj::TargetFramework=net48]
C:\Users\Nhan\OneDrive - Rincovitch\00. Nhan\CSharp\RincoMTO\BIMTOOL\obj\Release R26\Tools\MTO Query\UI\MtoQueryWindow.g.cs(1,130): error CS1056: Unexpected character '\0' [C:\Users\Nhan\OneDrive - Rincovitch\00. Nhan\CSharp\RincoMTO\RincoMTO_fsauzi5n_wpftmp.csproj::TargetFramework=net48]
C:\Users\Nhan\OneDrive - Rincovitch\00. Nhan\CSharp\RincoMTO\BIMTOOL\obj\Release R26\Tools\MTO Query\UI\MtoQueryWindow.g.cs(1,131): error CS1056: Unexpected character '\0' [C:\Users\Nhan\OneDrive - Rincovitch\00. Nhan\CSharp\RincoMTO\RincoMTO_fsauzi5n_wpftmp.csproj::TargetFramework=net48]
C:\Users\Nhan\OneDrive - Rincovitch\00. Nhan\CSharp\RincoMTO\BIMTOOL\obj\Release R26\Tools\MTO Query\UI\MtoQueryWindow.g.cs(1,132): error CS1056: Unexpected character '\0' [C:\Users\Nhan\OneDrive - Rincovitch\00. Nhan\CSharp\RincoMTO\RincoMTO_fsauzi5n_wpftmp.csproj::TargetFramework=net48]
C:\Users\Nhan\OneDrive - Rincovitch\00. Nhan\CSharp\RincoMTO\BIMTOOL\obj\Release R26\Tools\MTO Query\UI\MtoQueryWindow.g.cs(1,133): error CS1056: Unexpected character '\0' [C:\Users\Nhan\OneDrive - Rincovitch\00. Nhan\CSharp\RincoMTO\RincoMTO_fsauzi5n_wpftmp.csproj::TargetFramework=net48]
C:\Users\Nhan\OneDrive - Rincovitch\00. Nhan\CSharp\RincoMTO\BIMTOOL\obj\Release R26\Tools\MTO Query\UI\MtoQueryWindow.g.cs(1,134): error CS1056: Unexpected character '\0' [C:\Users\Nhan\OneDrive - Rincovitch\00. Nhan\CSharp\RincoMTO\RincoMTO_fsauzi5n_wpftmp.csproj::TargetFramework=net48]
C:\Users\Nhan\OneDrive - Rincovitch\00. Nhan\CSharp\RincoMTO\BIMTOOL\obj\Release R26\Tools\MTO Query\UI\MtoQueryWindow.g.cs(1,135): error CS1056: Unexpected character '\0' [C:\Users\Nhan\OneDrive - Rincovitch\00. Nhan\CSharp\RincoMTO\RincoMTO_fsauzi5n_wpftmp.csproj::TargetFramework=net48]
C:\Users\Nhan\OneDrive - Rincovitch\00. Nhan\CSharp\RincoMTO\BIMTOOL\obj\Release R26\Tools\MTO Query\UI\MtoQueryWindow.g.cs(1,136): error CS1056: Unexpected character '\0' [C:\Users\Nhan\OneDrive - Rincovitch\00. Nhan\CSharp\RincoMTO\RincoMTO_fsauzi5n_wpftmp.csproj::TargetFramework=net48]
C:\Users\Nhan\OneDrive - Rincovitch\00. Nhan\CSharp\RincoMTO\BIMTOOL\obj\Release R26\Tools\MTO Query\UI\MtoQueryWindow.g.cs(1,137): error CS1056: Unexpected character '\0' [C:\Users\Nhan\OneDrive - Rincovitch\00. Nhan\CSharp\RincoMTO\RincoMTO_fsauzi5n_wpftmp.csproj::TargetFramework=net48]
C:\Users\Nhan\OneDrive - Rincovitch\00. Nhan\CSharp\RincoMTO\BIMTOOL\obj\Release R26\Tools\MTO Query\UI\MtoQueryWindow.g.cs(1,138): error CS1056: Unexpected character '\0' [C:\Users\Nhan\OneDrive - Rincovitch\00. Nhan\CSharp\RincoMTO\RincoMTO_fsauzi5n_wpftmp.csproj::TargetFramework=net48]
C:\Users\Nhan\OneDrive - Rincovitch\00. Nhan\CSharp\RincoMTO\BIMTOOL\obj\Release R26\Tools\MTO Query\UI\MtoQueryWindow.g.cs(1,139): error CS1056: Unexpected character '\0' [C:\Users\Nhan\OneDrive - Rincovitch\00. Nhan\CSharp\RincoMTO\RincoMTO_fsauzi5n_wpftmp.csproj::TargetFramework=net48]
C:\Users\Nhan\OneDrive - Rincovitch\00. Nhan\CSharp\RincoMTO\BIMTOOL\obj\Release R26\Tools\MTO Query\UI\MtoQueryWindow.g.cs(1,140): error CS1056: Unexpected character '\0' [C:\Users\Nhan\OneDrive - Rincovitch\00. Nhan\CSharp\RincoMTO\RincoMTO_fsauzi5n_wpftmp.csproj::TargetFramework=net48]
C:\Users\Nhan\OneDrive - Rincovitch\00. Nhan\CSharp\RincoMTO\BIMTOOL\obj\Release R26\Tools\MTO Query\UI\MtoQueryWindow.g.cs(1,141): error CS1056: Unexpected character '\0' [C:\Users\Nhan\OneDrive - Rincovitch\00. Nhan\CSharp\RincoMTO\RincoMTO_fsauzi5n_wpftmp.csproj::TargetFramework=net48]
C:\Users\Nhan\OneDrive - Rincovitch\00. Nhan\CSharp\RincoMTO\BIMTOOL\obj\Release R26\Tools\MTO Query\UI\MtoQueryWindow.g.cs(1,142): error CS1056: Unexpected character '\0' [C:\Users\Nhan\OneDrive - Rincovitch\00. Nhan\CSharp\RincoMTO\RincoMTO_fsauzi5n_wpftmp.csproj::TargetFramework=net48]
C:\Users\Nhan\OneDrive - Rincovitch\00. Nhan\CSharp\RincoMTO\BIMTOOL\obj\Release R26\Tools\MTO Query\UI\MtoQueryWindow.g.cs(1,143): error CS1056: Unexpected character '\0' [C:\Users\Nhan\OneDrive - Rincovitch\00. Nhan\CSharp\RincoMTO\RincoMTO_fsauzi5n_wpftmp.csproj::TargetFramework=net48]
C:\Users\Nhan\OneDrive - Rincovitch\00. Nhan\CSharp\RincoMTO\BIMTOOL\obj\Release R26\Tools\MTO Query\UI\MtoQueryWindow.g.cs(1,144): error CS1056: Unexpected character '\0' [C:\Users\Nhan\OneDrive - Rincovitch\00. Nhan\CSharp\RincoMTO\RincoMTO_fsauzi5n_wpftmp.csproj::TargetFramework=net48]
C:\Users\Nhan\OneDrive - Rincovitch\00. Nhan\CSharp\RincoMTO\BIMTOOL\obj\Release R26\Tools\MTO Query\UI\MtoQueryWindow.g.cs(1,145): error CS1056: Unexpected character '\0' [C:\Users\Nhan\OneDrive - Rincovitch\00. Nhan\CSharp\RincoMTO\RincoMTO_fsauzi5n_wpftmp.csproj::TargetFramework=net48]
C:\Users\Nhan\OneDrive - Rincovitch\00. Nhan\CSharp\RincoMTO\BIMTOOL\obj\Release R26\Tools\MTO Query\UI\MtoQueryWindow.g.cs(1,146): error CS1056: Unexpected character '\0' [C:\Users\Nhan\OneDrive - Rincovitch\00. Nhan\CSharp\RincoMTO\RincoMTO_fsauzi5n_wpftmp.csproj::TargetFramework=net48]
C:\Users\Nhan\OneDrive - Rincovitch\00. Nhan\CSharp\RincoMTO\BIMTOOL\obj\Release R26\Tools\MTO Query\UI\MtoQueryWindow.g.cs(1,147): error CS1056: Unexpected character '\0' [C:\Users\Nhan\OneDrive - Rincovitch\00. Nhan\CSharp\RincoMTO\RincoMTO_fsauzi5n_wpftmp.csproj::TargetFramework=net48]
C:\Users\Nhan\OneDrive - Rincovitch\00. Nhan\CSharp\RincoMTO\BIMTOOL\obj\Release R26\Tools\MTO Query\UI\MtoQueryWindow.g.cs(1,148): error CS1056: Unexpected character '\0' [C:\Users\Nhan\OneDrive - Rincovitch\00. Nhan\CSharp\RincoMTO\RincoMTO_fsauzi5n_wpftmp.csproj::TargetFramework=net48]
C:\Users\Nhan\OneDrive - Rincovitch\00. Nhan\CSharp\RincoMTO\BIMTOOL\obj\Release R26\Tools\MTO Query\UI\MtoQueryWindow.g.cs(1,149): error CS1056: Unexpected character '\0' [C:\Users\Nhan\OneDrive - Rincovitch\00. Nhan\CSharp\RincoMTO\RincoMTO_fsauzi5n_wpftmp.csproj::TargetFramework=net48]
C:\Users\Nhan\OneDrive - Rincovitch\00. Nhan\CSharp\RincoMTO\BIMTOOL\obj\Release R26\Tools\MTO Query\UI\MtoQueryWindow.g.cs(1,150): error CS1056: Unexpected character '\0' [C:\Users\Nhan\OneDrive - Rincovitch\00. Nhan\CSharp\RincoMTO\RincoMTO_fsauzi5n_wpftmp.csproj::TargetFramework=net48]
C:\Users\Nhan\OneDrive - Rincovitch\00. Nhan\CSharp\RincoMTO\BIMTOOL\obj\Release R26\Tools\MTO Query\UI\MtoQueryWindow.g.cs(1,151): error CS1056: Unexpected character '\0' [C:\Users\Nhan\OneDrive - Rincovitch\00. Nhan\CSharp\RincoMTO\RincoMTO_fsauzi5n_wpftmp.csproj::TargetFramework=net48]
C:\Users\Nhan\OneDrive - Rincovitch\00. Nhan\CSharp\RincoMTO\BIMTOOL\obj\Release R26\Tools\MTO Query\UI\MtoQueryWindow.g.cs(1,152): error CS1056: Unexpected character '\0' [C:\Users\Nhan\OneDrive - Rincovitch\00. Nhan\CSharp\RincoMTO\RincoMTO_fsauzi5n_wpftmp.csproj::TargetFramework=net48]
C:\Users\Nhan\OneDrive - Rincovitch\00. Nhan\CSharp\RincoMTO\BIMTOOL\obj\Release R26\Tools\MTO Query\UI\MtoQueryWindow.g.cs(1,153): error CS1056: Unexpected character '\0' [C:\Users\Nhan\OneDrive - Rincovitch\00. Nhan\CSharp\RincoMTO\RincoMTO_fsauzi5n_wpftmp.csproj::TargetFramework=net48]
C:\Users\Nhan\OneDrive - Rincovitch\00. Nhan\CSharp\RincoMTO\BIMTOOL\obj\Release R26\Tools\MTO Query\UI\MtoQueryWindow.g.cs(1,154): error CS1056: Unexpected character '\0' [C:\Users\Nhan\OneDrive - Rincovitch\00. Nhan\CSharp\RincoMTO\RincoMTO_fsauzi5n_wpftmp.csproj::TargetFramework=net48]
C:\Users\Nhan\OneDrive - Rincovitch\00. Nhan\CSharp\RincoMTO\BIMTOOL\obj\Release R26\Tools\MTO Query\UI\MtoQueryWindow.g.cs(1,155): error CS1056: Unexpected character '\0' [C:\Users\Nhan\OneDrive - Rincovitch\00. Nhan\CSharp\RincoMTO\RincoMTO_fsauzi5n_wpftmp.csproj::TargetFramework=net48]
C:\Users\Nhan\OneDrive - Rincovitch\00. Nhan\CSharp\RincoMTO\BIMTOOL\obj\Release R26\Tools\MTO Query\UI\MtoQueryWindow.g.cs(1,156): error CS1056: Unexpected character '\0' [C:\Users\Nhan\OneDrive - Rincovitch\00. Nhan\CSharp\RincoMTO\RincoMTO_fsauzi5n_wpftmp.csproj::TargetFramework=net48]
C:\Users\Nhan\OneDrive - Rincovitch\00. Nhan\CSharp\RincoMTO\BIMTOOL\obj\Release R26\Tools\MTO Query\UI\MtoQueryWindow.g.cs(1,157): error CS1056: Unexpected character '\0' [C:\Users\Nhan\OneDrive - Rincovitch\00. Nhan\CSharp\RincoMTO\RincoMTO_fsauzi5n_wpftmp.csproj::TargetFramework=net48]
C:\Users\Nhan\OneDrive - Rincovitch\00. Nhan\CSharp\RincoMTO\BIMTOOL\obj\Release R26\Tools\MTO Query\UI\MtoQueryWindow.g.cs(1,158): error CS1056: Unexpected character '\0' [C:\Users\Nhan\OneDrive - Rincovitch\00. Nhan\CSharp\RincoMTO\RincoMTO_fsauzi5n_wpftmp.csproj::TargetFramework=net48]
C:\Users\Nhan\OneDrive - Rincovitch\00. Nhan\CSharp\RincoMTO\BIMTOOL\obj\Release R26\Tools\MTO Query\UI\MtoQueryWindow.g.cs(1,159): error CS1056: Unexpected character '\0' [C:\Users\Nhan\OneDrive - Rincovitch\00. Nhan\CSharp\RincoMTO\RincoMTO_fsauzi5n_wpftmp.csproj::TargetFramework=net48]
C:\Users\Nhan\OneDrive - Rincovitch\00. Nhan\CSharp\RincoMTO\BIMTOOL\obj\Release R26\Tools\MTO Query\UI\MtoQueryWindow.g.cs(1,160): error CS1056: Unexpected character '\0' [C:\Users\Nhan\OneDrive - Rincovitch\00. Nhan\CSharp\RincoMTO\RincoMTO_fsauzi5n_wpftmp.csproj::TargetFramework=net48]
C:\Users\Nhan\OneDrive - Rincovitch\00. Nhan\CSharp\RincoMTO\BIMTOOL\obj\Release R26\Tools\MTO Query\UI\MtoQueryWindow.g.cs(1,161): error CS1056: Unexpected character '\0' [C:\Users\Nhan\OneDrive - Rincovitch\00. Nhan\CSharp\RincoMTO\RincoMTO_fsauzi5n_wpftmp.csproj::TargetFramework=net48]
C:\Users\Nhan\OneDrive - Rincovitch\00. Nhan\CSharp\RincoMTO\BIMTOOL\obj\Release R26\Tools\MTO Query\UI\MtoQueryWindow.g.cs(1,162): error CS1056: Unexpected character '\0' [C:\Users\Nhan\OneDrive - Rincovitch\00. Nhan\CSharp\RincoMTO\RincoMTO_fsauzi5n_wpftmp.csproj::TargetFramework=net48]
C:\Users\Nhan\OneDrive - Rincovitch\00. Nhan\CSharp\RincoMTO\BIMTOOL\obj\Release R26\Tools\MTO Query\UI\MtoQueryWindow.g.cs(1,163): error CS1056: Unexpected character '\0' [C:\Users\Nhan\OneDrive - Rincovitch\00. Nhan\CSharp\RincoMTO\RincoMTO_fsauzi5n_wpftmp.csproj::TargetFramework=net48]
C:\Users\Nhan\OneDrive - Rincovitch\00. Nhan\CSharp\RincoMTO\BIMTOOL\obj\Release R26\Tools\MTO Query\UI\MtoQueryWindow.g.cs(1,164): error CS1056: Unexpected character '\0' [C:\Users\Nhan\OneDrive - Rincovitch\00. Nhan\CSharp\RincoMTO\RincoMTO_fsauzi5n_wpftmp.csproj::TargetFramework=net48]
C:\Users\Nhan\OneDrive - Rincovitch\00. Nhan\CSharp\RincoMTO\BIMTOOL\obj\Release R26\Tools\MTO Query\UI\MtoQueryWindow.g.cs(1,165): error CS1056: Unexpected character '\0' [C:\Users\Nhan\OneDrive - Rincovitch\00. Nhan\CSharp\RincoMTO\RincoMTO_fsauzi5n_wpftmp.csproj::TargetFramework=net48]
C:\Users\Nhan\OneDrive - Rincovitch\00. Nhan\CSharp\RincoMTO\BIMTOOL\obj\Release R26\Tools\MTO Query\UI\MtoQueryWindow.g.cs(1,166): error CS1056: Unexpected character '\0' [C:\Users\Nhan\OneDrive - Rincovitch\00. Nhan\CSharp\RincoMTO\RincoMTO_fsauzi5n_wpftmp.csproj::TargetFramework=net48]
C:\Users\Nhan\OneDrive - Rincovitch\00. Nhan\CSharp\RincoMTO\BIMTOOL\obj\Release R26\Tools\MTO Query\UI\MtoQueryWindow.g.cs(1,167): error CS1056: Unexpected character '\0' [C:\Users\Nhan\OneDrive - Rincovitch\00. Nhan\CSharp\RincoMTO\RincoMTO_fsauzi5n_wpftmp.csproj::TargetFramework=net48]
C:\Users\Nhan\OneDrive - Rincovitch\00. Nhan\CSharp\RincoMTO\BIMTOOL\obj\Release R26\Tools\MTO Query\UI\MtoQueryWindow.g.cs(1,168): error CS1056: Unexpected character '\0' [C:\Users\Nhan\OneDrive - Rincovitch\00. Nhan\CSharp\RincoMTO\RincoMTO_fsauzi5n_wpftmp.csproj::TargetFramework=net48]
C:\Users\Nhan\OneDrive - Rincovitch\00. Nhan\CSharp\RincoMTO\BIMTOOL\obj\Release R26\Tools\MTO Query\UI\MtoQueryWindow.g.cs(1,169): error CS1056: Unexpected character '\0' [C:\Users\Nhan\OneDrive - Rincovitch\00. Nhan\CSharp\RincoMTO\RincoMTO_fsauzi5n_wpftmp.csproj::TargetFramework=net48]
C:\Users\Nhan\OneDrive - Rincovitch\00. Nhan\CSharp\RincoMTO\BIMTOOL\obj\Release R26\Tools\MTO Query\UI\MtoQueryWindow.g.cs(1,170): error CS1056: Unexpected character '\0' [C:\Users\Nhan\OneDrive - Rincovitch\00. Nhan\CSharp\RincoMTO\RincoMTO_fsauzi5n_wpftmp.csproj::TargetFramework=net48]
C:\Users\Nhan\OneDrive - Rincovitch\00. Nhan\CSharp\RincoMTO\BIMTOOL\obj\Release R26\Tools\MTO Query\UI\MtoQueryWindow.g.cs(1,171): error CS1056: Unexpected character '\0' [C:\Users\Nhan\OneDrive - Rincovitch\00. Nhan\CSharp\RincoMTO\RincoMTO_fsauzi5n_wpftmp.csproj::TargetFramework=net48]
C:\Users\Nhan\OneDrive - Rincovitch\00. Nhan\CSharp\RincoMTO\BIMTOOL\obj\Release R26\Tools\MTO Query\UI\MtoQueryWindow.g.cs(1,172): error CS1056: Unexpected character '\0' [C:\Users\Nhan\OneDrive - Rincovitch\00. Nhan\CSharp\RincoMTO\RincoMTO_fsauzi5n_wpftmp.csproj::TargetFramework=net48]
C:\Users\Nhan\OneDrive - Rincovitch\00. Nhan\CSharp\RincoMTO\BIMTOOL\obj\Release R26\Tools\MTO Query\UI\MtoQueryWindow.g.cs(1,173): error CS1056: Unexpected character '\0' [C:\Users\Nhan\OneDrive - Rincovitch\00. Nhan\CSharp\RincoMTO\RincoMTO_fsauzi5n_wpftmp.csproj::TargetFramework=net48]
C:\Users\Nhan\OneDrive - Rincovitch\00. Nhan\CSharp\RincoMTO\BIMTOOL\obj\Release R26\Tools\MTO Query\UI\MtoQueryWindow.g.cs(1,174): error CS1056: Unexpected character '\0' [C:\Users\Nhan\OneDrive - Rincovitch\00. Nhan\CSharp\RincoMTO\RincoMTO_fsauzi5n_wpftmp.csproj::TargetFramework=net48]
C:\Users\Nhan\OneDrive - Rincovitch\00. Nhan\CSharp\RincoMTO\BIMTOOL\obj\Release R26\Tools\MTO Query\UI\MtoQueryWindow.g.cs(1,175): error CS1056: Unexpected character '\0' [C:\Users\Nhan\OneDrive - Rincovitch\00. Nhan\CSharp\RincoMTO\RincoMTO_fsauzi5n_wpftmp.csproj::TargetFramework=net48]
C:\Users\Nhan\OneDrive - Rincovitch\00. Nhan\CSharp\RincoMTO\BIMTOOL\obj\Release R26\Tools\MTO Query\UI\MtoQueryWindow.g.cs(1,176): error CS1056: Unexpected character '\0' [C:\Users\Nhan\OneDrive - Rincovitch\00. Nhan\CSharp\RincoMTO\RincoMTO_fsauzi5n_wpftmp.csproj::TargetFramework=net48]
C:\Users\Nhan\OneDrive - Rincovitch\00. Nhan\CSharp\RincoMTO\BIMTOOL\obj\Release R26\Tools\MTO Query\UI\MtoQueryWindow.g.cs(1,177): error CS1056: Unexpected character '\0' [C:\Users\Nhan\OneDrive - Rincovitch\00. Nhan\CSharp\RincoMTO\RincoMTO_fsauzi5n_wpftmp.csproj::TargetFramework=net48]
C:\Users\Nhan\OneDrive - Rincovitch\00. Nhan\CSharp\RincoMTO\BIMTOOL\obj\Release R26\Tools\MTO Query\UI\MtoQueryWindow.g.cs(1,178): error CS1056: Unexpected character '\0' [C:\Users\Nhan\OneDrive - Rincovitch\00. Nhan\CSharp\RincoMTO\RincoMTO_fsauzi5n_wpftmp.csproj::TargetFramework=net48]
C:\Users\Nhan\OneDrive - Rincovitch\00. Nhan\CSharp\RincoMTO\BIMTOOL\obj\Release R26\Tools\MTO Query\UI\MtoQueryWindow.g.cs(1,179): error CS1056: Unexpected character '\0' [C:\Users\Nhan\OneDrive - Rincovitch\00. Nhan\CSharp\RincoMTO\RincoMTO_fsauzi5n_wpftmp.csproj::TargetFramework=net48]
C:\Users\Nhan\OneDrive - Rincovitch\00. Nhan\CSharp\RincoMTO\BIMTOOL\obj\Release R26\Tools\MTO Query\UI\MtoQueryWindow.g.cs(1,180): error CS1056: Unexpected character '\0' [C:\Users\Nhan\OneDrive - Rincovitch\00. Nhan\CSharp\RincoMTO\RincoMTO_fsauzi5n_wpftmp.csproj::TargetFramework=net48]
C:\Users\Nhan\OneDrive - Rincovitch\00. Nhan\CSharp\RincoMTO\BIMTOOL\obj\Release R26\Tools\MTO Query\UI\MtoQueryWindow.g.cs(1,181): error CS1056: Unexpected character '\0' [C:\Users\Nhan\OneDrive - Rincovitch\00. Nhan\CSharp\RincoMTO\RincoMTO_fsauzi5n_wpftmp.csproj::TargetFramework=net48]
C:\Users\Nhan\OneDrive - Rincovitch\00. Nhan\CSharp\RincoMTO\BIMTOOL\obj\Release R26\Tools\MTO Query\UI\MtoQueryWindow.g.cs(1,182): error CS1056: Unexpected character '\0' [C:\Users\Nhan\OneDrive - Rincovitch\00. Nhan\CSharp\RincoMTO\RincoMTO_fsauzi5n_wpftmp.csproj::TargetFramework=net48]
C:\Users\Nhan\OneDrive - Rincovitch\00. Nhan\CSharp\RincoMTO\BIMTOOL\obj\Release R26\Tools\MTO Query\UI\MtoQueryWindow.g.cs(1,183): error CS1056: Unexpected character '\0' [C:\Users\Nhan\OneDrive - Rincovitch\00. Nhan\CSharp\RincoMTO\RincoMTO_fsauzi5n_wpftmp.csproj::TargetFramework=net48]
C:\Users\Nhan\OneDrive - Rincovitch\00. Nhan\CSharp\RincoMTO\BIMTOOL\obj\Release R26\Tools\MTO Query\UI\MtoQueryWindow.g.cs(1,184): error CS1056: Unexpected character '\0' [C:\Users\Nhan\OneDrive - Rincovitch\00. Nhan\CSharp\RincoMTO\RincoMTO_fsauzi5n_wpftmp.csproj::TargetFramework=net48]
C:\Users\Nhan\OneDrive - Rincovitch\00. Nhan\CSharp\RincoMTO\BIMTOOL\obj\Release R26\Tools\MTO Query\UI\MtoQueryWindow.g.cs(1,185): error CS1056: Unexpected character '\0' [C:\Users\Nhan\OneDrive - Rincovitch\00. Nhan\CSharp\RincoMTO\RincoMTO_fsauzi5n_wpftmp.csproj::TargetFramework=net48]
C:\Users\Nhan\OneDrive - Rincovitch\00. Nhan\CSharp\RincoMTO\BIMTOOL\obj\Release R26\Tools\MTO Query\UI\MtoQueryWindow.g.cs(1,186): error CS1056: Unexpected character '\0' [C:\Users\Nhan\OneDrive - Rincovitch\00. Nhan\CSharp\RincoMTO\RincoMTO_fsauzi5n_wpftmp.csproj::TargetFramework=net48]
C:\Users\Nhan\OneDrive - Rincovitch\00. Nhan\CSharp\RincoMTO\BIMTOOL\obj\Release R26\Tools\MTO Query\UI\MtoQueryWindow.g.cs(1,187): error CS1056: Unexpected character '\0' [C:\Users\Nhan\OneDrive - Rincovitch\00. Nhan\CSharp\RincoMTO\RincoMTO_fsauzi5n_wpftmp.csproj::TargetFramework=net48]
C:\Users\Nhan\OneDrive - Rincovitch\00. Nhan\CSharp\RincoMTO\BIMTOOL\obj\Release R26\Tools\MTO Query\UI\MtoQueryWindow.g.cs(1,188): error CS1056: Unexpected character '\0' [C:\Users\Nhan\OneDrive - Rincovitch\00. Nhan\CSharp\RincoMTO\RincoMTO_fsauzi5n_wpftmp.csproj::TargetFramework=net48]
C:\Users\Nhan\OneDrive - Rincovitch\00. Nhan\CSharp\RincoMTO\BIMTOOL\obj\Release R26\Tools\MTO Query\UI\MtoQueryWindow.g.cs(1,189): error CS1056: Unexpected character '\0' [C:\Users\Nhan\OneDrive - Rincovitch\00. Nhan\CSharp\RincoMTO\RincoMTO_fsauzi5n_wpftmp.csproj::TargetFramework=net48]
C:\Users\Nhan\OneDrive - Rincovitch\00. Nhan\CSharp\RincoMTO\BIMTOOL\obj\Release R26\Tools\MTO Query\UI\MtoQueryWindow.g.cs(1,190): error CS1056: Unexpected character '\0' [C:\Users\Nhan\OneDrive - Rincovitch\00. Nhan\CSharp\RincoMTO\RincoMTO_fsauzi5n_wpftmp.csproj::TargetFramework=net48]
C:\Users\Nhan\OneDrive - Rincovitch\00. Nhan\CSharp\RincoMTO\BIMTOOL\obj\Release R26\Tools\MTO Query\UI\MtoQueryWindow.g.cs(1,191): error CS1056: Unexpected character '\0' [C:\Users\Nhan\OneDrive - Rincovitch\00. Nhan\CSharp\RincoMTO\RincoMTO_fsauzi5n_wpftmp.csproj::TargetFramework=net48]
C:\Users\Nhan\OneDrive - Rincovitch\00. Nhan\CSharp\RincoMTO\BIMTOOL\obj\Release R26\Tools\MTO Query\UI\MtoQueryWindow.g.cs(1,192): error CS1056: Unexpected character '\0' [C:\Users\Nhan\OneDrive - Rincovitch\00. Nhan\CSharp\RincoMTO\RincoMTO_fsauzi5n_wpftmp.csproj::TargetFramework=net48]
C:\Users\Nhan\OneDrive - Rincovitch\00. Nhan\CSharp\RincoMTO\BIMTOOL\obj\Release R26\Tools\MTO Query\UI\MtoQueryWindow.g.cs(1,193): error CS1056: Unexpected character '\0' [C:\Users\Nhan\OneDrive - Rincovitch\00. Nhan\CSharp\RincoMTO\RincoMTO_fsauzi5n_wpftmp.csproj::TargetFramework=net48]
C:\Users\Nhan\OneDrive - Rincovitch\00. Nhan\CSharp\RincoMTO\BIMTOOL\obj\Release R26\Tools\MTO Query\UI\MtoQueryWindow.g.cs(1,194): error CS1056: Unexpected character '\0' [C:\Users\Nhan\OneDrive - Rincovitch\00. Nhan\CSharp\RincoMTO\RincoMTO_fsauzi5n_wpftmp.csproj::TargetFramework=net48]
C:\Users\Nhan\OneDrive - Rincovitch\00. Nhan\CSharp\RincoMTO\BIMTOOL\obj\Release R26\Tools\MTO Query\UI\MtoQueryWindow.g.cs(1,195): error CS1056: Unexpected character '\0' [C:\Users\Nhan\OneDrive - Rincovitch\00. Nhan\CSharp\RincoMTO\RincoMTO_fsauzi5n_wpftmp.csproj::TargetFramework=net48]
C:\Users\Nhan\OneDrive - Rincovitch\00. Nhan\CSharp\RincoMTO\BIMTOOL\obj\Release R26\Tools\MTO Query\UI\MtoQueryWindow.g.cs(1,196): error CS1056: Unexpected character '\0' [C:\Users\Nhan\OneDrive - Rincovitch\00. Nhan\CSharp\RincoMTO\RincoMTO_fsauzi5n_wpftmp.csproj::TargetFramework=net48]
C:\Users\Nhan\OneDrive - Rincovitch\00. Nhan\CSharp\RincoMTO\BIMTOOL\obj\Release R26\Tools\MTO Query\UI\MtoQueryWindow.g.cs(1,197): error CS1056: Unexpected character '\0' [C:\Users\Nhan\OneDrive - Rincovitch\00. Nhan\CSharp\RincoMTO\RincoMTO_fsauzi5n_wpftmp.csproj::TargetFramework=net48]
C:\Users\Nhan\OneDrive - Rincovitch\00. Nhan\CSharp\RincoMTO\BIMTOOL\obj\Release R26\Tools\MTO Query\UI\MtoQueryWindow.g.cs(1,198): error CS1056: Unexpected character '\0' [C:\Users\Nhan\OneDrive - Rincovitch\00. Nhan\CSharp\RincoMTO\RincoMTO_fsauzi5n_wpftmp.csproj::TargetFramework=net48]
C:\Users\Nhan\OneDrive - Rincovitch\00. Nhan\CSharp\RincoMTO\BIMTOOL\obj\Release R26\Tools\MTO Query\UI\MtoQueryWindow.g.cs(1,199): error CS1056: Unexpected character '\0' [C:\Users\Nhan\OneDrive - Rincovitch\00. Nhan\CSharp\RincoMTO\RincoMTO_fsauzi5n_wpftmp.csproj::TargetFramework=net48]
C:\Users\Nhan\OneDrive - Rincovitch\00. Nhan\CSharp\RincoMTO\BIMTOOL\obj\Release R26\Tools\MTO Query\UI\MtoQueryWindow.g.cs(1,200): error CS1056: Unexpected character '\0' [C:\Users\Nhan\OneDrive - Rincovitch\00. Nhan\CSharp\RincoMTO\RincoMTO_fsauzi5n_wpftmp.csproj::TargetFramework=net48]
C:\Users\Nhan\OneDrive - Rincovitch\00. Nhan\CSharp\RincoMTO\BIMTOOL\obj\Release R26\Tools\MTO Query\UI\MtoQueryWindow.g.cs(1,201): error CS1056: Unexpected character '\0' [C:\Users\Nhan\OneDrive - Rincovitch\00. Nhan\CSharp\RincoMTO\RincoMTO_fsauzi5n_wpftmp.csproj::TargetFramework=net48]
C:\Users\Nhan\OneDrive - Rincovitch\00. Nhan\CSharp\RincoMTO\BIMTOOL\obj\Release R26\Tools\MTO Query\UI\MtoQueryWindow.g.cs(1,202): error CS1056: Unexpected character '\0\0\0\0\0\0\0\0\0\0\0\0\0\0\0\0\0\0\0\0\0\0\0\0\0\0\0\0\0\0\0\0\0\0\0\0\0\0\0\0\0\0\0\0\0\0\0\0\0\0\0\0\0\0\0\0\0\0\0\0\0\0\0\0\0\0\0\0\0\0\0\0\0\0\0\0\0\0\0\0\0\0\0\0\0\0\0\0\0\0\0\0\0\0\0\0\0\0\0\0\0\0\0\0\0\0\0\0\0\0\0\0\0\0\0\0\0\0\0\0\0\0\0\0\0\0\0\0\0\0\0\0\0\0\0\0\0\0\0\0\0\0\0\0\0\0\0\0\0\0\0\0\0\0\0\0\0\0\0\0\0\0\0\0\0\0\0\0\0\0\0\0\0\0\0\0\0\0\0\0\0\0\0\0\0\0\0\0\0\0\0\0\0\0\0\0\0\0\0\0\0\0\0\0\0\0\0\0\0\0\0\0\0\0\0\0\0\0\0\0\0\0\0\0\0\0\0\0\0\0\0\0\0\0\0\0\0\0\0\0\0\0\0\0\0\0\0\0\0\0\0\0\0\0\0\0\0\0\0\0\0\0\0\0\0\0\0\0\0\0\0\0\0\0\0\0\0\0\0\0\0\0\0\0\0\0\0\0\0\0\0\0\0\0\0\0\0\0\0\0\0\0\0\0\0\0\0\0\0\0\0\0\0\0\0\0\0\0\0\0\0\0\0\0\0\0\0\0\0\0\0\0\0\0\0\0\0\0\0\0\0\0\0\0\0\0\0\0\0\0\0\0\0\0\0\0\0\0\0\0\0\0\0\0\0\0\0\0\0\0\0\0\0\0\0\0\0\0\0\0\0\0\0\0\0\0\0\0\0\0\0\0\0\0\0\0\0\0\0\0\0\0\0\0\0\0\0\0\0\0\0\0\0\0\0\0\0\0\0\0\0\0\0\0\0\0\0\0\0\0\0\0\0\0\0\0\0\0\0\0\0\0\0\0\0\0\0\0\0\0\0\0\0\0\0\0\0\0\0\0\0\0\0\0\0\0\0\0\0\0\0\0\0\0\0\0\0\0\0\0\0\0\0\0\0\0\0\0\0\0\0\0\0\0\0\0\0\0\0\0\0\0\0\0\0\0\0\0\0\0\0\0\0\0\0\0\0\0\0\0\0\0\0\0\0\0\0\0\0\0\0\0\0\0\0\0\0\0\0\0\0\0\0\0\0\0\0\0\0\0\0\0\0\0\0\0\0\0\0\0\0\0\0\0\0\0\0\0\0\0\0\0\0\0\0\0\0\0\0\0\0\0\0\0\0\0\0\0\0\0\0\0\0\0\0\0\0\0\0\0\0\0\0\0\0\0\0\0\0\0\0\0\0\0\0\0\0\0\0\0\0\0\0\0\0\0\0\0\0\0\0\0\0\0\0\0\0\0\0\0\0\0\0\0\0\0\0\0\0\0\0\0\0\0\0\0\0\0\0\0\0\0\0\0\0\0\0\0\0\0\0\0\0\0\0\0\0\0\0\0\0\0\0\0\0\0\0\0\0\0\0\0\0\0\0\0\0\0\0\0\0\0\0\0\0\0\0\0\0\0\0\0\0\0\0\0\0\0\0\0\0\0\0\0\0\0\0\0\0\0\0\0\0\0\0\0\0\0\0\0\0\0\0\0\0\0\0\0\0\0\0\0\0\0\0\0\0\0\0\0\0\0\0\0\0\0\0\0\0\0\0\0\0\0\0\0\0\0\0\0\0\0\0\0\0\0\0\0\0\0\0\0\0\0\0\0\0\0\0\0\0\0\0\0\0\0\0\0\0\0\0\0\0\0\0\0\0\0\0\0\0\0\0\0\0\0\0\0\0\0\0\0\0\0\0\0\0\0\0\0\0\0\0\0\0\0\0\0\0\0\0\0\0\0\0\0\0\0\0\0\0\0\0\0\0\0\0\0\0\0\0\0\0\0\0\0\0\0\0\0\0\0\0\0\0\0\0\0\0\0\0\0\0\0\0\0\0\0\0\0\0\0\0\0\0\0\0\0\0\0\0\0\0\0\0\0\0\0\0\0\0\0\0\0\0\0\0\0\0\0\0\0\0\0\0\0\0\0\0\0\0\0\0\0\0\0\0\0\0\0\0\0\0\0\0\0\0\0\0\0\0\0\0\0\0\0\0\0\0\0\0\0\0\0\0\0\0\0\0\0\0\0\0\0\0\0\0\0\0\0\0\0\0\0\0\0\0\0\0\0\0\0\0\0\0\0\0\0\0\0\0\0\0\0\0\0\0\0\0\0\0\0\0\0\0\0\0\0\0\0\0\0\0\0\0\0\0\0\0\0\0\0\0\0\0\0\0\0\0\0\0\0\0\0\0\0\0\0\0\0\0\0\0\0\0\0\0\0\0\0\0\0\0\0\0\0\0\0\0\0\0\0\0\0\0\0\0\0\0\0\0\0\0\0\0\0\0\0\0\0\0\0\0\0\0\0\0\0\0\0\0\0\0\0\0\0\0\0\0\0\0\0\0\0\0\0\0\0\0\0\0\0\0\0\0\0\0\0\0\0\0\0\0\0\0\0\0\0\0\0\0\0\0\0\0\0\0\0\0\0\0\0\0\0\0\0\0\0\0\0\0\0\0\0\0\0\0\0\0\0\0\0\0\0\0\0\0\0\0\0\0\0\0\0\0\0\0\0\0\0\0\0\0\0\0\0\0\0\0\0\0\0\0\0\0\0\0\0\0\0\0\0\0\0\0\0\0\0\0\0\0\0\0\0\0\0\0\0\0\0\0\0\0\0\0\0\0\0\0\0\0\0\0\0\0\0\0\0\0\0\0\0\0\0\0\0\0\0\0\0\0\0\0\0\0\0\0\0\0\0\0\0\0\0\0\0\0\0\0\0\0\0\0\0\0\0\0\0\0\0\0\0\0\0\0\0\0\0\0\0\0\0\0\0\0\0\0\0\0\0\0\0\0\0\0\0\0\0\0\0\0\0\0\0\0\0\0\0\0\0\0\0\0\0\0\0\0\0\0\0\0\0\0\0\0\0\0\0\0\0\0\0\0\0\0\0\0\0\0\0\0\0\0\0\0\0\0\0\0\0\0\0\0\0\0\0\0\0\0\0\0\0\0\0\0\0\0\0\0\0\0\0\0\0\0\0\0\0\0\0\0\0\0\0\0\0\0\0\0\0\0\0\0\0\0\0\0\0\0\0\0\0\0\0\0\0\0\0\0\0\0\0\0\0\0\0\0\0\0\0\0\0\0\0\0\0\0\0\0\0\0\0\0\0\0\0\0\0\0\0\0\0\0\0\0\0\0\0\0\0\0\0\0\0\0\0\0\0\0\0\0\0\0\0\0\0\0\0\0\0\0\0\0\0\0\0\0\0\0\0\0\0\0\0\0\0\0\0\0\0\0\0\0\0\0\0\0\0\0\0\0\0\0\0\0\0\0\0\0\0\0\0\0\0\0\0\0\0\0\0\0\0\0\0\0\0\0\0\0\0\0\0\0\0\0\0\0\0\0\0\0\0\0\0\0\0\0\0\0\0\0\0\0\0\0\0\0\0\0\0\0\0\0\0\0\0\0\0\0\0\0\0\0\0\0\0\0\0\0\0\0\0\0\0\0\0\0\0\0\0\0\0\0\0\0\0\0\0\0\0\0\0\0\0\0\0\0\0\0\0\0\0\0\0\0\0\0\0\0\0\0\0\0\0\0\0\0\0\0\0\0\0\0\0\0\0\0\0\0\0\0\0\0\0\0\0\0\0\0\0\0\0\0\0\0\0\0\0\0\0\0\0\0\0\0\0\0\0\0\0\0\0\0\0\0\0\0\0\0\0\0\0\0\0\0\0\0\0\0\0\0\0\0\0\0\0\0\0\0\0\0\0\0\0\0\0\0\0\0\0\0\0\0\0\0\0\0\0\0\0\0\0\0\0\0\0\0\0\0\0\0\0\0\0\0\0\0\0\0\0\0\0\0\0\0\0\0\0\0\0\0\0\0\0\0\0\0\0\0\0\0\0\0\0\0\0\0\0\0\0\0\0\0\0\0\0\0\0\0\0\0\0\0\0\0\0\0\0\0\0\0\0\0\0\0\0\0\0\0\0\0\0\0\0\0\0\0\0\0\0\0\0\0\0\0\0\0\0\0\0\0\0\0\0\0\0\0\0\0\0\0\0\0\0\0\0\0\0\0\0\0\0\0\0\0\0\0\0\0\0\0\0\0\0\0\0\0\0\0\0\0\0\0\0\0\0\0\0\0\0\0\0\0\0\0\0\0\0\0\0\0\0\0\0\0\0\0\0\0\0\0\0\0\0\0\0\0\0\0\0\0\0\0\0\0\0\0\0\0\0\0\0\0\0\0\0\0\0\0\0\0\0\0\0\0\0\0\0\0\0\0\0\0\0\0\0\0\0\0\0\0\0\0\0\0\0\0\0\0\0\0\0\0\0\0\0\0\0\0\0\0\0\0\0\0\0\0\0\0\0\0\0\0\0\0\0\0\0\0\0\0\0\0\0\0\0\0\0\0\0\0\0\0\0\0\0\0\0\0\0\0\0\0\0\0\0\0\0\0\0\0\0\0\0\0\0\0\0\0\0\0\0\0\0\0\0\0\0\0\0\0\0\0\0\0\0\0\0\0\0\0\0\0\0\0\0\0\0\0\0\0\0\0\0\0\0\0\0\0\0\0\0\0\0\0\0\0\0\0\0\0\0\0\0\0\0\0\0\0\0\0\0\0\0\0\0\0\0\0\0\0\0\0\0\0\0\0\0\0\0\0\0\0\0\0\0\0\0\0\0\0\0\0\0\0\0\0\0\0\0\0\0\0\0\0\0\0\0\0\0\0\0\0\0\0\0\0\0\0\0\0\0\0\0\0\0\0\0\0\0\0\0\0\0\0\0\0\0\0\0\0\0\0\0\0\0\0\0\0\0\0\0\0\0\0\0\0\0\0\0\0\0\0\0\0\0\0\0\0\0\0\0\0\0\0\0\0\0\0\0\0\0\0\0\0\0\0\0\0\0\0\0\0\0\0\0\0\0\0\0\0\0\0\0\0\0\0\0\0\0\0\0\0\0\0\0\0\0\0\0\0\0\0\0\0\0\0\0\0\0\0\0\0\0\0\0\0\0\0\0\0\0\0\0\0\0\0\0\0\0\0\0\0\0\0\0\0\0\0\0\0\0\0\0\0\0\0\0\0\0\0\0\0\0\0\0\0\0\0\0\0\0\0\0\0\0\0\0\0\0\0\0\0\0\0\0\0\0\0\0\0\0\0\0\0\0\0\0\0\0\0\0\0\0\0\0\0\0\0\0\0\0\0\0\0\0\0\0\0\0\0\0\0\0\0\0\0\0\0\0\0\0\0\0\0\0\0\0\0\0\0\0\0\0\0\0\0\0\0\0\0\0\0\0\0\0\0\0\0\0\0\0\0\0\0\0\0\0\0\0\0\0\0\0\0\0\0\0\0\0\0\0\0\0\0\0\0\0\0\0\0\0\0\0\0\0\0\0\0\0\0\0\0\0\0\0\0\0\0\0\0\0\0\0\0\0\0\0\0\0\0\0\0\0\0\0\0\0\0\0\0\0\0\0\0\0\0\0\0\0\0\0\0\0\0\0\0\0\0\0\0\0\0\0\0\0\0\0\0\0\0\0\0\0\0\0\0\0\0\0\0\0\0\0\0\0\0\0\0\0\0\0\0\0\0\0\0\0\0\0\0\0\0\0\0\0\0\0\0\0\0\0\0\0\0\0\0\0\0\0\0\0\0\0\0\0\0\0\0\0\0\0\0\0\0\0\0\0\0\0\0\0\0\0\0\0\0\0\0\0\0\0\0\0\0\0\0\0\0\0\0\0\0\0\0\0\0\0\0\0\0\0\0\0\0\0\0\0\0\0\0\0\0\0\0\0\0\0\0\0\0\0\0\0\0\0\0\0\0\0\0\0\0\0\0\0\0\0\0\0\0\0\0\0\0\0\0\0\0\0\0\0\0\0\0\0\0\0\0\0\0\0\0\0\0\0\0\0\0\0\0\0\0\0\0\0\0\0\0\0\0\0\0\0\0\0\0\0\0\0\0\0\0\0\0\0\0\0\0\0\0\0\0\0\0\0\0\0\0\0\0\0\0\0\0\0\0\0\0\0\0\0\0\0\0\0\0\0\0\0\0\0\0\0\0\0\0\0\0\0\0\0\0\0\0\0\0\0\0\0\0\0\0\0\0\0\0\0\0\0\0\0\0\0\0\0\0\0\0\0\0\0\0\0\0\0\0\0\0\0\0\0\0\0\0\0\0\0\0\0\0\0\0\0\0\0\0\0\0\0\0\0\0\0\0\0\0\0\0\0\0\0\0\0\0\0\0\0\0\0\0\0\0\0\0\0\0\0\0\0\0\0\0\0\0\0\0\0\0\0\0\0\0\0\0\0\0\0\0\0\0\0\0\0\0\0\0\0\0\0\0\0\0\0\0\0\0\0\0\0\0\0\0\0\0\0\0\0\0\0\0\0\0\0\0\0\0\0\0\0\0\0\0\0\0\0\0\0\0\0\0\0\0\0\0\0\0\0\0\0\0\0\0\0\0\0\0\0\0\0\0\0\0\0\0\0\0\0\0\0\0\0\0\0\0\0\0\0\0\0\0\0\0\0\0\0\0\0\0\0\0\0\0\0\0\0\0\0\0\0\0\0\0\0\0\0\0\0\0\0\0\0\0\0\0\0\0\0\0\0\0\0\0\0\0\0\0\0\0\0\0\0\0\0\0\0\0\0\0\0\0\0\0\0\0\0\0\0\0\0\0\0\0\0\0\0\0\0\0\0\0\0\0\0\0\0\0\0\0\0\0\0\0\0\0\0\0\0\0\0\0\0\0\0\0\0\0\0\0\0\0\0\0\0\0\0\0\0\0\0\0\0\0\0\0\0\0\0\0\0\0\0\0\0\0\0\0\0\0\0\0\0\0\0\0\0\0\0\0\0\0\0\0\0\0\0\0\0\0\0\0\0\0\0\0\0\0\0\0\0\0\0\0\0\0\0\0\0\0\0\0\0\0\0\0\0\0\0\0\0\0\0\0\0\0\0\0\0\0\0\0\0\0\0\0\0\0\0\0\0\0\0\0\0\0\0\0\0\0\0\0\0\0\0\0\0\0\0\0\0\0\0\0\0\0\0\0\0\0\0\0\0\0\0\0\0\0\0\0\0\0\0\0\0\0\0\0\0\0\0\0\0\0\0\0\0\0\0\0\0\0\0\0\0\0\0\0\0\0\0\0\0\0\0\0\0\0\0\0\0\0\0\0\0\0\0\0\0\0\0\0\0\0\0\0\0\0\0\0\0\0\0\0\0\0\0\0\0\0\0\0\0\0\0\0\0\0\0\0\0\0\0\0\0\0\0\0\0\0\0\0\0\0\0\0\0\0\0\0\0\0\0\0\0\0\0\0\0\0\0\0\0\0\0\0\0\0\0\0\0\0\0\0\0\0\0\0\0\0\0\0\0\0\0' [C:\Users\Nhan\OneDrive - Rincovitch\00. Nhan\CSharp\RincoMTO\RincoMTO_fsauzi5n_wpftmp.csproj::TargetFramework=net48]
C:\Users\Nhan\OneDrive - Rincovitch\00. Nhan\CSharp\RincoMTO\BIMTOOL\obj\Release R26\Tools\MTO Smart Tag\UI\MtoSmartTagWindow.g.cs(1,1): error CS1056: Unexpected character '\0' [C:\Users\Nhan\OneDrive - Rincovitch\00. Nhan\CSharp\RincoMTO\RincoMTO_fsauzi5n_wpftmp.csproj::TargetFramework=net48]
C:\Users\Nhan\OneDrive - Rincovitch\00. Nhan\CSharp\RincoMTO\BIMTOOL\obj\Release R26\Tools\MTO Smart Tag\UI\MtoSmartTagWindow.g.cs(1,2): error CS1056: Unexpected character '\0' [C:\Users\Nhan\OneDrive - Rincovitch\00. Nhan\CSharp\RincoMTO\RincoMTO_fsauzi5n_wpftmp.csproj::TargetFramework=net48]
C:\Users\Nhan\OneDrive - Rincovitch\00. Nhan\CSharp\RincoMTO\BIMTOOL\obj\Release R26\Tools\MTO Smart Tag\UI\MtoSmartTagWindow.g.cs(1,3): error CS1056: Unexpected character '\0' [C:\Users\Nhan\OneDrive - Rincovitch\00. Nhan\CSharp\RincoMTO\RincoMTO_fsauzi5n_wpftmp.csproj::TargetFramework=net48]
C:\Users\Nhan\OneDrive - Rincovitch\00. Nhan\CSharp\RincoMTO\BIMTOOL\obj\Release R26\Tools\MTO Smart Tag\UI\MtoSmartTagWindow.g.cs(1,4): error CS1056: Unexpected character '\0' [C:\Users\Nhan\OneDrive - Rincovitch\00. Nhan\CSharp\RincoMTO\RincoMTO_fsauzi5n_wpftmp.csproj::TargetFramework=net48]
C:\Users\Nhan\OneDrive - Rincovitch\00. Nhan\CSharp\RincoMTO\BIMTOOL\obj\Release R26\Tools\MTO Smart Tag\UI\MtoSmartTagWindow.g.cs(1,5): error CS1056: Unexpected character '\0' [C:\Users\Nhan\OneDrive - Rincovitch\00. Nhan\CSharp\RincoMTO\RincoMTO_fsauzi5n_wpftmp.csproj::TargetFramework=net48]
C:\Users\Nhan\OneDrive - Rincovitch\00. Nhan\CSharp\RincoMTO\BIMTOOL\obj\Release R26\Tools\MTO Smart Tag\UI\MtoSmartTagWindow.g.cs(1,6): error CS1056: Unexpected character '\0' [C:\Users\Nhan\OneDrive - Rincovitch\00. Nhan\CSharp\RincoMTO\RincoMTO_fsauzi5n_wpftmp.csproj::TargetFramework=net48]
C:\Users\Nhan\OneDrive - Rincovitch\00. Nhan\CSharp\RincoMTO\BIMTOOL\obj\Release R26\Tools\MTO Smart Tag\UI\MtoSmartTagWindow.g.cs(1,7): error CS1056: Unexpected character '\0' [C:\Users\Nhan\OneDrive - Rincovitch\00. Nhan\CSharp\RincoMTO\RincoMTO_fsauzi5n_wpftmp.csproj::TargetFramework=net48]
C:\Users\Nhan\OneDrive - Rincovitch\00. Nhan\CSharp\RincoMTO\BIMTOOL\obj\Release R26\Tools\MTO Smart Tag\UI\MtoSmartTagWindow.g.cs(1,8): error CS1056: Unexpected character '\0' [C:\Users\Nhan\OneDrive - Rincovitch\00. Nhan\CSharp\RincoMTO\RincoMTO_fsauzi5n_wpftmp.csproj::TargetFramework=net48]
C:\Users\Nhan\OneDrive - Rincovitch\00. Nhan\CSharp\RincoMTO\BIMTOOL\obj\Release R26\Tools\MTO Smart Tag\UI\MtoSmartTagWindow.g.cs(1,9): error CS1056: Unexpected character '\0' [C:\Users\Nhan\OneDrive - Rincovitch\00. Nhan\CSharp\RincoMTO\RincoMTO_fsauzi5n_wpftmp.csproj::TargetFramework=net48]
C:\Users\Nhan\OneDrive - Rincovitch\00. Nhan\CSharp\RincoMTO\BIMTOOL\obj\Release R26\Tools\MTO Smart Tag\UI\MtoSmartTagWindow.g.cs(1,10): error CS1056: Unexpected character '\0' [C:\Users\Nhan\OneDrive - Rincovitch\00. Nhan\CSharp\RincoMTO\RincoMTO_fsauzi5n_wpftmp.csproj::TargetFramework=net48]
C:\Users\Nhan\OneDrive - Rincovitch\00. Nhan\CSharp\RincoMTO\BIMTOOL\obj\Release R26\Tools\MTO Smart Tag\UI\MtoSmartTagWindow.g.cs(1,11): error CS1056: Unexpected character '\0' [C:\Users\Nhan\OneDrive - Rincovitch\00. Nhan\CSharp\RincoMTO\RincoMTO_fsauzi5n_wpftmp.csproj::TargetFramework=net48]
C:\Users\Nhan\OneDrive - Rincovitch\00. Nhan\CSharp\RincoMTO\BIMTOOL\obj\Release R26\Tools\MTO Smart Tag\UI\MtoSmartTagWindow.g.cs(1,12): error CS1056: Unexpected character '\0' [C:\Users\Nhan\OneDrive - Rincovitch\00. Nhan\CSharp\RincoMTO\RincoMTO_fsauzi5n_wpftmp.csproj::TargetFramework=net48]
C:\Users\Nhan\OneDrive - Rincovitch\00. Nhan\CSharp\RincoMTO\BIMTOOL\obj\Release R26\Tools\MTO Smart Tag\UI\MtoSmartTagWindow.g.cs(1,13): error CS1056: Unexpected character '\0' [C:\Users\Nhan\OneDrive - Rincovitch\00. Nhan\CSharp\RincoMTO\RincoMTO_fsauzi5n_wpftmp.csproj::TargetFramework=net48]
C:\Users\Nhan\OneDrive - Rincovitch\00. Nhan\CSharp\RincoMTO\BIMTOOL\obj\Release R26\Tools\MTO Smart Tag\UI\MtoSmartTagWindow.g.cs(1,14): error CS1056: Unexpected character '\0' [C:\Users\Nhan\OneDrive - Rincovitch\00. Nhan\CSharp\RincoMTO\RincoMTO_fsauzi5n_wpftmp.csproj::TargetFramework=net48]
C:\Users\Nhan\OneDrive - Rincovitch\00. Nhan\CSharp\RincoMTO\BIMTOOL\obj\Release R26\Tools\MTO Smart Tag\UI\MtoSmartTagWindow.g.cs(1,15): error CS1056: Unexpected character '\0' [C:\Users\Nhan\OneDrive - Rincovitch\00. Nhan\CSharp\RincoMTO\RincoMTO_fsauzi5n_wpftmp.csproj::TargetFramework=net48]
C:\Users\Nhan\OneDrive - Rincovitch\00. Nhan\CSharp\RincoMTO\BIMTOOL\obj\Release R26\Tools\MTO Smart Tag\UI\MtoSmartTagWindow.g.cs(1,16): error CS1056: Unexpected character '\0' [C:\Users\Nhan\OneDrive - Rincovitch\00. Nhan\CSharp\RincoMTO\RincoMTO_fsauzi5n_wpftmp.csproj::TargetFramework=net48]
C:\Users\Nhan\OneDrive - Rincovitch\00. Nhan\CSharp\RincoMTO\BIMTOOL\obj\Release R26\Tools\MTO Smart Tag\UI\MtoSmartTagWindow.g.cs(1,17): error CS1056: Unexpected character '\0' [C:\Users\Nhan\OneDrive - Rincovitch\00. Nhan\CSharp\RincoMTO\RincoMTO_fsauzi5n_wpftmp.csproj::TargetFramework=net48]
C:\Users\Nhan\OneDrive - Rincovitch\00. Nhan\CSharp\RincoMTO\BIMTOOL\obj\Release R26\Tools\MTO Smart Tag\UI\MtoSmartTagWindow.g.cs(1,18): error CS1056: Unexpected character '\0' [C:\Users\Nhan\OneDrive - Rincovitch\00. Nhan\CSharp\RincoMTO\RincoMTO_fsauzi5n_wpftmp.csproj::TargetFramework=net48]
C:\Users\Nhan\OneDrive - Rincovitch\00. Nhan\CSharp\RincoMTO\BIMTOOL\obj\Release R26\Tools\MTO Smart Tag\UI\MtoSmartTagWindow.g.cs(1,19): error CS1056: Unexpected character '\0' [C:\Users\Nhan\OneDrive - Rincovitch\00. Nhan\CSharp\RincoMTO\RincoMTO_fsauzi5n_wpftmp.csproj::TargetFramework=net48]
C:\Users\Nhan\OneDrive - Rincovitch\00. Nhan\CSharp\RincoMTO\BIMTOOL\obj\Release R26\Tools\MTO Smart Tag\UI\MtoSmartTagWindow.g.cs(1,20): error CS1056: Unexpected character '\0' [C:\Users\Nhan\OneDrive - Rincovitch\00. Nhan\CSharp\RincoMTO\RincoMTO_fsauzi5n_wpftmp.csproj::TargetFramework=net48]
C:\Users\Nhan\OneDrive - Rincovitch\00. Nhan\CSharp\RincoMTO\BIMTOOL\obj\Release R26\Tools\MTO Smart Tag\UI\MtoSmartTagWindow.g.cs(1,21): error CS1056: Unexpected character '\0' [C:\Users\Nhan\OneDrive - Rincovitch\00. Nhan\CSharp\RincoMTO\RincoMTO_fsauzi5n_wpftmp.csproj::TargetFramework=net48]
C:\Users\Nhan\OneDrive - Rincovitch\00. Nhan\CSharp\RincoMTO\BIMTOOL\obj\Release R26\Tools\MTO Smart Tag\UI\MtoSmartTagWindow.g.cs(1,22): error CS1056: Unexpected character '\0' [C:\Users\Nhan\OneDrive - Rincovitch\00. Nhan\CSharp\RincoMTO\RincoMTO_fsauzi5n_wpftmp.csproj::TargetFramework=net48]
C:\Users\Nhan\OneDrive - Rincovitch\00. Nhan\CSharp\RincoMTO\BIMTOOL\obj\Release R26\Tools\MTO Smart Tag\UI\MtoSmartTagWindow.g.cs(1,23): error CS1056: Unexpected character '\0' [C:\Users\Nhan\OneDrive - Rincovitch\00. Nhan\CSharp\RincoMTO\RincoMTO_fsauzi5n_wpftmp.csproj::TargetFramework=net48]
C:\Users\Nhan\OneDrive - Rincovitch\00. Nhan\CSharp\RincoMTO\BIMTOOL\obj\Release R26\Tools\MTO Smart Tag\UI\MtoSmartTagWindow.g.cs(1,24): error CS1056: Unexpected character '\0' [C:\Users\Nhan\OneDrive - Rincovitch\00. Nhan\CSharp\RincoMTO\RincoMTO_fsauzi5n_wpftmp.csproj::TargetFramework=net48]
C:\Users\Nhan\OneDrive - Rincovitch\00. Nhan\CSharp\RincoMTO\BIMTOOL\obj\Release R26\Tools\MTO Smart Tag\UI\MtoSmartTagWindow.g.cs(1,25): error CS1056: Unexpected character '\0' [C:\Users\Nhan\OneDrive - Rincovitch\00. Nhan\CSharp\RincoMTO\RincoMTO_fsauzi5n_wpftmp.csproj::TargetFramework=net48]
C:\Users\Nhan\OneDrive - Rincovitch\00. Nhan\CSharp\RincoMTO\BIMTOOL\obj\Release R26\Tools\MTO Smart Tag\UI\MtoSmartTagWindow.g.cs(1,26): error CS1056: Unexpected character '\0' [C:\Users\Nhan\OneDrive - Rincovitch\00. Nhan\CSharp\RincoMTO\RincoMTO_fsauzi5n_wpftmp.csproj::TargetFramework=net48]
C:\Users\Nhan\OneDrive - Rincovitch\00. Nhan\CSharp\RincoMTO\BIMTOOL\obj\Release R26\Tools\MTO Smart Tag\UI\MtoSmartTagWindow.g.cs(1,27): error CS1056: Unexpected character '\0' [C:\Users\Nhan\OneDrive - Rincovitch\00. Nhan\CSharp\RincoMTO\RincoMTO_fsauzi5n_wpftmp.csproj::TargetFramework=net48]
C:\Users\Nhan\OneDrive - Rincovitch\00. Nhan\CSharp\RincoMTO\BIMTOOL\obj\Release R26\Tools\MTO Smart Tag\UI\MtoSmartTagWindow.g.cs(1,28): error CS1056: Unexpected character '\0' [C:\Users\Nhan\OneDrive - Rincovitch\00. Nhan\CSharp\RincoMTO\RincoMTO_fsauzi5n_wpftmp.csproj::TargetFramework=net48]
C:\Users\Nhan\OneDrive - Rincovitch\00. Nhan\CSharp\RincoMTO\BIMTOOL\obj\Release R26\Tools\MTO Smart Tag\UI\MtoSmartTagWindow.g.cs(1,29): error CS1056: Unexpected character '\0' [C:\Users\Nhan\OneDrive - Rincovitch\00. Nhan\CSharp\RincoMTO\RincoMTO_fsauzi5n_wpftmp.csproj::TargetFramework=net48]
C:\Users\Nhan\OneDrive - Rincovitch\00. Nhan\CSharp\RincoMTO\BIMTOOL\obj\Release R26\Tools\MTO Smart Tag\UI\MtoSmartTagWindow.g.cs(1,30): error CS1056: Unexpected character '\0' [C:\Users\Nhan\OneDrive - Rincovitch\00. Nhan\CSharp\RincoMTO\RincoMTO_fsauzi5n_wpftmp.csproj::TargetFramework=net48]
C:\Users\Nhan\OneDrive - Rincovitch\00. Nhan\CSharp\RincoMTO\BIMTOOL\obj\Release R26\Tools\MTO Smart Tag\UI\MtoSmartTagWindow.g.cs(1,31): error CS1056: Unexpected character '\0' [C:\Users\Nhan\OneDrive - Rincovitch\00. Nhan\CSharp\RincoMTO\RincoMTO_fsauzi5n_wpftmp.csproj::TargetFramework=net48]
C:\Users\Nhan\OneDrive - Rincovitch\00. Nhan\CSharp\RincoMTO\BIMTOOL\obj\Release R26\Tools\MTO Smart Tag\UI\MtoSmartTagWindow.g.cs(1,32): error CS1056: Unexpected character '\0' [C:\Users\Nhan\OneDrive - Rincovitch\00. Nhan\CSharp\RincoMTO\RincoMTO_fsauzi5n_wpftmp.csproj::TargetFramework=net48]
C:\Users\Nhan\OneDrive - Rincovitch\00. Nhan\CSharp\RincoMTO\BIMTOOL\obj\Release R26\Tools\MTO Smart Tag\UI\MtoSmartTagWindow.g.cs(1,33): error CS1056: Unexpected character '\0' [C:\Users\Nhan\OneDrive - Rincovitch\00. Nhan\CSharp\RincoMTO\RincoMTO_fsauzi5n_wpftmp.csproj::TargetFramework=net48]
C:\Users\Nhan\OneDrive - Rincovitch\00. Nhan\CSharp\RincoMTO\BIMTOOL\obj\Release R26\Tools\MTO Smart Tag\UI\MtoSmartTagWindow.g.cs(1,34): error CS1056: Unexpected character '\0' [C:\Users\Nhan\OneDrive - Rincovitch\00. Nhan\CSharp\RincoMTO\RincoMTO_fsauzi5n_wpftmp.csproj::TargetFramework=net48]
C:\Users\Nhan\OneDrive - Rincovitch\00. Nhan\CSharp\RincoMTO\BIMTOOL\obj\Release R26\Tools\MTO Smart Tag\UI\MtoSmartTagWindow.g.cs(1,35): error CS1056: Unexpected character '\0' [C:\Users\Nhan\OneDrive - Rincovitch\00. Nhan\CSharp\RincoMTO\RincoMTO_fsauzi5n_wpftmp.csproj::TargetFramework=net48]
C:\Users\Nhan\OneDrive - Rincovitch\00. Nhan\CSharp\RincoMTO\BIMTOOL\obj\Release R26\Tools\MTO Smart Tag\UI\MtoSmartTagWindow.g.cs(1,36): error CS1056: Unexpected character '\0' [C:\Users\Nhan\OneDrive - Rincovitch\00. Nhan\CSharp\RincoMTO\RincoMTO_fsauzi5n_wpftmp.csproj::TargetFramework=net48]
C:\Users\Nhan\OneDrive - Rincovitch\00. Nhan\CSharp\RincoMTO\BIMTOOL\obj\Release R26\Tools\MTO Smart Tag\UI\MtoSmartTagWindow.g.cs(1,37): error CS1056: Unexpected character '\0' [C:\Users\Nhan\OneDrive - Rincovitch\00. Nhan\CSharp\RincoMTO\RincoMTO_fsauzi5n_wpftmp.csproj::TargetFramework=net48]
C:\Users\Nhan\OneDrive - Rincovitch\00. Nhan\CSharp\RincoMTO\BIMTOOL\obj\Release R26\Tools\MTO Smart Tag\UI\MtoSmartTagWindow.g.cs(1,38): error CS1056: Unexpected character '\0' [C:\Users\Nhan\OneDrive - Rincovitch\00. Nhan\CSharp\RincoMTO\RincoMTO_fsauzi5n_wpftmp.csproj::TargetFramework=net48]
C:\Users\Nhan\OneDrive - Rincovitch\00. Nhan\CSharp\RincoMTO\BIMTOOL\obj\Release R26\Tools\MTO Smart Tag\UI\MtoSmartTagWindow.g.cs(1,39): error CS1056: Unexpected character '\0' [C:\Users\Nhan\OneDrive - Rincovitch\00. Nhan\CSharp\RincoMTO\RincoMTO_fsauzi5n_wpftmp.csproj::TargetFramework=net48]
C:\Users\Nhan\OneDrive - Rincovitch\00. Nhan\CSharp\RincoMTO\BIMTOOL\obj\Release R26\Tools\MTO Smart Tag\UI\MtoSmartTagWindow.g.cs(1,40): error CS1056: Unexpected character '\0' [C:\Users\Nhan\OneDrive - Rincovitch\00. Nhan\CSharp\RincoMTO\RincoMTO_fsauzi5n_wpftmp.csproj::TargetFramework=net48]
C:\Users\Nhan\OneDrive - Rincovitch\00. Nhan\CSharp\RincoMTO\BIMTOOL\obj\Release R26\Tools\MTO Smart Tag\UI\MtoSmartTagWindow.g.cs(1,41): error CS1056: Unexpected character '\0' [C:\Users\Nhan\OneDrive - Rincovitch\00. Nhan\CSharp\RincoMTO\RincoMTO_fsauzi5n_wpftmp.csproj::TargetFramework=net48]
C:\Users\Nhan\OneDrive - Rincovitch\00. Nhan\CSharp\RincoMTO\BIMTOOL\obj\Release R26\Tools\MTO Smart Tag\UI\MtoSmartTagWindow.g.cs(1,42): error CS1056: Unexpected character '\0' [C:\Users\Nhan\OneDrive - Rincovitch\00. Nhan\CSharp\RincoMTO\RincoMTO_fsauzi5n_wpftmp.csproj::TargetFramework=net48]
C:\Users\Nhan\OneDrive - Rincovitch\00. Nhan\CSharp\RincoMTO\BIMTOOL\obj\Release R26\Tools\MTO Smart Tag\UI\MtoSmartTagWindow.g.cs(1,43): error CS1056: Unexpected character '\0' [C:\Users\Nhan\OneDrive - Rincovitch\00. Nhan\CSharp\RincoMTO\RincoMTO_fsauzi5n_wpftmp.csproj::TargetFramework=net48]
C:\Users\Nhan\OneDrive - Rincovitch\00. Nhan\CSharp\RincoMTO\BIMTOOL\obj\Release R26\Tools\MTO Smart Tag\UI\MtoSmartTagWindow.g.cs(1,44): error CS1056: Unexpected character '\0' [C:\Users\Nhan\OneDrive - Rincovitch\00. Nhan\CSharp\RincoMTO\RincoMTO_fsauzi5n_wpftmp.csproj::TargetFramework=net48]
C:\Users\Nhan\OneDrive - Rincovitch\00. Nhan\CSharp\RincoMTO\BIMTOOL\obj\Release R26\Tools\MTO Smart Tag\UI\MtoSmartTagWindow.g.cs(1,45): error CS1056: Unexpected character '\0' [C:\Users\Nhan\OneDrive - Rincovitch\00. Nhan\CSharp\RincoMTO\RincoMTO_fsauzi5n_wpftmp.csproj::TargetFramework=net48]
C:\Users\Nhan\OneDrive - Rincovitch\00. Nhan\CSharp\RincoMTO\BIMTOOL\obj\Release R26\Tools\MTO Smart Tag\UI\MtoSmartTagWindow.g.cs(1,46): error CS1056: Unexpected character '\0' [C:\Users\Nhan\OneDrive - Rincovitch\00. Nhan\CSharp\RincoMTO\RincoMTO_fsauzi5n_wpftmp.csproj::TargetFramework=net48]
C:\Users\Nhan\OneDrive - Rincovitch\00. Nhan\CSharp\RincoMTO\BIMTOOL\obj\Release R26\Tools\MTO Smart Tag\UI\MtoSmartTagWindow.g.cs(1,47): error CS1056: Unexpected character '\0' [C:\Users\Nhan\OneDrive - Rincovitch\00. Nhan\CSharp\RincoMTO\RincoMTO_fsauzi5n_wpftmp.csproj::TargetFramework=net48]
C:\Users\Nhan\OneDrive - Rincovitch\00. Nhan\CSharp\RincoMTO\BIMTOOL\obj\Release R26\Tools\MTO Smart Tag\UI\MtoSmartTagWindow.g.cs(1,48): error CS1056: Unexpected character '\0' [C:\Users\Nhan\OneDrive - Rincovitch\00. Nhan\CSharp\RincoMTO\RincoMTO_fsauzi5n_wpftmp.csproj::TargetFramework=net48]
C:\Users\Nhan\OneDrive - Rincovitch\00. Nhan\CSharp\RincoMTO\BIMTOOL\obj\Release R26\Tools\MTO Smart Tag\UI\MtoSmartTagWindow.g.cs(1,49): error CS1056: Unexpected character '\0' [C:\Users\Nhan\OneDrive - Rincovitch\00. Nhan\CSharp\RincoMTO\RincoMTO_fsauzi5n_wpftmp.csproj::TargetFramework=net48]
C:\Users\Nhan\OneDrive - Rincovitch\00. Nhan\CSharp\RincoMTO\BIMTOOL\obj\Release R26\Tools\MTO Smart Tag\UI\MtoSmartTagWindow.g.cs(1,50): error CS1056: Unexpected character '\0' [C:\Users\Nhan\OneDrive - Rincovitch\00. Nhan\CSharp\RincoMTO\RincoMTO_fsauzi5n_wpftmp.csproj::TargetFramework=net48]
C:\Users\Nhan\OneDrive - Rincovitch\00. Nhan\CSharp\RincoMTO\BIMTOOL\obj\Release R26\Tools\MTO Smart Tag\UI\MtoSmartTagWindow.g.cs(1,51): error CS1056: Unexpected character '\0' [C:\Users\Nhan\OneDrive - Rincovitch\00. Nhan\CSharp\RincoMTO\RincoMTO_fsauzi5n_wpftmp.csproj::TargetFramework=net48]
C:\Users\Nhan\OneDrive - Rincovitch\00. Nhan\CSharp\RincoMTO\BIMTOOL\obj\Release R26\Tools\MTO Smart Tag\UI\MtoSmartTagWindow.g.cs(1,52): error CS1056: Unexpected character '\0' [C:\Users\Nhan\OneDrive - Rincovitch\00. Nhan\CSharp\RincoMTO\RincoMTO_fsauzi5n_wpftmp.csproj::TargetFramework=net48]
C:\Users\Nhan\OneDrive - Rincovitch\00. Nhan\CSharp\RincoMTO\BIMTOOL\obj\Release R26\Tools\MTO Smart Tag\UI\MtoSmartTagWindow.g.cs(1,53): error CS1056: Unexpected character '\0' [C:\Users\Nhan\OneDrive - Rincovitch\00. Nhan\CSharp\RincoMTO\RincoMTO_fsauzi5n_wpftmp.csproj::TargetFramework=net48]
C:\Users\Nhan\OneDrive - Rincovitch\00. Nhan\CSharp\RincoMTO\BIMTOOL\obj\Release R26\Tools\MTO Smart Tag\UI\MtoSmartTagWindow.g.cs(1,54): error CS1056: Unexpected character '\0' [C:\Users\Nhan\OneDrive - Rincovitch\00. Nhan\CSharp\RincoMTO\RincoMTO_fsauzi5n_wpftmp.csproj::TargetFramework=net48]
C:\Users\Nhan\OneDrive - Rincovitch\00. Nhan\CSharp\RincoMTO\BIMTOOL\obj\Release R26\Tools\MTO Smart Tag\UI\MtoSmartTagWindow.g.cs(1,55): error CS1056: Unexpected character '\0' [C:\Users\Nhan\OneDrive - Rincovitch\00. Nhan\CSharp\RincoMTO\RincoMTO_fsauzi5n_wpftmp.csproj::TargetFramework=net48]
C:\Users\Nhan\OneDrive - Rincovitch\00. Nhan\CSharp\RincoMTO\BIMTOOL\obj\Release R26\Tools\MTO Smart Tag\UI\MtoSmartTagWindow.g.cs(1,56): error CS1056: Unexpected character '\0' [C:\Users\Nhan\OneDrive - Rincovitch\00. Nhan\CSharp\RincoMTO\RincoMTO_fsauzi5n_wpftmp.csproj::TargetFramework=net48]
C:\Users\Nhan\OneDrive - Rincovitch\00. Nhan\CSharp\RincoMTO\BIMTOOL\obj\Release R26\Tools\MTO Smart Tag\UI\MtoSmartTagWindow.g.cs(1,57): error CS1056: Unexpected character '\0' [C:\Users\Nhan\OneDrive - Rincovitch\00. Nhan\CSharp\RincoMTO\RincoMTO_fsauzi5n_wpftmp.csproj::TargetFramework=net48]
C:\Users\Nhan\OneDrive - Rincovitch\00. Nhan\CSharp\RincoMTO\BIMTOOL\obj\Release R26\Tools\MTO Smart Tag\UI\MtoSmartTagWindow.g.cs(1,58): error CS1056: Unexpected character '\0' [C:\Users\Nhan\OneDrive - Rincovitch\00. Nhan\CSharp\RincoMTO\RincoMTO_fsauzi5n_wpftmp.csproj::TargetFramework=net48]
C:\Users\Nhan\OneDrive - Rincovitch\00. Nhan\CSharp\RincoMTO\BIMTOOL\obj\Release R26\Tools\MTO Smart Tag\UI\MtoSmartTagWindow.g.cs(1,59): error CS1056: Unexpected character '\0' [C:\Users\Nhan\OneDrive - Rincovitch\00. Nhan\CSharp\RincoMTO\RincoMTO_fsauzi5n_wpftmp.csproj::TargetFramework=net48]
C:\Users\Nhan\OneDrive - Rincovitch\00. Nhan\CSharp\RincoMTO\BIMTOOL\obj\Release R26\Tools\MTO Smart Tag\UI\MtoSmartTagWindow.g.cs(1,60): error CS1056: Unexpected character '\0' [C:\Users\Nhan\OneDrive - Rincovitch\00. Nhan\CSharp\RincoMTO\RincoMTO_fsauzi5n_wpftmp.csproj::TargetFramework=net48]
C:\Users\Nhan\OneDrive - Rincovitch\00. Nhan\CSharp\RincoMTO\BIMTOOL\obj\Release R26\Tools\MTO Smart Tag\UI\MtoSmartTagWindow.g.cs(1,61): error CS1056: Unexpected character '\0' [C:\Users\Nhan\OneDrive - Rincovitch\00. Nhan\CSharp\RincoMTO\RincoMTO_fsauzi5n_wpftmp.csproj::TargetFramework=net48]
C:\Users\Nhan\OneDrive - Rincovitch\00. Nhan\CSharp\RincoMTO\BIMTOOL\obj\Release R26\Tools\MTO Smart Tag\UI\MtoSmartTagWindow.g.cs(1,62): error CS1056: Unexpected character '\0' [C:\Users\Nhan\OneDrive - Rincovitch\00. Nhan\CSharp\RincoMTO\RincoMTO_fsauzi5n_wpftmp.csproj::TargetFramework=net48]
C:\Users\Nhan\OneDrive - Rincovitch\00. Nhan\CSharp\RincoMTO\BIMTOOL\obj\Release R26\Tools\MTO Smart Tag\UI\MtoSmartTagWindow.g.cs(1,63): error CS1056: Unexpected character '\0' [C:\Users\Nhan\OneDrive - Rincovitch\00. Nhan\CSharp\RincoMTO\RincoMTO_fsauzi5n_wpftmp.csproj::TargetFramework=net48]
C:\Users\Nhan\OneDrive - Rincovitch\00. Nhan\CSharp\RincoMTO\BIMTOOL\obj\Release R26\Tools\MTO Smart Tag\UI\MtoSmartTagWindow.g.cs(1,64): error CS1056: Unexpected character '\0' [C:\Users\Nhan\OneDrive - Rincovitch\00. Nhan\CSharp\RincoMTO\RincoMTO_fsauzi5n_wpftmp.csproj::TargetFramework=net48]
C:\Users\Nhan\OneDrive - Rincovitch\00. Nhan\CSharp\RincoMTO\BIMTOOL\obj\Release R26\Tools\MTO Smart Tag\UI\MtoSmartTagWindow.g.cs(1,65): error CS1056: Unexpected character '\0' [C:\Users\Nhan\OneDrive - Rincovitch\00. Nhan\CSharp\RincoMTO\RincoMTO_fsauzi5n_wpftmp.csproj::TargetFramework=net48]
C:\Users\Nhan\OneDrive - Rincovitch\00. Nhan\CSharp\RincoMTO\BIMTOOL\obj\Release R26\Tools\MTO Smart Tag\UI\MtoSmartTagWindow.g.cs(1,66): error CS1056: Unexpected character '\0' [C:\Users\Nhan\OneDrive - Rincovitch\00. Nhan\CSharp\RincoMTO\RincoMTO_fsauzi5n_wpftmp.csproj::TargetFramework=net48]
C:\Users\Nhan\OneDrive - Rincovitch\00. Nhan\CSharp\RincoMTO\BIMTOOL\obj\Release R26\Tools\MTO Smart Tag\UI\MtoSmartTagWindow.g.cs(1,67): error CS1056: Unexpected character '\0' [C:\Users\Nhan\OneDrive - Rincovitch\00. Nhan\CSharp\RincoMTO\RincoMTO_fsauzi5n_wpftmp.csproj::TargetFramework=net48]
C:\Users\Nhan\OneDrive - Rincovitch\00. Nhan\CSharp\RincoMTO\BIMTOOL\obj\Release R26\Tools\MTO Smart Tag\UI\MtoSmartTagWindow.g.cs(1,68): error CS1056: Unexpected character '\0' [C:\Users\Nhan\OneDrive - Rincovitch\00. Nhan\CSharp\RincoMTO\RincoMTO_fsauzi5n_wpftmp.csproj::TargetFramework=net48]
C:\Users\Nhan\OneDrive - Rincovitch\00. Nhan\CSharp\RincoMTO\BIMTOOL\obj\Release R26\Tools\MTO Smart Tag\UI\MtoSmartTagWindow.g.cs(1,69): error CS1056: Unexpected character '\0' [C:\Users\Nhan\OneDrive - Rincovitch\00. Nhan\CSharp\RincoMTO\RincoMTO_fsauzi5n_wpftmp.csproj::TargetFramework=net48]
C:\Users\Nhan\OneDrive - Rincovitch\00. Nhan\CSharp\RincoMTO\BIMTOOL\obj\Release R26\Tools\MTO Smart Tag\UI\MtoSmartTagWindow.g.cs(1,70): error CS1056: Unexpected character '\0' [C:\Users\Nhan\OneDrive - Rincovitch\00. Nhan\CSharp\RincoMTO\RincoMTO_fsauzi5n_wpftmp.csproj::TargetFramework=net48]
C:\Users\Nhan\OneDrive - Rincovitch\00. Nhan\CSharp\RincoMTO\BIMTOOL\obj\Release R26\Tools\MTO Smart Tag\UI\MtoSmartTagWindow.g.cs(1,71): error CS1056: Unexpected character '\0' [C:\Users\Nhan\OneDrive - Rincovitch\00. Nhan\CSharp\RincoMTO\RincoMTO_fsauzi5n_wpftmp.csproj::TargetFramework=net48]
C:\Users\Nhan\OneDrive - Rincovitch\00. Nhan\CSharp\RincoMTO\BIMTOOL\obj\Release R26\Tools\MTO Smart Tag\UI\MtoSmartTagWindow.g.cs(1,72): error CS1056: Unexpected character '\0' [C:\Users\Nhan\OneDrive - Rincovitch\00. Nhan\CSharp\RincoMTO\RincoMTO_fsauzi5n_wpftmp.csproj::TargetFramework=net48]
C:\Users\Nhan\OneDrive - Rincovitch\00. Nhan\CSharp\RincoMTO\BIMTOOL\obj\Release R26\Tools\MTO Smart Tag\UI\MtoSmartTagWindow.g.cs(1,73): error CS1056: Unexpected character '\0' [C:\Users\Nhan\OneDrive - Rincovitch\00. Nhan\CSharp\RincoMTO\RincoMTO_fsauzi5n_wpftmp.csproj::TargetFramework=net48]
C:\Users\Nhan\OneDrive - Rincovitch\00. Nhan\CSharp\RincoMTO\BIMTOOL\obj\Release R26\Tools\MTO Smart Tag\UI\MtoSmartTagWindow.g.cs(1,74): error CS1056: Unexpected character '\0' [C:\Users\Nhan\OneDrive - Rincovitch\00. Nhan\CSharp\RincoMTO\RincoMTO_fsauzi5n_wpftmp.csproj::TargetFramework=net48]
C:\Users\Nhan\OneDrive - Rincovitch\00. Nhan\CSharp\RincoMTO\BIMTOOL\obj\Release R26\Tools\MTO Smart Tag\UI\MtoSmartTagWindow.g.cs(1,75): error CS1056: Unexpected character '\0' [C:\Users\Nhan\OneDrive - Rincovitch\00. Nhan\CSharp\RincoMTO\RincoMTO_fsauzi5n_wpftmp.csproj::TargetFramework=net48]
C:\Users\Nhan\OneDrive - Rincovitch\00. Nhan\CSharp\RincoMTO\BIMTOOL\obj\Release R26\Tools\MTO Smart Tag\UI\MtoSmartTagWindow.g.cs(1,76): error CS1056: Unexpected character '\0' [C:\Users\Nhan\OneDrive - Rincovitch\00. Nhan\CSharp\RincoMTO\RincoMTO_fsauzi5n_wpftmp.csproj::TargetFramework=net48]
C:\Users\Nhan\OneDrive - Rincovitch\00. Nhan\CSharp\RincoMTO\BIMTOOL\obj\Release R26\Tools\MTO Smart Tag\UI\MtoSmartTagWindow.g.cs(1,77): error CS1056: Unexpected character '\0' [C:\Users\Nhan\OneDrive - Rincovitch\00. Nhan\CSharp\RincoMTO\RincoMTO_fsauzi5n_wpftmp.csproj::TargetFramework=net48]
C:\Users\Nhan\OneDrive - Rincovitch\00. Nhan\CSharp\RincoMTO\BIMTOOL\obj\Release R26\Tools\MTO Smart Tag\UI\MtoSmartTagWindow.g.cs(1,78): error CS1056: Unexpected character '\0' [C:\Users\Nhan\OneDrive - Rincovitch\00. Nhan\CSharp\RincoMTO\RincoMTO_fsauzi5n_wpftmp.csproj::TargetFramework=net48]
C:\Users\Nhan\OneDrive - Rincovitch\00. Nhan\CSharp\RincoMTO\BIMTOOL\obj\Release R26\Tools\MTO Smart Tag\UI\MtoSmartTagWindow.g.cs(1,79): error CS1056: Unexpected character '\0' [C:\Users\Nhan\OneDrive - Rincovitch\00. Nhan\CSharp\RincoMTO\RincoMTO_fsauzi5n_wpftmp.csproj::TargetFramework=net48]
C:\Users\Nhan\OneDrive - Rincovitch\00. Nhan\CSharp\RincoMTO\BIMTOOL\obj\Release R26\Tools\MTO Smart Tag\UI\MtoSmartTagWindow.g.cs(1,80): error CS1056: Unexpected character '\0' [C:\Users\Nhan\OneDrive - Rincovitch\00. Nhan\CSharp\RincoMTO\RincoMTO_fsauzi5n_wpftmp.csproj::TargetFramework=net48]
C:\Users\Nhan\OneDrive - Rincovitch\00. Nhan\CSharp\RincoMTO\BIMTOOL\obj\Release R26\Tools\MTO Smart Tag\UI\MtoSmartTagWindow.g.cs(1,81): error CS1056: Unexpected character '\0' [C:\Users\Nhan\OneDrive - Rincovitch\00. Nhan\CSharp\RincoMTO\RincoMTO_fsauzi5n_wpftmp.csproj::TargetFramework=net48]
C:\Users\Nhan\OneDrive - Rincovitch\00. Nhan\CSharp\RincoMTO\BIMTOOL\obj\Release R26\Tools\MTO Smart Tag\UI\MtoSmartTagWindow.g.cs(1,82): error CS1056: Unexpected character '\0' [C:\Users\Nhan\OneDrive - Rincovitch\00. Nhan\CSharp\RincoMTO\RincoMTO_fsauzi5n_wpftmp.csproj::TargetFramework=net48]
C:\Users\Nhan\OneDrive - Rincovitch\00. Nhan\CSharp\RincoMTO\BIMTOOL\obj\Release R26\Tools\MTO Smart Tag\UI\MtoSmartTagWindow.g.cs(1,83): error CS1056: Unexpected character '\0' [C:\Users\Nhan\OneDrive - Rincovitch\00. Nhan\CSharp\RincoMTO\RincoMTO_fsauzi5n_wpftmp.csproj::TargetFramework=net48]
C:\Users\Nhan\OneDrive - Rincovitch\00. Nhan\CSharp\RincoMTO\BIMTOOL\obj\Release R26\Tools\MTO Smart Tag\UI\MtoSmartTagWindow.g.cs(1,84): error CS1056: Unexpected character '\0' [C:\Users\Nhan\OneDrive - Rincovitch\00. Nhan\CSharp\RincoMTO\RincoMTO_fsauzi5n_wpftmp.csproj::TargetFramework=net48]
C:\Users\Nhan\OneDrive - Rincovitch\00. Nhan\CSharp\RincoMTO\BIMTOOL\obj\Release R26\Tools\MTO Smart Tag\UI\MtoSmartTagWindow.g.cs(1,85): error CS1056: Unexpected character '\0' [C:\Users\Nhan\OneDrive - Rincovitch\00. Nhan\CSharp\RincoMTO\RincoMTO_fsauzi5n_wpftmp.csproj::TargetFramework=net48]
C:\Users\Nhan\OneDrive - Rincovitch\00. Nhan\CSharp\RincoMTO\BIMTOOL\obj\Release R26\Tools\MTO Smart Tag\UI\MtoSmartTagWindow.g.cs(1,86): error CS1056: Unexpected character '\0' [C:\Users\Nhan\OneDrive - Rincovitch\00. Nhan\CSharp\RincoMTO\RincoMTO_fsauzi5n_wpftmp.csproj::TargetFramework=net48]
C:\Users\Nhan\OneDrive - Rincovitch\00. Nhan\CSharp\RincoMTO\BIMTOOL\obj\Release R26\Tools\MTO Smart Tag\UI\MtoSmartTagWindow.g.cs(1,87): error CS1056: Unexpected character '\0' [C:\Users\Nhan\OneDrive - Rincovitch\00. Nhan\CSharp\RincoMTO\RincoMTO_fsauzi5n_wpftmp.csproj::TargetFramework=net48]
C:\Users\Nhan\OneDrive - Rincovitch\00. Nhan\CSharp\RincoMTO\BIMTOOL\obj\Release R26\Tools\MTO Smart Tag\UI\MtoSmartTagWindow.g.cs(1,88): error CS1056: Unexpected character '\0' [C:\Users\Nhan\OneDrive - Rincovitch\00. Nhan\CSharp\RincoMTO\RincoMTO_fsauzi5n_wpftmp.csproj::TargetFramework=net48]
C:\Users\Nhan\OneDrive - Rincovitch\00. Nhan\CSharp\RincoMTO\BIMTOOL\obj\Release R26\Tools\MTO Smart Tag\UI\MtoSmartTagWindow.g.cs(1,89): error CS1056: Unexpected character '\0' [C:\Users\Nhan\OneDrive - Rincovitch\00. Nhan\CSharp\RincoMTO\RincoMTO_fsauzi5n_wpftmp.csproj::TargetFramework=net48]
C:\Users\Nhan\OneDrive - Rincovitch\00. Nhan\CSharp\RincoMTO\BIMTOOL\obj\Release R26\Tools\MTO Smart Tag\UI\MtoSmartTagWindow.g.cs(1,90): error CS1056: Unexpected character '\0' [C:\Users\Nhan\OneDrive - Rincovitch\00. Nhan\CSharp\RincoMTO\RincoMTO_fsauzi5n_wpftmp.csproj::TargetFramework=net48]
C:\Users\Nhan\OneDrive - Rincovitch\00. Nhan\CSharp\RincoMTO\BIMTOOL\obj\Release R26\Tools\MTO Smart Tag\UI\MtoSmartTagWindow.g.cs(1,91): error CS1056: Unexpected character '\0' [C:\Users\Nhan\OneDrive - Rincovitch\00. Nhan\CSharp\RincoMTO\RincoMTO_fsauzi5n_wpftmp.csproj::TargetFramework=net48]
C:\Users\Nhan\OneDrive - Rincovitch\00. Nhan\CSharp\RincoMTO\BIMTOOL\obj\Release R26\Tools\MTO Smart Tag\UI\MtoSmartTagWindow.g.cs(1,92): error CS1056: Unexpected character '\0' [C:\Users\Nhan\OneDrive - Rincovitch\00. Nhan\CSharp\RincoMTO\RincoMTO_fsauzi5n_wpftmp.csproj::TargetFramework=net48]
C:\Users\Nhan\OneDrive - Rincovitch\00. Nhan\CSharp\RincoMTO\BIMTOOL\obj\Release R26\Tools\MTO Smart Tag\UI\MtoSmartTagWindow.g.cs(1,93): error CS1056: Unexpected character '\0' [C:\Users\Nhan\OneDrive - Rincovitch\00. Nhan\CSharp\RincoMTO\RincoMTO_fsauzi5n_wpftmp.csproj::TargetFramework=net48]
C:\Users\Nhan\OneDrive - Rincovitch\00. Nhan\CSharp\RincoMTO\BIMTOOL\obj\Release R26\Tools\MTO Smart Tag\UI\MtoSmartTagWindow.g.cs(1,94): error CS1056: Unexpected character '\0' [C:\Users\Nhan\OneDrive - Rincovitch\00. Nhan\CSharp\RincoMTO\RincoMTO_fsauzi5n_wpftmp.csproj::TargetFramework=net48]
C:\Users\Nhan\OneDrive - Rincovitch\00. Nhan\CSharp\RincoMTO\BIMTOOL\obj\Release R26\Tools\MTO Smart Tag\UI\MtoSmartTagWindow.g.cs(1,95): error CS1056: Unexpected character '\0' [C:\Users\Nhan\OneDrive - Rincovitch\00. Nhan\CSharp\RincoMTO\RincoMTO_fsauzi5n_wpftmp.csproj::TargetFramework=net48]
C:\Users\Nhan\OneDrive - Rincovitch\00. Nhan\CSharp\RincoMTO\BIMTOOL\obj\Release R26\Tools\MTO Smart Tag\UI\MtoSmartTagWindow.g.cs(1,96): error CS1056: Unexpected character '\0' [C:\Users\Nhan\OneDrive - Rincovitch\00. Nhan\CSharp\RincoMTO\RincoMTO_fsauzi5n_wpftmp.csproj::TargetFramework=net48]
C:\Users\Nhan\OneDrive - Rincovitch\00. Nhan\CSharp\RincoMTO\BIMTOOL\obj\Release R26\Tools\MTO Smart Tag\UI\MtoSmartTagWindow.g.cs(1,97): error CS1056: Unexpected character '\0' [C:\Users\Nhan\OneDrive - Rincovitch\00. Nhan\CSharp\RincoMTO\RincoMTO_fsauzi5n_wpftmp.csproj::TargetFramework=net48]
C:\Users\Nhan\OneDrive - Rincovitch\00. Nhan\CSharp\RincoMTO\BIMTOOL\obj\Release R26\Tools\MTO Smart Tag\UI\MtoSmartTagWindow.g.cs(1,98): error CS1056: Unexpected character '\0' [C:\Users\Nhan\OneDrive - Rincovitch\00. Nhan\CSharp\RincoMTO\RincoMTO_fsauzi5n_wpftmp.csproj::TargetFramework=net48]
C:\Users\Nhan\OneDrive - Rincovitch\00. Nhan\CSharp\RincoMTO\BIMTOOL\obj\Release R26\Tools\MTO Smart Tag\UI\MtoSmartTagWindow.g.cs(1,99): error CS1056: Unexpected character '\0' [C:\Users\Nhan\OneDrive - Rincovitch\00. Nhan\CSharp\RincoMTO\RincoMTO_fsauzi5n_wpftmp.csproj::TargetFramework=net48]
C:\Users\Nhan\OneDrive - Rincovitch\00. Nhan\CSharp\RincoMTO\BIMTOOL\obj\Release R26\Tools\MTO Smart Tag\UI\MtoSmartTagWindow.g.cs(1,100): error CS1056: Unexpected character '\0' [C:\Users\Nhan\OneDrive - Rincovitch\00. Nhan\CSharp\RincoMTO\RincoMTO_fsauzi5n_wpftmp.csproj::TargetFramework=net48]
C:\Users\Nhan\OneDrive - Rincovitch\00. Nhan\CSharp\RincoMTO\BIMTOOL\obj\Release R26\Tools\MTO Smart Tag\UI\MtoSmartTagWindow.g.cs(1,101): error CS1056: Unexpected character '\0' [C:\Users\Nhan\OneDrive - Rincovitch\00. Nhan\CSharp\RincoMTO\RincoMTO_fsauzi5n_wpftmp.csproj::TargetFramework=net48]
C:\Users\Nhan\OneDrive - Rincovitch\00. Nhan\CSharp\RincoMTO\BIMTOOL\obj\Release R26\Tools\MTO Smart Tag\UI\MtoSmartTagWindow.g.cs(1,102): error CS1056: Unexpected character '\0' [C:\Users\Nhan\OneDrive - Rincovitch\00. Nhan\CSharp\RincoMTO\RincoMTO_fsauzi5n_wpftmp.csproj::TargetFramework=net48]
C:\Users\Nhan\OneDrive - Rincovitch\00. Nhan\CSharp\RincoMTO\BIMTOOL\obj\Release R26\Tools\MTO Smart Tag\UI\MtoSmartTagWindow.g.cs(1,103): error CS1056: Unexpected character '\0' [C:\Users\Nhan\OneDrive - Rincovitch\00. Nhan\CSharp\RincoMTO\RincoMTO_fsauzi5n_wpftmp.csproj::TargetFramework=net48]
C:\Users\Nhan\OneDrive - Rincovitch\00. Nhan\CSharp\RincoMTO\BIMTOOL\obj\Release R26\Tools\MTO Smart Tag\UI\MtoSmartTagWindow.g.cs(1,104): error CS1056: Unexpected character '\0' [C:\Users\Nhan\OneDrive - Rincovitch\00. Nhan\CSharp\RincoMTO\RincoMTO_fsauzi5n_wpftmp.csproj::TargetFramework=net48]
C:\Users\Nhan\OneDrive - Rincovitch\00. Nhan\CSharp\RincoMTO\BIMTOOL\obj\Release R26\Tools\MTO Smart Tag\UI\MtoSmartTagWindow.g.cs(1,105): error CS1056: Unexpected character '\0' [C:\Users\Nhan\OneDrive - Rincovitch\00. Nhan\CSharp\RincoMTO\RincoMTO_fsauzi5n_wpftmp.csproj::TargetFramework=net48]
C:\Users\Nhan\OneDrive - Rincovitch\00. Nhan\CSharp\RincoMTO\BIMTOOL\obj\Release R26\Tools\MTO Smart Tag\UI\MtoSmartTagWindow.g.cs(1,106): error CS1056: Unexpected character '\0' [C:\Users\Nhan\OneDrive - Rincovitch\00. Nhan\CSharp\RincoMTO\RincoMTO_fsauzi5n_wpftmp.csproj::TargetFramework=net48]
C:\Users\Nhan\OneDrive - Rincovitch\00. Nhan\CSharp\RincoMTO\BIMTOOL\obj\Release R26\Tools\MTO Smart Tag\UI\MtoSmartTagWindow.g.cs(1,107): error CS1056: Unexpected character '\0' [C:\Users\Nhan\OneDrive - Rincovitch\00. Nhan\CSharp\RincoMTO\RincoMTO_fsauzi5n_wpftmp.csproj::TargetFramework=net48]
C:\Users\Nhan\OneDrive - Rincovitch\00. Nhan\CSharp\RincoMTO\BIMTOOL\obj\Release R26\Tools\MTO Smart Tag\UI\MtoSmartTagWindow.g.cs(1,108): error CS1056: Unexpected character '\0' [C:\Users\Nhan\OneDrive - Rincovitch\00. Nhan\CSharp\RincoMTO\RincoMTO_fsauzi5n_wpftmp.csproj::TargetFramework=net48]
C:\Users\Nhan\OneDrive - Rincovitch\00. Nhan\CSharp\RincoMTO\BIMTOOL\obj\Release R26\Tools\MTO Smart Tag\UI\MtoSmartTagWindow.g.cs(1,109): error CS1056: Unexpected character '\0' [C:\Users\Nhan\OneDrive - Rincovitch\00. Nhan\CSharp\RincoMTO\RincoMTO_fsauzi5n_wpftmp.csproj::TargetFramework=net48]
C:\Users\Nhan\OneDrive - Rincovitch\00. Nhan\CSharp\RincoMTO\BIMTOOL\obj\Release R26\Tools\MTO Smart Tag\UI\MtoSmartTagWindow.g.cs(1,110): error CS1056: Unexpected character '\0' [C:\Users\Nhan\OneDrive - Rincovitch\00. Nhan\CSharp\RincoMTO\RincoMTO_fsauzi5n_wpftmp.csproj::TargetFramework=net48]
C:\Users\Nhan\OneDrive - Rincovitch\00. Nhan\CSharp\RincoMTO\BIMTOOL\obj\Release R26\Tools\MTO Smart Tag\UI\MtoSmartTagWindow.g.cs(1,111): error CS1056: Unexpected character '\0' [C:\Users\Nhan\OneDrive - Rincovitch\00. Nhan\CSharp\RincoMTO\RincoMTO_fsauzi5n_wpftmp.csproj::TargetFramework=net48]
C:\Users\Nhan\OneDrive - Rincovitch\00. Nhan\CSharp\RincoMTO\BIMTOOL\obj\Release R26\Tools\MTO Smart Tag\UI\MtoSmartTagWindow.g.cs(1,112): error CS1056: Unexpected character '\0' [C:\Users\Nhan\OneDrive - Rincovitch\00. Nhan\CSharp\RincoMTO\RincoMTO_fsauzi5n_wpftmp.csproj::TargetFramework=net48]
C:\Users\Nhan\OneDrive - Rincovitch\00. Nhan\CSharp\RincoMTO\BIMTOOL\obj\Release R26\Tools\MTO Smart Tag\UI\MtoSmartTagWindow.g.cs(1,113): error CS1056: Unexpected character '\0' [C:\Users\Nhan\OneDrive - Rincovitch\00. Nhan\CSharp\RincoMTO\RincoMTO_fsauzi5n_wpftmp.csproj::TargetFramework=net48]
C:\Users\Nhan\OneDrive - Rincovitch\00. Nhan\CSharp\RincoMTO\BIMTOOL\obj\Release R26\Tools\MTO Smart Tag\UI\MtoSmartTagWindow.g.cs(1,114): error CS1056: Unexpected character '\0' [C:\Users\Nhan\OneDrive - Rincovitch\00. Nhan\CSharp\RincoMTO\RincoMTO_fsauzi5n_wpftmp.csproj::TargetFramework=net48]
C:\Users\Nhan\OneDrive - Rincovitch\00. Nhan\CSharp\RincoMTO\BIMTOOL\obj\Release R26\Tools\MTO Smart Tag\UI\MtoSmartTagWindow.g.cs(1,115): error CS1056: Unexpected character '\0' [C:\Users\Nhan\OneDrive - Rincovitch\00. Nhan\CSharp\RincoMTO\RincoMTO_fsauzi5n_wpftmp.csproj::TargetFramework=net48]
C:\Users\Nhan\OneDrive - Rincovitch\00. Nhan\CSharp\RincoMTO\BIMTOOL\obj\Release R26\Tools\MTO Smart Tag\UI\MtoSmartTagWindow.g.cs(1,116): error CS1056: Unexpected character '\0' [C:\Users\Nhan\OneDrive - Rincovitch\00. Nhan\CSharp\RincoMTO\RincoMTO_fsauzi5n_wpftmp.csproj::TargetFramework=net48]
C:\Users\Nhan\OneDrive - Rincovitch\00. Nhan\CSharp\RincoMTO\BIMTOOL\obj\Release R26\Tools\MTO Smart Tag\UI\MtoSmartTagWindow.g.cs(1,117): error CS1056: Unexpected character '\0' [C:\Users\Nhan\OneDrive - Rincovitch\00. Nhan\CSharp\RincoMTO\RincoMTO_fsauzi5n_wpftmp.csproj::TargetFramework=net48]
C:\Users\Nhan\OneDrive - Rincovitch\00. Nhan\CSharp\RincoMTO\BIMTOOL\obj\Release R26\Tools\MTO Smart Tag\UI\MtoSmartTagWindow.g.cs(1,118): error CS1056: Unexpected character '\0' [C:\Users\Nhan\OneDrive - Rincovitch\00. Nhan\CSharp\RincoMTO\RincoMTO_fsauzi5n_wpftmp.csproj::TargetFramework=net48]
C:\Users\Nhan\OneDrive - Rincovitch\00. Nhan\CSharp\RincoMTO\BIMTOOL\obj\Release R26\Tools\MTO Smart Tag\UI\MtoSmartTagWindow.g.cs(1,119): error CS1056: Unexpected character '\0' [C:\Users\Nhan\OneDrive - Rincovitch\00. Nhan\CSharp\RincoMTO\RincoMTO_fsauzi5n_wpftmp.csproj::TargetFramework=net48]
C:\Users\Nhan\OneDrive - Rincovitch\00. Nhan\CSharp\RincoMTO\BIMTOOL\obj\Release R26\Tools\MTO Smart Tag\UI\MtoSmartTagWindow.g.cs(1,120): error CS1056: Unexpected character '\0' [C:\Users\Nhan\OneDrive - Rincovitch\00. Nhan\CSharp\RincoMTO\RincoMTO_fsauzi5n_wpftmp.csproj::TargetFramework=net48]
C:\Users\Nhan\OneDrive - Rincovitch\00. Nhan\CSharp\RincoMTO\BIMTOOL\obj\Release R26\Tools\MTO Smart Tag\UI\MtoSmartTagWindow.g.cs(1,121): error CS1056: Unexpected character '\0' [C:\Users\Nhan\OneDrive - Rincovitch\00. Nhan\CSharp\RincoMTO\RincoMTO_fsauzi5n_wpftmp.csproj::TargetFramework=net48]
C:\Users\Nhan\OneDrive - Rincovitch\00. Nhan\CSharp\RincoMTO\BIMTOOL\obj\Release R26\Tools\MTO Smart Tag\UI\MtoSmartTagWindow.g.cs(1,122): error CS1056: Unexpected character '\0' [C:\Users\Nhan\OneDrive - Rincovitch\00. Nhan\CSharp\RincoMTO\RincoMTO_fsauzi5n_wpftmp.csproj::TargetFramework=net48]
C:\Users\Nhan\OneDrive - Rincovitch\00. Nhan\CSharp\RincoMTO\BIMTOOL\obj\Release R26\Tools\MTO Smart Tag\UI\MtoSmartTagWindow.g.cs(1,123): error CS1056: Unexpected character '\0' [C:\Users\Nhan\OneDrive - Rincovitch\00. Nhan\CSharp\RincoMTO\RincoMTO_fsauzi5n_wpftmp.csproj::TargetFramework=net48]
C:\Users\Nhan\OneDrive - Rincovitch\00. Nhan\CSharp\RincoMTO\BIMTOOL\obj\Release R26\Tools\MTO Smart Tag\UI\MtoSmartTagWindow.g.cs(1,124): error CS1056: Unexpected character '\0' [C:\Users\Nhan\OneDrive - Rincovitch\00. Nhan\CSharp\RincoMTO\RincoMTO_fsauzi5n_wpftmp.csproj::TargetFramework=net48]
C:\Users\Nhan\OneDrive - Rincovitch\00. Nhan\CSharp\RincoMTO\BIMTOOL\obj\Release R26\Tools\MTO Smart Tag\UI\MtoSmartTagWindow.g.cs(1,125): error CS1056: Unexpected character '\0' [C:\Users\Nhan\OneDrive - Rincovitch\00. Nhan\CSharp\RincoMTO\RincoMTO_fsauzi5n_wpftmp.csproj::TargetFramework=net48]
C:\Users\Nhan\OneDrive - Rincovitch\00. Nhan\CSharp\RincoMTO\BIMTOOL\obj\Release R26\Tools\MTO Smart Tag\UI\MtoSmartTagWindow.g.cs(1,126): error CS1056: Unexpected character '\0' [C:\Users\Nhan\OneDrive - Rincovitch\00. Nhan\CSharp\RincoMTO\RincoMTO_fsauzi5n_wpftmp.csproj::TargetFramework=net48]
C:\Users\Nhan\OneDrive - Rincovitch\00. Nhan\CSharp\RincoMTO\BIMTOOL\obj\Release R26\Tools\MTO Smart Tag\UI\MtoSmartTagWindow.g.cs(1,127): error CS1056: Unexpected character '\0' [C:\Users\Nhan\OneDrive - Rincovitch\00. Nhan\CSharp\RincoMTO\RincoMTO_fsauzi5n_wpftmp.csproj::TargetFramework=net48]
C:\Users\Nhan\OneDrive - Rincovitch\00. Nhan\CSharp\RincoMTO\BIMTOOL\obj\Release R26\Tools\MTO Smart Tag\UI\MtoSmartTagWindow.g.cs(1,128): error CS1056: Unexpected character '\0' [C:\Users\Nhan\OneDrive - Rincovitch\00. Nhan\CSharp\RincoMTO\RincoMTO_fsauzi5n_wpftmp.csproj::TargetFramework=net48]
C:\Users\Nhan\OneDrive - Rincovitch\00. Nhan\CSharp\RincoMTO\BIMTOOL\obj\Release R26\Tools\MTO Smart Tag\UI\MtoSmartTagWindow.g.cs(1,129): error CS1056: Unexpected character '\0' [C:\Users\Nhan\OneDrive - Rincovitch\00. Nhan\CSharp\RincoMTO\RincoMTO_fsauzi5n_wpftmp.csproj::TargetFramework=net48]
C:\Users\Nhan\OneDrive - Rincovitch\00. Nhan\CSharp\RincoMTO\BIMTOOL\obj\Release R26\Tools\MTO Smart Tag\UI\MtoSmartTagWindow.g.cs(1,130): error CS1056: Unexpected character '\0' [C:\Users\Nhan\OneDrive - Rincovitch\00. Nhan\CSharp\RincoMTO\RincoMTO_fsauzi5n_wpftmp.csproj::TargetFramework=net48]
C:\Users\Nhan\OneDrive - Rincovitch\00. Nhan\CSharp\RincoMTO\BIMTOOL\obj\Release R26\Tools\MTO Smart Tag\UI\MtoSmartTagWindow.g.cs(1,131): error CS1056: Unexpected character '\0' [C:\Users\Nhan\OneDrive - Rincovitch\00. Nhan\CSharp\RincoMTO\RincoMTO_fsauzi5n_wpftmp.csproj::TargetFramework=net48]
C:\Users\Nhan\OneDrive - Rincovitch\00. Nhan\CSharp\RincoMTO\BIMTOOL\obj\Release R26\Tools\MTO Smart Tag\UI\MtoSmartTagWindow.g.cs(1,132): error CS1056: Unexpected character '\0' [C:\Users\Nhan\OneDrive - Rincovitch\00. Nhan\CSharp\RincoMTO\RincoMTO_fsauzi5n_wpftmp.csproj::TargetFramework=net48]
C:\Users\Nhan\OneDrive - Rincovitch\00. Nhan\CSharp\RincoMTO\BIMTOOL\obj\Release R26\Tools\MTO Smart Tag\UI\MtoSmartTagWindow.g.cs(1,133): error CS1056: Unexpected character '\0' [C:\Users\Nhan\OneDrive - Rincovitch\00. Nhan\CSharp\RincoMTO\RincoMTO_fsauzi5n_wpftmp.csproj::TargetFramework=net48]
C:\Users\Nhan\OneDrive - Rincovitch\00. Nhan\CSharp\RincoMTO\BIMTOOL\obj\Release R26\Tools\MTO Smart Tag\UI\MtoSmartTagWindow.g.cs(1,134): error CS1056: Unexpected character '\0' [C:\Users\Nhan\OneDrive - Rincovitch\00. Nhan\CSharp\RincoMTO\RincoMTO_fsauzi5n_wpftmp.csproj::TargetFramework=net48]
C:\Users\Nhan\OneDrive - Rincovitch\00. Nhan\CSharp\RincoMTO\BIMTOOL\obj\Release R26\Tools\MTO Smart Tag\UI\MtoSmartTagWindow.g.cs(1,135): error CS1056: Unexpected character '\0' [C:\Users\Nhan\OneDrive - Rincovitch\00. Nhan\CSharp\RincoMTO\RincoMTO_fsauzi5n_wpftmp.csproj::TargetFramework=net48]
C:\Users\Nhan\OneDrive - Rincovitch\00. Nhan\CSharp\RincoMTO\BIMTOOL\obj\Release R26\Tools\MTO Smart Tag\UI\MtoSmartTagWindow.g.cs(1,136): error CS1056: Unexpected character '\0' [C:\Users\Nhan\OneDrive - Rincovitch\00. Nhan\CSharp\RincoMTO\RincoMTO_fsauzi5n_wpftmp.csproj::TargetFramework=net48]
C:\Users\Nhan\OneDrive - Rincovitch\00. Nhan\CSharp\RincoMTO\BIMTOOL\obj\Release R26\Tools\MTO Smart Tag\UI\MtoSmartTagWindow.g.cs(1,137): error CS1056: Unexpected character '\0' [C:\Users\Nhan\OneDrive - Rincovitch\00. Nhan\CSharp\RincoMTO\RincoMTO_fsauzi5n_wpftmp.csproj::TargetFramework=net48]
C:\Users\Nhan\OneDrive - Rincovitch\00. Nhan\CSharp\RincoMTO\BIMTOOL\obj\Release R26\Tools\MTO Smart Tag\UI\MtoSmartTagWindow.g.cs(1,138): error CS1056: Unexpected character '\0' [C:\Users\Nhan\OneDrive - Rincovitch\00. Nhan\CSharp\RincoMTO\RincoMTO_fsauzi5n_wpftmp.csproj::TargetFramework=net48]
C:\Users\Nhan\OneDrive - Rincovitch\00. Nhan\CSharp\RincoMTO\BIMTOOL\obj\Release R26\Tools\MTO Smart Tag\UI\MtoSmartTagWindow.g.cs(1,139): error CS1056: Unexpected character '\0' [C:\Users\Nhan\OneDrive - Rincovitch\00. Nhan\CSharp\RincoMTO\RincoMTO_fsauzi5n_wpftmp.csproj::TargetFramework=net48]
C:\Users\Nhan\OneDrive - Rincovitch\00. Nhan\CSharp\RincoMTO\BIMTOOL\obj\Release R26\Tools\MTO Smart Tag\UI\MtoSmartTagWindow.g.cs(1,140): error CS1056: Unexpected character '\0' [C:\Users\Nhan\OneDrive - Rincovitch\00. Nhan\CSharp\RincoMTO\RincoMTO_fsauzi5n_wpftmp.csproj::TargetFramework=net48]
C:\Users\Nhan\OneDrive - Rincovitch\00. Nhan\CSharp\RincoMTO\BIMTOOL\obj\Release R26\Tools\MTO Smart Tag\UI\MtoSmartTagWindow.g.cs(1,141): error CS1056: Unexpected character '\0' [C:\Users\Nhan\OneDrive - Rincovitch\00. Nhan\CSharp\RincoMTO\RincoMTO_fsauzi5n_wpftmp.csproj::TargetFramework=net48]
C:\Users\Nhan\OneDrive - Rincovitch\00. Nhan\CSharp\RincoMTO\BIMTOOL\obj\Release R26\Tools\MTO Smart Tag\UI\MtoSmartTagWindow.g.cs(1,142): error CS1056: Unexpected character '\0' [C:\Users\Nhan\OneDrive - Rincovitch\00. Nhan\CSharp\RincoMTO\RincoMTO_fsauzi5n_wpftmp.csproj::TargetFramework=net48]
C:\Users\Nhan\OneDrive - Rincovitch\00. Nhan\CSharp\RincoMTO\BIMTOOL\obj\Release R26\Tools\MTO Smart Tag\UI\MtoSmartTagWindow.g.cs(1,143): error CS1056: Unexpected character '\0' [C:\Users\Nhan\OneDrive - Rincovitch\00. Nhan\CSharp\RincoMTO\RincoMTO_fsauzi5n_wpftmp.csproj::TargetFramework=net48]
C:\Users\Nhan\OneDrive - Rincovitch\00. Nhan\CSharp\RincoMTO\BIMTOOL\obj\Release R26\Tools\MTO Smart Tag\UI\MtoSmartTagWindow.g.cs(1,144): error CS1056: Unexpected character '\0' [C:\Users\Nhan\OneDrive - Rincovitch\00. Nhan\CSharp\RincoMTO\RincoMTO_fsauzi5n_wpftmp.csproj::TargetFramework=net48]
C:\Users\Nhan\OneDrive - Rincovitch\00. Nhan\CSharp\RincoMTO\BIMTOOL\obj\Release R26\Tools\MTO Smart Tag\UI\MtoSmartTagWindow.g.cs(1,145): error CS1056: Unexpected character '\0' [C:\Users\Nhan\OneDrive - Rincovitch\00. Nhan\CSharp\RincoMTO\RincoMTO_fsauzi5n_wpftmp.csproj::TargetFramework=net48]
C:\Users\Nhan\OneDrive - Rincovitch\00. Nhan\CSharp\RincoMTO\BIMTOOL\obj\Release R26\Tools\MTO Smart Tag\UI\MtoSmartTagWindow.g.cs(1,146): error CS1056: Unexpected character '\0' [C:\Users\Nhan\OneDrive - Rincovitch\00. Nhan\CSharp\RincoMTO\RincoMTO_fsauzi5n_wpftmp.csproj::TargetFramework=net48]
C:\Users\Nhan\OneDrive - Rincovitch\00. Nhan\CSharp\RincoMTO\BIMTOOL\obj\Release R26\Tools\MTO Smart Tag\UI\MtoSmartTagWindow.g.cs(1,147): error CS1056: Unexpected character '\0' [C:\Users\Nhan\OneDrive - Rincovitch\00. Nhan\CSharp\RincoMTO\RincoMTO_fsauzi5n_wpftmp.csproj::TargetFramework=net48]
C:\Users\Nhan\OneDrive - Rincovitch\00. Nhan\CSharp\RincoMTO\BIMTOOL\obj\Release R26\Tools\MTO Smart Tag\UI\MtoSmartTagWindow.g.cs(1,148): error CS1056: Unexpected character '\0' [C:\Users\Nhan\OneDrive - Rincovitch\00. Nhan\CSharp\RincoMTO\RincoMTO_fsauzi5n_wpftmp.csproj::TargetFramework=net48]
C:\Users\Nhan\OneDrive - Rincovitch\00. Nhan\CSharp\RincoMTO\BIMTOOL\obj\Release R26\Tools\MTO Smart Tag\UI\MtoSmartTagWindow.g.cs(1,149): error CS1056: Unexpected character '\0' [C:\Users\Nhan\OneDrive - Rincovitch\00. Nhan\CSharp\RincoMTO\RincoMTO_fsauzi5n_wpftmp.csproj::TargetFramework=net48]
C:\Users\Nhan\OneDrive - Rincovitch\00. Nhan\CSharp\RincoMTO\BIMTOOL\obj\Release R26\Tools\MTO Smart Tag\UI\MtoSmartTagWindow.g.cs(1,150): error CS1056: Unexpected character '\0' [C:\Users\Nhan\OneDrive - Rincovitch\00. Nhan\CSharp\RincoMTO\RincoMTO_fsauzi5n_wpftmp.csproj::TargetFramework=net48]
C:\Users\Nhan\OneDrive - Rincovitch\00. Nhan\CSharp\RincoMTO\BIMTOOL\obj\Release R26\Tools\MTO Smart Tag\UI\MtoSmartTagWindow.g.cs(1,151): error CS1056: Unexpected character '\0' [C:\Users\Nhan\OneDrive - Rincovitch\00. Nhan\CSharp\RincoMTO\RincoMTO_fsauzi5n_wpftmp.csproj::TargetFramework=net48]
C:\Users\Nhan\OneDrive - Rincovitch\00. Nhan\CSharp\RincoMTO\BIMTOOL\obj\Release R26\Tools\MTO Smart Tag\UI\MtoSmartTagWindow.g.cs(1,152): error CS1056: Unexpected character '\0' [C:\Users\Nhan\OneDrive - Rincovitch\00. Nhan\CSharp\RincoMTO\RincoMTO_fsauzi5n_wpftmp.csproj::TargetFramework=net48]
C:\Users\Nhan\OneDrive - Rincovitch\00. Nhan\CSharp\RincoMTO\BIMTOOL\obj\Release R26\Tools\MTO Smart Tag\UI\MtoSmartTagWindow.g.cs(1,153): error CS1056: Unexpected character '\0' [C:\Users\Nhan\OneDrive - Rincovitch\00. Nhan\CSharp\RincoMTO\RincoMTO_fsauzi5n_wpftmp.csproj::TargetFramework=net48]
C:\Users\Nhan\OneDrive - Rincovitch\00. Nhan\CSharp\RincoMTO\BIMTOOL\obj\Release R26\Tools\MTO Smart Tag\UI\MtoSmartTagWindow.g.cs(1,154): error CS1056: Unexpected character '\0' [C:\Users\Nhan\OneDrive - Rincovitch\00. Nhan\CSharp\RincoMTO\RincoMTO_fsauzi5n_wpftmp.csproj::TargetFramework=net48]
C:\Users\Nhan\OneDrive - Rincovitch\00. Nhan\CSharp\RincoMTO\BIMTOOL\obj\Release R26\Tools\MTO Smart Tag\UI\MtoSmartTagWindow.g.cs(1,155): error CS1056: Unexpected character '\0' [C:\Users\Nhan\OneDrive - Rincovitch\00. Nhan\CSharp\RincoMTO\RincoMTO_fsauzi5n_wpftmp.csproj::TargetFramework=net48]
C:\Users\Nhan\OneDrive - Rincovitch\00. Nhan\CSharp\RincoMTO\BIMTOOL\obj\Release R26\Tools\MTO Smart Tag\UI\MtoSmartTagWindow.g.cs(1,156): error CS1056: Unexpected character '\0' [C:\Users\Nhan\OneDrive - Rincovitch\00. Nhan\CSharp\RincoMTO\RincoMTO_fsauzi5n_wpftmp.csproj::TargetFramework=net48]
C:\Users\Nhan\OneDrive - Rincovitch\00. Nhan\CSharp\RincoMTO\BIMTOOL\obj\Release R26\Tools\MTO Smart Tag\UI\MtoSmartTagWindow.g.cs(1,157): error CS1056: Unexpected character '\0' [C:\Users\Nhan\OneDrive - Rincovitch\00. Nhan\CSharp\RincoMTO\RincoMTO_fsauzi5n_wpftmp.csproj::TargetFramework=net48]
C:\Users\Nhan\OneDrive - Rincovitch\00. Nhan\CSharp\RincoMTO\BIMTOOL\obj\Release R26\Tools\MTO Smart Tag\UI\MtoSmartTagWindow.g.cs(1,158): error CS1056: Unexpected character '\0' [C:\Users\Nhan\OneDrive - Rincovitch\00. Nhan\CSharp\RincoMTO\RincoMTO_fsauzi5n_wpftmp.csproj::TargetFramework=net48]
C:\Users\Nhan\OneDrive - Rincovitch\00. Nhan\CSharp\RincoMTO\BIMTOOL\obj\Release R26\Tools\MTO Smart Tag\UI\MtoSmartTagWindow.g.cs(1,159): error CS1056: Unexpected character '\0' [C:\Users\Nhan\OneDrive - Rincovitch\00. Nhan\CSharp\RincoMTO\RincoMTO_fsauzi5n_wpftmp.csproj::TargetFramework=net48]
C:\Users\Nhan\OneDrive - Rincovitch\00. Nhan\CSharp\RincoMTO\BIMTOOL\obj\Release R26\Tools\MTO Smart Tag\UI\MtoSmartTagWindow.g.cs(1,160): error CS1056: Unexpected character '\0' [C:\Users\Nhan\OneDrive - Rincovitch\00. Nhan\CSharp\RincoMTO\RincoMTO_fsauzi5n_wpftmp.csproj::TargetFramework=net48]
C:\Users\Nhan\OneDrive - Rincovitch\00. Nhan\CSharp\RincoMTO\BIMTOOL\obj\Release R26\Tools\MTO Smart Tag\UI\MtoSmartTagWindow.g.cs(1,161): error CS1056: Unexpected character '\0' [C:\Users\Nhan\OneDrive - Rincovitch\00. Nhan\CSharp\RincoMTO\RincoMTO_fsauzi5n_wpftmp.csproj::TargetFramework=net48]
C:\Users\Nhan\OneDrive - Rincovitch\00. Nhan\CSharp\RincoMTO\BIMTOOL\obj\Release R26\Tools\MTO Smart Tag\UI\MtoSmartTagWindow.g.cs(1,162): error CS1056: Unexpected character '\0' [C:\Users\Nhan\OneDrive - Rincovitch\00. Nhan\CSharp\RincoMTO\RincoMTO_fsauzi5n_wpftmp.csproj::TargetFramework=net48]
C:\Users\Nhan\OneDrive - Rincovitch\00. Nhan\CSharp\RincoMTO\BIMTOOL\obj\Release R26\Tools\MTO Smart Tag\UI\MtoSmartTagWindow.g.cs(1,163): error CS1056: Unexpected character '\0' [C:\Users\Nhan\OneDrive - Rincovitch\00. Nhan\CSharp\RincoMTO\RincoMTO_fsauzi5n_wpftmp.csproj::TargetFramework=net48]
C:\Users\Nhan\OneDrive - Rincovitch\00. Nhan\CSharp\RincoMTO\BIMTOOL\obj\Release R26\Tools\MTO Smart Tag\UI\MtoSmartTagWindow.g.cs(1,164): error CS1056: Unexpected character '\0' [C:\Users\Nhan\OneDrive - Rincovitch\00. Nhan\CSharp\RincoMTO\RincoMTO_fsauzi5n_wpftmp.csproj::TargetFramework=net48]
C:\Users\Nhan\OneDrive - Rincovitch\00. Nhan\CSharp\RincoMTO\BIMTOOL\obj\Release R26\Tools\MTO Smart Tag\UI\MtoSmartTagWindow.g.cs(1,165): error CS1056: Unexpected character '\0' [C:\Users\Nhan\OneDrive - Rincovitch\00. Nhan\CSharp\RincoMTO\RincoMTO_fsauzi5n_wpftmp.csproj::TargetFramework=net48]
C:\Users\Nhan\OneDrive - Rincovitch\00. Nhan\CSharp\RincoMTO\BIMTOOL\obj\Release R26\Tools\MTO Smart Tag\UI\MtoSmartTagWindow.g.cs(1,166): error CS1056: Unexpected character '\0' [C:\Users\Nhan\OneDrive - Rincovitch\00. Nhan\CSharp\RincoMTO\RincoMTO_fsauzi5n_wpftmp.csproj::TargetFramework=net48]
C:\Users\Nhan\OneDrive - Rincovitch\00. Nhan\CSharp\RincoMTO\BIMTOOL\obj\Release R26\Tools\MTO Smart Tag\UI\MtoSmartTagWindow.g.cs(1,167): error CS1056: Unexpected character '\0' [C:\Users\Nhan\OneDrive - Rincovitch\00. Nhan\CSharp\RincoMTO\RincoMTO_fsauzi5n_wpftmp.csproj::TargetFramework=net48]
C:\Users\Nhan\OneDrive - Rincovitch\00. Nhan\CSharp\RincoMTO\BIMTOOL\obj\Release R26\Tools\MTO Smart Tag\UI\MtoSmartTagWindow.g.cs(1,168): error CS1056: Unexpected character '\0' [C:\Users\Nhan\OneDrive - Rincovitch\00. Nhan\CSharp\RincoMTO\RincoMTO_fsauzi5n_wpftmp.csproj::TargetFramework=net48]
C:\Users\Nhan\OneDrive - Rincovitch\00. Nhan\CSharp\RincoMTO\BIMTOOL\obj\Release R26\Tools\MTO Smart Tag\UI\MtoSmartTagWindow.g.cs(1,169): error CS1056: Unexpected character '\0' [C:\Users\Nhan\OneDrive - Rincovitch\00. Nhan\CSharp\RincoMTO\RincoMTO_fsauzi5n_wpftmp.csproj::TargetFramework=net48]
C:\Users\Nhan\OneDrive - Rincovitch\00. Nhan\CSharp\RincoMTO\BIMTOOL\obj\Release R26\Tools\MTO Smart Tag\UI\MtoSmartTagWindow.g.cs(1,170): error CS1056: Unexpected character '\0' [C:\Users\Nhan\OneDrive - Rincovitch\00. Nhan\CSharp\RincoMTO\RincoMTO_fsauzi5n_wpftmp.csproj::TargetFramework=net48]
C:\Users\Nhan\OneDrive - Rincovitch\00. Nhan\CSharp\RincoMTO\BIMTOOL\obj\Release R26\Tools\MTO Smart Tag\UI\MtoSmartTagWindow.g.cs(1,171): error CS1056: Unexpected character '\0' [C:\Users\Nhan\OneDrive - Rincovitch\00. Nhan\CSharp\RincoMTO\RincoMTO_fsauzi5n_wpftmp.csproj::TargetFramework=net48]
C:\Users\Nhan\OneDrive - Rincovitch\00. Nhan\CSharp\RincoMTO\BIMTOOL\obj\Release R26\Tools\MTO Smart Tag\UI\MtoSmartTagWindow.g.cs(1,172): error CS1056: Unexpected character '\0' [C:\Users\Nhan\OneDrive - Rincovitch\00. Nhan\CSharp\RincoMTO\RincoMTO_fsauzi5n_wpftmp.csproj::TargetFramework=net48]
C:\Users\Nhan\OneDrive - Rincovitch\00. Nhan\CSharp\RincoMTO\BIMTOOL\obj\Release R26\Tools\MTO Smart Tag\UI\MtoSmartTagWindow.g.cs(1,173): error CS1056: Unexpected character '\0' [C:\Users\Nhan\OneDrive - Rincovitch\00. Nhan\CSharp\RincoMTO\RincoMTO_fsauzi5n_wpftmp.csproj::TargetFramework=net48]
C:\Users\Nhan\OneDrive - Rincovitch\00. Nhan\CSharp\RincoMTO\BIMTOOL\obj\Release R26\Tools\MTO Smart Tag\UI\MtoSmartTagWindow.g.cs(1,174): error CS1056: Unexpected character '\0' [C:\Users\Nhan\OneDrive - Rincovitch\00. Nhan\CSharp\RincoMTO\RincoMTO_fsauzi5n_wpftmp.csproj::TargetFramework=net48]
C:\Users\Nhan\OneDrive - Rincovitch\00. Nhan\CSharp\RincoMTO\BIMTOOL\obj\Release R26\Tools\MTO Smart Tag\UI\MtoSmartTagWindow.g.cs(1,175): error CS1056: Unexpected character '\0' [C:\Users\Nhan\OneDrive - Rincovitch\00. Nhan\CSharp\RincoMTO\RincoMTO_fsauzi5n_wpftmp.csproj::TargetFramework=net48]
C:\Users\Nhan\OneDrive - Rincovitch\00. Nhan\CSharp\RincoMTO\BIMTOOL\obj\Release R26\Tools\MTO Smart Tag\UI\MtoSmartTagWindow.g.cs(1,176): error CS1056: Unexpected character '\0' [C:\Users\Nhan\OneDrive - Rincovitch\00. Nhan\CSharp\RincoMTO\RincoMTO_fsauzi5n_wpftmp.csproj::TargetFramework=net48]
C:\Users\Nhan\OneDrive - Rincovitch\00. Nhan\CSharp\RincoMTO\BIMTOOL\obj\Release R26\Tools\MTO Smart Tag\UI\MtoSmartTagWindow.g.cs(1,177): error CS1056: Unexpected character '\0' [C:\Users\Nhan\OneDrive - Rincovitch\00. Nhan\CSharp\RincoMTO\RincoMTO_fsauzi5n_wpftmp.csproj::TargetFramework=net48]
C:\Users\Nhan\OneDrive - Rincovitch\00. Nhan\CSharp\RincoMTO\BIMTOOL\obj\Release R26\Tools\MTO Smart Tag\UI\MtoSmartTagWindow.g.cs(1,178): error CS1056: Unexpected character '\0' [C:\Users\Nhan\OneDrive - Rincovitch\00. Nhan\CSharp\RincoMTO\RincoMTO_fsauzi5n_wpftmp.csproj::TargetFramework=net48]
C:\Users\Nhan\OneDrive - Rincovitch\00. Nhan\CSharp\RincoMTO\BIMTOOL\obj\Release R26\Tools\MTO Smart Tag\UI\MtoSmartTagWindow.g.cs(1,179): error CS1056: Unexpected character '\0' [C:\Users\Nhan\OneDrive - Rincovitch\00. Nhan\CSharp\RincoMTO\RincoMTO_fsauzi5n_wpftmp.csproj::TargetFramework=net48]
C:\Users\Nhan\OneDrive - Rincovitch\00. Nhan\CSharp\RincoMTO\BIMTOOL\obj\Release R26\Tools\MTO Smart Tag\UI\MtoSmartTagWindow.g.cs(1,180): error CS1056: Unexpected character '\0' [C:\Users\Nhan\OneDrive - Rincovitch\00. Nhan\CSharp\RincoMTO\RincoMTO_fsauzi5n_wpftmp.csproj::TargetFramework=net48]
C:\Users\Nhan\OneDrive - Rincovitch\00. Nhan\CSharp\RincoMTO\BIMTOOL\obj\Release R26\Tools\MTO Smart Tag\UI\MtoSmartTagWindow.g.cs(1,181): error CS1056: Unexpected character '\0' [C:\Users\Nhan\OneDrive - Rincovitch\00. Nhan\CSharp\RincoMTO\RincoMTO_fsauzi5n_wpftmp.csproj::TargetFramework=net48]
C:\Users\Nhan\OneDrive - Rincovitch\00. Nhan\CSharp\RincoMTO\BIMTOOL\obj\Release R26\Tools\MTO Smart Tag\UI\MtoSmartTagWindow.g.cs(1,182): error CS1056: Unexpected character '\0' [C:\Users\Nhan\OneDrive - Rincovitch\00. Nhan\CSharp\RincoMTO\RincoMTO_fsauzi5n_wpftmp.csproj::TargetFramework=net48]
C:\Users\Nhan\OneDrive - Rincovitch\00. Nhan\CSharp\RincoMTO\BIMTOOL\obj\Release R26\Tools\MTO Smart Tag\UI\MtoSmartTagWindow.g.cs(1,183): error CS1056: Unexpected character '\0' [C:\Users\Nhan\OneDrive - Rincovitch\00. Nhan\CSharp\RincoMTO\RincoMTO_fsauzi5n_wpftmp.csproj::TargetFramework=net48]
C:\Users\Nhan\OneDrive - Rincovitch\00. Nhan\CSharp\RincoMTO\BIMTOOL\obj\Release R26\Tools\MTO Smart Tag\UI\MtoSmartTagWindow.g.cs(1,184): error CS1056: Unexpected character '\0' [C:\Users\Nhan\OneDrive - Rincovitch\00. Nhan\CSharp\RincoMTO\RincoMTO_fsauzi5n_wpftmp.csproj::TargetFramework=net48]
C:\Users\Nhan\OneDrive - Rincovitch\00. Nhan\CSharp\RincoMTO\BIMTOOL\obj\Release R26\Tools\MTO Smart Tag\UI\MtoSmartTagWindow.g.cs(1,185): error CS1056: Unexpected character '\0' [C:\Users\Nhan\OneDrive - Rincovitch\00. Nhan\CSharp\RincoMTO\RincoMTO_fsauzi5n_wpftmp.csproj::TargetFramework=net48]
C:\Users\Nhan\OneDrive - Rincovitch\00. Nhan\CSharp\RincoMTO\BIMTOOL\obj\Release R26\Tools\MTO Smart Tag\UI\MtoSmartTagWindow.g.cs(1,186): error CS1056: Unexpected character '\0' [C:\Users\Nhan\OneDrive - Rincovitch\00. Nhan\CSharp\RincoMTO\RincoMTO_fsauzi5n_wpftmp.csproj::TargetFramework=net48]
C:\Users\Nhan\OneDrive - Rincovitch\00. Nhan\CSharp\RincoMTO\BIMTOOL\obj\Release R26\Tools\MTO Smart Tag\UI\MtoSmartTagWindow.g.cs(1,187): error CS1056: Unexpected character '\0' [C:\Users\Nhan\OneDrive - Rincovitch\00. Nhan\CSharp\RincoMTO\RincoMTO_fsauzi5n_wpftmp.csproj::TargetFramework=net48]
C:\Users\Nhan\OneDrive - Rincovitch\00. Nhan\CSharp\RincoMTO\BIMTOOL\obj\Release R26\Tools\MTO Smart Tag\UI\MtoSmartTagWindow.g.cs(1,188): error CS1056: Unexpected character '\0' [C:\Users\Nhan\OneDrive - Rincovitch\00. Nhan\CSharp\RincoMTO\RincoMTO_fsauzi5n_wpftmp.csproj::TargetFramework=net48]
C:\Users\Nhan\OneDrive - Rincovitch\00. Nhan\CSharp\RincoMTO\BIMTOOL\obj\Release R26\Tools\MTO Smart Tag\UI\MtoSmartTagWindow.g.cs(1,189): error CS1056: Unexpected character '\0' [C:\Users\Nhan\OneDrive - Rincovitch\00. Nhan\CSharp\RincoMTO\RincoMTO_fsauzi5n_wpftmp.csproj::TargetFramework=net48]
C:\Users\Nhan\OneDrive - Rincovitch\00. Nhan\CSharp\RincoMTO\BIMTOOL\obj\Release R26\Tools\MTO Smart Tag\UI\MtoSmartTagWindow.g.cs(1,190): error CS1056: Unexpected character '\0' [C:\Users\Nhan\OneDrive - Rincovitch\00. Nhan\CSharp\RincoMTO\RincoMTO_fsauzi5n_wpftmp.csproj::TargetFramework=net48]
C:\Users\Nhan\OneDrive - Rincovitch\00. Nhan\CSharp\RincoMTO\BIMTOOL\obj\Release R26\Tools\MTO Smart Tag\UI\MtoSmartTagWindow.g.cs(1,191): error CS1056: Unexpected character '\0' [C:\Users\Nhan\OneDrive - Rincovitch\00. Nhan\CSharp\RincoMTO\RincoMTO_fsauzi5n_wpftmp.csproj::TargetFramework=net48]
C:\Users\Nhan\OneDrive - Rincovitch\00. Nhan\CSharp\RincoMTO\BIMTOOL\obj\Release R26\Tools\MTO Smart Tag\UI\MtoSmartTagWindow.g.cs(1,192): error CS1056: Unexpected character '\0' [C:\Users\Nhan\OneDrive - Rincovitch\00. Nhan\CSharp\RincoMTO\RincoMTO_fsauzi5n_wpftmp.csproj::TargetFramework=net48]
C:\Users\Nhan\OneDrive - Rincovitch\00. Nhan\CSharp\RincoMTO\BIMTOOL\obj\Release R26\Tools\MTO Smart Tag\UI\MtoSmartTagWindow.g.cs(1,193): error CS1056: Unexpected character '\0' [C:\Users\Nhan\OneDrive - Rincovitch\00. Nhan\CSharp\RincoMTO\RincoMTO_fsauzi5n_wpftmp.csproj::TargetFramework=net48]
C:\Users\Nhan\OneDrive - Rincovitch\00. Nhan\CSharp\RincoMTO\BIMTOOL\obj\Release R26\Tools\MTO Smart Tag\UI\MtoSmartTagWindow.g.cs(1,194): error CS1056: Unexpected character '\0' [C:\Users\Nhan\OneDrive - Rincovitch\00. Nhan\CSharp\RincoMTO\RincoMTO_fsauzi5n_wpftmp.csproj::TargetFramework=net48]
C:\Users\Nhan\OneDrive - Rincovitch\00. Nhan\CSharp\RincoMTO\BIMTOOL\obj\Release R26\Tools\MTO Smart Tag\UI\MtoSmartTagWindow.g.cs(1,195): error CS1056: Unexpected character '\0' [C:\Users\Nhan\OneDrive - Rincovitch\00. Nhan\CSharp\RincoMTO\RincoMTO_fsauzi5n_wpftmp.csproj::TargetFramework=net48]
C:\Users\Nhan\OneDrive - Rincovitch\00. Nhan\CSharp\RincoMTO\BIMTOOL\obj\Release R26\Tools\MTO Smart Tag\UI\MtoSmartTagWindow.g.cs(1,196): error CS1056: Unexpected character '\0' [C:\Users\Nhan\OneDrive - Rincovitch\00. Nhan\CSharp\RincoMTO\RincoMTO_fsauzi5n_wpftmp.csproj::TargetFramework=net48]
C:\Users\Nhan\OneDrive - Rincovitch\00. Nhan\CSharp\RincoMTO\BIMTOOL\obj\Release R26\Tools\MTO Smart Tag\UI\MtoSmartTagWindow.g.cs(1,197): error CS1056: Unexpected character '\0' [C:\Users\Nhan\OneDrive - Rincovitch\00. Nhan\CSharp\RincoMTO\RincoMTO_fsauzi5n_wpftmp.csproj::TargetFramework=net48]
C:\Users\Nhan\OneDrive - Rincovitch\00. Nhan\CSharp\RincoMTO\BIMTOOL\obj\Release R26\Tools\MTO Smart Tag\UI\MtoSmartTagWindow.g.cs(1,198): error CS1056: Unexpected character '\0' [C:\Users\Nhan\OneDrive - Rincovitch\00. Nhan\CSharp\RincoMTO\RincoMTO_fsauzi5n_wpftmp.csproj::TargetFramework=net48]
C:\Users\Nhan\OneDrive - Rincovitch\00. Nhan\CSharp\RincoMTO\BIMTOOL\obj\Release R26\Tools\MTO Smart Tag\UI\MtoSmartTagWindow.g.cs(1,199): error CS1056: Unexpected character '\0' [C:\Users\Nhan\OneDrive - Rincovitch\00. Nhan\CSharp\RincoMTO\RincoMTO_fsauzi5n_wpftmp.csproj::TargetFramework=net48]
C:\Users\Nhan\OneDrive - Rincovitch\00. Nhan\CSharp\RincoMTO\BIMTOOL\obj\Release R26\Tools\MTO Smart Tag\UI\MtoSmartTagWindow.g.cs(1,200): error CS1056: Unexpected character '\0' [C:\Users\Nhan\OneDrive - Rincovitch\00. Nhan\CSharp\RincoMTO\RincoMTO_fsauzi5n_wpftmp.csproj::TargetFramework=net48]
C:\Users\Nhan\OneDrive - Rincovitch\00. Nhan\CSharp\RincoMTO\BIMTOOL\obj\Release R26\Tools\MTO Smart Tag\UI\MtoSmartTagWindow.g.cs(1,201): error CS1056: Unexpected character '\0' [C:\Users\Nhan\OneDrive - Rincovitch\00. Nhan\CSharp\RincoMTO\RincoMTO_fsauzi5n_wpftmp.csproj::TargetFramework=net48]
C:\Users\Nhan\OneDrive - Rincovitch\00. Nhan\CSharp\RincoMTO\BIMTOOL\obj\Release R26\Tools\MTO Smart Tag\UI\MtoSmartTagWindow.g.cs(1,202): error CS1056: Unexpected character '\0\0\0\0\0\0\0\0\0\0\0\0\0\0\0\0\0\0\0\0\0\0\0\0\0\0\0\0\0\0\0\0\0\0\0\0\0\0\0\0\0\0\0\0\0\0\0\0\0\0\0\0\0\0\0\0\0\0\0\0\0\0\0\0\0\0\0\0\0\0\0\0\0\0\0\0\0\0\0\0\0\0\0\0\0\0\0\0\0\0\0\0\0\0\0\0\0\0\0\0\0\0\0\0\0\0\0\0\0\0\0\0\0\0\0\0\0\0\0\0\0\0\0\0\0\0\0\0\0\0\0\0\0\0\0\0\0\0\0\0\0\0\0\0\0\0\0\0\0\0\0\0\0\0\0\0\0\0\0\0\0\0\0\0\0\0\0\0\0\0\0\0\0\0\0\0\0\0\0\0\0\0\0\0\0\0\0\0\0\0\0\0\0\0\0\0\0\0\0\0\0\0\0\0\0\0\0\0\0\0\0\0\0\0\0\0\0\0\0\0\0\0\0\0\0\0\0\0\0\0\0\0\0\0\0\0\0\0\0\0\0\0\0\0\0\0\0\0\0\0\0\0\0\0\0\0\0\0\0\0\0\0\0\0\0\0\0\0\0\0\0\0\0\0\0\0\0\0\0\0\0\0\0\0\0\0\0\0\0\0\0\0\0\0\0\0\0\0\0\0\0\0\0\0\0\0\0\0\0\0\0\0\0\0\0\0\0\0\0\0\0\0\0\0\0\0\0\0\0\0\0\0\0\0\0\0\0\0\0\0\0\0\0\0\0\0\0\0\0\0\0\0\0\0\0\0\0\0\0\0\0\0\0\0\0\0\0\0\0\0\0\0\0\0\0\0\0\0\0\0\0\0\0\0\0\0\0\0\0\0\0\0\0\0\0\0\0\0\0\0\0\0\0\0\0\0\0\0\0\0\0\0\0\0\0\0\0\0\0\0\0\0\0\0\0\0\0\0\0\0\0\0\0\0\0\0\0\0\0\0\0\0\0\0\0\0\0\0\0\0\0\0\0\0\0\0\0\0\0\0\0\0\0\0\0\0\0\0\0\0\0\0\0\0\0\0\0\0\0\0\0\0\0\0\0\0\0\0\0\0\0\0\0\0\0\0\0\0\0\0\0\0\0\0\0\0\0\0\0\0\0\0\0\0\0\0\0\0\0\0\0\0\0\0\0\0\0\0\0\0\0\0\0\0\0\0\0\0\0\0\0\0\0\0\0\0\0\0\0\0\0\0\0\0\0\0\0\0\0\0\0\0\0\0\0\0\0\0\0\0\0\0\0\0\0\0\0\0\0\0\0\0\0\0\0\0\0\0\0\0\0\0\0\0\0\0\0\0\0\0\0\0\0\0\0\0\0\0\0\0\0\0\0\0\0\0\0\0\0\0\0\0\0\0\0\0\0\0\0\0\0\0\0\0\0\0\0\0\0\0\0\0\0\0\0\0\0\0\0\0\0\0\0\0\0\0\0\0\0\0\0\0\0\0\0\0\0\0\0\0\0\0\0\0\0\0\0\0\0\0\0\0\0\0\0\0\0\0\0\0\0\0\0\0\0\0\0\0\0\0\0\0\0\0\0\0\0\0\0\0\0\0\0\0\0\0\0\0\0\0\0\0\0\0\0\0\0\0\0\0\0\0\0\0\0\0\0\0\0\0\0\0\0\0\0\0\0\0\0\0\0\0\0\0\0\0\0\0\0\0\0\0\0\0\0\0\0\0\0\0\0\0\0\0\0\0\0\0\0\0\0\0\0\0\0\0\0\0\0\0\0\0\0\0\0\0\0\0\0\0\0\0\0\0\0\0\0\0\0\0\0\0\0\0\0\0\0\0\0\0\0\0\0\0\0\0\0\0\0\0\0\0\0\0\0\0\0\0\0\0\0\0\0\0\0\0\0\0\0\0\0\0\0\0\0\0\0\0\0\0\0\0\0\0\0\0\0\0\0\0\0\0\0\0\0\0\0\0\0\0\0\0\0\0\0\0\0\0\0\0\0\0\0\0\0\0\0\0\0\0\0\0\0\0\0\0\0\0\0\0\0\0\0\0\0\0\0\0\0\0\0\0\0\0\0\0\0\0\0\0\0\0\0\0\0\0\0\0\0\0\0\0\0\0\0\0\0\0\0\0\0\0\0\0\0\0\0\0\0\0\0\0\0\0\0\0\0\0\0\0\0\0\0\0\0\0\0\0\0\0\0\0\0\0\0\0\0\0\0\0\0\0\0\0\0\0\0\0\0\0\0\0\0\0\0\0\0\0\0\0\0\0\0\0\0\0\0\0\0\0\0\0\0\0\0\0\0\0\0\0\0\0\0\0\0\0\0\0\0\0\0\0\0\0\0\0\0\0\0\0\0\0\0\0\0\0\0\0\0\0\0\0\0\0\0\0\0\0\0\0\0\0\0\0\0\0\0\0\0\0\0\0\0\0\0\0\0\0\0\0\0\0\0\0\0\0\0\0\0\0\0\0\0\0\0\0\0\0\0\0\0\0\0\0\0\0\0\0\0\0\0\0\0\0\0\0\0\0\0\0\0\0\0\0\0\0\0\0\0\0\0\0\0\0\0\0\0\0\0\0\0\0\0\0\0\0\0\0\0\0\0\0\0\0\0\0\0\0\0\0\0\0\0\0\0\0\0\0\0\0\0\0\0\0\0\0\0\0\0\0\0\0\0\0\0\0\0\0\0\0\0\0\0\0\0\0\0\0\0\0\0\0\0\0\0\0\0\0\0\0\0\0\0\0\0\0\0\0\0\0\0\0\0\0\0\0\0\0\0\0\0\0\0\0\0\0\0\0\0\0\0\0\0\0\0\0\0\0\0\0\0\0\0\0\0\0\0\0\0\0\0\0\0\0\0\0\0\0\0\0\0\0\0\0\0\0\0\0\0\0\0\0\0\0\0\0\0\0\0\0\0\0\0\0\0\0\0\0\0\0\0\0\0\0\0\0\0\0\0\0\0\0\0\0\0\0\0\0\0\0\0\0\0\0\0\0\0\0\0\0\0\0\0\0\0\0\0\0\0\0\0\0\0\0\0\0\0\0\0\0\0\0\0\0\0\0\0\0\0\0\0\0\0\0\0\0\0\0\0\0\0\0\0\0\0\0\0\0\0\0\0\0\0\0\0\0\0\0\0\0\0\0\0\0\0\0\0\0\0\0\0\0\0\0\0\0\0\0\0\0\0\0\0\0\0\0\0\0\0\0\0\0\0\0\0\0\0\0\0\0\0\0\0\0\0\0\0\0\0\0\0\0\0\0\0\0\0\0\0\0\0\0\0\0\0\0\0\0\0\0\0\0\0\0\0\0\0\0\0\0\0\0\0\0\0\0\0\0\0\0\0\0\0\0\0\0\0\0\0\0\0\0\0\0\0\0\0\0\0\0\0\0\0\0\0\0\0\0\0\0\0\0\0\0\0\0\0\0\0\0\0\0\0\0\0\0\0\0\0\0\0\0\0\0\0\0\0\0\0\0\0\0\0\0\0\0\0\0\0\0\0\0\0\0\0\0\0\0\0\0\0\0\0\0\0\0\0\0\0\0\0\0\0\0\0\0\0\0\0\0\0\0\0\0\0\0\0\0\0\0\0\0\0\0\0\0\0\0\0\0\0\0\0\0\0\0\0\0\0\0\0\0\0\0\0\0\0\0\0\0\0\0\0\0\0\0\0\0\0\0\0\0\0\0\0\0\0\0\0\0\0\0\0\0\0\0\0\0\0\0\0\0\0\0\0\0\0\0\0\0\0\0\0\0\0\0\0\0\0\0\0\0\0\0\0\0\0\0\0\0\0\0\0\0\0\0\0\0\0\0\0\0\0\0\0\0\0\0\0\0\0\0\0\0\0\0\0\0\0\0\0\0\0\0\0\0\0\0\0\0\0\0\0\0\0\0\0\0\0\0\0\0\0\0\0\0\0\0\0\0\0\0\0\0\0\0\0\0\0\0\0\0\0\0\0\0\0\0\0\0\0\0\0\0\0\0\0\0\0\0\0\0\0\0\0\0\0\0\0\0\0\0\0\0\0\0\0\0\0\0\0\0\0\0\0\0\0\0\0\0\0\0\0\0\0\0\0\0\0\0\0\0\0\0\0\0\0\0\0\0\0\0\0\0\0\0\0\0\0\0\0\0\0\0\0\0\0\0\0\0\0\0\0\0\0\0\0\0\0\0\0\0\0\0\0\0\0\0\0\0\0\0\0\0\0\0\0\0\0\0\0\0\0\0\0\0\0\0\0\0\0\0\0\0\0\0\0\0\0\0\0\0\0\0\0\0\0\0\0\0\0\0\0\0\0\0\0\0\0\0\0\0\0\0\0\0\0\0\0\0\0\0\0\0\0\0\0\0\0\0\0\0\0\0\0\0\0\0\0\0\0\0\0\0\0\0\0\0\0\0\0\0\0\0\0\0\0\0\0\0\0\0\0\0\0\0\0\0\0\0\0\0\0\0\0\0\0\0\0\0\0\0\0\0\0\0\0\0\0\0\0\0\0\0\0\0\0\0\0\0\0\0\0\0\0\0\0\0\0\0\0\0\0\0\0\0\0\0\0\0\0\0\0\0\0\0\0\0\0\0\0\0\0\0\0\0\0\0\0\0\0\0\0\0\0\0\0\0\0\0\0\0\0\0\0\0\0\0\0\0\0\0\0\0\0\0\0\0\0\0\0\0\0\0\0\0\0\0\0\0\0\0\0\0\0\0\0\0\0\0\0\0\0\0\0\0\0\0\0\0\0\0\0\0\0\0\0\0\0\0\0\0\0\0\0\0\0\0\0\0\0\0\0\0\0\0\0\0\0\0\0\0\0\0\0\0\0\0\0\0\0\0\0\0\0\0\0\0\0\0\0\0\0\0\0\0\0\0\0\0\0\0\0\0\0\0\0\0\0\0\0\0\0\0\0\0\0\0\0\0\0\0\0\0\0\0\0\0\0\0\0\0\0\0\0\0\0\0\0\0\0\0\0\0\0\0\0\0\0\0\0\0\0\0\0\0\0\0\0\0\0\0\0\0\0\0\0\0\0\0\0\0\0\0\0\0\0\0\0\0\0\0\0\0\0\0\0\0\0\0\0\0\0\0\0\0\0\0\0\0\0\0\0\0\0\0\0\0\0\0\0\0\0\0\0\0\0\0\0\0\0\0\0\0\0\0\0\0\0\0\0\0\0\0\0\0\0\0\0\0\0\0\0\0\0\0\0\0\0\0\0\0\0\0\0\0\0\0\0\0\0\0\0\0\0\0\0\0\0\0\0\0\0\0\0\0\0\0\0\0\0\0\0\0\0\0\0\0\0\0\0\0\0\0\0\0\0\0\0\0\0\0\0\0\0\0\0\0\0\0\0\0\0\0\0\0\0\0\0\0\0\0\0\0\0\0\0\0\0\0\0\0\0\0\0\0\0\0\0\0\0\0\0\0\0\0\0\0\0\0\0\0\0\0\0\0\0\0\0\0\0\0\0\0\0\0\0\0\0\0\0\0\0\0\0\0\0\0\0\0\0\0\0\0\0\0\0\0\0\0\0\0\0\0\0\0\0\0\0\0\0\0\0\0\0\0\0\0\0\0\0\0\0\0\0\0\0\0\0\0\0\0\0\0\0\0\0\0\0\0\0\0\0\0\0\0\0\0\0\0\0\0\0\0\0\0\0\0\0\0\0\0\0\0\0\0\0\0\0\0\0\0\0\0\0\0\0\0\0\0\0\0\0\0\0\0\0\0\0\0\0\0\0\0\0\0\0\0\0\0\0\0\0\0\0\0\0\0\0\0\0\0\0\0\0\0\0\0\0\0\0\0\0\0\0\0\0\0\0\0\0\0\0\0\0\0\0\0\0\0\0\0\0\0\0\0\0\0\0\0\0\0\0\0\0\0\0\0\0\0\0\0\0\0\0\0\0\0\0\0\0\0\0\0\0\0\0\0\0\0\0\0\0\0\0\0\0\0\0\0\0\0\0\0\0\0\0\0\0\0\0\0\0\0\0\0\0\0\0\0\0\0\0\0\0\0\0\0\0\0\0\0\0\0\0\0\0\0\0\0\0\0\0\0\0\0\0\0\0\0\0\0\0\0\0\0\0\0\0\0\0\0\0\0\0\0\0\0\0\0\0\0\0\0\0\0\0\0\0\0\0\0\0\0\0\0\0\0\0\0\0\0\0\0\0\0\0\0\0\0\0\0\0\0\0\0\0\0\0\0\0\0\0\0\0\0\0\0\0\0\0\0\0\0\0\0\0\0\0\0\0\0\0\0\0\0\0\0\0\0\0\0\0\0\0\0\0\0\0\0\0\0\0\0\0\0\0\0\0\0\0\0\0\0\0\0\0\0\0\0\0\0\0\0\0\0\0\0\0\0\0\0\0\0\0\0\0\0\0\0\0\0\0\0\0\0\0\0\0\0\0\0\0\0\0\0\0\0\0\0\0\0\0\0\0\0\0\0\0\0\0\0\0\0\0\0\0\0\0\0\0\0\0\0\0\0\0\0\0\0\0\0\0\0\0\0\0\0\0\0\0\0\0\0\0\0\0\0\0\0\0\0\0\0\0\0\0\0\0\0\0\0\0\0\0\0\0\0\0\0\0\0\0\0\0\0\0\0\0\0\0\0\0\0\0\0\0\0\0\0\0\0\0\0\0\0\0\0\0\0\0\0\0\0\0\0\0\0\0\0\0\0\0\0\0\0\0\0\0\0\0\0\0\0\0\0\0\0\0\0\0\0\0\0\0\0\0\0\0\0\0\0\0\0\0\0\0\0\0\0\0\0\0\0\0\0\0\0\0\0\0\0\0\0\0\0\0\0\0\0\0\0\0\0\0\0\0\0\0\0\0\0\0\0\0\0\0\0\0\0\0\0\0\0\0\0\0\0\0\0\0\0\0\0\0\0\0\0\0\0\0\0\0\0\0\0\0\0\0\0\0\0\0\0\0\0\0\0\0\0\0\0\0\0\0\0\0\0\0\0\0\0\0\0\0\0\0\0\0\0\0\0\0\0\0\0\0\0\0\0\0\0\0\0\0\0\0\0\0\0\0\0\0\0\0\0\0\0\0\0\0\0\0\0\0\0\0\0\0\0\0\0\0\0\0\0\0\0\0\0\0\0\0\0\0\0\0\0\0\0\0\0\0\0\0\0\0\0\0\0\0\0\0\0\0\0\0\0\0\0\0\0\0\0\0\0\0\0\0\0\0\0\0\0\0\0\0\0\0\0\0\0\0\0\0\0\0\0\0\0\0\0\0\0\0\0\0\0\0\0\0\0\0\0\0\0\0\0\0\0\0\0\0\0\0\0\0\0\0\0\0\0\0\0\0\0\0\0\0\0\0\0\0\0\0\0\0\0\0\0\0\0\0\0\0\0\0\0\0\0\0\0\0\0\0\0\0\0\0\0\0\0\0\0\0\0\0\0\0\0\0\0\0\0\0\0\0\0\0\0\0\0\0\0\0\0\0\0\0\0\0\0\0\0\0\0\0\0\0\0\0\0\0\0\0\0\0\0\0\0\0\0\0\0\0\0\0\0\0\0\0\0\0\0\0\0\0\0\0\0\0\0\0\0\0\0\0\0\0\0\0\0\0\0\0\0\0\0\0\0\0\0\0\0\0\0\0\0\0\0\0\0\0\0\0\0\0\0\0\0\0\0\0\0\0\0\0\0\0\0\0\0\0\0\0\0\0\0\0\0\0\0\0\0\0\0\0\0\0\0\0\0\0\0\0\0\0\0\0\0\0\0\0\0\0\0\0\0\0\0\0\0\0\0\0\0\0\0\0\0\0\0\0\0\0\0\0\0\0\0\0\0\0\0\0\0\0\0\0\0\0\0\0\0\0\0\0\0\0\0\0\0\0\0\0\0\0\0\0\0\0\0\0\0\0\0\0\0\0\0\0\0\0\0\0\0\0\0\0\0\0\0\0\0\0\0\0\0\0\0\0\0\0\0\0\0\0\0\0\0\0\0\0\0\0\0\0\0\0\0\0\0\0\0\0\0\0\0\0\0\0\0\0\0\0\0\0\0\0\0\0\0\0\0\0\0\0\0\0\0\0\0\0\0\0\0\0\0\0\0\0\0\0\0\0\0\0\0\0\0\0\0\0\0\0\0\0\0\0\0\0\0\0\0\0\0\0\0\0\0\0\0\0\0\0\0\0\0\0\0\0\0\0\0\0\0\0\0\0\0\0\0\0\0\0\0\0\0\0\0\0\0\0\0\0\0\0\0\0\0\0\0\0\0\0\0\0\0\0\0\0\0\0\0\0\0\0\0\0\0\0\0\0\0\0\0\0\0\0\0\0\0\0\0\0\0\0\0\0\0\0\0\0\0\0\0\0\0\0\0\0\0\0\0\0\0\0\0\0\0\0\0\0\0\0\0\0\0\0\0\0\0\0\0\0\0\0\0\0\0\0\0\0\0\0\0\0\0\0\0\0\0\0\0\0\0\0\0\0\0\0\0\0\0\0\0\0\0\0\0\0\0\0\0\0\0\0\0\0\0\0\0\0\0\0\0\0\0\0\0\0\0\0\0\0\0\0\0\0\0\0\0\0\0\0\0\0\0\0\0\0\0\0\0\0\0\0\0\0\0\0\0\0\0\0\0\0\0\0\0\0\0\0\0\0\0\0\0\0\0\0\0\0\0\0\0\0\0\0\0\0\0\0\0\0\0\0\0\0\0\0\0\0\0\0\0\0\0\0\0\0\0\0\0\0\0\0\0\0\0\0\0\0\0\0\0\0\0\0\0\0\0\0\0\0\0\0\0\0\0\0\0\0\0\0\0\0\0\0\0\0\0\0\0\0\0\0\0\0\0\0\0\0\0\0\0\0\0\0\0\0\0\0\0\0\0\0\0\0\0\0\0\0\0\0\0\0\0\0\0\0\0\0\0\0\0\0\0\0\0\0\0\0\0\0\0\0\0\0\0\0\0\0\0\0\0\0\0\0\0\0\0\0\0\0\0\0\0\0\0\0\0\0\0\0\0\0\0\0\0\0\0\0\0\0\0\0\0\0\0\0\0\0\0\0\0\0\0\0\0\0\0\0\0\0\0\0\0\0\0\0\0\0\0\0\0\0\0\0\0\0\0\0\0\0\0\0\0\0\0\0\0\0\0\0\0\0\0\0\0\0\0\0\0\0\0\0\0\0\0\0\0\0\0\0\0\0\0\0\0\0\0\0\0\0\0\0\0\0\0\0\0\0\0\0\0\0\0\0\0\0\0\0\0\0\0\0\0\0\0\0\0\0\0\0\0\0\0\0\0\0\0\0\0\0\0\0\0\0\0\0\0\0\0\0\0\0\0\0\0\0\0\0\0\0\0\0\0\0\0\0\0\0\0\0\0\0\0\0\0\0\0\0\0\0\0\0\0\0\0\0\0\0\0\0\0\0\0\0\0\0\0\0\0\0\0\0\0\0\0\0\0\0\0\0\0\0\0\0\0\0\0\0\0\0\0\0\0\0\0\0\0\0\0\0\0\0\0\0\0\0\0\0\0\0\0\0\0\0\0\0\0\0\0\0\0\0\0\0\0\0\0\0\0\0\0\0\0\0\0\0\0\0\0\0\0\0\0\0\0\0\0\0\0\0\0\0\0\0\0\0\0\0\0\0\0\0\0\0\0\0\0\0\0\0\0\0\0\0\0\0\0\0\0\0\0\0\0\0\0\0\0\0\0\0\0\0\0\0\0\0\0\0\0\0\0\0\0\0\0\0\0\0\0\0\0\0\0\0\0\0\0\0\0\0\0\0\0\0\0\0\0\0\0\0\0\0\0\0\0\0\0\0\0\0\0\0\0\0\0\0\0\0\0\0\0\0\0\0\0\0\0\0\0\0\0\0\0\0\0\0\0\0\0\0\0\0\0\0\0\0\0\0\0\0\0\0\0\0\0\0\0\0\0\0\0\0\0\0\0\0\0\0\0\0\0\0\0\0\0\0\0\0\0\0\0\0\0\0\0\0\0\0\0\0\0\0\0\0\0\0\0\0\0\0\0\0\0\0\0\0\0\0\0\0\0\0\0\0\0\0\0\0\0\0\0\0\0\0\0\0\0\0\0\0\0\0\0\0\0\0\0\0\0\0\0\0\0\0\0\0\0\0\0\0\0\0\0\0\0\0\0\0\0\0\0\0\0\0\0\0\0\0\0\0\0\0\0\0\0\0\0\0\0\0\0\0\0\0\0\0\0\0\0\0\0\0\0\0\0\0\0\0\0\0\0\0\0\0\0\0\0\0\0\0\0\0\0\0\0\0\0\0\0\0\0\0\0\0\0\0\0\0\0\0\0\0\0\0\0\0\0\0\0\0\0\0\0\0\0\0\0\0\0\0\0\0\0\0\0\0\0\0\0\0\0\0\0\0\0\0\0\0\0\0\0\0\0\0\0\0\0\0\0\0\0\0\0\0\0\0\0\0\0\0\0\0\0\0\0\0\0\0\0\0\0\0\0\0\0\0\0\0\0\0\0\0\0\0\0\0\0\0\0\0\0\0\0\0\0\0\0\0\0\0\0\0\0\0\0\0\0\0\0\0\0\0\0\0\0\0\0\0\0\0\0\0\0\0\0\0\0\0\0\0\0\0\0\0\0\0\0\0\0\0\0\0\0\0\0\0\0\0\0\0\0\0\0\0\0\0\0\0\0\0\0\0\0\0\0\0\0\0\0\0\0\0\0\0\0\0\0\0\0\0\0\0\0\0\0\0\0\0\0\0\0\0\0\0\0\0\0\0\0\0\0\0\0\0\0\0\0\0\0\0\0\0\0\0\0\0\0\0\0\0\0\0\0\0\0\0\0\0\0\0\0\0\0\0\0\0\0\0\0\0\0\0\0\0\0\0\0\0\0\0\0\0\0\0\0\0\0\0\0\0\0\0\0\0\0\0\0\0\0\0\0\0\0\0\0\0\0\0\0\0\0\0\0\0\0\0\0\0\0\0\0\0\0\0\0\0\0\0\0\0\0\0\0\0\0\0\0\0\0\0\0\0\0\0\0\0\0\0\0\0\0\0\0\0\0\0\0\0\0\0\0\0\0\0\0\0\0\0\0\0\0\0\0\0\0\0\0\0\0\0\0\0\0\0\0\0\0\0\0\0\0\0\0\0\0\0\0\0\0\0\0\0\0\0\0\0\0\0\0\0\0\0\0\0\0\0\0\0\0\0\0\0\0\0\0\0\0\0\0\0\0\0\0\0\0\0\0\0\0\0\0\0\0\0\0\0\0\0\0\0\0\0\0\0\0\0\0\0\0\0\0\0\0\0\0\0\0\0\0\0\0\0\0\0\0\0\0\0\0\0\0\0\0\0\0\0\0\0\0\0\0\0\0\0\0\0\0\0\0\0\0\0\0\0\0\0\0\0\0\0\0\0\0\0\0\0\0\0\0\0\0\0\0\0\0\0\0\0\0\0\0\0\0\0\0\0\0\0\0\0\0\0\0\0\0\0\0\0\0\0\0\0\0\0\0\0\0\0\0\0\0\0\0\0\0\0\0\0\0\0\0\0\0\0\0\0\0\0\0\0\0\0\0\0\0\0\0\0\0\0\0\0\0\0\0\0\0\0\0\0\0\0\0\0\0\0\0\0\0\0\0\0\0\0\0\0\0\0\0\0\0\0\0\0\0\0\0\0\0\0\0\0\0\0\0\0\0\0\0\0\0\0\0\0\0\0\0\0\0\0\0\0\0\0\0\0\0\0\0\0\0\0\0\0\0\0\0\0\0\0\0\0\0\0\0\0\0\0\0\0\0\0\0\0\0\0\0\0\0\0\0\0\0\0\0\0\0\0\0\0\0\0\0\0\0\0\0\0\0\0\0\0\0\0\0\0\0\0\0\0\0\0\0\0\0\0\0\0\0\0\0\0\0\0\0\0\0\0\0\0\0\0\0\0\0\0\0\0\0\0\0\0\0\0\0\0\0\0\0\0\0\0\0\0\0\0\0\0\0\0\0\0\0\0\0\0\0\0\0\0\0\0\0\0\0\0\0\0\0\0\0\0\0\0\0\0\0\0\0\0\0\0\0\0\0\0\0\0\0\0\0\0\0\0\0\0\0\0\0\0\0\0\0\0\0\0\0\0\0\0\0\0\0\0\0\0\0\0\0\0\0\0\0\0\0\0\0\0\0\0\0\0\0\0\0\0\0\0\0\0\0\0\0\0\0\0\0\0\0\0\0\0\0\0\0\0\0\0\0\0\0\0\0\0\0\0\0\0\0\0\0\0\0\0\0\0\0\0\0\0\0\0\0\0\0\0\0\0\0\0\0\0\0\0\0\0\0\0\0\0\0\0\0\0\0\0\0\0\0\0\0\0\0\0\0\0\0\0\0\0\0\0\0\0\0\0\0\0\0\0\0\0\0\0\0\0\0\0\0\0\0\0\0\0\0\0\0\0\0\0\0\0\0\0\0\0\0\0\0\0\0\0\0\0\0\0\0\0\0\0\0\0\0\0\0\0\0\0\0\0\0\0\0\0\0\0\0\0\0\0\0\0\0\0\0\0\0\0\0\0\0\0\0\0\0\0\0\0\0\0\0\0\0\0\0\0\0\0\0\0\0\0\0\0\0\0\0\0\0\0\0\0\0\0\0\0\0\0\0\0\0\0\0\0\0\0\0\0\0\0\0\0\0\0\0\0\0\0\0\0\0\0\0\0\0\0\0\0\0\0\0\0\0\0\0\0\0\0\0\0\0\0\0\0\0\0\0\0\0\0\0\0\0\0\0\0\0\0\0\0\0\0\0\0\0\0\0\0\0\0\0\0\0\0\0\0\0\0\0\0\0\0\0\0\0\0\0\0\0\0\0\0\0\0\0\0\0\0\0\0\0\0\0\0\0\0\0\0\0\0\0\0\0\0\0\0\0\0\0\0\0\0\0\0\0\0\0\0\0\0\0\0\0\0\0\0\0\0\0\0\0\0\0\0\0\0\0\0\0\0\0\0\0\0\0\0\0\0\0\0\0\0\0\0\0\0\0\0\0\0\0\0\0\0\0\0\0\0\0\0\0\0\0\0\0\0\0\0\0\0\0\0\0\0\0\0\0\0\0\0\0\0\0\0\0\0\0\0\0\0\0\0\0\0\0\0\0\0\0\0\0\0\0\0\0\0\0\0\0\0\0\0\0\0\0\0\0\0\0\0\0\0\0\0\0\0\0\0\0\0\0\0\0\0\0\0\0\0\0\0\0\0\0\0\0\0\0\0\0\0\0\0\0\0\0\0\0\0\0\0\0\0\0\0\0\0\0\0\0\0\0\0\0\0\0\0\0\0\0\0\0\0\0\0\0\0\0\0\0\0\0\0\0\0\0\0\0\0\0\0\0\0\0\0\0\0\0\0\0\0\0\0\0\0\0\0\0\0\0\0\0\0\0\0\0\0\0\0\0\0\0\0\0\0\0\0\0\0\0\0\0\0\0\0\0\0\0\0\0\0\0\0\0\0\0\0\0\0\0\0\0\0\0\0\0\0\0\0\0\0\0\0\0\0\0\0\0\0\0\0\0\0\0\0\0\0\0\0\0\0\0\0\0\0\0\0\0\0\0\0\0\0\0\0\0\0\0\0\0\0\0\0\0\0\0\0\0\0\0\0\0\0\0\0\0\0\0\0\0\0\0\0\0\0\0\0\0\0\0\0\0\0\0\0\0\0\0\0\0\0\0\0\0\0\0\0\0\0\0\0\0\0\0\0\0\0\0\0\0\0\0\0\0\0\0\0\0\0\0\0\0\0\0\0\0\0\0\0\0\0\0\0\0\0\0\0\0\0\0\0\0\0\0\0\0\0\0\0\0\0\0\0\0\0\0\0\0\0\0\0\0\0\0\0\0\0\0\0\0\0\0\0\0\0\0\0\0\0\0\0\0\0\0\0\0\0\0\0\0\0\0\0\0\0' [C:\Users\Nhan\OneDrive - Rincovitch\00. Nhan\CSharp\RincoMTO\RincoMTO_fsauzi5n_wpftmp.csproj::TargetFramework=net48]
C:\Users\Nhan\OneDrive - Rincovitch\00. Nhan\CSharp\RincoMTO\BIMTOOL\obj\Release R26\Tools\MTO Group Bar\UI\MtoGroupBarWindow.g.cs(1,1): error CS1056: Unexpected character '\0' [C:\Users\Nhan\OneDrive - Rincovitch\00. Nhan\CSharp\RincoMTO\RincoMTO_djj4tpge_wpftmp.csproj::TargetFramework=net8.0-windows]
C:\Users\Nhan\OneDrive - Rincovitch\00. Nhan\CSharp\RincoMTO\BIMTOOL\obj\Release R26\Tools\MTO Group Bar\UI\MtoGroupBarWindow.g.cs(1,2): error CS1056: Unexpected character '\0' [C:\Users\Nhan\OneDrive - Rincovitch\00. Nhan\CSharp\RincoMTO\RincoMTO_djj4tpge_wpftmp.csproj::TargetFramework=net8.0-windows]
C:\Users\Nhan\OneDrive - Rincovitch\00. Nhan\CSharp\RincoMTO\BIMTOOL\obj\Release R26\GeneratedInternalTypeHelper.g.cs(1,1): error CS1056: Unexpected character '\0' [C:\Users\Nhan\OneDrive - Rincovitch\00. Nhan\CSharp\RincoMTO\RincoMTO_djj4tpge_wpftmp.csproj::TargetFramework=net8.0-windows]
C:\Users\Nhan\OneDrive - Rincovitch\00. Nhan\CSharp\RincoMTO\BIMTOOL\obj\Release R26\Tools\MTO Group Bar\UI\MtoGroupBarWindow.g.cs(1,3): error CS1056: Unexpected character '\0' [C:\Users\Nhan\OneDrive - Rincovitch\00. Nhan\CSharp\RincoMTO\RincoMTO_djj4tpge_wpftmp.csproj::TargetFramework=net8.0-windows]
C:\Users\Nhan\OneDrive - Rincovitch\00. Nhan\CSharp\RincoMTO\BIMTOOL\obj\Release R26\GeneratedInternalTypeHelper.g.cs(1,2): error CS1056: Unexpected character '\0' [C:\Users\Nhan\OneDrive - Rincovitch\00. Nhan\CSharp\RincoMTO\RincoMTO_djj4tpge_wpftmp.csproj::TargetFramework=net8.0-windows]
C:\Users\Nhan\OneDrive - Rincovitch\00. Nhan\CSharp\RincoMTO\BIMTOOL\obj\Release R26\GeneratedInternalTypeHelper.g.cs(1,3): error CS1056: Unexpected character '\0' [C:\Users\Nhan\OneDrive - Rincovitch\00. Nhan\CSharp\RincoMTO\RincoMTO_djj4tpge_wpftmp.csproj::TargetFramework=net8.0-windows]
C:\Users\Nhan\OneDrive - Rincovitch\00. Nhan\CSharp\RincoMTO\BIMTOOL\obj\Release R26\Tools\MTO Group Bar\UI\MtoGroupBarWindow.g.cs(1,4): error CS1056: Unexpected character '\0' [C:\Users\Nhan\OneDrive - Rincovitch\00. Nhan\CSharp\RincoMTO\RincoMTO_djj4tpge_wpftmp.csproj::TargetFramework=net8.0-windows]
C:\Users\Nhan\OneDrive - Rincovitch\00. Nhan\CSharp\RincoMTO\BIMTOOL\obj\Release R26\GeneratedInternalTypeHelper.g.cs(1,4): error CS1056: Unexpected character '\0' [C:\Users\Nhan\OneDrive - Rincovitch\00. Nhan\CSharp\RincoMTO\RincoMTO_djj4tpge_wpftmp.csproj::TargetFramework=net8.0-windows]
C:\Users\Nhan\OneDrive - Rincovitch\00. Nhan\CSharp\RincoMTO\BIMTOOL\obj\Release R26\Tools\MTO Group Bar\UI\MtoGroupBarWindow.g.cs(1,5): error CS1056: Unexpected character '\0' [C:\Users\Nhan\OneDrive - Rincovitch\00. Nhan\CSharp\RincoMTO\RincoMTO_djj4tpge_wpftmp.csproj::TargetFramework=net8.0-windows]
C:\Users\Nhan\OneDrive - Rincovitch\00. Nhan\CSharp\RincoMTO\BIMTOOL\obj\Release R26\GeneratedInternalTypeHelper.g.cs(1,5): error CS1056: Unexpected character '\0' [C:\Users\Nhan\OneDrive - Rincovitch\00. Nhan\CSharp\RincoMTO\RincoMTO_djj4tpge_wpftmp.csproj::TargetFramework=net8.0-windows]
C:\Users\Nhan\OneDrive - Rincovitch\00. Nhan\CSharp\RincoMTO\BIMTOOL\obj\Release R26\Tools\MTO Group Bar\UI\MtoGroupBarWindow.g.cs(1,6): error CS1056: Unexpected character '\0' [C:\Users\Nhan\OneDrive - Rincovitch\00. Nhan\CSharp\RincoMTO\RincoMTO_djj4tpge_wpftmp.csproj::TargetFramework=net8.0-windows]
C:\Users\Nhan\OneDrive - Rincovitch\00. Nhan\CSharp\RincoMTO\BIMTOOL\obj\Release R26\GeneratedInternalTypeHelper.g.cs(1,6): error CS1056: Unexpected character '\0' [C:\Users\Nhan\OneDrive - Rincovitch\00. Nhan\CSharp\RincoMTO\RincoMTO_djj4tpge_wpftmp.csproj::TargetFramework=net8.0-windows]
C:\Users\Nhan\OneDrive - Rincovitch\00. Nhan\CSharp\RincoMTO\BIMTOOL\obj\Release R26\GeneratedInternalTypeHelper.g.cs(1,7): error CS1056: Unexpected character '\0' [C:\Users\Nhan\OneDrive - Rincovitch\00. Nhan\CSharp\RincoMTO\RincoMTO_djj4tpge_wpftmp.csproj::TargetFramework=net8.0-windows]
C:\Users\Nhan\OneDrive - Rincovitch\00. Nhan\CSharp\RincoMTO\BIMTOOL\obj\Release R26\Tools\MTO Group Bar\UI\MtoGroupBarWindow.g.cs(1,7): error CS1056: Unexpected character '\0' [C:\Users\Nhan\OneDrive - Rincovitch\00. Nhan\CSharp\RincoMTO\RincoMTO_djj4tpge_wpftmp.csproj::TargetFramework=net8.0-windows]
C:\Users\Nhan\OneDrive - Rincovitch\00. Nhan\CSharp\RincoMTO\BIMTOOL\obj\Release R26\Tools\MTO Group Bar\UI\MtoGroupBarWindow.g.cs(1,8): error CS1056: Unexpected character '\0' [C:\Users\Nhan\OneDrive - Rincovitch\00. Nhan\CSharp\RincoMTO\RincoMTO_djj4tpge_wpftmp.csproj::TargetFramework=net8.0-windows]
C:\Users\Nhan\OneDrive - Rincovitch\00. Nhan\CSharp\RincoMTO\BIMTOOL\obj\Release R26\Tools\MTO Group Bar\UI\MtoGroupBarWindow.g.cs(1,9): error CS1056: Unexpected character '\0' [C:\Users\Nhan\OneDrive - Rincovitch\00. Nhan\CSharp\RincoMTO\RincoMTO_djj4tpge_wpftmp.csproj::TargetFramework=net8.0-windows]
C:\Users\Nhan\OneDrive - Rincovitch\00. Nhan\CSharp\RincoMTO\BIMTOOL\obj\Release R26\Tools\MTO Group Bar\UI\MtoGroupBarWindow.g.cs(1,10): error CS1056: Unexpected character '\0' [C:\Users\Nhan\OneDrive - Rincovitch\00. Nhan\CSharp\RincoMTO\RincoMTO_djj4tpge_wpftmp.csproj::TargetFramework=net8.0-windows]
C:\Users\Nhan\OneDrive - Rincovitch\00. Nhan\CSharp\RincoMTO\BIMTOOL\obj\Release R26\Tools\MTO Group Bar\UI\MtoGroupBarWindow.g.cs(1,11): error CS1056: Unexpected character '\0' [C:\Users\Nhan\OneDrive - Rincovitch\00. Nhan\CSharp\RincoMTO\RincoMTO_djj4tpge_wpftmp.csproj::TargetFramework=net8.0-windows]
C:\Users\Nhan\OneDrive - Rincovitch\00. Nhan\CSharp\RincoMTO\BIMTOOL\obj\Release R26\Tools\MTO Group Bar\UI\MtoGroupBarWindow.g.cs(1,12): error CS1056: Unexpected character '\0' [C:\Users\Nhan\OneDrive - Rincovitch\00. Nhan\CSharp\RincoMTO\RincoMTO_djj4tpge_wpftmp.csproj::TargetFramework=net8.0-windows]
C:\Users\Nhan\OneDrive - Rincovitch\00. Nhan\CSharp\RincoMTO\BIMTOOL\obj\Release R26\Tools\MTO Group Bar\UI\MtoGroupBarWindow.g.cs(1,13): error CS1056: Unexpected character '\0' [C:\Users\Nhan\OneDrive - Rincovitch\00. Nhan\CSharp\RincoMTO\RincoMTO_djj4tpge_wpftmp.csproj::TargetFramework=net8.0-windows]
C:\Users\Nhan\OneDrive - Rincovitch\00. Nhan\CSharp\RincoMTO\BIMTOOL\obj\Release R26\Tools\MTO Group Bar\UI\MtoGroupBarWindow.g.cs(1,14): error CS1056: Unexpected character '\0' [C:\Users\Nhan\OneDrive - Rincovitch\00. Nhan\CSharp\RincoMTO\RincoMTO_djj4tpge_wpftmp.csproj::TargetFramework=net8.0-windows]
C:\Users\Nhan\OneDrive - Rincovitch\00. Nhan\CSharp\RincoMTO\BIMTOOL\obj\Release R26\Tools\MTO Group Bar\UI\MtoGroupBarWindow.g.cs(1,15): error CS1056: Unexpected character '\0' [C:\Users\Nhan\OneDrive - Rincovitch\00. Nhan\CSharp\RincoMTO\RincoMTO_djj4tpge_wpftmp.csproj::TargetFramework=net8.0-windows]
C:\Users\Nhan\OneDrive - Rincovitch\00. Nhan\CSharp\RincoMTO\BIMTOOL\obj\Release R26\RincoMTO.AssemblyInfo.cs(1,1): error CS1056: Unexpected character '\0' [C:\Users\Nhan\OneDrive - Rincovitch\00. Nhan\CSharp\RincoMTO\RincoMTO_djj4tpge_wpftmp.csproj::TargetFramework=net8.0-windows]
C:\Users\Nhan\OneDrive - Rincovitch\00. Nhan\CSharp\RincoMTO\BIMTOOL\obj\Release R26\Tools\MTO Group Bar\UI\MtoGroupBarWindow.g.cs(1,16): error CS1056: Unexpected character '\0' [C:\Users\Nhan\OneDrive - Rincovitch\00. Nhan\CSharp\RincoMTO\RincoMTO_djj4tpge_wpftmp.csproj::TargetFramework=net8.0-windows]
C:\Users\Nhan\OneDrive - Rincovitch\00. Nhan\CSharp\RincoMTO\BIMTOOL\obj\Release R26\RincoMTO.AssemblyInfo.cs(1,2): error CS1056: Unexpected character '\0' [C:\Users\Nhan\OneDrive - Rincovitch\00. Nhan\CSharp\RincoMTO\RincoMTO_djj4tpge_wpftmp.csproj::TargetFramework=net8.0-windows]
C:\Users\Nhan\OneDrive - Rincovitch\00. Nhan\CSharp\RincoMTO\BIMTOOL\obj\Release R26\Tools\MTO Group Bar\UI\MtoGroupBarWindow.g.cs(1,17): error CS1056: Unexpected character '\0' [C:\Users\Nhan\OneDrive - Rincovitch\00. Nhan\CSharp\RincoMTO\RincoMTO_djj4tpge_wpftmp.csproj::TargetFramework=net8.0-windows]
C:\Users\Nhan\OneDrive - Rincovitch\00. Nhan\CSharp\RincoMTO\BIMTOOL\obj\Release R26\Tools\MTO Group Bar\UI\MtoGroupBarWindow.g.cs(1,18): error CS1056: Unexpected character '\0' [C:\Users\Nhan\OneDrive - Rincovitch\00. Nhan\CSharp\RincoMTO\RincoMTO_djj4tpge_wpftmp.csproj::TargetFramework=net8.0-windows]
C:\Users\Nhan\OneDrive - Rincovitch\00. Nhan\CSharp\RincoMTO\BIMTOOL\obj\Release R26\Tools\MTO Group Bar\UI\MtoGroupBarWindow.g.cs(1,19): error CS1056: Unexpected character '\0' [C:\Users\Nhan\OneDrive - Rincovitch\00. Nhan\CSharp\RincoMTO\RincoMTO_djj4tpge_wpftmp.csproj::TargetFramework=net8.0-windows]
C:\Users\Nhan\OneDrive - Rincovitch\00. Nhan\CSharp\RincoMTO\BIMTOOL\obj\Release R26\RincoMTO.AssemblyInfo.cs(1,3): error CS1056: Unexpected character '\0' [C:\Users\Nhan\OneDrive - Rincovitch\00. Nhan\CSharp\RincoMTO\RincoMTO_djj4tpge_wpftmp.csproj::TargetFramework=net8.0-windows]
C:\Users\Nhan\OneDrive - Rincovitch\00. Nhan\CSharp\RincoMTO\BIMTOOL\obj\Release R26\Tools\MTO Group Bar\UI\MtoGroupBarWindow.g.cs(1,20): error CS1056: Unexpected character '\0' [C:\Users\Nhan\OneDrive - Rincovitch\00. Nhan\CSharp\RincoMTO\RincoMTO_djj4tpge_wpftmp.csproj::TargetFramework=net8.0-windows]
C:\Users\Nhan\OneDrive - Rincovitch\00. Nhan\CSharp\RincoMTO\BIMTOOL\obj\Release R26\RincoMTO.AssemblyInfo.cs(1,4): error CS1056: Unexpected character '\0' [C:\Users\Nhan\OneDrive - Rincovitch\00. Nhan\CSharp\RincoMTO\RincoMTO_djj4tpge_wpftmp.csproj::TargetFramework=net8.0-windows]
C:\Users\Nhan\OneDrive - Rincovitch\00. Nhan\CSharp\RincoMTO\BIMTOOL\obj\Release R26\Tools\MTO Group Bar\UI\MtoGroupBarWindow.g.cs(1,21): error CS1056: Unexpected character '\0' [C:\Users\Nhan\OneDrive - Rincovitch\00. Nhan\CSharp\RincoMTO\RincoMTO_djj4tpge_wpftmp.csproj::TargetFramework=net8.0-windows]
C:\Users\Nhan\OneDrive - Rincovitch\00. Nhan\CSharp\RincoMTO\BIMTOOL\obj\Release R26\Tools\MTO Group Bar\UI\MtoGroupBarWindow.g.cs(1,22): error CS1056: Unexpected character '\0' [C:\Users\Nhan\OneDrive - Rincovitch\00. Nhan\CSharp\RincoMTO\RincoMTO_djj4tpge_wpftmp.csproj::TargetFramework=net8.0-windows]
C:\Users\Nhan\OneDrive - Rincovitch\00. Nhan\CSharp\RincoMTO\BIMTOOL\obj\Release R26\RincoMTO.AssemblyInfo.cs(1,5): error CS1056: Unexpected character '\0' [C:\Users\Nhan\OneDrive - Rincovitch\00. Nhan\CSharp\RincoMTO\RincoMTO_djj4tpge_wpftmp.csproj::TargetFramework=net8.0-windows]
C:\Users\Nhan\OneDrive - Rincovitch\00. Nhan\CSharp\RincoMTO\BIMTOOL\obj\Release R26\RincoMTO.AssemblyInfo.cs(1,6): error CS1056: Unexpected character '\0' [C:\Users\Nhan\OneDrive - Rincovitch\00. Nhan\CSharp\RincoMTO\RincoMTO_djj4tpge_wpftmp.csproj::TargetFramework=net8.0-windows]
C:\Users\Nhan\OneDrive - Rincovitch\00. Nhan\CSharp\RincoMTO\BIMTOOL\obj\Release R26\Tools\MTO Group Bar\UI\MtoGroupBarWindow.g.cs(1,23): error CS1056: Unexpected character '\0' [C:\Users\Nhan\OneDrive - Rincovitch\00. Nhan\CSharp\RincoMTO\RincoMTO_djj4tpge_wpftmp.csproj::TargetFramework=net8.0-windows]
C:\Users\Nhan\OneDrive - Rincovitch\00. Nhan\CSharp\RincoMTO\BIMTOOL\obj\Release R26\RincoMTO.AssemblyInfo.cs(1,7): error CS1056: Unexpected character '\0' [C:\Users\Nhan\OneDrive - Rincovitch\00. Nhan\CSharp\RincoMTO\RincoMTO_djj4tpge_wpftmp.csproj::TargetFramework=net8.0-windows]
C:\Users\Nhan\OneDrive - Rincovitch\00. Nhan\CSharp\RincoMTO\BIMTOOL\obj\Release R26\RincoMTO.AssemblyInfo.cs(1,8): error CS1056: Unexpected character '\0' [C:\Users\Nhan\OneDrive - Rincovitch\00. Nhan\CSharp\RincoMTO\RincoMTO_djj4tpge_wpftmp.csproj::TargetFramework=net8.0-windows]
C:\Users\Nhan\OneDrive - Rincovitch\00. Nhan\CSharp\RincoMTO\BIMTOOL\obj\Release R26\RincoMTO.AssemblyInfo.cs(1,9): error CS1056: Unexpected character '\0' [C:\Users\Nhan\OneDrive - Rincovitch\00. Nhan\CSharp\RincoMTO\RincoMTO_djj4tpge_wpftmp.csproj::TargetFramework=net8.0-windows]
C:\Users\Nhan\OneDrive - Rincovitch\00. Nhan\CSharp\RincoMTO\BIMTOOL\obj\Release R26\Tools\MTO Group Bar\UI\MtoGroupBarWindow.g.cs(1,24): error CS1056: Unexpected character '\0' [C:\Users\Nhan\OneDrive - Rincovitch\00. Nhan\CSharp\RincoMTO\RincoMTO_djj4tpge_wpftmp.csproj::TargetFramework=net8.0-windows]
C:\Users\Nhan\OneDrive - Rincovitch\00. Nhan\CSharp\RincoMTO\BIMTOOL\obj\Release R26\RincoMTO.AssemblyInfo.cs(1,10): error CS1056: Unexpected character '\0' [C:\Users\Nhan\OneDrive - Rincovitch\00. Nhan\CSharp\RincoMTO\RincoMTO_djj4tpge_wpftmp.csproj::TargetFramework=net8.0-windows]
C:\Users\Nhan\OneDrive - Rincovitch\00. Nhan\CSharp\RincoMTO\BIMTOOL\obj\Release R26\Tools\MTO Group Bar\UI\MtoGroupBarWindow.g.cs(1,25): error CS1056: Unexpected character '\0' [C:\Users\Nhan\OneDrive - Rincovitch\00. Nhan\CSharp\RincoMTO\RincoMTO_djj4tpge_wpftmp.csproj::TargetFramework=net8.0-windows]
C:\Users\Nhan\OneDrive - Rincovitch\00. Nhan\CSharp\RincoMTO\BIMTOOL\obj\Release R26\RincoMTO.AssemblyInfo.cs(1,11): error CS1056: Unexpected character '\0' [C:\Users\Nhan\OneDrive - Rincovitch\00. Nhan\CSharp\RincoMTO\RincoMTO_djj4tpge_wpftmp.csproj::TargetFramework=net8.0-windows]
C:\Users\Nhan\OneDrive - Rincovitch\00. Nhan\CSharp\RincoMTO\BIMTOOL\obj\Release R26\Tools\MTO Group Bar\UI\MtoGroupBarWindow.g.cs(1,26): error CS1056: Unexpected character '\0' [C:\Users\Nhan\OneDrive - Rincovitch\00. Nhan\CSharp\RincoMTO\RincoMTO_djj4tpge_wpftmp.csproj::TargetFramework=net8.0-windows]
C:\Users\Nhan\OneDrive - Rincovitch\00. Nhan\CSharp\RincoMTO\BIMTOOL\obj\Release R26\RincoMTO.AssemblyInfo.cs(1,12): error CS1056: Unexpected character '\0' [C:\Users\Nhan\OneDrive - Rincovitch\00. Nhan\CSharp\RincoMTO\RincoMTO_djj4tpge_wpftmp.csproj::TargetFramework=net8.0-windows]
C:\Users\Nhan\OneDrive - Rincovitch\00. Nhan\CSharp\RincoMTO\BIMTOOL\obj\Release R26\Tools\MTO Group Bar\UI\MtoGroupBarWindow.g.cs(1,27): error CS1056: Unexpected character '\0' [C:\Users\Nhan\OneDrive - Rincovitch\00. Nhan\CSharp\RincoMTO\RincoMTO_djj4tpge_wpftmp.csproj::TargetFramework=net8.0-windows]
C:\Users\Nhan\OneDrive - Rincovitch\00. Nhan\CSharp\RincoMTO\BIMTOOL\obj\Release R26\RincoMTO.AssemblyInfo.cs(1,13): error CS1056: Unexpected character '\0' [C:\Users\Nhan\OneDrive - Rincovitch\00. Nhan\CSharp\RincoMTO\RincoMTO_djj4tpge_wpftmp.csproj::TargetFramework=net8.0-windows]
C:\Users\Nhan\OneDrive - Rincovitch\00. Nhan\CSharp\RincoMTO\BIMTOOL\obj\Release R26\Tools\MTO Group Bar\UI\MtoGroupBarWindow.g.cs(1,28): error CS1056: Unexpected character '\0' [C:\Users\Nhan\OneDrive - Rincovitch\00. Nhan\CSharp\RincoMTO\RincoMTO_djj4tpge_wpftmp.csproj::TargetFramework=net8.0-windows]
C:\Users\Nhan\OneDrive - Rincovitch\00. Nhan\CSharp\RincoMTO\BIMTOOL\obj\Release R26\Tools\MTO Group Bar\UI\MtoGroupBarWindow.g.cs(1,29): error CS1056: Unexpected character '\0' [C:\Users\Nhan\OneDrive - Rincovitch\00. Nhan\CSharp\RincoMTO\RincoMTO_djj4tpge_wpftmp.csproj::TargetFramework=net8.0-windows]
C:\Users\Nhan\OneDrive - Rincovitch\00. Nhan\CSharp\RincoMTO\BIMTOOL\obj\Release R26\RincoMTO.AssemblyInfo.cs(1,14): error CS1056: Unexpected character '\0' [C:\Users\Nhan\OneDrive - Rincovitch\00. Nhan\CSharp\RincoMTO\RincoMTO_djj4tpge_wpftmp.csproj::TargetFramework=net8.0-windows]
C:\Users\Nhan\OneDrive - Rincovitch\00. Nhan\CSharp\RincoMTO\BIMTOOL\obj\Release R26\RincoMTO.AssemblyInfo.cs(1,15): error CS1056: Unexpected character '\0' [C:\Users\Nhan\OneDrive - Rincovitch\00. Nhan\CSharp\RincoMTO\RincoMTO_djj4tpge_wpftmp.csproj::TargetFramework=net8.0-windows]
C:\Users\Nhan\OneDrive - Rincovitch\00. Nhan\CSharp\RincoMTO\BIMTOOL\obj\Release R26\Tools\MTO Group Bar\UI\MtoGroupBarWindow.g.cs(1,30): error CS1056: Unexpected character '\0' [C:\Users\Nhan\OneDrive - Rincovitch\00. Nhan\CSharp\RincoMTO\RincoMTO_djj4tpge_wpftmp.csproj::TargetFramework=net8.0-windows]
C:\Users\Nhan\OneDrive - Rincovitch\00. Nhan\CSharp\RincoMTO\BIMTOOL\obj\Release R26\RincoMTO.AssemblyInfo.cs(1,16): error CS1056: Unexpected character '\0' [C:\Users\Nhan\OneDrive - Rincovitch\00. Nhan\CSharp\RincoMTO\RincoMTO_djj4tpge_wpftmp.csproj::TargetFramework=net8.0-windows]
C:\Users\Nhan\OneDrive - Rincovitch\00. Nhan\CSharp\RincoMTO\BIMTOOL\obj\Release R26\Tools\MTO Group Bar\UI\MtoGroupBarWindow.g.cs(1,31): error CS1056: Unexpected character '\0' [C:\Users\Nhan\OneDrive - Rincovitch\00. Nhan\CSharp\RincoMTO\RincoMTO_djj4tpge_wpftmp.csproj::TargetFramework=net8.0-windows]
C:\Users\Nhan\OneDrive - Rincovitch\00. Nhan\CSharp\RincoMTO\BIMTOOL\obj\Release R26\Tools\MTO Group Bar\UI\MtoGroupBarWindow.g.cs(1,32): error CS1056: Unexpected character '\0' [C:\Users\Nhan\OneDrive - Rincovitch\00. Nhan\CSharp\RincoMTO\RincoMTO_djj4tpge_wpftmp.csproj::TargetFramework=net8.0-windows]
C:\Users\Nhan\OneDrive - Rincovitch\00. Nhan\CSharp\RincoMTO\BIMTOOL\obj\Release R26\RincoMTO.AssemblyInfo.cs(1,17): error CS1056: Unexpected character '\0' [C:\Users\Nhan\OneDrive - Rincovitch\00. Nhan\CSharp\RincoMTO\RincoMTO_djj4tpge_wpftmp.csproj::TargetFramework=net8.0-windows]
C:\Users\Nhan\OneDrive - Rincovitch\00. Nhan\CSharp\RincoMTO\BIMTOOL\obj\Release R26\Tools\MTO Group Bar\UI\MtoGroupBarWindow.g.cs(1,33): error CS1056: Unexpected character '\0' [C:\Users\Nhan\OneDrive - Rincovitch\00. Nhan\CSharp\RincoMTO\RincoMTO_djj4tpge_wpftmp.csproj::TargetFramework=net8.0-windows]
C:\Users\Nhan\OneDrive - Rincovitch\00. Nhan\CSharp\RincoMTO\BIMTOOL\obj\Release R26\RincoMTO.AssemblyInfo.cs(1,18): error CS1056: Unexpected character '\0' [C:\Users\Nhan\OneDrive - Rincovitch\00. Nhan\CSharp\RincoMTO\RincoMTO_djj4tpge_wpftmp.csproj::TargetFramework=net8.0-windows]
C:\Users\Nhan\OneDrive - Rincovitch\00. Nhan\CSharp\RincoMTO\BIMTOOL\obj\Release R26\Tools\MTO Group Bar\UI\MtoGroupBarWindow.g.cs(1,34): error CS1056: Unexpected character '\0' [C:\Users\Nhan\OneDrive - Rincovitch\00. Nhan\CSharp\RincoMTO\RincoMTO_djj4tpge_wpftmp.csproj::TargetFramework=net8.0-windows]
C:\Users\Nhan\OneDrive - Rincovitch\00. Nhan\CSharp\RincoMTO\BIMTOOL\obj\Release R26\RincoMTO.AssemblyInfo.cs(1,19): error CS1056: Unexpected character '\0' [C:\Users\Nhan\OneDrive - Rincovitch\00. Nhan\CSharp\RincoMTO\RincoMTO_djj4tpge_wpftmp.csproj::TargetFramework=net8.0-windows]
C:\Users\Nhan\OneDrive - Rincovitch\00. Nhan\CSharp\RincoMTO\BIMTOOL\obj\Release R26\Tools\MTO Group Bar\UI\MtoGroupBarWindow.g.cs(1,35): error CS1056: Unexpected character '\0' [C:\Users\Nhan\OneDrive - Rincovitch\00. Nhan\CSharp\RincoMTO\RincoMTO_djj4tpge_wpftmp.csproj::TargetFramework=net8.0-windows]
C:\Users\Nhan\OneDrive - Rincovitch\00. Nhan\CSharp\RincoMTO\BIMTOOL\obj\Release R26\Tools\MTO Group Bar\UI\MtoGroupBarWindow.g.cs(1,36): error CS1056: Unexpected character '\0' [C:\Users\Nhan\OneDrive - Rincovitch\00. Nhan\CSharp\RincoMTO\RincoMTO_djj4tpge_wpftmp.csproj::TargetFramework=net8.0-windows]
C:\Users\Nhan\OneDrive - Rincovitch\00. Nhan\CSharp\RincoMTO\BIMTOOL\obj\Release R26\RincoMTO.AssemblyInfo.cs(1,20): error CS1056: Unexpected character '\0' [C:\Users\Nhan\OneDrive - Rincovitch\00. Nhan\CSharp\RincoMTO\RincoMTO_djj4tpge_wpftmp.csproj::TargetFramework=net8.0-windows]
C:\Users\Nhan\OneDrive - Rincovitch\00. Nhan\CSharp\RincoMTO\BIMTOOL\obj\Release R26\Tools\MTO Group Bar\UI\MtoGroupBarWindow.g.cs(1,37): error CS1056: Unexpected character '\0' [C:\Users\Nhan\OneDrive - Rincovitch\00. Nhan\CSharp\RincoMTO\RincoMTO_djj4tpge_wpftmp.csproj::TargetFramework=net8.0-windows]
C:\Users\Nhan\OneDrive - Rincovitch\00. Nhan\CSharp\RincoMTO\BIMTOOL\obj\Release R26\RincoMTO.AssemblyInfo.cs(1,21): error CS1056: Unexpected character '\0' [C:\Users\Nhan\OneDrive - Rincovitch\00. Nhan\CSharp\RincoMTO\RincoMTO_djj4tpge_wpftmp.csproj::TargetFramework=net8.0-windows]
C:\Users\Nhan\OneDrive - Rincovitch\00. Nhan\CSharp\RincoMTO\BIMTOOL\obj\Release R26\Tools\MTO Group Bar\UI\MtoGroupBarWindow.g.cs(1,38): error CS1056: Unexpected character '\0' [C:\Users\Nhan\OneDrive - Rincovitch\00. Nhan\CSharp\RincoMTO\RincoMTO_djj4tpge_wpftmp.csproj::TargetFramework=net8.0-windows]
C:\Users\Nhan\OneDrive - Rincovitch\00. Nhan\CSharp\RincoMTO\BIMTOOL\obj\Release R26\Tools\MTO Group Bar\UI\MtoGroupBarWindow.g.cs(1,39): error CS1056: Unexpected character '\0' [C:\Users\Nhan\OneDrive - Rincovitch\00. Nhan\CSharp\RincoMTO\RincoMTO_djj4tpge_wpftmp.csproj::TargetFramework=net8.0-windows]
C:\Users\Nhan\OneDrive - Rincovitch\00. Nhan\CSharp\RincoMTO\BIMTOOL\obj\Release R26\RincoMTO.AssemblyInfo.cs(1,22): error CS1056: Unexpected character '\0' [C:\Users\Nhan\OneDrive - Rincovitch\00. Nhan\CSharp\RincoMTO\RincoMTO_djj4tpge_wpftmp.csproj::TargetFramework=net8.0-windows]
C:\Users\Nhan\OneDrive - Rincovitch\00. Nhan\CSharp\RincoMTO\BIMTOOL\obj\Release R26\Tools\MTO Group Bar\UI\MtoGroupBarWindow.g.cs(1,40): error CS1056: Unexpected character '\0' [C:\Users\Nhan\OneDrive - Rincovitch\00. Nhan\CSharp\RincoMTO\RincoMTO_djj4tpge_wpftmp.csproj::TargetFramework=net8.0-windows]
C:\Users\Nhan\OneDrive - Rincovitch\00. Nhan\CSharp\RincoMTO\BIMTOOL\obj\Release R26\RincoMTO.AssemblyInfo.cs(1,23): error CS1056: Unexpected character '\0' [C:\Users\Nhan\OneDrive - Rincovitch\00. Nhan\CSharp\RincoMTO\RincoMTO_djj4tpge_wpftmp.csproj::TargetFramework=net8.0-windows]
C:\Users\Nhan\OneDrive - Rincovitch\00. Nhan\CSharp\RincoMTO\BIMTOOL\obj\Release R26\Tools\MTO Group Bar\UI\MtoGroupBarWindow.g.cs(1,41): error CS1056: Unexpected character '\0' [C:\Users\Nhan\OneDrive - Rincovitch\00. Nhan\CSharp\RincoMTO\RincoMTO_djj4tpge_wpftmp.csproj::TargetFramework=net8.0-windows]
C:\Users\Nhan\OneDrive - Rincovitch\00. Nhan\CSharp\RincoMTO\BIMTOOL\obj\Release R26\RincoMTO.AssemblyInfo.cs(1,24): error CS1056: Unexpected character '\0' [C:\Users\Nhan\OneDrive - Rincovitch\00. Nhan\CSharp\RincoMTO\RincoMTO_djj4tpge_wpftmp.csproj::TargetFramework=net8.0-windows]
C:\Users\Nhan\OneDrive - Rincovitch\00. Nhan\CSharp\RincoMTO\BIMTOOL\obj\Release R26\Tools\MTO Group Bar\UI\MtoGroupBarWindow.g.cs(1,42): error CS1056: Unexpected character '\0' [C:\Users\Nhan\OneDrive - Rincovitch\00. Nhan\CSharp\RincoMTO\RincoMTO_djj4tpge_wpftmp.csproj::TargetFramework=net8.0-windows]
C:\Users\Nhan\OneDrive - Rincovitch\00. Nhan\CSharp\RincoMTO\BIMTOOL\obj\Release R26\RincoMTO.AssemblyInfo.cs(1,25): error CS1056: Unexpected character '\0' [C:\Users\Nhan\OneDrive - Rincovitch\00. Nhan\CSharp\RincoMTO\RincoMTO_djj4tpge_wpftmp.csproj::TargetFramework=net8.0-windows]
C:\Users\Nhan\OneDrive - Rincovitch\00. Nhan\CSharp\RincoMTO\BIMTOOL\obj\Release R26\Tools\MTO Group Bar\UI\MtoGroupBarWindow.g.cs(1,43): error CS1056: Unexpected character '\0' [C:\Users\Nhan\OneDrive - Rincovitch\00. Nhan\CSharp\RincoMTO\RincoMTO_djj4tpge_wpftmp.csproj::TargetFramework=net8.0-windows]
C:\Users\Nhan\OneDrive - Rincovitch\00. Nhan\CSharp\RincoMTO\BIMTOOL\obj\Release R26\RincoMTO.AssemblyInfo.cs(1,26): error CS1056: Unexpected character '\0' [C:\Users\Nhan\OneDrive - Rincovitch\00. Nhan\CSharp\RincoMTO\RincoMTO_djj4tpge_wpftmp.csproj::TargetFramework=net8.0-windows]
C:\Users\Nhan\OneDrive - Rincovitch\00. Nhan\CSharp\RincoMTO\BIMTOOL\obj\Release R26\RincoMTO.AssemblyInfo.cs(1,27): error CS1056: Unexpected character '\0' [C:\Users\Nhan\OneDrive - Rincovitch\00. Nhan\CSharp\RincoMTO\RincoMTO_djj4tpge_wpftmp.csproj::TargetFramework=net8.0-windows]
C:\Users\Nhan\OneDrive - Rincovitch\00. Nhan\CSharp\RincoMTO\BIMTOOL\obj\Release R26\Tools\MTO Group Bar\UI\MtoGroupBarWindow.g.cs(1,44): error CS1056: Unexpected character '\0' [C:\Users\Nhan\OneDrive - Rincovitch\00. Nhan\CSharp\RincoMTO\RincoMTO_djj4tpge_wpftmp.csproj::TargetFramework=net8.0-windows]
C:\Users\Nhan\OneDrive - Rincovitch\00. Nhan\CSharp\RincoMTO\BIMTOOL\obj\Release R26\RincoMTO.AssemblyInfo.cs(1,28): error CS1056: Unexpected character '\0' [C:\Users\Nhan\OneDrive - Rincovitch\00. Nhan\CSharp\RincoMTO\RincoMTO_djj4tpge_wpftmp.csproj::TargetFramework=net8.0-windows]
C:\Users\Nhan\OneDrive - Rincovitch\00. Nhan\CSharp\RincoMTO\BIMTOOL\obj\Release R26\Tools\MTO Group Bar\UI\MtoGroupBarWindow.g.cs(1,45): error CS1056: Unexpected character '\0' [C:\Users\Nhan\OneDrive - Rincovitch\00. Nhan\CSharp\RincoMTO\RincoMTO_djj4tpge_wpftmp.csproj::TargetFramework=net8.0-windows]
C:\Users\Nhan\OneDrive - Rincovitch\00. Nhan\CSharp\RincoMTO\BIMTOOL\obj\Release R26\Tools\MTO Group Bar\UI\MtoGroupBarWindow.g.cs(1,46): error CS1056: Unexpected character '\0' [C:\Users\Nhan\OneDrive - Rincovitch\00. Nhan\CSharp\RincoMTO\RincoMTO_djj4tpge_wpftmp.csproj::TargetFramework=net8.0-windows]
C:\Users\Nhan\OneDrive - Rincovitch\00. Nhan\CSharp\RincoMTO\BIMTOOL\obj\Release R26\RincoMTO.AssemblyInfo.cs(1,29): error CS1056: Unexpected character '\0' [C:\Users\Nhan\OneDrive - Rincovitch\00. Nhan\CSharp\RincoMTO\RincoMTO_djj4tpge_wpftmp.csproj::TargetFramework=net8.0-windows]
C:\Users\Nhan\OneDrive - Rincovitch\00. Nhan\CSharp\RincoMTO\BIMTOOL\obj\Release R26\Tools\MTO Group Bar\UI\MtoGroupBarWindow.g.cs(1,47): error CS1056: Unexpected character '\0' [C:\Users\Nhan\OneDrive - Rincovitch\00. Nhan\CSharp\RincoMTO\RincoMTO_djj4tpge_wpftmp.csproj::TargetFramework=net8.0-windows]
C:\Users\Nhan\OneDrive - Rincovitch\00. Nhan\CSharp\RincoMTO\BIMTOOL\obj\Release R26\RincoMTO.AssemblyInfo.cs(1,30): error CS1056: Unexpected character '\0' [C:\Users\Nhan\OneDrive - Rincovitch\00. Nhan\CSharp\RincoMTO\RincoMTO_djj4tpge_wpftmp.csproj::TargetFramework=net8.0-windows]
C:\Users\Nhan\OneDrive - Rincovitch\00. Nhan\CSharp\RincoMTO\BIMTOOL\obj\Release R26\Tools\MTO Group Bar\UI\MtoGroupBarWindow.g.cs(1,48): error CS1056: Unexpected character '\0' [C:\Users\Nhan\OneDrive - Rincovitch\00. Nhan\CSharp\RincoMTO\RincoMTO_djj4tpge_wpftmp.csproj::TargetFramework=net8.0-windows]
C:\Users\Nhan\OneDrive - Rincovitch\00. Nhan\CSharp\RincoMTO\BIMTOOL\obj\Release R26\RincoMTO.AssemblyInfo.cs(1,31): error CS1056: Unexpected character '\0' [C:\Users\Nhan\OneDrive - Rincovitch\00. Nhan\CSharp\RincoMTO\RincoMTO_djj4tpge_wpftmp.csproj::TargetFramework=net8.0-windows]
C:\Users\Nhan\OneDrive - Rincovitch\00. Nhan\CSharp\RincoMTO\BIMTOOL\obj\Release R26\Tools\MTO Group Bar\UI\MtoGroupBarWindow.g.cs(1,49): error CS1056: Unexpected character '\0' [C:\Users\Nhan\OneDrive - Rincovitch\00. Nhan\CSharp\RincoMTO\RincoMTO_djj4tpge_wpftmp.csproj::TargetFramework=net8.0-windows]
C:\Users\Nhan\OneDrive - Rincovitch\00. Nhan\CSharp\RincoMTO\BIMTOOL\obj\Release R26\RincoMTO.AssemblyInfo.cs(1,32): error CS1056: Unexpected character '\0' [C:\Users\Nhan\OneDrive - Rincovitch\00. Nhan\CSharp\RincoMTO\RincoMTO_djj4tpge_wpftmp.csproj::TargetFramework=net8.0-windows]
C:\Users\Nhan\OneDrive - Rincovitch\00. Nhan\CSharp\RincoMTO\BIMTOOL\obj\Release R26\Tools\MTO Group Bar\UI\MtoGroupBarWindow.g.cs(1,50): error CS1056: Unexpected character '\0' [C:\Users\Nhan\OneDrive - Rincovitch\00. Nhan\CSharp\RincoMTO\RincoMTO_djj4tpge_wpftmp.csproj::TargetFramework=net8.0-windows]
C:\Users\Nhan\OneDrive - Rincovitch\00. Nhan\CSharp\RincoMTO\BIMTOOL\obj\Release R26\RincoMTO.AssemblyInfo.cs(1,33): error CS1056: Unexpected character '\0' [C:\Users\Nhan\OneDrive - Rincovitch\00. Nhan\CSharp\RincoMTO\RincoMTO_djj4tpge_wpftmp.csproj::TargetFramework=net8.0-windows]
C:\Users\Nhan\OneDrive - Rincovitch\00. Nhan\CSharp\RincoMTO\BIMTOOL\obj\Release R26\Tools\MTO Group Bar\UI\MtoGroupBarWindow.g.cs(1,51): error CS1056: Unexpected character '\0' [C:\Users\Nhan\OneDrive - Rincovitch\00. Nhan\CSharp\RincoMTO\RincoMTO_djj4tpge_wpftmp.csproj::TargetFramework=net8.0-windows]
C:\Users\Nhan\OneDrive - Rincovitch\00. Nhan\CSharp\RincoMTO\BIMTOOL\obj\Release R26\RincoMTO.AssemblyInfo.cs(1,34): error CS1056: Unexpected character '\0' [C:\Users\Nhan\OneDrive - Rincovitch\00. Nhan\CSharp\RincoMTO\RincoMTO_djj4tpge_wpftmp.csproj::TargetFramework=net8.0-windows]
C:\Users\Nhan\OneDrive - Rincovitch\00. Nhan\CSharp\RincoMTO\BIMTOOL\obj\Release R26\Tools\MTO Group Bar\UI\MtoGroupBarWindow.g.cs(1,52): error CS1056: Unexpected character '\0' [C:\Users\Nhan\OneDrive - Rincovitch\00. Nhan\CSharp\RincoMTO\RincoMTO_djj4tpge_wpftmp.csproj::TargetFramework=net8.0-windows]
C:\Users\Nhan\OneDrive - Rincovitch\00. Nhan\CSharp\RincoMTO\BIMTOOL\obj\Release R26\RincoMTO.AssemblyInfo.cs(1,35): error CS1056: Unexpected character '\0' [C:\Users\Nhan\OneDrive - Rincovitch\00. Nhan\CSharp\RincoMTO\RincoMTO_djj4tpge_wpftmp.csproj::TargetFramework=net8.0-windows]
C:\Users\Nhan\OneDrive - Rincovitch\00. Nhan\CSharp\RincoMTO\BIMTOOL\obj\Release R26\RincoMTO.AssemblyInfo.cs(1,36): error CS1056: Unexpected character '\0' [C:\Users\Nhan\OneDrive - Rincovitch\00. Nhan\CSharp\RincoMTO\RincoMTO_djj4tpge_wpftmp.csproj::TargetFramework=net8.0-windows]
C:\Users\Nhan\OneDrive - Rincovitch\00. Nhan\CSharp\RincoMTO\BIMTOOL\obj\Release R26\Tools\MTO Group Bar\UI\MtoGroupBarWindow.g.cs(1,53): error CS1056: Unexpected character '\0' [C:\Users\Nhan\OneDrive - Rincovitch\00. Nhan\CSharp\RincoMTO\RincoMTO_djj4tpge_wpftmp.csproj::TargetFramework=net8.0-windows]
C:\Users\Nhan\OneDrive - Rincovitch\00. Nhan\CSharp\RincoMTO\BIMTOOL\obj\Release R26\RincoMTO.AssemblyInfo.cs(1,37): error CS1056: Unexpected character '\0' [C:\Users\Nhan\OneDrive - Rincovitch\00. Nhan\CSharp\RincoMTO\RincoMTO_djj4tpge_wpftmp.csproj::TargetFramework=net8.0-windows]
C:\Users\Nhan\OneDrive - Rincovitch\00. Nhan\CSharp\RincoMTO\BIMTOOL\obj\Release R26\RincoMTO.AssemblyInfo.cs(1,38): error CS1056: Unexpected character '\0' [C:\Users\Nhan\OneDrive - Rincovitch\00. Nhan\CSharp\RincoMTO\RincoMTO_djj4tpge_wpftmp.csproj::TargetFramework=net8.0-windows]
C:\Users\Nhan\OneDrive - Rincovitch\00. Nhan\CSharp\RincoMTO\BIMTOOL\obj\Release R26\RincoMTO.AssemblyInfo.cs(1,39): error CS1056: Unexpected character '\0' [C:\Users\Nhan\OneDrive - Rincovitch\00. Nhan\CSharp\RincoMTO\RincoMTO_djj4tpge_wpftmp.csproj::TargetFramework=net8.0-windows]
C:\Users\Nhan\OneDrive - Rincovitch\00. Nhan\CSharp\RincoMTO\BIMTOOL\obj\Release R26\Tools\MTO Group Bar\UI\MtoGroupBarWindow.g.cs(1,54): error CS1056: Unexpected character '\0' [C:\Users\Nhan\OneDrive - Rincovitch\00. Nhan\CSharp\RincoMTO\RincoMTO_djj4tpge_wpftmp.csproj::TargetFramework=net8.0-windows]
C:\Users\Nhan\OneDrive - Rincovitch\00. Nhan\CSharp\RincoMTO\BIMTOOL\obj\Release R26\Tools\MTO Group Bar\UI\MtoGroupBarWindow.g.cs(1,55): error CS1056: Unexpected character '\0' [C:\Users\Nhan\OneDrive - Rincovitch\00. Nhan\CSharp\RincoMTO\RincoMTO_djj4tpge_wpftmp.csproj::TargetFramework=net8.0-windows]
C:\Users\Nhan\OneDrive - Rincovitch\00. Nhan\CSharp\RincoMTO\BIMTOOL\obj\Release R26\Tools\MTO Group Bar\UI\MtoGroupBarWindow.g.cs(1,56): error CS1056: Unexpected character '\0' [C:\Users\Nhan\OneDrive - Rincovitch\00. Nhan\CSharp\RincoMTO\RincoMTO_djj4tpge_wpftmp.csproj::TargetFramework=net8.0-windows]
C:\Users\Nhan\OneDrive - Rincovitch\00. Nhan\CSharp\RincoMTO\BIMTOOL\obj\Release R26\RincoMTO.AssemblyInfo.cs(1,40): error CS1056: Unexpected character '\0' [C:\Users\Nhan\OneDrive - Rincovitch\00. Nhan\CSharp\RincoMTO\RincoMTO_djj4tpge_wpftmp.csproj::TargetFramework=net8.0-windows]
C:\Users\Nhan\OneDrive - Rincovitch\00. Nhan\CSharp\RincoMTO\BIMTOOL\obj\Release R26\Tools\MTO Group Bar\UI\MtoGroupBarWindow.g.cs(1,57): error CS1056: Unexpected character '\0' [C:\Users\Nhan\OneDrive - Rincovitch\00. Nhan\CSharp\RincoMTO\RincoMTO_djj4tpge_wpftmp.csproj::TargetFramework=net8.0-windows]
C:\Users\Nhan\OneDrive - Rincovitch\00. Nhan\CSharp\RincoMTO\BIMTOOL\obj\Release R26\RincoMTO.AssemblyInfo.cs(1,41): error CS1056: Unexpected character '\0' [C:\Users\Nhan\OneDrive - Rincovitch\00. Nhan\CSharp\RincoMTO\RincoMTO_djj4tpge_wpftmp.csproj::TargetFramework=net8.0-windows]
C:\Users\Nhan\OneDrive - Rincovitch\00. Nhan\CSharp\RincoMTO\BIMTOOL\obj\Release R26\RincoMTO.AssemblyInfo.cs(1,42): error CS1056: Unexpected character '\0' [C:\Users\Nhan\OneDrive - Rincovitch\00. Nhan\CSharp\RincoMTO\RincoMTO_djj4tpge_wpftmp.csproj::TargetFramework=net8.0-windows]
C:\Users\Nhan\OneDrive - Rincovitch\00. Nhan\CSharp\RincoMTO\BIMTOOL\obj\Release R26\RincoMTO.AssemblyInfo.cs(1,43): error CS1056: Unexpected character '\0' [C:\Users\Nhan\OneDrive - Rincovitch\00. Nhan\CSharp\RincoMTO\RincoMTO_djj4tpge_wpftmp.csproj::TargetFramework=net8.0-windows]
C:\Users\Nhan\OneDrive - Rincovitch\00. Nhan\CSharp\RincoMTO\BIMTOOL\obj\Release R26\Tools\MTO Group Bar\UI\MtoGroupBarWindow.g.cs(1,58): error CS1056: Unexpected character '\0' [C:\Users\Nhan\OneDrive - Rincovitch\00. Nhan\CSharp\RincoMTO\RincoMTO_djj4tpge_wpftmp.csproj::TargetFramework=net8.0-windows]
C:\Users\Nhan\OneDrive - Rincovitch\00. Nhan\CSharp\RincoMTO\BIMTOOL\obj\Release R26\RincoMTO.AssemblyInfo.cs(1,44): error CS1056: Unexpected character '\0' [C:\Users\Nhan\OneDrive - Rincovitch\00. Nhan\CSharp\RincoMTO\RincoMTO_djj4tpge_wpftmp.csproj::TargetFramework=net8.0-windows]
C:\Users\Nhan\OneDrive - Rincovitch\00. Nhan\CSharp\RincoMTO\BIMTOOL\obj\Release R26\Tools\MTO Group Bar\UI\MtoGroupBarWindow.g.cs(1,59): error CS1056: Unexpected character '\0' [C:\Users\Nhan\OneDrive - Rincovitch\00. Nhan\CSharp\RincoMTO\RincoMTO_djj4tpge_wpftmp.csproj::TargetFramework=net8.0-windows]
C:\Users\Nhan\OneDrive - Rincovitch\00. Nhan\CSharp\RincoMTO\BIMTOOL\obj\Release R26\RincoMTO.AssemblyInfo.cs(1,45): error CS1056: Unexpected character '\0' [C:\Users\Nhan\OneDrive - Rincovitch\00. Nhan\CSharp\RincoMTO\RincoMTO_djj4tpge_wpftmp.csproj::TargetFramework=net8.0-windows]
C:\Users\Nhan\OneDrive - Rincovitch\00. Nhan\CSharp\RincoMTO\BIMTOOL\obj\Release R26\Tools\MTO Group Bar\UI\MtoGroupBarWindow.g.cs(1,60): error CS1056: Unexpected character '\0' [C:\Users\Nhan\OneDrive - Rincovitch\00. Nhan\CSharp\RincoMTO\RincoMTO_djj4tpge_wpftmp.csproj::TargetFramework=net8.0-windows]
C:\Users\Nhan\OneDrive - Rincovitch\00. Nhan\CSharp\RincoMTO\BIMTOOL\obj\Release R26\RincoMTO.AssemblyInfo.cs(1,46): error CS1056: Unexpected character '\0' [C:\Users\Nhan\OneDrive - Rincovitch\00. Nhan\CSharp\RincoMTO\RincoMTO_djj4tpge_wpftmp.csproj::TargetFramework=net8.0-windows]
C:\Users\Nhan\OneDrive - Rincovitch\00. Nhan\CSharp\RincoMTO\BIMTOOL\obj\Release R26\Tools\MTO Group Bar\UI\MtoGroupBarWindow.g.cs(1,61): error CS1056: Unexpected character '\0' [C:\Users\Nhan\OneDrive - Rincovitch\00. Nhan\CSharp\RincoMTO\RincoMTO_djj4tpge_wpftmp.csproj::TargetFramework=net8.0-windows]
C:\Users\Nhan\OneDrive - Rincovitch\00. Nhan\CSharp\RincoMTO\BIMTOOL\obj\Release R26\RincoMTO.AssemblyInfo.cs(1,47): error CS1056: Unexpected character '\0' [C:\Users\Nhan\OneDrive - Rincovitch\00. Nhan\CSharp\RincoMTO\RincoMTO_djj4tpge_wpftmp.csproj::TargetFramework=net8.0-windows]
C:\Users\Nhan\OneDrive - Rincovitch\00. Nhan\CSharp\RincoMTO\BIMTOOL\obj\Release R26\Tools\MTO Group Bar\UI\MtoGroupBarWindow.g.cs(1,62): error CS1056: Unexpected character '\0' [C:\Users\Nhan\OneDrive - Rincovitch\00. Nhan\CSharp\RincoMTO\RincoMTO_djj4tpge_wpftmp.csproj::TargetFramework=net8.0-windows]
C:\Users\Nhan\OneDrive - Rincovitch\00. Nhan\CSharp\RincoMTO\BIMTOOL\obj\Release R26\Tools\MTO Group Bar\UI\MtoGroupBarWindow.g.cs(1,63): error CS1056: Unexpected character '\0' [C:\Users\Nhan\OneDrive - Rincovitch\00. Nhan\CSharp\RincoMTO\RincoMTO_djj4tpge_wpftmp.csproj::TargetFramework=net8.0-windows]
C:\Users\Nhan\OneDrive - Rincovitch\00. Nhan\CSharp\RincoMTO\BIMTOOL\obj\Release R26\RincoMTO.AssemblyInfo.cs(1,48): error CS1056: Unexpected character '\0' [C:\Users\Nhan\OneDrive - Rincovitch\00. Nhan\CSharp\RincoMTO\RincoMTO_djj4tpge_wpftmp.csproj::TargetFramework=net8.0-windows]
C:\Users\Nhan\OneDrive - Rincovitch\00. Nhan\CSharp\RincoMTO\BIMTOOL\obj\Release R26\Tools\MTO Group Bar\UI\MtoGroupBarWindow.g.cs(1,64): error CS1056: Unexpected character '\0' [C:\Users\Nhan\OneDrive - Rincovitch\00. Nhan\CSharp\RincoMTO\RincoMTO_djj4tpge_wpftmp.csproj::TargetFramework=net8.0-windows]
C:\Users\Nhan\OneDrive - Rincovitch\00. Nhan\CSharp\RincoMTO\BIMTOOL\obj\Release R26\RincoMTO.AssemblyInfo.cs(1,49): error CS1056: Unexpected character '\0' [C:\Users\Nhan\OneDrive - Rincovitch\00. Nhan\CSharp\RincoMTO\RincoMTO_djj4tpge_wpftmp.csproj::TargetFramework=net8.0-windows]
C:\Users\Nhan\OneDrive - Rincovitch\00. Nhan\CSharp\RincoMTO\BIMTOOL\obj\Release R26\Tools\MTO Group Bar\UI\MtoGroupBarWindow.g.cs(1,65): error CS1056: Unexpected character '\0' [C:\Users\Nhan\OneDrive - Rincovitch\00. Nhan\CSharp\RincoMTO\RincoMTO_djj4tpge_wpftmp.csproj::TargetFramework=net8.0-windows]
C:\Users\Nhan\OneDrive - Rincovitch\00. Nhan\CSharp\RincoMTO\BIMTOOL\obj\Release R26\RincoMTO.AssemblyInfo.cs(1,50): error CS1056: Unexpected character '\0' [C:\Users\Nhan\OneDrive - Rincovitch\00. Nhan\CSharp\RincoMTO\RincoMTO_djj4tpge_wpftmp.csproj::TargetFramework=net8.0-windows]
C:\Users\Nhan\OneDrive - Rincovitch\00. Nhan\CSharp\RincoMTO\BIMTOOL\obj\Release R26\Tools\MTO Group Bar\UI\MtoGroupBarWindow.g.cs(1,66): error CS1056: Unexpected character '\0' [C:\Users\Nhan\OneDrive - Rincovitch\00. Nhan\CSharp\RincoMTO\RincoMTO_djj4tpge_wpftmp.csproj::TargetFramework=net8.0-windows]
C:\Users\Nhan\OneDrive - Rincovitch\00. Nhan\CSharp\RincoMTO\BIMTOOL\obj\Release R26\RincoMTO.AssemblyInfo.cs(1,51): error CS1056: Unexpected character '\0' [C:\Users\Nhan\OneDrive - Rincovitch\00. Nhan\CSharp\RincoMTO\RincoMTO_djj4tpge_wpftmp.csproj::TargetFramework=net8.0-windows]
C:\Users\Nhan\OneDrive - Rincovitch\00. Nhan\CSharp\RincoMTO\BIMTOOL\obj\Release R26\Tools\MTO Group Bar\UI\MtoGroupBarWindow.g.cs(1,67): error CS1056: Unexpected character '\0' [C:\Users\Nhan\OneDrive - Rincovitch\00. Nhan\CSharp\RincoMTO\RincoMTO_djj4tpge_wpftmp.csproj::TargetFramework=net8.0-windows]
C:\Users\Nhan\OneDrive - Rincovitch\00. Nhan\CSharp\RincoMTO\BIMTOOL\obj\Release R26\Tools\MTO Group Bar\UI\MtoGroupBarWindow.g.cs(1,68): error CS1056: Unexpected character '\0' [C:\Users\Nhan\OneDrive - Rincovitch\00. Nhan\CSharp\RincoMTO\RincoMTO_djj4tpge_wpftmp.csproj::TargetFramework=net8.0-windows]
C:\Users\Nhan\OneDrive - Rincovitch\00. Nhan\CSharp\RincoMTO\BIMTOOL\obj\Release R26\RincoMTO.AssemblyInfo.cs(1,52): error CS1056: Unexpected character '\0' [C:\Users\Nhan\OneDrive - Rincovitch\00. Nhan\CSharp\RincoMTO\RincoMTO_djj4tpge_wpftmp.csproj::TargetFramework=net8.0-windows]
C:\Users\Nhan\OneDrive - Rincovitch\00. Nhan\CSharp\RincoMTO\BIMTOOL\obj\Release R26\Tools\MTO Group Bar\UI\MtoGroupBarWindow.g.cs(1,69): error CS1056: Unexpected character '\0' [C:\Users\Nhan\OneDrive - Rincovitch\00. Nhan\CSharp\RincoMTO\RincoMTO_djj4tpge_wpftmp.csproj::TargetFramework=net8.0-windows]
C:\Users\Nhan\OneDrive - Rincovitch\00. Nhan\CSharp\RincoMTO\BIMTOOL\obj\Release R26\Tools\MTO Group Bar\UI\MtoGroupBarWindow.g.cs(1,70): error CS1056: Unexpected character '\0' [C:\Users\Nhan\OneDrive - Rincovitch\00. Nhan\CSharp\RincoMTO\RincoMTO_djj4tpge_wpftmp.csproj::TargetFramework=net8.0-windows]
C:\Users\Nhan\OneDrive - Rincovitch\00. Nhan\CSharp\RincoMTO\BIMTOOL\obj\Release R26\RincoMTO.AssemblyInfo.cs(1,53): error CS1056: Unexpected character '\0' [C:\Users\Nhan\OneDrive - Rincovitch\00. Nhan\CSharp\RincoMTO\RincoMTO_djj4tpge_wpftmp.csproj::TargetFramework=net8.0-windows]
C:\Users\Nhan\OneDrive - Rincovitch\00. Nhan\CSharp\RincoMTO\BIMTOOL\obj\Release R26\Tools\MTO Group Bar\UI\MtoGroupBarWindow.g.cs(1,71): error CS1056: Unexpected character '\0' [C:\Users\Nhan\OneDrive - Rincovitch\00. Nhan\CSharp\RincoMTO\RincoMTO_djj4tpge_wpftmp.csproj::TargetFramework=net8.0-windows]
C:\Users\Nhan\OneDrive - Rincovitch\00. Nhan\CSharp\RincoMTO\BIMTOOL\obj\Release R26\RincoMTO.AssemblyInfo.cs(1,54): error CS1056: Unexpected character '\0' [C:\Users\Nhan\OneDrive - Rincovitch\00. Nhan\CSharp\RincoMTO\RincoMTO_djj4tpge_wpftmp.csproj::TargetFramework=net8.0-windows]
C:\Users\Nhan\OneDrive - Rincovitch\00. Nhan\CSharp\RincoMTO\BIMTOOL\obj\Release R26\Tools\MTO Group Bar\UI\MtoGroupBarWindow.g.cs(1,72): error CS1056: Unexpected character '\0' [C:\Users\Nhan\OneDrive - Rincovitch\00. Nhan\CSharp\RincoMTO\RincoMTO_djj4tpge_wpftmp.csproj::TargetFramework=net8.0-windows]
C:\Users\Nhan\OneDrive - Rincovitch\00. Nhan\CSharp\RincoMTO\BIMTOOL\obj\Release R26\RincoMTO.AssemblyInfo.cs(1,55): error CS1056: Unexpected character '\0' [C:\Users\Nhan\OneDrive - Rincovitch\00. Nhan\CSharp\RincoMTO\RincoMTO_djj4tpge_wpftmp.csproj::TargetFramework=net8.0-windows]
C:\Users\Nhan\OneDrive - Rincovitch\00. Nhan\CSharp\RincoMTO\BIMTOOL\obj\Release R26\Tools\MTO Group Bar\UI\MtoGroupBarWindow.g.cs(1,73): error CS1056: Unexpected character '\0' [C:\Users\Nhan\OneDrive - Rincovitch\00. Nhan\CSharp\RincoMTO\RincoMTO_djj4tpge_wpftmp.csproj::TargetFramework=net8.0-windows]
C:\Users\Nhan\OneDrive - Rincovitch\00. Nhan\CSharp\RincoMTO\BIMTOOL\obj\Release R26\RincoMTO.AssemblyInfo.cs(1,56): error CS1056: Unexpected character '\0' [C:\Users\Nhan\OneDrive - Rincovitch\00. Nhan\CSharp\RincoMTO\RincoMTO_djj4tpge_wpftmp.csproj::TargetFramework=net8.0-windows]
C:\Users\Nhan\OneDrive - Rincovitch\00. Nhan\CSharp\RincoMTO\BIMTOOL\obj\Release R26\Tools\MTO Group Bar\UI\MtoGroupBarWindow.g.cs(1,74): error CS1056: Unexpected character '\0' [C:\Users\Nhan\OneDrive - Rincovitch\00. Nhan\CSharp\RincoMTO\RincoMTO_djj4tpge_wpftmp.csproj::TargetFramework=net8.0-windows]
C:\Users\Nhan\OneDrive - Rincovitch\00. Nhan\CSharp\RincoMTO\BIMTOOL\obj\Release R26\RincoMTO.AssemblyInfo.cs(1,57): error CS1056: Unexpected character '\0' [C:\Users\Nhan\OneDrive - Rincovitch\00. Nhan\CSharp\RincoMTO\RincoMTO_djj4tpge_wpftmp.csproj::TargetFramework=net8.0-windows]
C:\Users\Nhan\OneDrive - Rincovitch\00. Nhan\CSharp\RincoMTO\BIMTOOL\obj\Release R26\RincoMTO.AssemblyInfo.cs(1,58): error CS1056: Unexpected character '\0' [C:\Users\Nhan\OneDrive - Rincovitch\00. Nhan\CSharp\RincoMTO\RincoMTO_djj4tpge_wpftmp.csproj::TargetFramework=net8.0-windows]
C:\Users\Nhan\OneDrive - Rincovitch\00. Nhan\CSharp\RincoMTO\BIMTOOL\obj\Release R26\Tools\MTO Group Bar\UI\MtoGroupBarWindow.g.cs(1,75): error CS1056: Unexpected character '\0' [C:\Users\Nhan\OneDrive - Rincovitch\00. Nhan\CSharp\RincoMTO\RincoMTO_djj4tpge_wpftmp.csproj::TargetFramework=net8.0-windows]
C:\Users\Nhan\OneDrive - Rincovitch\00. Nhan\CSharp\RincoMTO\BIMTOOL\obj\Release R26\Tools\MTO Group Bar\UI\MtoGroupBarWindow.g.cs(1,76): error CS1056: Unexpected character '\0' [C:\Users\Nhan\OneDrive - Rincovitch\00. Nhan\CSharp\RincoMTO\RincoMTO_djj4tpge_wpftmp.csproj::TargetFramework=net8.0-windows]
C:\Users\Nhan\OneDrive - Rincovitch\00. Nhan\CSharp\RincoMTO\BIMTOOL\obj\Release R26\RincoMTO.AssemblyInfo.cs(1,59): error CS1056: Unexpected character '\0' [C:\Users\Nhan\OneDrive - Rincovitch\00. Nhan\CSharp\RincoMTO\RincoMTO_djj4tpge_wpftmp.csproj::TargetFramework=net8.0-windows]
C:\Users\Nhan\OneDrive - Rincovitch\00. Nhan\CSharp\RincoMTO\BIMTOOL\obj\Release R26\RincoMTO.AssemblyInfo.cs(1,60): error CS1056: Unexpected character '\0' [C:\Users\Nhan\OneDrive - Rincovitch\00. Nhan\CSharp\RincoMTO\RincoMTO_djj4tpge_wpftmp.csproj::TargetFramework=net8.0-windows]
C:\Users\Nhan\OneDrive - Rincovitch\00. Nhan\CSharp\RincoMTO\BIMTOOL\obj\Release R26\Tools\MTO Group Bar\UI\MtoGroupBarWindow.g.cs(1,77): error CS1056: Unexpected character '\0' [C:\Users\Nhan\OneDrive - Rincovitch\00. Nhan\CSharp\RincoMTO\RincoMTO_djj4tpge_wpftmp.csproj::TargetFramework=net8.0-windows]
C:\Users\Nhan\OneDrive - Rincovitch\00. Nhan\CSharp\RincoMTO\BIMTOOL\obj\Release R26\Tools\MTO Group Bar\UI\MtoGroupBarWindow.g.cs(1,78): error CS1056: Unexpected character '\0' [C:\Users\Nhan\OneDrive - Rincovitch\00. Nhan\CSharp\RincoMTO\RincoMTO_djj4tpge_wpftmp.csproj::TargetFramework=net8.0-windows]
C:\Users\Nhan\OneDrive - Rincovitch\00. Nhan\CSharp\RincoMTO\BIMTOOL\obj\Release R26\RincoMTO.AssemblyInfo.cs(1,61): error CS1056: Unexpected character '\0' [C:\Users\Nhan\OneDrive - Rincovitch\00. Nhan\CSharp\RincoMTO\RincoMTO_djj4tpge_wpftmp.csproj::TargetFramework=net8.0-windows]
C:\Users\Nhan\OneDrive - Rincovitch\00. Nhan\CSharp\RincoMTO\BIMTOOL\obj\Release R26\Tools\MTO Group Bar\UI\MtoGroupBarWindow.g.cs(1,79): error CS1056: Unexpected character '\0' [C:\Users\Nhan\OneDrive - Rincovitch\00. Nhan\CSharp\RincoMTO\RincoMTO_djj4tpge_wpftmp.csproj::TargetFramework=net8.0-windows]
C:\Users\Nhan\OneDrive - Rincovitch\00. Nhan\CSharp\RincoMTO\BIMTOOL\obj\Release R26\RincoMTO.AssemblyInfo.cs(1,62): error CS1056: Unexpected character '\0' [C:\Users\Nhan\OneDrive - Rincovitch\00. Nhan\CSharp\RincoMTO\RincoMTO_djj4tpge_wpftmp.csproj::TargetFramework=net8.0-windows]
C:\Users\Nhan\OneDrive - Rincovitch\00. Nhan\CSharp\RincoMTO\BIMTOOL\obj\Release R26\Tools\MTO Group Bar\UI\MtoGroupBarWindow.g.cs(1,80): error CS1056: Unexpected character '\0' [C:\Users\Nhan\OneDrive - Rincovitch\00. Nhan\CSharp\RincoMTO\RincoMTO_djj4tpge_wpftmp.csproj::TargetFramework=net8.0-windows]
C:\Users\Nhan\OneDrive - Rincovitch\00. Nhan\CSharp\RincoMTO\BIMTOOL\obj\Release R26\RincoMTO.AssemblyInfo.cs(1,63): error CS1056: Unexpected character '\0' [C:\Users\Nhan\OneDrive - Rincovitch\00. Nhan\CSharp\RincoMTO\RincoMTO_djj4tpge_wpftmp.csproj::TargetFramework=net8.0-windows]
C:\Users\Nhan\OneDrive - Rincovitch\00. Nhan\CSharp\RincoMTO\BIMTOOL\obj\Release R26\Tools\MTO Group Bar\UI\MtoGroupBarWindow.g.cs(1,81): error CS1056: Unexpected character '\0' [C:\Users\Nhan\OneDrive - Rincovitch\00. Nhan\CSharp\RincoMTO\RincoMTO_djj4tpge_wpftmp.csproj::TargetFramework=net8.0-windows]
C:\Users\Nhan\OneDrive - Rincovitch\00. Nhan\CSharp\RincoMTO\BIMTOOL\obj\Release R26\Tools\MTO Group Bar\UI\MtoGroupBarWindow.g.cs(1,82): error CS1056: Unexpected character '\0' [C:\Users\Nhan\OneDrive - Rincovitch\00. Nhan\CSharp\RincoMTO\RincoMTO_djj4tpge_wpftmp.csproj::TargetFramework=net8.0-windows]
C:\Users\Nhan\OneDrive - Rincovitch\00. Nhan\CSharp\RincoMTO\BIMTOOL\obj\Release R26\Tools\MTO Group Bar\UI\MtoGroupBarWindow.g.cs(1,83): error CS1056: Unexpected character '\0' [C:\Users\Nhan\OneDrive - Rincovitch\00. Nhan\CSharp\RincoMTO\RincoMTO_djj4tpge_wpftmp.csproj::TargetFramework=net8.0-windows]
C:\Users\Nhan\OneDrive - Rincovitch\00. Nhan\CSharp\RincoMTO\BIMTOOL\obj\Release R26\Tools\MTO Group Bar\UI\MtoGroupBarWindow.g.cs(1,84): error CS1056: Unexpected character '\0' [C:\Users\Nhan\OneDrive - Rincovitch\00. Nhan\CSharp\RincoMTO\RincoMTO_djj4tpge_wpftmp.csproj::TargetFramework=net8.0-windows]
C:\Users\Nhan\OneDrive - Rincovitch\00. Nhan\CSharp\RincoMTO\BIMTOOL\obj\Release R26\Tools\MTO Group Bar\UI\MtoGroupBarWindow.g.cs(1,85): error CS1056: Unexpected character '\0' [C:\Users\Nhan\OneDrive - Rincovitch\00. Nhan\CSharp\RincoMTO\RincoMTO_djj4tpge_wpftmp.csproj::TargetFramework=net8.0-windows]
C:\Users\Nhan\OneDrive - Rincovitch\00. Nhan\CSharp\RincoMTO\BIMTOOL\obj\Release R26\Tools\MTO Group Bar\UI\MtoGroupBarWindow.g.cs(1,86): error CS1056: Unexpected character '\0' [C:\Users\Nhan\OneDrive - Rincovitch\00. Nhan\CSharp\RincoMTO\RincoMTO_djj4tpge_wpftmp.csproj::TargetFramework=net8.0-windows]
C:\Users\Nhan\OneDrive - Rincovitch\00. Nhan\CSharp\RincoMTO\BIMTOOL\obj\Release R26\RincoMTO.AssemblyInfo.cs(1,64): error CS1056: Unexpected character '\0' [C:\Users\Nhan\OneDrive - Rincovitch\00. Nhan\CSharp\RincoMTO\RincoMTO_djj4tpge_wpftmp.csproj::TargetFramework=net8.0-windows]
C:\Users\Nhan\OneDrive - Rincovitch\00. Nhan\CSharp\RincoMTO\BIMTOOL\obj\Release R26\Tools\MTO Group Bar\UI\MtoGroupBarWindow.g.cs(1,87): error CS1056: Unexpected character '\0' [C:\Users\Nhan\OneDrive - Rincovitch\00. Nhan\CSharp\RincoMTO\RincoMTO_djj4tpge_wpftmp.csproj::TargetFramework=net8.0-windows]
C:\Users\Nhan\OneDrive - Rincovitch\00. Nhan\CSharp\RincoMTO\BIMTOOL\obj\Release R26\RincoMTO.AssemblyInfo.cs(1,65): error CS1056: Unexpected character '\0' [C:\Users\Nhan\OneDrive - Rincovitch\00. Nhan\CSharp\RincoMTO\RincoMTO_djj4tpge_wpftmp.csproj::TargetFramework=net8.0-windows]
C:\Users\Nhan\OneDrive - Rincovitch\00. Nhan\CSharp\RincoMTO\BIMTOOL\obj\Release R26\Tools\MTO Group Bar\UI\MtoGroupBarWindow.g.cs(1,88): error CS1056: Unexpected character '\0' [C:\Users\Nhan\OneDrive - Rincovitch\00. Nhan\CSharp\RincoMTO\RincoMTO_djj4tpge_wpftmp.csproj::TargetFramework=net8.0-windows]
C:\Users\Nhan\OneDrive - Rincovitch\00. Nhan\CSharp\RincoMTO\BIMTOOL\obj\Release R26\RincoMTO.AssemblyInfo.cs(1,66): error CS1056: Unexpected character '\0' [C:\Users\Nhan\OneDrive - Rincovitch\00. Nhan\CSharp\RincoMTO\RincoMTO_djj4tpge_wpftmp.csproj::TargetFramework=net8.0-windows]
C:\Users\Nhan\OneDrive - Rincovitch\00. Nhan\CSharp\RincoMTO\BIMTOOL\obj\Release R26\Tools\MTO Group Bar\UI\MtoGroupBarWindow.g.cs(1,89): error CS1056: Unexpected character '\0' [C:\Users\Nhan\OneDrive - Rincovitch\00. Nhan\CSharp\RincoMTO\RincoMTO_djj4tpge_wpftmp.csproj::TargetFramework=net8.0-windows]
C:\Users\Nhan\OneDrive - Rincovitch\00. Nhan\CSharp\RincoMTO\BIMTOOL\obj\Release R26\RincoMTO.AssemblyInfo.cs(1,67): error CS1056: Unexpected character '\0' [C:\Users\Nhan\OneDrive - Rincovitch\00. Nhan\CSharp\RincoMTO\RincoMTO_djj4tpge_wpftmp.csproj::TargetFramework=net8.0-windows]
C:\Users\Nhan\OneDrive - Rincovitch\00. Nhan\CSharp\RincoMTO\BIMTOOL\obj\Release R26\Tools\MTO Group Bar\UI\MtoGroupBarWindow.g.cs(1,90): error CS1056: Unexpected character '\0' [C:\Users\Nhan\OneDrive - Rincovitch\00. Nhan\CSharp\RincoMTO\RincoMTO_djj4tpge_wpftmp.csproj::TargetFramework=net8.0-windows]
C:\Users\Nhan\OneDrive - Rincovitch\00. Nhan\CSharp\RincoMTO\BIMTOOL\obj\Release R26\RincoMTO.AssemblyInfo.cs(1,68): error CS1056: Unexpected character '\0' [C:\Users\Nhan\OneDrive - Rincovitch\00. Nhan\CSharp\RincoMTO\RincoMTO_djj4tpge_wpftmp.csproj::TargetFramework=net8.0-windows]
C:\Users\Nhan\OneDrive - Rincovitch\00. Nhan\CSharp\RincoMTO\BIMTOOL\obj\Release R26\Tools\MTO Group Bar\UI\MtoGroupBarWindow.g.cs(1,91): error CS1056: Unexpected character '\0' [C:\Users\Nhan\OneDrive - Rincovitch\00. Nhan\CSharp\RincoMTO\RincoMTO_djj4tpge_wpftmp.csproj::TargetFramework=net8.0-windows]
C:\Users\Nhan\OneDrive - Rincovitch\00. Nhan\CSharp\RincoMTO\BIMTOOL\obj\Release R26\RincoMTO.AssemblyInfo.cs(1,69): error CS1056: Unexpected character '\0' [C:\Users\Nhan\OneDrive - Rincovitch\00. Nhan\CSharp\RincoMTO\RincoMTO_djj4tpge_wpftmp.csproj::TargetFramework=net8.0-windows]
C:\Users\Nhan\OneDrive - Rincovitch\00. Nhan\CSharp\RincoMTO\BIMTOOL\obj\Release R26\Tools\MTO Group Bar\UI\MtoGroupBarWindow.g.cs(1,92): error CS1056: Unexpected character '\0' [C:\Users\Nhan\OneDrive - Rincovitch\00. Nhan\CSharp\RincoMTO\RincoMTO_djj4tpge_wpftmp.csproj::TargetFramework=net8.0-windows]
C:\Users\Nhan\OneDrive - Rincovitch\00. Nhan\CSharp\RincoMTO\BIMTOOL\obj\Release R26\RincoMTO.AssemblyInfo.cs(1,70): error CS1056: Unexpected character '\0' [C:\Users\Nhan\OneDrive - Rincovitch\00. Nhan\CSharp\RincoMTO\RincoMTO_djj4tpge_wpftmp.csproj::TargetFramework=net8.0-windows]
C:\Users\Nhan\OneDrive - Rincovitch\00. Nhan\CSharp\RincoMTO\BIMTOOL\obj\Release R26\Tools\MTO Group Bar\UI\MtoGroupBarWindow.g.cs(1,93): error CS1056: Unexpected character '\0' [C:\Users\Nhan\OneDrive - Rincovitch\00. Nhan\CSharp\RincoMTO\RincoMTO_djj4tpge_wpftmp.csproj::TargetFramework=net8.0-windows]
C:\Users\Nhan\OneDrive - Rincovitch\00. Nhan\CSharp\RincoMTO\BIMTOOL\obj\Release R26\RincoMTO.AssemblyInfo.cs(1,71): error CS1056: Unexpected character '\0' [C:\Users\Nhan\OneDrive - Rincovitch\00. Nhan\CSharp\RincoMTO\RincoMTO_djj4tpge_wpftmp.csproj::TargetFramework=net8.0-windows]
C:\Users\Nhan\OneDrive - Rincovitch\00. Nhan\CSharp\RincoMTO\BIMTOOL\obj\Release R26\Tools\MTO Group Bar\UI\MtoGroupBarWindow.g.cs(1,94): error CS1056: Unexpected character '\0' [C:\Users\Nhan\OneDrive - Rincovitch\00. Nhan\CSharp\RincoMTO\RincoMTO_djj4tpge_wpftmp.csproj::TargetFramework=net8.0-windows]
C:\Users\Nhan\OneDrive - Rincovitch\00. Nhan\CSharp\RincoMTO\BIMTOOL\obj\Release R26\RincoMTO.AssemblyInfo.cs(1,72): error CS1056: Unexpected character '\0' [C:\Users\Nhan\OneDrive - Rincovitch\00. Nhan\CSharp\RincoMTO\RincoMTO_djj4tpge_wpftmp.csproj::TargetFramework=net8.0-windows]
C:\Users\Nhan\OneDrive - Rincovitch\00. Nhan\CSharp\RincoMTO\BIMTOOL\obj\Release R26\Tools\MTO Group Bar\UI\MtoGroupBarWindow.g.cs(1,95): error CS1056: Unexpected character '\0' [C:\Users\Nhan\OneDrive - Rincovitch\00. Nhan\CSharp\RincoMTO\RincoMTO_djj4tpge_wpftmp.csproj::TargetFramework=net8.0-windows]
C:\Users\Nhan\OneDrive - Rincovitch\00. Nhan\CSharp\RincoMTO\BIMTOOL\obj\Release R26\RincoMTO.AssemblyInfo.cs(1,73): error CS1056: Unexpected character '\0' [C:\Users\Nhan\OneDrive - Rincovitch\00. Nhan\CSharp\RincoMTO\RincoMTO_djj4tpge_wpftmp.csproj::TargetFramework=net8.0-windows]
C:\Users\Nhan\OneDrive - Rincovitch\00. Nhan\CSharp\RincoMTO\BIMTOOL\obj\Release R26\Tools\MTO Group Bar\UI\MtoGroupBarWindow.g.cs(1,96): error CS1056: Unexpected character '\0' [C:\Users\Nhan\OneDrive - Rincovitch\00. Nhan\CSharp\RincoMTO\RincoMTO_djj4tpge_wpftmp.csproj::TargetFramework=net8.0-windows]
C:\Users\Nhan\OneDrive - Rincovitch\00. Nhan\CSharp\RincoMTO\BIMTOOL\obj\Release R26\RincoMTO.AssemblyInfo.cs(1,74): error CS1056: Unexpected character '\0' [C:\Users\Nhan\OneDrive - Rincovitch\00. Nhan\CSharp\RincoMTO\RincoMTO_djj4tpge_wpftmp.csproj::TargetFramework=net8.0-windows]
C:\Users\Nhan\OneDrive - Rincovitch\00. Nhan\CSharp\RincoMTO\BIMTOOL\obj\Release R26\Tools\MTO Group Bar\UI\MtoGroupBarWindow.g.cs(1,97): error CS1056: Unexpected character '\0' [C:\Users\Nhan\OneDrive - Rincovitch\00. Nhan\CSharp\RincoMTO\RincoMTO_djj4tpge_wpftmp.csproj::TargetFramework=net8.0-windows]
C:\Users\Nhan\OneDrive - Rincovitch\00. Nhan\CSharp\RincoMTO\BIMTOOL\obj\Release R26\RincoMTO.AssemblyInfo.cs(1,75): error CS1056: Unexpected character '\0' [C:\Users\Nhan\OneDrive - Rincovitch\00. Nhan\CSharp\RincoMTO\RincoMTO_djj4tpge_wpftmp.csproj::TargetFramework=net8.0-windows]
C:\Users\Nhan\OneDrive - Rincovitch\00. Nhan\CSharp\RincoMTO\BIMTOOL\obj\Release R26\Tools\MTO Group Bar\UI\MtoGroupBarWindow.g.cs(1,98): error CS1056: Unexpected character '\0' [C:\Users\Nhan\OneDrive - Rincovitch\00. Nhan\CSharp\RincoMTO\RincoMTO_djj4tpge_wpftmp.csproj::TargetFramework=net8.0-windows]
C:\Users\Nhan\OneDrive - Rincovitch\00. Nhan\CSharp\RincoMTO\BIMTOOL\obj\Release R26\RincoMTO.AssemblyInfo.cs(1,76): error CS1056: Unexpected character '\0' [C:\Users\Nhan\OneDrive - Rincovitch\00. Nhan\CSharp\RincoMTO\RincoMTO_djj4tpge_wpftmp.csproj::TargetFramework=net8.0-windows]
C:\Users\Nhan\OneDrive - Rincovitch\00. Nhan\CSharp\RincoMTO\BIMTOOL\obj\Release R26\RincoMTO.AssemblyInfo.cs(1,77): error CS1056: Unexpected character '\0' [C:\Users\Nhan\OneDrive - Rincovitch\00. Nhan\CSharp\RincoMTO\RincoMTO_djj4tpge_wpftmp.csproj::TargetFramework=net8.0-windows]
C:\Users\Nhan\OneDrive - Rincovitch\00. Nhan\CSharp\RincoMTO\BIMTOOL\obj\Release R26\Tools\MTO Group Bar\UI\MtoGroupBarWindow.g.cs(1,99): error CS1056: Unexpected character '\0' [C:\Users\Nhan\OneDrive - Rincovitch\00. Nhan\CSharp\RincoMTO\RincoMTO_djj4tpge_wpftmp.csproj::TargetFramework=net8.0-windows]
C:\Users\Nhan\OneDrive - Rincovitch\00. Nhan\CSharp\RincoMTO\BIMTOOL\obj\Release R26\Tools\MTO Group Bar\UI\MtoGroupBarWindow.g.cs(1,100): error CS1056: Unexpected character '\0' [C:\Users\Nhan\OneDrive - Rincovitch\00. Nhan\CSharp\RincoMTO\RincoMTO_djj4tpge_wpftmp.csproj::TargetFramework=net8.0-windows]
C:\Users\Nhan\OneDrive - Rincovitch\00. Nhan\CSharp\RincoMTO\BIMTOOL\obj\Release R26\RincoMTO.AssemblyInfo.cs(1,78): error CS1056: Unexpected character '\0' [C:\Users\Nhan\OneDrive - Rincovitch\00. Nhan\CSharp\RincoMTO\RincoMTO_djj4tpge_wpftmp.csproj::TargetFramework=net8.0-windows]
C:\Users\Nhan\OneDrive - Rincovitch\00. Nhan\CSharp\RincoMTO\BIMTOOL\obj\Release R26\Tools\MTO Group Bar\UI\MtoGroupBarWindow.g.cs(1,101): error CS1056: Unexpected character '\0' [C:\Users\Nhan\OneDrive - Rincovitch\00. Nhan\CSharp\RincoMTO\RincoMTO_djj4tpge_wpftmp.csproj::TargetFramework=net8.0-windows]
C:\Users\Nhan\OneDrive - Rincovitch\00. Nhan\CSharp\RincoMTO\BIMTOOL\obj\Release R26\Tools\MTO Group Bar\UI\MtoGroupBarWindow.g.cs(1,102): error CS1056: Unexpected character '\0' [C:\Users\Nhan\OneDrive - Rincovitch\00. Nhan\CSharp\RincoMTO\RincoMTO_djj4tpge_wpftmp.csproj::TargetFramework=net8.0-windows]
C:\Users\Nhan\OneDrive - Rincovitch\00. Nhan\CSharp\RincoMTO\BIMTOOL\obj\Release R26\RincoMTO.AssemblyInfo.cs(1,79): error CS1056: Unexpected character '\0' [C:\Users\Nhan\OneDrive - Rincovitch\00. Nhan\CSharp\RincoMTO\RincoMTO_djj4tpge_wpftmp.csproj::TargetFramework=net8.0-windows]
C:\Users\Nhan\OneDrive - Rincovitch\00. Nhan\CSharp\RincoMTO\BIMTOOL\obj\Release R26\Tools\MTO Group Bar\UI\MtoGroupBarWindow.g.cs(1,103): error CS1056: Unexpected character '\0' [C:\Users\Nhan\OneDrive - Rincovitch\00. Nhan\CSharp\RincoMTO\RincoMTO_djj4tpge_wpftmp.csproj::TargetFramework=net8.0-windows]
C:\Users\Nhan\OneDrive - Rincovitch\00. Nhan\CSharp\RincoMTO\BIMTOOL\obj\Release R26\RincoMTO.AssemblyInfo.cs(1,80): error CS1056: Unexpected character '\0' [C:\Users\Nhan\OneDrive - Rincovitch\00. Nhan\CSharp\RincoMTO\RincoMTO_djj4tpge_wpftmp.csproj::TargetFramework=net8.0-windows]
C:\Users\Nhan\OneDrive - Rincovitch\00. Nhan\CSharp\RincoMTO\BIMTOOL\obj\Release R26\Tools\MTO Group Bar\UI\MtoGroupBarWindow.g.cs(1,104): error CS1056: Unexpected character '\0' [C:\Users\Nhan\OneDrive - Rincovitch\00. Nhan\CSharp\RincoMTO\RincoMTO_djj4tpge_wpftmp.csproj::TargetFramework=net8.0-windows]
C:\Users\Nhan\OneDrive - Rincovitch\00. Nhan\CSharp\RincoMTO\BIMTOOL\obj\Release R26\RincoMTO.AssemblyInfo.cs(1,81): error CS1056: Unexpected character '\0' [C:\Users\Nhan\OneDrive - Rincovitch\00. Nhan\CSharp\RincoMTO\RincoMTO_djj4tpge_wpftmp.csproj::TargetFramework=net8.0-windows]
C:\Users\Nhan\OneDrive - Rincovitch\00. Nhan\CSharp\RincoMTO\BIMTOOL\obj\Release R26\RincoMTO.AssemblyInfo.cs(1,82): error CS1056: Unexpected character '\0' [C:\Users\Nhan\OneDrive - Rincovitch\00. Nhan\CSharp\RincoMTO\RincoMTO_djj4tpge_wpftmp.csproj::TargetFramework=net8.0-windows]
C:\Users\Nhan\OneDrive - Rincovitch\00. Nhan\CSharp\RincoMTO\BIMTOOL\obj\Release R26\Tools\MTO Group Bar\UI\MtoGroupBarWindow.g.cs(1,105): error CS1056: Unexpected character '\0' [C:\Users\Nhan\OneDrive - Rincovitch\00. Nhan\CSharp\RincoMTO\RincoMTO_djj4tpge_wpftmp.csproj::TargetFramework=net8.0-windows]
C:\Users\Nhan\OneDrive - Rincovitch\00. Nhan\CSharp\RincoMTO\BIMTOOL\obj\Release R26\RincoMTO.AssemblyInfo.cs(1,83): error CS1056: Unexpected character '\0' [C:\Users\Nhan\OneDrive - Rincovitch\00. Nhan\CSharp\RincoMTO\RincoMTO_djj4tpge_wpftmp.csproj::TargetFramework=net8.0-windows]
C:\Users\Nhan\OneDrive - Rincovitch\00. Nhan\CSharp\RincoMTO\BIMTOOL\obj\Release R26\Tools\MTO Group Bar\UI\MtoGroupBarWindow.g.cs(1,106): error CS1056: Unexpected character '\0' [C:\Users\Nhan\OneDrive - Rincovitch\00. Nhan\CSharp\RincoMTO\RincoMTO_djj4tpge_wpftmp.csproj::TargetFramework=net8.0-windows]
C:\Users\Nhan\OneDrive - Rincovitch\00. Nhan\CSharp\RincoMTO\BIMTOOL\obj\Release R26\RincoMTO.AssemblyInfo.cs(1,84): error CS1056: Unexpected character '\0' [C:\Users\Nhan\OneDrive - Rincovitch\00. Nhan\CSharp\RincoMTO\RincoMTO_djj4tpge_wpftmp.csproj::TargetFramework=net8.0-windows]
C:\Users\Nhan\OneDrive - Rincovitch\00. Nhan\CSharp\RincoMTO\BIMTOOL\obj\Release R26\Tools\MTO Group Bar\UI\MtoGroupBarWindow.g.cs(1,107): error CS1056: Unexpected character '\0' [C:\Users\Nhan\OneDrive - Rincovitch\00. Nhan\CSharp\RincoMTO\RincoMTO_djj4tpge_wpftmp.csproj::TargetFramework=net8.0-windows]
C:\Users\Nhan\OneDrive - Rincovitch\00. Nhan\CSharp\RincoMTO\BIMTOOL\obj\Release R26\RincoMTO.AssemblyInfo.cs(1,85): error CS1056: Unexpected character '\0' [C:\Users\Nhan\OneDrive - Rincovitch\00. Nhan\CSharp\RincoMTO\RincoMTO_djj4tpge_wpftmp.csproj::TargetFramework=net8.0-windows]
C:\Users\Nhan\OneDrive - Rincovitch\00. Nhan\CSharp\RincoMTO\BIMTOOL\obj\Release R26\Tools\MTO Group Bar\UI\MtoGroupBarWindow.g.cs(1,108): error CS1056: Unexpected character '\0' [C:\Users\Nhan\OneDrive - Rincovitch\00. Nhan\CSharp\RincoMTO\RincoMTO_djj4tpge_wpftmp.csproj::TargetFramework=net8.0-windows]
C:\Users\Nhan\OneDrive - Rincovitch\00. Nhan\CSharp\RincoMTO\BIMTOOL\obj\Release R26\RincoMTO.AssemblyInfo.cs(1,86): error CS1056: Unexpected character '\0' [C:\Users\Nhan\OneDrive - Rincovitch\00. Nhan\CSharp\RincoMTO\RincoMTO_djj4tpge_wpftmp.csproj::TargetFramework=net8.0-windows]
C:\Users\Nhan\OneDrive - Rincovitch\00. Nhan\CSharp\RincoMTO\BIMTOOL\obj\Release R26\Tools\MTO Group Bar\UI\MtoGroupBarWindow.g.cs(1,109): error CS1056: Unexpected character '\0' [C:\Users\Nhan\OneDrive - Rincovitch\00. Nhan\CSharp\RincoMTO\RincoMTO_djj4tpge_wpftmp.csproj::TargetFramework=net8.0-windows]
C:\Users\Nhan\OneDrive - Rincovitch\00. Nhan\CSharp\RincoMTO\BIMTOOL\obj\Release R26\RincoMTO.AssemblyInfo.cs(1,87): error CS1056: Unexpected character '\0' [C:\Users\Nhan\OneDrive - Rincovitch\00. Nhan\CSharp\RincoMTO\RincoMTO_djj4tpge_wpftmp.csproj::TargetFramework=net8.0-windows]
C:\Users\Nhan\OneDrive - Rincovitch\00. Nhan\CSharp\RincoMTO\BIMTOOL\obj\Release R26\Tools\MTO Group Bar\UI\MtoGroupBarWindow.g.cs(1,110): error CS1056: Unexpected character '\0' [C:\Users\Nhan\OneDrive - Rincovitch\00. Nhan\CSharp\RincoMTO\RincoMTO_djj4tpge_wpftmp.csproj::TargetFramework=net8.0-windows]
C:\Users\Nhan\OneDrive - Rincovitch\00. Nhan\CSharp\RincoMTO\BIMTOOL\obj\Release R26\RincoMTO.AssemblyInfo.cs(1,88): error CS1056: Unexpected character '\0' [C:\Users\Nhan\OneDrive - Rincovitch\00. Nhan\CSharp\RincoMTO\RincoMTO_djj4tpge_wpftmp.csproj::TargetFramework=net8.0-windows]
C:\Users\Nhan\OneDrive - Rincovitch\00. Nhan\CSharp\RincoMTO\BIMTOOL\obj\Release R26\Tools\MTO Group Bar\UI\MtoGroupBarWindow.g.cs(1,111): error CS1056: Unexpected character '\0' [C:\Users\Nhan\OneDrive - Rincovitch\00. Nhan\CSharp\RincoMTO\RincoMTO_djj4tpge_wpftmp.csproj::TargetFramework=net8.0-windows]
C:\Users\Nhan\OneDrive - Rincovitch\00. Nhan\CSharp\RincoMTO\BIMTOOL\obj\Release R26\RincoMTO.AssemblyInfo.cs(1,89): error CS1056: Unexpected character '\0' [C:\Users\Nhan\OneDrive - Rincovitch\00. Nhan\CSharp\RincoMTO\RincoMTO_djj4tpge_wpftmp.csproj::TargetFramework=net8.0-windows]
C:\Users\Nhan\OneDrive - Rincovitch\00. Nhan\CSharp\RincoMTO\BIMTOOL\obj\Release R26\Tools\MTO Group Bar\UI\MtoGroupBarWindow.g.cs(1,112): error CS1056: Unexpected character '\0' [C:\Users\Nhan\OneDrive - Rincovitch\00. Nhan\CSharp\RincoMTO\RincoMTO_djj4tpge_wpftmp.csproj::TargetFramework=net8.0-windows]
C:\Users\Nhan\OneDrive - Rincovitch\00. Nhan\CSharp\RincoMTO\BIMTOOL\obj\Release R26\RincoMTO.AssemblyInfo.cs(1,90): error CS1056: Unexpected character '\0' [C:\Users\Nhan\OneDrive - Rincovitch\00. Nhan\CSharp\RincoMTO\RincoMTO_djj4tpge_wpftmp.csproj::TargetFramework=net8.0-windows]
C:\Users\Nhan\OneDrive - Rincovitch\00. Nhan\CSharp\RincoMTO\BIMTOOL\obj\Release R26\Tools\MTO Group Bar\UI\MtoGroupBarWindow.g.cs(1,113): error CS1056: Unexpected character '\0' [C:\Users\Nhan\OneDrive - Rincovitch\00. Nhan\CSharp\RincoMTO\RincoMTO_djj4tpge_wpftmp.csproj::TargetFramework=net8.0-windows]
C:\Users\Nhan\OneDrive - Rincovitch\00. Nhan\CSharp\RincoMTO\BIMTOOL\obj\Release R26\RincoMTO.AssemblyInfo.cs(1,91): error CS1056: Unexpected character '\0' [C:\Users\Nhan\OneDrive - Rincovitch\00. Nhan\CSharp\RincoMTO\RincoMTO_djj4tpge_wpftmp.csproj::TargetFramework=net8.0-windows]
C:\Users\Nhan\OneDrive - Rincovitch\00. Nhan\CSharp\RincoMTO\BIMTOOL\obj\Release R26\Tools\MTO Group Bar\UI\MtoGroupBarWindow.g.cs(1,114): error CS1056: Unexpected character '\0' [C:\Users\Nhan\OneDrive - Rincovitch\00. Nhan\CSharp\RincoMTO\RincoMTO_djj4tpge_wpftmp.csproj::TargetFramework=net8.0-windows]
C:\Users\Nhan\OneDrive - Rincovitch\00. Nhan\CSharp\RincoMTO\BIMTOOL\obj\Release R26\RincoMTO.AssemblyInfo.cs(1,92): error CS1056: Unexpected character '\0' [C:\Users\Nhan\OneDrive - Rincovitch\00. Nhan\CSharp\RincoMTO\RincoMTO_djj4tpge_wpftmp.csproj::TargetFramework=net8.0-windows]
C:\Users\Nhan\OneDrive - Rincovitch\00. Nhan\CSharp\RincoMTO\BIMTOOL\obj\Release R26\Tools\MTO Group Bar\UI\MtoGroupBarWindow.g.cs(1,115): error CS1056: Unexpected character '\0' [C:\Users\Nhan\OneDrive - Rincovitch\00. Nhan\CSharp\RincoMTO\RincoMTO_djj4tpge_wpftmp.csproj::TargetFramework=net8.0-windows]
C:\Users\Nhan\OneDrive - Rincovitch\00. Nhan\CSharp\RincoMTO\BIMTOOL\obj\Release R26\RincoMTO.AssemblyInfo.cs(1,93): error CS1056: Unexpected character '\0' [C:\Users\Nhan\OneDrive - Rincovitch\00. Nhan\CSharp\RincoMTO\RincoMTO_djj4tpge_wpftmp.csproj::TargetFramework=net8.0-windows]
C:\Users\Nhan\OneDrive - Rincovitch\00. Nhan\CSharp\RincoMTO\BIMTOOL\obj\Release R26\Tools\MTO Group Bar\UI\MtoGroupBarWindow.g.cs(1,116): error CS1056: Unexpected character '\0' [C:\Users\Nhan\OneDrive - Rincovitch\00. Nhan\CSharp\RincoMTO\RincoMTO_djj4tpge_wpftmp.csproj::TargetFramework=net8.0-windows]
C:\Users\Nhan\OneDrive - Rincovitch\00. Nhan\CSharp\RincoMTO\BIMTOOL\obj\Release R26\Tools\MTO Group Bar\UI\MtoGroupBarWindow.g.cs(1,117): error CS1056: Unexpected character '\0' [C:\Users\Nhan\OneDrive - Rincovitch\00. Nhan\CSharp\RincoMTO\RincoMTO_djj4tpge_wpftmp.csproj::TargetFramework=net8.0-windows]
C:\Users\Nhan\OneDrive - Rincovitch\00. Nhan\CSharp\RincoMTO\BIMTOOL\obj\Release R26\RincoMTO.AssemblyInfo.cs(1,94): error CS1056: Unexpected character '\0' [C:\Users\Nhan\OneDrive - Rincovitch\00. Nhan\CSharp\RincoMTO\RincoMTO_djj4tpge_wpftmp.csproj::TargetFramework=net8.0-windows]
C:\Users\Nhan\OneDrive - Rincovitch\00. Nhan\CSharp\RincoMTO\BIMTOOL\obj\Release R26\Tools\MTO Group Bar\UI\MtoGroupBarWindow.g.cs(1,118): error CS1056: Unexpected character '\0' [C:\Users\Nhan\OneDrive - Rincovitch\00. Nhan\CSharp\RincoMTO\RincoMTO_djj4tpge_wpftmp.csproj::TargetFramework=net8.0-windows]
C:\Users\Nhan\OneDrive - Rincovitch\00. Nhan\CSharp\RincoMTO\BIMTOOL\obj\Release R26\RincoMTO.AssemblyInfo.cs(1,95): error CS1056: Unexpected character '\0' [C:\Users\Nhan\OneDrive - Rincovitch\00. Nhan\CSharp\RincoMTO\RincoMTO_djj4tpge_wpftmp.csproj::TargetFramework=net8.0-windows]
C:\Users\Nhan\OneDrive - Rincovitch\00. Nhan\CSharp\RincoMTO\BIMTOOL\obj\Release R26\RincoMTO.AssemblyInfo.cs(1,96): error CS1056: Unexpected character '\0' [C:\Users\Nhan\OneDrive - Rincovitch\00. Nhan\CSharp\RincoMTO\RincoMTO_djj4tpge_wpftmp.csproj::TargetFramework=net8.0-windows]
C:\Users\Nhan\OneDrive - Rincovitch\00. Nhan\CSharp\RincoMTO\BIMTOOL\obj\Release R26\Tools\MTO Group Bar\UI\MtoGroupBarWindow.g.cs(1,119): error CS1056: Unexpected character '\0' [C:\Users\Nhan\OneDrive - Rincovitch\00. Nhan\CSharp\RincoMTO\RincoMTO_djj4tpge_wpftmp.csproj::TargetFramework=net8.0-windows]
C:\Users\Nhan\OneDrive - Rincovitch\00. Nhan\CSharp\RincoMTO\BIMTOOL\obj\Release R26\RincoMTO.AssemblyInfo.cs(1,97): error CS1056: Unexpected character '\0' [C:\Users\Nhan\OneDrive - Rincovitch\00. Nhan\CSharp\RincoMTO\RincoMTO_djj4tpge_wpftmp.csproj::TargetFramework=net8.0-windows]
C:\Users\Nhan\OneDrive - Rincovitch\00. Nhan\CSharp\RincoMTO\BIMTOOL\obj\Release R26\Tools\MTO Group Bar\UI\MtoGroupBarWindow.g.cs(1,120): error CS1056: Unexpected character '\0' [C:\Users\Nhan\OneDrive - Rincovitch\00. Nhan\CSharp\RincoMTO\RincoMTO_djj4tpge_wpftmp.csproj::TargetFramework=net8.0-windows]
C:\Users\Nhan\OneDrive - Rincovitch\00. Nhan\CSharp\RincoMTO\BIMTOOL\obj\Release R26\RincoMTO.AssemblyInfo.cs(1,98): error CS1056: Unexpected character '\0' [C:\Users\Nhan\OneDrive - Rincovitch\00. Nhan\CSharp\RincoMTO\RincoMTO_djj4tpge_wpftmp.csproj::TargetFramework=net8.0-windows]
C:\Users\Nhan\OneDrive - Rincovitch\00. Nhan\CSharp\RincoMTO\BIMTOOL\obj\Release R26\Tools\MTO Group Bar\UI\MtoGroupBarWindow.g.cs(1,121): error CS1056: Unexpected character '\0' [C:\Users\Nhan\OneDrive - Rincovitch\00. Nhan\CSharp\RincoMTO\RincoMTO_djj4tpge_wpftmp.csproj::TargetFramework=net8.0-windows]
C:\Users\Nhan\OneDrive - Rincovitch\00. Nhan\CSharp\RincoMTO\BIMTOOL\obj\Release R26\RincoMTO.AssemblyInfo.cs(1,99): error CS1056: Unexpected character '\0' [C:\Users\Nhan\OneDrive - Rincovitch\00. Nhan\CSharp\RincoMTO\RincoMTO_djj4tpge_wpftmp.csproj::TargetFramework=net8.0-windows]
C:\Users\Nhan\OneDrive - Rincovitch\00. Nhan\CSharp\RincoMTO\BIMTOOL\obj\Release R26\Tools\MTO Group Bar\UI\MtoGroupBarWindow.g.cs(1,122): error CS1056: Unexpected character '\0' [C:\Users\Nhan\OneDrive - Rincovitch\00. Nhan\CSharp\RincoMTO\RincoMTO_djj4tpge_wpftmp.csproj::TargetFramework=net8.0-windows]
C:\Users\Nhan\OneDrive - Rincovitch\00. Nhan\CSharp\RincoMTO\BIMTOOL\obj\Release R26\RincoMTO.AssemblyInfo.cs(1,100): error CS1056: Unexpected character '\0' [C:\Users\Nhan\OneDrive - Rincovitch\00. Nhan\CSharp\RincoMTO\RincoMTO_djj4tpge_wpftmp.csproj::TargetFramework=net8.0-windows]
C:\Users\Nhan\OneDrive - Rincovitch\00. Nhan\CSharp\RincoMTO\BIMTOOL\obj\Release R26\Tools\MTO Group Bar\UI\MtoGroupBarWindow.g.cs(1,123): error CS1056: Unexpected character '\0' [C:\Users\Nhan\OneDrive - Rincovitch\00. Nhan\CSharp\RincoMTO\RincoMTO_djj4tpge_wpftmp.csproj::TargetFramework=net8.0-windows]
C:\Users\Nhan\OneDrive - Rincovitch\00. Nhan\CSharp\RincoMTO\BIMTOOL\obj\Release R26\RincoMTO.AssemblyInfo.cs(1,101): error CS1056: Unexpected character '\0' [C:\Users\Nhan\OneDrive - Rincovitch\00. Nhan\CSharp\RincoMTO\RincoMTO_djj4tpge_wpftmp.csproj::TargetFramework=net8.0-windows]
C:\Users\Nhan\OneDrive - Rincovitch\00. Nhan\CSharp\RincoMTO\BIMTOOL\obj\Release R26\Tools\MTO Group Bar\UI\MtoGroupBarWindow.g.cs(1,124): error CS1056: Unexpected character '\0' [C:\Users\Nhan\OneDrive - Rincovitch\00. Nhan\CSharp\RincoMTO\RincoMTO_djj4tpge_wpftmp.csproj::TargetFramework=net8.0-windows]
C:\Users\Nhan\OneDrive - Rincovitch\00. Nhan\CSharp\RincoMTO\BIMTOOL\obj\Release R26\RincoMTO.AssemblyInfo.cs(1,102): error CS1056: Unexpected character '\0' [C:\Users\Nhan\OneDrive - Rincovitch\00. Nhan\CSharp\RincoMTO\RincoMTO_djj4tpge_wpftmp.csproj::TargetFramework=net8.0-windows]
C:\Users\Nhan\OneDrive - Rincovitch\00. Nhan\CSharp\RincoMTO\BIMTOOL\obj\Release R26\Tools\MTO Group Bar\UI\MtoGroupBarWindow.g.cs(1,125): error CS1056: Unexpected character '\0' [C:\Users\Nhan\OneDrive - Rincovitch\00. Nhan\CSharp\RincoMTO\RincoMTO_djj4tpge_wpftmp.csproj::TargetFramework=net8.0-windows]
C:\Users\Nhan\OneDrive - Rincovitch\00. Nhan\CSharp\RincoMTO\BIMTOOL\obj\Release R26\RincoMTO.AssemblyInfo.cs(1,103): error CS1056: Unexpected character '\0' [C:\Users\Nhan\OneDrive - Rincovitch\00. Nhan\CSharp\RincoMTO\RincoMTO_djj4tpge_wpftmp.csproj::TargetFramework=net8.0-windows]
C:\Users\Nhan\OneDrive - Rincovitch\00. Nhan\CSharp\RincoMTO\BIMTOOL\obj\Release R26\Tools\MTO Group Bar\UI\MtoGroupBarWindow.g.cs(1,126): error CS1056: Unexpected character '\0' [C:\Users\Nhan\OneDrive - Rincovitch\00. Nhan\CSharp\RincoMTO\RincoMTO_djj4tpge_wpftmp.csproj::TargetFramework=net8.0-windows]
C:\Users\Nhan\OneDrive - Rincovitch\00. Nhan\CSharp\RincoMTO\BIMTOOL\obj\Release R26\RincoMTO.AssemblyInfo.cs(1,104): error CS1056: Unexpected character '\0' [C:\Users\Nhan\OneDrive - Rincovitch\00. Nhan\CSharp\RincoMTO\RincoMTO_djj4tpge_wpftmp.csproj::TargetFramework=net8.0-windows]
C:\Users\Nhan\OneDrive - Rincovitch\00. Nhan\CSharp\RincoMTO\BIMTOOL\obj\Release R26\Tools\MTO Group Bar\UI\MtoGroupBarWindow.g.cs(1,127): error CS1056: Unexpected character '\0' [C:\Users\Nhan\OneDrive - Rincovitch\00. Nhan\CSharp\RincoMTO\RincoMTO_djj4tpge_wpftmp.csproj::TargetFramework=net8.0-windows]
C:\Users\Nhan\OneDrive - Rincovitch\00. Nhan\CSharp\RincoMTO\BIMTOOL\obj\Release R26\RincoMTO.AssemblyInfo.cs(1,105): error CS1056: Unexpected character '\0' [C:\Users\Nhan\OneDrive - Rincovitch\00. Nhan\CSharp\RincoMTO\RincoMTO_djj4tpge_wpftmp.csproj::TargetFramework=net8.0-windows]
C:\Users\Nhan\OneDrive - Rincovitch\00. Nhan\CSharp\RincoMTO\BIMTOOL\obj\Release R26\Tools\MTO Group Bar\UI\MtoGroupBarWindow.g.cs(1,128): error CS1056: Unexpected character '\0' [C:\Users\Nhan\OneDrive - Rincovitch\00. Nhan\CSharp\RincoMTO\RincoMTO_djj4tpge_wpftmp.csproj::TargetFramework=net8.0-windows]
C:\Users\Nhan\OneDrive - Rincovitch\00. Nhan\CSharp\RincoMTO\BIMTOOL\obj\Release R26\RincoMTO.AssemblyInfo.cs(1,106): error CS1056: Unexpected character '\0' [C:\Users\Nhan\OneDrive - Rincovitch\00. Nhan\CSharp\RincoMTO\RincoMTO_djj4tpge_wpftmp.csproj::TargetFramework=net8.0-windows]
C:\Users\Nhan\OneDrive - Rincovitch\00. Nhan\CSharp\RincoMTO\BIMTOOL\obj\Release R26\Tools\MTO Group Bar\UI\MtoGroupBarWindow.g.cs(1,129): error CS1056: Unexpected character '\0' [C:\Users\Nhan\OneDrive - Rincovitch\00. Nhan\CSharp\RincoMTO\RincoMTO_djj4tpge_wpftmp.csproj::TargetFramework=net8.0-windows]
C:\Users\Nhan\OneDrive - Rincovitch\00. Nhan\CSharp\RincoMTO\BIMTOOL\obj\Release R26\RincoMTO.AssemblyInfo.cs(1,107): error CS1056: Unexpected character '\0' [C:\Users\Nhan\OneDrive - Rincovitch\00. Nhan\CSharp\RincoMTO\RincoMTO_djj4tpge_wpftmp.csproj::TargetFramework=net8.0-windows]
C:\Users\Nhan\OneDrive - Rincovitch\00. Nhan\CSharp\RincoMTO\BIMTOOL\obj\Release R26\Tools\MTO Group Bar\UI\MtoGroupBarWindow.g.cs(1,130): error CS1056: Unexpected character '\0' [C:\Users\Nhan\OneDrive - Rincovitch\00. Nhan\CSharp\RincoMTO\RincoMTO_djj4tpge_wpftmp.csproj::TargetFramework=net8.0-windows]
C:\Users\Nhan\OneDrive - Rincovitch\00. Nhan\CSharp\RincoMTO\BIMTOOL\obj\Release R26\RincoMTO.AssemblyInfo.cs(1,108): error CS1056: Unexpected character '\0' [C:\Users\Nhan\OneDrive - Rincovitch\00. Nhan\CSharp\RincoMTO\RincoMTO_djj4tpge_wpftmp.csproj::TargetFramework=net8.0-windows]
C:\Users\Nhan\OneDrive - Rincovitch\00. Nhan\CSharp\RincoMTO\BIMTOOL\obj\Release R26\Tools\MTO Group Bar\UI\MtoGroupBarWindow.g.cs(1,131): error CS1056: Unexpected character '\0' [C:\Users\Nhan\OneDrive - Rincovitch\00. Nhan\CSharp\RincoMTO\RincoMTO_djj4tpge_wpftmp.csproj::TargetFramework=net8.0-windows]
C:\Users\Nhan\OneDrive - Rincovitch\00. Nhan\CSharp\RincoMTO\BIMTOOL\obj\Release R26\RincoMTO.AssemblyInfo.cs(1,109): error CS1056: Unexpected character '\0' [C:\Users\Nhan\OneDrive - Rincovitch\00. Nhan\CSharp\RincoMTO\RincoMTO_djj4tpge_wpftmp.csproj::TargetFramework=net8.0-windows]
C:\Users\Nhan\OneDrive - Rincovitch\00. Nhan\CSharp\RincoMTO\BIMTOOL\obj\Release R26\Tools\MTO Group Bar\UI\MtoGroupBarWindow.g.cs(1,132): error CS1056: Unexpected character '\0' [C:\Users\Nhan\OneDrive - Rincovitch\00. Nhan\CSharp\RincoMTO\RincoMTO_djj4tpge_wpftmp.csproj::TargetFramework=net8.0-windows]
C:\Users\Nhan\OneDrive - Rincovitch\00. Nhan\CSharp\RincoMTO\BIMTOOL\obj\Release R26\RincoMTO.AssemblyInfo.cs(1,110): error CS1056: Unexpected character '\0' [C:\Users\Nhan\OneDrive - Rincovitch\00. Nhan\CSharp\RincoMTO\RincoMTO_djj4tpge_wpftmp.csproj::TargetFramework=net8.0-windows]
C:\Users\Nhan\OneDrive - Rincovitch\00. Nhan\CSharp\RincoMTO\BIMTOOL\obj\Release R26\Tools\MTO Group Bar\UI\MtoGroupBarWindow.g.cs(1,133): error CS1056: Unexpected character '\0' [C:\Users\Nhan\OneDrive - Rincovitch\00. Nhan\CSharp\RincoMTO\RincoMTO_djj4tpge_wpftmp.csproj::TargetFramework=net8.0-windows]
C:\Users\Nhan\OneDrive - Rincovitch\00. Nhan\CSharp\RincoMTO\BIMTOOL\obj\Release R26\RincoMTO.AssemblyInfo.cs(1,111): error CS1056: Unexpected character '\0' [C:\Users\Nhan\OneDrive - Rincovitch\00. Nhan\CSharp\RincoMTO\RincoMTO_djj4tpge_wpftmp.csproj::TargetFramework=net8.0-windows]
C:\Users\Nhan\OneDrive - Rincovitch\00. Nhan\CSharp\RincoMTO\BIMTOOL\obj\Release R26\Tools\MTO Group Bar\UI\MtoGroupBarWindow.g.cs(1,134): error CS1056: Unexpected character '\0' [C:\Users\Nhan\OneDrive - Rincovitch\00. Nhan\CSharp\RincoMTO\RincoMTO_djj4tpge_wpftmp.csproj::TargetFramework=net8.0-windows]
C:\Users\Nhan\OneDrive - Rincovitch\00. Nhan\CSharp\RincoMTO\BIMTOOL\obj\Release R26\RincoMTO.AssemblyInfo.cs(1,112): error CS1056: Unexpected character '\0' [C:\Users\Nhan\OneDrive - Rincovitch\00. Nhan\CSharp\RincoMTO\RincoMTO_djj4tpge_wpftmp.csproj::TargetFramework=net8.0-windows]
C:\Users\Nhan\OneDrive - Rincovitch\00. Nhan\CSharp\RincoMTO\BIMTOOL\obj\Release R26\Tools\MTO Group Bar\UI\MtoGroupBarWindow.g.cs(1,135): error CS1056: Unexpected character '\0' [C:\Users\Nhan\OneDrive - Rincovitch\00. Nhan\CSharp\RincoMTO\RincoMTO_djj4tpge_wpftmp.csproj::TargetFramework=net8.0-windows]
C:\Users\Nhan\OneDrive - Rincovitch\00. Nhan\CSharp\RincoMTO\BIMTOOL\obj\Release R26\RincoMTO.AssemblyInfo.cs(1,113): error CS1056: Unexpected character '\0' [C:\Users\Nhan\OneDrive - Rincovitch\00. Nhan\CSharp\RincoMTO\RincoMTO_djj4tpge_wpftmp.csproj::TargetFramework=net8.0-windows]
C:\Users\Nhan\OneDrive - Rincovitch\00. Nhan\CSharp\RincoMTO\BIMTOOL\obj\Release R26\Tools\MTO Group Bar\UI\MtoGroupBarWindow.g.cs(1,136): error CS1056: Unexpected character '\0' [C:\Users\Nhan\OneDrive - Rincovitch\00. Nhan\CSharp\RincoMTO\RincoMTO_djj4tpge_wpftmp.csproj::TargetFramework=net8.0-windows]
C:\Users\Nhan\OneDrive - Rincovitch\00. Nhan\CSharp\RincoMTO\BIMTOOL\obj\Release R26\RincoMTO.AssemblyInfo.cs(1,114): error CS1056: Unexpected character '\0' [C:\Users\Nhan\OneDrive - Rincovitch\00. Nhan\CSharp\RincoMTO\RincoMTO_djj4tpge_wpftmp.csproj::TargetFramework=net8.0-windows]
C:\Users\Nhan\OneDrive - Rincovitch\00. Nhan\CSharp\RincoMTO\BIMTOOL\obj\Release R26\Tools\MTO Group Bar\UI\MtoGroupBarWindow.g.cs(1,137): error CS1056: Unexpected character '\0' [C:\Users\Nhan\OneDrive - Rincovitch\00. Nhan\CSharp\RincoMTO\RincoMTO_djj4tpge_wpftmp.csproj::TargetFramework=net8.0-windows]
C:\Users\Nhan\OneDrive - Rincovitch\00. Nhan\CSharp\RincoMTO\BIMTOOL\obj\Release R26\RincoMTO.AssemblyInfo.cs(1,115): error CS1056: Unexpected character '\0' [C:\Users\Nhan\OneDrive - Rincovitch\00. Nhan\CSharp\RincoMTO\RincoMTO_djj4tpge_wpftmp.csproj::TargetFramework=net8.0-windows]
C:\Users\Nhan\OneDrive - Rincovitch\00. Nhan\CSharp\RincoMTO\BIMTOOL\obj\Release R26\RincoMTO.AssemblyInfo.cs(1,116): error CS1056: Unexpected character '\0' [C:\Users\Nhan\OneDrive - Rincovitch\00. Nhan\CSharp\RincoMTO\RincoMTO_djj4tpge_wpftmp.csproj::TargetFramework=net8.0-windows]
C:\Users\Nhan\OneDrive - Rincovitch\00. Nhan\CSharp\RincoMTO\BIMTOOL\obj\Release R26\Tools\MTO Group Bar\UI\MtoGroupBarWindow.g.cs(1,138): error CS1056: Unexpected character '\0' [C:\Users\Nhan\OneDrive - Rincovitch\00. Nhan\CSharp\RincoMTO\RincoMTO_djj4tpge_wpftmp.csproj::TargetFramework=net8.0-windows]
C:\Users\Nhan\OneDrive - Rincovitch\00. Nhan\CSharp\RincoMTO\BIMTOOL\obj\Release R26\Tools\MTO Group Bar\UI\MtoGroupBarWindow.g.cs(1,139): error CS1056: Unexpected character '\0' [C:\Users\Nhan\OneDrive - Rincovitch\00. Nhan\CSharp\RincoMTO\RincoMTO_djj4tpge_wpftmp.csproj::TargetFramework=net8.0-windows]
C:\Users\Nhan\OneDrive - Rincovitch\00. Nhan\CSharp\RincoMTO\BIMTOOL\obj\Release R26\Tools\MTO Group Bar\UI\MtoGroupBarWindow.g.cs(1,140): error CS1056: Unexpected character '\0' [C:\Users\Nhan\OneDrive - Rincovitch\00. Nhan\CSharp\RincoMTO\RincoMTO_djj4tpge_wpftmp.csproj::TargetFramework=net8.0-windows]
C:\Users\Nhan\OneDrive - Rincovitch\00. Nhan\CSharp\RincoMTO\BIMTOOL\obj\Release R26\Tools\MTO Group Bar\UI\MtoGroupBarWindow.g.cs(1,141): error CS1056: Unexpected character '\0' [C:\Users\Nhan\OneDrive - Rincovitch\00. Nhan\CSharp\RincoMTO\RincoMTO_djj4tpge_wpftmp.csproj::TargetFramework=net8.0-windows]
C:\Users\Nhan\OneDrive - Rincovitch\00. Nhan\CSharp\RincoMTO\BIMTOOL\obj\Release R26\RincoMTO.AssemblyInfo.cs(1,117): error CS1056: Unexpected character '\0' [C:\Users\Nhan\OneDrive - Rincovitch\00. Nhan\CSharp\RincoMTO\RincoMTO_djj4tpge_wpftmp.csproj::TargetFramework=net8.0-windows]
C:\Users\Nhan\OneDrive - Rincovitch\00. Nhan\CSharp\RincoMTO\BIMTOOL\obj\Release R26\Tools\MTO Group Bar\UI\MtoGroupBarWindow.g.cs(1,142): error CS1056: Unexpected character '\0' [C:\Users\Nhan\OneDrive - Rincovitch\00. Nhan\CSharp\RincoMTO\RincoMTO_djj4tpge_wpftmp.csproj::TargetFramework=net8.0-windows]
C:\Users\Nhan\OneDrive - Rincovitch\00. Nhan\CSharp\RincoMTO\BIMTOOL\obj\Release R26\RincoMTO.AssemblyInfo.cs(1,118): error CS1056: Unexpected character '\0' [C:\Users\Nhan\OneDrive - Rincovitch\00. Nhan\CSharp\RincoMTO\RincoMTO_djj4tpge_wpftmp.csproj::TargetFramework=net8.0-windows]
C:\Users\Nhan\OneDrive - Rincovitch\00. Nhan\CSharp\RincoMTO\BIMTOOL\obj\Release R26\Tools\MTO Group Bar\UI\MtoGroupBarWindow.g.cs(1,143): error CS1056: Unexpected character '\0' [C:\Users\Nhan\OneDrive - Rincovitch\00. Nhan\CSharp\RincoMTO\RincoMTO_djj4tpge_wpftmp.csproj::TargetFramework=net8.0-windows]
C:\Users\Nhan\OneDrive - Rincovitch\00. Nhan\CSharp\RincoMTO\BIMTOOL\obj\Release R26\RincoMTO.AssemblyInfo.cs(1,119): error CS1056: Unexpected character '\0' [C:\Users\Nhan\OneDrive - Rincovitch\00. Nhan\CSharp\RincoMTO\RincoMTO_djj4tpge_wpftmp.csproj::TargetFramework=net8.0-windows]
C:\Users\Nhan\OneDrive - Rincovitch\00. Nhan\CSharp\RincoMTO\BIMTOOL\obj\Release R26\Tools\MTO Group Bar\UI\MtoGroupBarWindow.g.cs(1,144): error CS1056: Unexpected character '\0' [C:\Users\Nhan\OneDrive - Rincovitch\00. Nhan\CSharp\RincoMTO\RincoMTO_djj4tpge_wpftmp.csproj::TargetFramework=net8.0-windows]
C:\Users\Nhan\OneDrive - Rincovitch\00. Nhan\CSharp\RincoMTO\BIMTOOL\obj\Release R26\RincoMTO.AssemblyInfo.cs(1,120): error CS1056: Unexpected character '\0' [C:\Users\Nhan\OneDrive - Rincovitch\00. Nhan\CSharp\RincoMTO\RincoMTO_djj4tpge_wpftmp.csproj::TargetFramework=net8.0-windows]
C:\Users\Nhan\OneDrive - Rincovitch\00. Nhan\CSharp\RincoMTO\BIMTOOL\obj\Release R26\Tools\MTO Group Bar\UI\MtoGroupBarWindow.g.cs(1,145): error CS1056: Unexpected character '\0' [C:\Users\Nhan\OneDrive - Rincovitch\00. Nhan\CSharp\RincoMTO\RincoMTO_djj4tpge_wpftmp.csproj::TargetFramework=net8.0-windows]
C:\Users\Nhan\OneDrive - Rincovitch\00. Nhan\CSharp\RincoMTO\BIMTOOL\obj\Release R26\RincoMTO.AssemblyInfo.cs(1,121): error CS1056: Unexpected character '\0' [C:\Users\Nhan\OneDrive - Rincovitch\00. Nhan\CSharp\RincoMTO\RincoMTO_djj4tpge_wpftmp.csproj::TargetFramework=net8.0-windows]
C:\Users\Nhan\OneDrive - Rincovitch\00. Nhan\CSharp\RincoMTO\BIMTOOL\obj\Release R26\Tools\MTO Group Bar\UI\MtoGroupBarWindow.g.cs(1,146): error CS1056: Unexpected character '\0' [C:\Users\Nhan\OneDrive - Rincovitch\00. Nhan\CSharp\RincoMTO\RincoMTO_djj4tpge_wpftmp.csproj::TargetFramework=net8.0-windows]
C:\Users\Nhan\OneDrive - Rincovitch\00. Nhan\CSharp\RincoMTO\BIMTOOL\obj\Release R26\RincoMTO.AssemblyInfo.cs(1,122): error CS1056: Unexpected character '\0' [C:\Users\Nhan\OneDrive - Rincovitch\00. Nhan\CSharp\RincoMTO\RincoMTO_djj4tpge_wpftmp.csproj::TargetFramework=net8.0-windows]
C:\Users\Nhan\OneDrive - Rincovitch\00. Nhan\CSharp\RincoMTO\BIMTOOL\obj\Release R26\Tools\MTO Group Bar\UI\MtoGroupBarWindow.g.cs(1,147): error CS1056: Unexpected character '\0' [C:\Users\Nhan\OneDrive - Rincovitch\00. Nhan\CSharp\RincoMTO\RincoMTO_djj4tpge_wpftmp.csproj::TargetFramework=net8.0-windows]
C:\Users\Nhan\OneDrive - Rincovitch\00. Nhan\CSharp\RincoMTO\BIMTOOL\obj\Release R26\RincoMTO.AssemblyInfo.cs(1,123): error CS1056: Unexpected character '\0' [C:\Users\Nhan\OneDrive - Rincovitch\00. Nhan\CSharp\RincoMTO\RincoMTO_djj4tpge_wpftmp.csproj::TargetFramework=net8.0-windows]
C:\Users\Nhan\OneDrive - Rincovitch\00. Nhan\CSharp\RincoMTO\BIMTOOL\obj\Release R26\Tools\MTO Group Bar\UI\MtoGroupBarWindow.g.cs(1,148): error CS1056: Unexpected character '\0' [C:\Users\Nhan\OneDrive - Rincovitch\00. Nhan\CSharp\RincoMTO\RincoMTO_djj4tpge_wpftmp.csproj::TargetFramework=net8.0-windows]
C:\Users\Nhan\OneDrive - Rincovitch\00. Nhan\CSharp\RincoMTO\BIMTOOL\obj\Release R26\RincoMTO.AssemblyInfo.cs(1,124): error CS1056: Unexpected character '\0' [C:\Users\Nhan\OneDrive - Rincovitch\00. Nhan\CSharp\RincoMTO\RincoMTO_djj4tpge_wpftmp.csproj::TargetFramework=net8.0-windows]
C:\Users\Nhan\OneDrive - Rincovitch\00. Nhan\CSharp\RincoMTO\BIMTOOL\obj\Release R26\Tools\MTO Group Bar\UI\MtoGroupBarWindow.g.cs(1,149): error CS1056: Unexpected character '\0' [C:\Users\Nhan\OneDrive - Rincovitch\00. Nhan\CSharp\RincoMTO\RincoMTO_djj4tpge_wpftmp.csproj::TargetFramework=net8.0-windows]
C:\Users\Nhan\OneDrive - Rincovitch\00. Nhan\CSharp\RincoMTO\BIMTOOL\obj\Release R26\RincoMTO.AssemblyInfo.cs(1,125): error CS1056: Unexpected character '\0' [C:\Users\Nhan\OneDrive - Rincovitch\00. Nhan\CSharp\RincoMTO\RincoMTO_djj4tpge_wpftmp.csproj::TargetFramework=net8.0-windows]
C:\Users\Nhan\OneDrive - Rincovitch\00. Nhan\CSharp\RincoMTO\BIMTOOL\obj\Release R26\Tools\MTO Group Bar\UI\MtoGroupBarWindow.g.cs(1,150): error CS1056: Unexpected character '\0' [C:\Users\Nhan\OneDrive - Rincovitch\00. Nhan\CSharp\RincoMTO\RincoMTO_djj4tpge_wpftmp.csproj::TargetFramework=net8.0-windows]
C:\Users\Nhan\OneDrive - Rincovitch\00. Nhan\CSharp\RincoMTO\BIMTOOL\obj\Release R26\RincoMTO.AssemblyInfo.cs(1,126): error CS1056: Unexpected character '\0' [C:\Users\Nhan\OneDrive - Rincovitch\00. Nhan\CSharp\RincoMTO\RincoMTO_djj4tpge_wpftmp.csproj::TargetFramework=net8.0-windows]
C:\Users\Nhan\OneDrive - Rincovitch\00. Nhan\CSharp\RincoMTO\BIMTOOL\obj\Release R26\Tools\MTO Group Bar\UI\MtoGroupBarWindow.g.cs(1,151): error CS1056: Unexpected character '\0' [C:\Users\Nhan\OneDrive - Rincovitch\00. Nhan\CSharp\RincoMTO\RincoMTO_djj4tpge_wpftmp.csproj::TargetFramework=net8.0-windows]
C:\Users\Nhan\OneDrive - Rincovitch\00. Nhan\CSharp\RincoMTO\BIMTOOL\obj\Release R26\RincoMTO.AssemblyInfo.cs(1,127): error CS1056: Unexpected character '\0' [C:\Users\Nhan\OneDrive - Rincovitch\00. Nhan\CSharp\RincoMTO\RincoMTO_djj4tpge_wpftmp.csproj::TargetFramework=net8.0-windows]
C:\Users\Nhan\OneDrive - Rincovitch\00. Nhan\CSharp\RincoMTO\BIMTOOL\obj\Release R26\Tools\MTO Group Bar\UI\MtoGroupBarWindow.g.cs(1,152): error CS1056: Unexpected character '\0' [C:\Users\Nhan\OneDrive - Rincovitch\00. Nhan\CSharp\RincoMTO\RincoMTO_djj4tpge_wpftmp.csproj::TargetFramework=net8.0-windows]
C:\Users\Nhan\OneDrive - Rincovitch\00. Nhan\CSharp\RincoMTO\BIMTOOL\obj\Release R26\RincoMTO.AssemblyInfo.cs(1,128): error CS1056: Unexpected character '\0' [C:\Users\Nhan\OneDrive - Rincovitch\00. Nhan\CSharp\RincoMTO\RincoMTO_djj4tpge_wpftmp.csproj::TargetFramework=net8.0-windows]
C:\Users\Nhan\OneDrive - Rincovitch\00. Nhan\CSharp\RincoMTO\BIMTOOL\obj\Release R26\Tools\MTO Group Bar\UI\MtoGroupBarWindow.g.cs(1,153): error CS1056: Unexpected character '\0' [C:\Users\Nhan\OneDrive - Rincovitch\00. Nhan\CSharp\RincoMTO\RincoMTO_djj4tpge_wpftmp.csproj::TargetFramework=net8.0-windows]
C:\Users\Nhan\OneDrive - Rincovitch\00. Nhan\CSharp\RincoMTO\BIMTOOL\obj\Release R26\RincoMTO.AssemblyInfo.cs(1,129): error CS1056: Unexpected character '\0' [C:\Users\Nhan\OneDrive - Rincovitch\00. Nhan\CSharp\RincoMTO\RincoMTO_djj4tpge_wpftmp.csproj::TargetFramework=net8.0-windows]
C:\Users\Nhan\OneDrive - Rincovitch\00. Nhan\CSharp\RincoMTO\BIMTOOL\obj\Release R26\RincoMTO.AssemblyInfo.cs(1,130): error CS1056: Unexpected character '\0' [C:\Users\Nhan\OneDrive - Rincovitch\00. Nhan\CSharp\RincoMTO\RincoMTO_djj4tpge_wpftmp.csproj::TargetFramework=net8.0-windows]
C:\Users\Nhan\OneDrive - Rincovitch\00. Nhan\CSharp\RincoMTO\BIMTOOL\obj\Release R26\Tools\MTO Group Bar\UI\MtoGroupBarWindow.g.cs(1,154): error CS1056: Unexpected character '\0' [C:\Users\Nhan\OneDrive - Rincovitch\00. Nhan\CSharp\RincoMTO\RincoMTO_djj4tpge_wpftmp.csproj::TargetFramework=net8.0-windows]
C:\Users\Nhan\OneDrive - Rincovitch\00. Nhan\CSharp\RincoMTO\BIMTOOL\obj\Release R26\RincoMTO.AssemblyInfo.cs(1,131): error CS1056: Unexpected character '\0' [C:\Users\Nhan\OneDrive - Rincovitch\00. Nhan\CSharp\RincoMTO\RincoMTO_djj4tpge_wpftmp.csproj::TargetFramework=net8.0-windows]
C:\Users\Nhan\OneDrive - Rincovitch\00. Nhan\CSharp\RincoMTO\BIMTOOL\obj\Release R26\Tools\MTO Group Bar\UI\MtoGroupBarWindow.g.cs(1,155): error CS1056: Unexpected character '\0' [C:\Users\Nhan\OneDrive - Rincovitch\00. Nhan\CSharp\RincoMTO\RincoMTO_djj4tpge_wpftmp.csproj::TargetFramework=net8.0-windows]
C:\Users\Nhan\OneDrive - Rincovitch\00. Nhan\CSharp\RincoMTO\BIMTOOL\obj\Release R26\Tools\MTO Group Bar\UI\MtoGroupBarWindow.g.cs(1,156): error CS1056: Unexpected character '\0' [C:\Users\Nhan\OneDrive - Rincovitch\00. Nhan\CSharp\RincoMTO\RincoMTO_djj4tpge_wpftmp.csproj::TargetFramework=net8.0-windows]
C:\Users\Nhan\OneDrive - Rincovitch\00. Nhan\CSharp\RincoMTO\BIMTOOL\obj\Release R26\RincoMTO.AssemblyInfo.cs(1,132): error CS1056: Unexpected character '\0' [C:\Users\Nhan\OneDrive - Rincovitch\00. Nhan\CSharp\RincoMTO\RincoMTO_djj4tpge_wpftmp.csproj::TargetFramework=net8.0-windows]
C:\Users\Nhan\OneDrive - Rincovitch\00. Nhan\CSharp\RincoMTO\BIMTOOL\obj\Release R26\Tools\MTO Group Bar\UI\MtoGroupBarWindow.g.cs(1,157): error CS1056: Unexpected character '\0' [C:\Users\Nhan\OneDrive - Rincovitch\00. Nhan\CSharp\RincoMTO\RincoMTO_djj4tpge_wpftmp.csproj::TargetFramework=net8.0-windows]
C:\Users\Nhan\OneDrive - Rincovitch\00. Nhan\CSharp\RincoMTO\BIMTOOL\obj\Release R26\RincoMTO.AssemblyInfo.cs(1,133): error CS1056: Unexpected character '\0' [C:\Users\Nhan\OneDrive - Rincovitch\00. Nhan\CSharp\RincoMTO\RincoMTO_djj4tpge_wpftmp.csproj::TargetFramework=net8.0-windows]
C:\Users\Nhan\OneDrive - Rincovitch\00. Nhan\CSharp\RincoMTO\BIMTOOL\obj\Release R26\Tools\MTO Group Bar\UI\MtoGroupBarWindow.g.cs(1,158): error CS1056: Unexpected character '\0' [C:\Users\Nhan\OneDrive - Rincovitch\00. Nhan\CSharp\RincoMTO\RincoMTO_djj4tpge_wpftmp.csproj::TargetFramework=net8.0-windows]
C:\Users\Nhan\OneDrive - Rincovitch\00. Nhan\CSharp\RincoMTO\BIMTOOL\obj\Release R26\RincoMTO.AssemblyInfo.cs(1,134): error CS1056: Unexpected character '\0' [C:\Users\Nhan\OneDrive - Rincovitch\00. Nhan\CSharp\RincoMTO\RincoMTO_djj4tpge_wpftmp.csproj::TargetFramework=net8.0-windows]
C:\Users\Nhan\OneDrive - Rincovitch\00. Nhan\CSharp\RincoMTO\BIMTOOL\obj\Release R26\Tools\MTO Group Bar\UI\MtoGroupBarWindow.g.cs(1,159): error CS1056: Unexpected character '\0' [C:\Users\Nhan\OneDrive - Rincovitch\00. Nhan\CSharp\RincoMTO\RincoMTO_djj4tpge_wpftmp.csproj::TargetFramework=net8.0-windows]
C:\Users\Nhan\OneDrive - Rincovitch\00. Nhan\CSharp\RincoMTO\BIMTOOL\obj\Release R26\RincoMTO.AssemblyInfo.cs(1,135): error CS1056: Unexpected character '\0' [C:\Users\Nhan\OneDrive - Rincovitch\00. Nhan\CSharp\RincoMTO\RincoMTO_djj4tpge_wpftmp.csproj::TargetFramework=net8.0-windows]
C:\Users\Nhan\OneDrive - Rincovitch\00. Nhan\CSharp\RincoMTO\BIMTOOL\obj\Release R26\Tools\MTO Group Bar\UI\MtoGroupBarWindow.g.cs(1,160): error CS1056: Unexpected character '\0' [C:\Users\Nhan\OneDrive - Rincovitch\00. Nhan\CSharp\RincoMTO\RincoMTO_djj4tpge_wpftmp.csproj::TargetFramework=net8.0-windows]
C:\Users\Nhan\OneDrive - Rincovitch\00. Nhan\CSharp\RincoMTO\BIMTOOL\obj\Release R26\RincoMTO.AssemblyInfo.cs(1,136): error CS1056: Unexpected character '\0' [C:\Users\Nhan\OneDrive - Rincovitch\00. Nhan\CSharp\RincoMTO\RincoMTO_djj4tpge_wpftmp.csproj::TargetFramework=net8.0-windows]
C:\Users\Nhan\OneDrive - Rincovitch\00. Nhan\CSharp\RincoMTO\BIMTOOL\obj\Release R26\Tools\MTO Group Bar\UI\MtoGroupBarWindow.g.cs(1,161): error CS1056: Unexpected character '\0' [C:\Users\Nhan\OneDrive - Rincovitch\00. Nhan\CSharp\RincoMTO\RincoMTO_djj4tpge_wpftmp.csproj::TargetFramework=net8.0-windows]
C:\Users\Nhan\OneDrive - Rincovitch\00. Nhan\CSharp\RincoMTO\BIMTOOL\obj\Release R26\RincoMTO.AssemblyInfo.cs(1,137): error CS1056: Unexpected character '\0' [C:\Users\Nhan\OneDrive - Rincovitch\00. Nhan\CSharp\RincoMTO\RincoMTO_djj4tpge_wpftmp.csproj::TargetFramework=net8.0-windows]
C:\Users\Nhan\OneDrive - Rincovitch\00. Nhan\CSharp\RincoMTO\BIMTOOL\obj\Release R26\Tools\MTO Group Bar\UI\MtoGroupBarWindow.g.cs(1,162): error CS1056: Unexpected character '\0' [C:\Users\Nhan\OneDrive - Rincovitch\00. Nhan\CSharp\RincoMTO\RincoMTO_djj4tpge_wpftmp.csproj::TargetFramework=net8.0-windows]
C:\Users\Nhan\OneDrive - Rincovitch\00. Nhan\CSharp\RincoMTO\BIMTOOL\obj\Release R26\RincoMTO.AssemblyInfo.cs(1,138): error CS1056: Unexpected character '\0' [C:\Users\Nhan\OneDrive - Rincovitch\00. Nhan\CSharp\RincoMTO\RincoMTO_djj4tpge_wpftmp.csproj::TargetFramework=net8.0-windows]
C:\Users\Nhan\OneDrive - Rincovitch\00. Nhan\CSharp\RincoMTO\BIMTOOL\obj\Release R26\Tools\MTO Group Bar\UI\MtoGroupBarWindow.g.cs(1,163): error CS1056: Unexpected character '\0' [C:\Users\Nhan\OneDrive - Rincovitch\00. Nhan\CSharp\RincoMTO\RincoMTO_djj4tpge_wpftmp.csproj::TargetFramework=net8.0-windows]
C:\Users\Nhan\OneDrive - Rincovitch\00. Nhan\CSharp\RincoMTO\BIMTOOL\obj\Release R26\RincoMTO.AssemblyInfo.cs(1,139): error CS1056: Unexpected character '\0' [C:\Users\Nhan\OneDrive - Rincovitch\00. Nhan\CSharp\RincoMTO\RincoMTO_djj4tpge_wpftmp.csproj::TargetFramework=net8.0-windows]
C:\Users\Nhan\OneDrive - Rincovitch\00. Nhan\CSharp\RincoMTO\BIMTOOL\obj\Release R26\Tools\MTO Group Bar\UI\MtoGroupBarWindow.g.cs(1,164): error CS1056: Unexpected character '\0' [C:\Users\Nhan\OneDrive - Rincovitch\00. Nhan\CSharp\RincoMTO\RincoMTO_djj4tpge_wpftmp.csproj::TargetFramework=net8.0-windows]
C:\Users\Nhan\OneDrive - Rincovitch\00. Nhan\CSharp\RincoMTO\BIMTOOL\obj\Release R26\RincoMTO.AssemblyInfo.cs(1,140): error CS1056: Unexpected character '\0' [C:\Users\Nhan\OneDrive - Rincovitch\00. Nhan\CSharp\RincoMTO\RincoMTO_djj4tpge_wpftmp.csproj::TargetFramework=net8.0-windows]
C:\Users\Nhan\OneDrive - Rincovitch\00. Nhan\CSharp\RincoMTO\BIMTOOL\obj\Release R26\Tools\MTO Group Bar\UI\MtoGroupBarWindow.g.cs(1,165): error CS1056: Unexpected character '\0' [C:\Users\Nhan\OneDrive - Rincovitch\00. Nhan\CSharp\RincoMTO\RincoMTO_djj4tpge_wpftmp.csproj::TargetFramework=net8.0-windows]
C:\Users\Nhan\OneDrive - Rincovitch\00. Nhan\CSharp\RincoMTO\BIMTOOL\obj\Release R26\RincoMTO.AssemblyInfo.cs(1,141): error CS1056: Unexpected character '\0' [C:\Users\Nhan\OneDrive - Rincovitch\00. Nhan\CSharp\RincoMTO\RincoMTO_djj4tpge_wpftmp.csproj::TargetFramework=net8.0-windows]
C:\Users\Nhan\OneDrive - Rincovitch\00. Nhan\CSharp\RincoMTO\BIMTOOL\obj\Release R26\Tools\MTO Group Bar\UI\MtoGroupBarWindow.g.cs(1,166): error CS1056: Unexpected character '\0' [C:\Users\Nhan\OneDrive - Rincovitch\00. Nhan\CSharp\RincoMTO\RincoMTO_djj4tpge_wpftmp.csproj::TargetFramework=net8.0-windows]
C:\Users\Nhan\OneDrive - Rincovitch\00. Nhan\CSharp\RincoMTO\BIMTOOL\obj\Release R26\RincoMTO.AssemblyInfo.cs(1,142): error CS1056: Unexpected character '\0' [C:\Users\Nhan\OneDrive - Rincovitch\00. Nhan\CSharp\RincoMTO\RincoMTO_djj4tpge_wpftmp.csproj::TargetFramework=net8.0-windows]
C:\Users\Nhan\OneDrive - Rincovitch\00. Nhan\CSharp\RincoMTO\BIMTOOL\obj\Release R26\Tools\MTO Group Bar\UI\MtoGroupBarWindow.g.cs(1,167): error CS1056: Unexpected character '\0' [C:\Users\Nhan\OneDrive - Rincovitch\00. Nhan\CSharp\RincoMTO\RincoMTO_djj4tpge_wpftmp.csproj::TargetFramework=net8.0-windows]
C:\Users\Nhan\OneDrive - Rincovitch\00. Nhan\CSharp\RincoMTO\BIMTOOL\obj\Release R26\RincoMTO.AssemblyInfo.cs(1,143): error CS1056: Unexpected character '\0' [C:\Users\Nhan\OneDrive - Rincovitch\00. Nhan\CSharp\RincoMTO\RincoMTO_djj4tpge_wpftmp.csproj::TargetFramework=net8.0-windows]
C:\Users\Nhan\OneDrive - Rincovitch\00. Nhan\CSharp\RincoMTO\BIMTOOL\obj\Release R26\Tools\MTO Group Bar\UI\MtoGroupBarWindow.g.cs(1,168): error CS1056: Unexpected character '\0' [C:\Users\Nhan\OneDrive - Rincovitch\00. Nhan\CSharp\RincoMTO\RincoMTO_djj4tpge_wpftmp.csproj::TargetFramework=net8.0-windows]
C:\Users\Nhan\OneDrive - Rincovitch\00. Nhan\CSharp\RincoMTO\BIMTOOL\obj\Release R26\Tools\MTO Group Bar\UI\MtoGroupBarWindow.g.cs(1,169): error CS1056: Unexpected character '\0' [C:\Users\Nhan\OneDrive - Rincovitch\00. Nhan\CSharp\RincoMTO\RincoMTO_djj4tpge_wpftmp.csproj::TargetFramework=net8.0-windows]
C:\Users\Nhan\OneDrive - Rincovitch\00. Nhan\CSharp\RincoMTO\BIMTOOL\obj\Release R26\RincoMTO.AssemblyInfo.cs(1,144): error CS1056: Unexpected character '\0' [C:\Users\Nhan\OneDrive - Rincovitch\00. Nhan\CSharp\RincoMTO\RincoMTO_djj4tpge_wpftmp.csproj::TargetFramework=net8.0-windows]
C:\Users\Nhan\OneDrive - Rincovitch\00. Nhan\CSharp\RincoMTO\BIMTOOL\obj\Release R26\Tools\MTO Group Bar\UI\MtoGroupBarWindow.g.cs(1,170): error CS1056: Unexpected character '\0' [C:\Users\Nhan\OneDrive - Rincovitch\00. Nhan\CSharp\RincoMTO\RincoMTO_djj4tpge_wpftmp.csproj::TargetFramework=net8.0-windows]
C:\Users\Nhan\OneDrive - Rincovitch\00. Nhan\CSharp\RincoMTO\BIMTOOL\obj\Release R26\RincoMTO.AssemblyInfo.cs(1,145): error CS1056: Unexpected character '\0' [C:\Users\Nhan\OneDrive - Rincovitch\00. Nhan\CSharp\RincoMTO\RincoMTO_djj4tpge_wpftmp.csproj::TargetFramework=net8.0-windows]
C:\Users\Nhan\OneDrive - Rincovitch\00. Nhan\CSharp\RincoMTO\BIMTOOL\obj\Release R26\Tools\MTO Group Bar\UI\MtoGroupBarWindow.g.cs(1,171): error CS1056: Unexpected character '\0' [C:\Users\Nhan\OneDrive - Rincovitch\00. Nhan\CSharp\RincoMTO\RincoMTO_djj4tpge_wpftmp.csproj::TargetFramework=net8.0-windows]
C:\Users\Nhan\OneDrive - Rincovitch\00. Nhan\CSharp\RincoMTO\BIMTOOL\obj\Release R26\RincoMTO.AssemblyInfo.cs(1,146): error CS1056: Unexpected character '\0' [C:\Users\Nhan\OneDrive - Rincovitch\00. Nhan\CSharp\RincoMTO\RincoMTO_djj4tpge_wpftmp.csproj::TargetFramework=net8.0-windows]
C:\Users\Nhan\OneDrive - Rincovitch\00. Nhan\CSharp\RincoMTO\BIMTOOL\obj\Release R26\Tools\MTO Group Bar\UI\MtoGroupBarWindow.g.cs(1,172): error CS1056: Unexpected character '\0' [C:\Users\Nhan\OneDrive - Rincovitch\00. Nhan\CSharp\RincoMTO\RincoMTO_djj4tpge_wpftmp.csproj::TargetFramework=net8.0-windows]
C:\Users\Nhan\OneDrive - Rincovitch\00. Nhan\CSharp\RincoMTO\BIMTOOL\obj\Release R26\RincoMTO.AssemblyInfo.cs(1,147): error CS1056: Unexpected character '\0' [C:\Users\Nhan\OneDrive - Rincovitch\00. Nhan\CSharp\RincoMTO\RincoMTO_djj4tpge_wpftmp.csproj::TargetFramework=net8.0-windows]
C:\Users\Nhan\OneDrive - Rincovitch\00. Nhan\CSharp\RincoMTO\BIMTOOL\obj\Release R26\Tools\MTO Group Bar\UI\MtoGroupBarWindow.g.cs(1,173): error CS1056: Unexpected character '\0' [C:\Users\Nhan\OneDrive - Rincovitch\00. Nhan\CSharp\RincoMTO\RincoMTO_djj4tpge_wpftmp.csproj::TargetFramework=net8.0-windows]
C:\Users\Nhan\OneDrive - Rincovitch\00. Nhan\CSharp\RincoMTO\BIMTOOL\obj\Release R26\RincoMTO.AssemblyInfo.cs(1,148): error CS1056: Unexpected character '\0' [C:\Users\Nhan\OneDrive - Rincovitch\00. Nhan\CSharp\RincoMTO\RincoMTO_djj4tpge_wpftmp.csproj::TargetFramework=net8.0-windows]
C:\Users\Nhan\OneDrive - Rincovitch\00. Nhan\CSharp\RincoMTO\BIMTOOL\obj\Release R26\Tools\MTO Group Bar\UI\MtoGroupBarWindow.g.cs(1,174): error CS1056: Unexpected character '\0' [C:\Users\Nhan\OneDrive - Rincovitch\00. Nhan\CSharp\RincoMTO\RincoMTO_djj4tpge_wpftmp.csproj::TargetFramework=net8.0-windows]
C:\Users\Nhan\OneDrive - Rincovitch\00. Nhan\CSharp\RincoMTO\BIMTOOL\obj\Release R26\Tools\MTO Group Bar\UI\MtoGroupBarWindow.g.cs(1,175): error CS1056: Unexpected character '\0' [C:\Users\Nhan\OneDrive - Rincovitch\00. Nhan\CSharp\RincoMTO\RincoMTO_djj4tpge_wpftmp.csproj::TargetFramework=net8.0-windows]
C:\Users\Nhan\OneDrive - Rincovitch\00. Nhan\CSharp\RincoMTO\BIMTOOL\obj\Release R26\RincoMTO.AssemblyInfo.cs(1,149): error CS1056: Unexpected character '\0' [C:\Users\Nhan\OneDrive - Rincovitch\00. Nhan\CSharp\RincoMTO\RincoMTO_djj4tpge_wpftmp.csproj::TargetFramework=net8.0-windows]
C:\Users\Nhan\OneDrive - Rincovitch\00. Nhan\CSharp\RincoMTO\BIMTOOL\obj\Release R26\Tools\MTO Group Bar\UI\MtoGroupBarWindow.g.cs(1,176): error CS1056: Unexpected character '\0' [C:\Users\Nhan\OneDrive - Rincovitch\00. Nhan\CSharp\RincoMTO\RincoMTO_djj4tpge_wpftmp.csproj::TargetFramework=net8.0-windows]
C:\Users\Nhan\OneDrive - Rincovitch\00. Nhan\CSharp\RincoMTO\BIMTOOL\obj\Release R26\RincoMTO.AssemblyInfo.cs(1,150): error CS1056: Unexpected character '\0' [C:\Users\Nhan\OneDrive - Rincovitch\00. Nhan\CSharp\RincoMTO\RincoMTO_djj4tpge_wpftmp.csproj::TargetFramework=net8.0-windows]
C:\Users\Nhan\OneDrive - Rincovitch\00. Nhan\CSharp\RincoMTO\BIMTOOL\obj\Release R26\Tools\MTO Group Bar\UI\MtoGroupBarWindow.g.cs(1,177): error CS1056: Unexpected character '\0' [C:\Users\Nhan\OneDrive - Rincovitch\00. Nhan\CSharp\RincoMTO\RincoMTO_djj4tpge_wpftmp.csproj::TargetFramework=net8.0-windows]
C:\Users\Nhan\OneDrive - Rincovitch\00. Nhan\CSharp\RincoMTO\BIMTOOL\obj\Release R26\RincoMTO.AssemblyInfo.cs(1,151): error CS1056: Unexpected character '\0' [C:\Users\Nhan\OneDrive - Rincovitch\00. Nhan\CSharp\RincoMTO\RincoMTO_djj4tpge_wpftmp.csproj::TargetFramework=net8.0-windows]
C:\Users\Nhan\OneDrive - Rincovitch\00. Nhan\CSharp\RincoMTO\BIMTOOL\obj\Release R26\Tools\MTO Group Bar\UI\MtoGroupBarWindow.g.cs(1,178): error CS1056: Unexpected character '\0' [C:\Users\Nhan\OneDrive - Rincovitch\00. Nhan\CSharp\RincoMTO\RincoMTO_djj4tpge_wpftmp.csproj::TargetFramework=net8.0-windows]
C:\Users\Nhan\OneDrive - Rincovitch\00. Nhan\CSharp\RincoMTO\BIMTOOL\obj\Release R26\RincoMTO.AssemblyInfo.cs(1,152): error CS1056: Unexpected character '\0' [C:\Users\Nhan\OneDrive - Rincovitch\00. Nhan\CSharp\RincoMTO\RincoMTO_djj4tpge_wpftmp.csproj::TargetFramework=net8.0-windows]
C:\Users\Nhan\OneDrive - Rincovitch\00. Nhan\CSharp\RincoMTO\BIMTOOL\obj\Release R26\Tools\MTO Group Bar\UI\MtoGroupBarWindow.g.cs(1,179): error CS1056: Unexpected character '\0' [C:\Users\Nhan\OneDrive - Rincovitch\00. Nhan\CSharp\RincoMTO\RincoMTO_djj4tpge_wpftmp.csproj::TargetFramework=net8.0-windows]
C:\Users\Nhan\OneDrive - Rincovitch\00. Nhan\CSharp\RincoMTO\BIMTOOL\obj\Release R26\RincoMTO.AssemblyInfo.cs(1,153): error CS1056: Unexpected character '\0' [C:\Users\Nhan\OneDrive - Rincovitch\00. Nhan\CSharp\RincoMTO\RincoMTO_djj4tpge_wpftmp.csproj::TargetFramework=net8.0-windows]
C:\Users\Nhan\OneDrive - Rincovitch\00. Nhan\CSharp\RincoMTO\BIMTOOL\obj\Release R26\Tools\MTO Group Bar\UI\MtoGroupBarWindow.g.cs(1,180): error CS1056: Unexpected character '\0' [C:\Users\Nhan\OneDrive - Rincovitch\00. Nhan\CSharp\RincoMTO\RincoMTO_djj4tpge_wpftmp.csproj::TargetFramework=net8.0-windows]
C:\Users\Nhan\OneDrive - Rincovitch\00. Nhan\CSharp\RincoMTO\BIMTOOL\obj\Release R26\RincoMTO.AssemblyInfo.cs(1,154): error CS1056: Unexpected character '\0' [C:\Users\Nhan\OneDrive - Rincovitch\00. Nhan\CSharp\RincoMTO\RincoMTO_djj4tpge_wpftmp.csproj::TargetFramework=net8.0-windows]
C:\Users\Nhan\OneDrive - Rincovitch\00. Nhan\CSharp\RincoMTO\BIMTOOL\obj\Release R26\Tools\MTO Group Bar\UI\MtoGroupBarWindow.g.cs(1,181): error CS1056: Unexpected character '\0' [C:\Users\Nhan\OneDrive - Rincovitch\00. Nhan\CSharp\RincoMTO\RincoMTO_djj4tpge_wpftmp.csproj::TargetFramework=net8.0-windows]
C:\Users\Nhan\OneDrive - Rincovitch\00. Nhan\CSharp\RincoMTO\BIMTOOL\obj\Release R26\RincoMTO.AssemblyInfo.cs(1,155): error CS1056: Unexpected character '\0' [C:\Users\Nhan\OneDrive - Rincovitch\00. Nhan\CSharp\RincoMTO\RincoMTO_djj4tpge_wpftmp.csproj::TargetFramework=net8.0-windows]
C:\Users\Nhan\OneDrive - Rincovitch\00. Nhan\CSharp\RincoMTO\BIMTOOL\obj\Release R26\Tools\MTO Group Bar\UI\MtoGroupBarWindow.g.cs(1,182): error CS1056: Unexpected character '\0' [C:\Users\Nhan\OneDrive - Rincovitch\00. Nhan\CSharp\RincoMTO\RincoMTO_djj4tpge_wpftmp.csproj::TargetFramework=net8.0-windows]
C:\Users\Nhan\OneDrive - Rincovitch\00. Nhan\CSharp\RincoMTO\BIMTOOL\obj\Release R26\RincoMTO.AssemblyInfo.cs(1,156): error CS1056: Unexpected character '\0' [C:\Users\Nhan\OneDrive - Rincovitch\00. Nhan\CSharp\RincoMTO\RincoMTO_djj4tpge_wpftmp.csproj::TargetFramework=net8.0-windows]
C:\Users\Nhan\OneDrive - Rincovitch\00. Nhan\CSharp\RincoMTO\BIMTOOL\obj\Release R26\RincoMTO.AssemblyInfo.cs(1,157): error CS1056: Unexpected character '\0' [C:\Users\Nhan\OneDrive - Rincovitch\00. Nhan\CSharp\RincoMTO\RincoMTO_djj4tpge_wpftmp.csproj::TargetFramework=net8.0-windows]
C:\Users\Nhan\OneDrive - Rincovitch\00. Nhan\CSharp\RincoMTO\BIMTOOL\obj\Release R26\Tools\MTO Group Bar\UI\MtoGroupBarWindow.g.cs(1,183): error CS1056: Unexpected character '\0' [C:\Users\Nhan\OneDrive - Rincovitch\00. Nhan\CSharp\RincoMTO\RincoMTO_djj4tpge_wpftmp.csproj::TargetFramework=net8.0-windows]
C:\Users\Nhan\OneDrive - Rincovitch\00. Nhan\CSharp\RincoMTO\BIMTOOL\obj\Release R26\RincoMTO.AssemblyInfo.cs(1,158): error CS1056: Unexpected character '\0' [C:\Users\Nhan\OneDrive - Rincovitch\00. Nhan\CSharp\RincoMTO\RincoMTO_djj4tpge_wpftmp.csproj::TargetFramework=net8.0-windows]
C:\Users\Nhan\OneDrive - Rincovitch\00. Nhan\CSharp\RincoMTO\BIMTOOL\obj\Release R26\Tools\MTO Group Bar\UI\MtoGroupBarWindow.g.cs(1,184): error CS1056: Unexpected character '\0' [C:\Users\Nhan\OneDrive - Rincovitch\00. Nhan\CSharp\RincoMTO\RincoMTO_djj4tpge_wpftmp.csproj::TargetFramework=net8.0-windows]
C:\Users\Nhan\OneDrive - Rincovitch\00. Nhan\CSharp\RincoMTO\BIMTOOL\obj\Release R26\RincoMTO.AssemblyInfo.cs(1,159): error CS1056: Unexpected character '\0' [C:\Users\Nhan\OneDrive - Rincovitch\00. Nhan\CSharp\RincoMTO\RincoMTO_djj4tpge_wpftmp.csproj::TargetFramework=net8.0-windows]
C:\Users\Nhan\OneDrive - Rincovitch\00. Nhan\CSharp\RincoMTO\BIMTOOL\obj\Release R26\Tools\MTO Group Bar\UI\MtoGroupBarWindow.g.cs(1,185): error CS1056: Unexpected character '\0' [C:\Users\Nhan\OneDrive - Rincovitch\00. Nhan\CSharp\RincoMTO\RincoMTO_djj4tpge_wpftmp.csproj::TargetFramework=net8.0-windows]
C:\Users\Nhan\OneDrive - Rincovitch\00. Nhan\CSharp\RincoMTO\BIMTOOL\obj\Release R26\RincoMTO.AssemblyInfo.cs(1,160): error CS1056: Unexpected character '\0' [C:\Users\Nhan\OneDrive - Rincovitch\00. Nhan\CSharp\RincoMTO\RincoMTO_djj4tpge_wpftmp.csproj::TargetFramework=net8.0-windows]
C:\Users\Nhan\OneDrive - Rincovitch\00. Nhan\CSharp\RincoMTO\BIMTOOL\obj\Release R26\Tools\MTO Group Bar\UI\MtoGroupBarWindow.g.cs(1,186): error CS1056: Unexpected character '\0' [C:\Users\Nhan\OneDrive - Rincovitch\00. Nhan\CSharp\RincoMTO\RincoMTO_djj4tpge_wpftmp.csproj::TargetFramework=net8.0-windows]
C:\Users\Nhan\OneDrive - Rincovitch\00. Nhan\CSharp\RincoMTO\BIMTOOL\obj\Release R26\RincoMTO.AssemblyInfo.cs(1,161): error CS1056: Unexpected character '\0' [C:\Users\Nhan\OneDrive - Rincovitch\00. Nhan\CSharp\RincoMTO\RincoMTO_djj4tpge_wpftmp.csproj::TargetFramework=net8.0-windows]
C:\Users\Nhan\OneDrive - Rincovitch\00. Nhan\CSharp\RincoMTO\BIMTOOL\obj\Release R26\Tools\MTO Group Bar\UI\MtoGroupBarWindow.g.cs(1,187): error CS1056: Unexpected character '\0' [C:\Users\Nhan\OneDrive - Rincovitch\00. Nhan\CSharp\RincoMTO\RincoMTO_djj4tpge_wpftmp.csproj::TargetFramework=net8.0-windows]
C:\Users\Nhan\OneDrive - Rincovitch\00. Nhan\CSharp\RincoMTO\BIMTOOL\obj\Release R26\RincoMTO.AssemblyInfo.cs(1,162): error CS1056: Unexpected character '\0' [C:\Users\Nhan\OneDrive - Rincovitch\00. Nhan\CSharp\RincoMTO\RincoMTO_djj4tpge_wpftmp.csproj::TargetFramework=net8.0-windows]
C:\Users\Nhan\OneDrive - Rincovitch\00. Nhan\CSharp\RincoMTO\BIMTOOL\obj\Release R26\Tools\MTO Group Bar\UI\MtoGroupBarWindow.g.cs(1,188): error CS1056: Unexpected character '\0' [C:\Users\Nhan\OneDrive - Rincovitch\00. Nhan\CSharp\RincoMTO\RincoMTO_djj4tpge_wpftmp.csproj::TargetFramework=net8.0-windows]
C:\Users\Nhan\OneDrive - Rincovitch\00. Nhan\CSharp\RincoMTO\BIMTOOL\obj\Release R26\RincoMTO.AssemblyInfo.cs(1,163): error CS1056: Unexpected character '\0' [C:\Users\Nhan\OneDrive - Rincovitch\00. Nhan\CSharp\RincoMTO\RincoMTO_djj4tpge_wpftmp.csproj::TargetFramework=net8.0-windows]
C:\Users\Nhan\OneDrive - Rincovitch\00. Nhan\CSharp\RincoMTO\BIMTOOL\obj\Release R26\Tools\MTO Group Bar\UI\MtoGroupBarWindow.g.cs(1,189): error CS1056: Unexpected character '\0' [C:\Users\Nhan\OneDrive - Rincovitch\00. Nhan\CSharp\RincoMTO\RincoMTO_djj4tpge_wpftmp.csproj::TargetFramework=net8.0-windows]
C:\Users\Nhan\OneDrive - Rincovitch\00. Nhan\CSharp\RincoMTO\BIMTOOL\obj\Release R26\RincoMTO.AssemblyInfo.cs(1,164): error CS1056: Unexpected character '\0' [C:\Users\Nhan\OneDrive - Rincovitch\00. Nhan\CSharp\RincoMTO\RincoMTO_djj4tpge_wpftmp.csproj::TargetFramework=net8.0-windows]
C:\Users\Nhan\OneDrive - Rincovitch\00. Nhan\CSharp\RincoMTO\BIMTOOL\obj\Release R26\Tools\MTO Group Bar\UI\MtoGroupBarWindow.g.cs(1,190): error CS1056: Unexpected character '\0' [C:\Users\Nhan\OneDrive - Rincovitch\00. Nhan\CSharp\RincoMTO\RincoMTO_djj4tpge_wpftmp.csproj::TargetFramework=net8.0-windows]
C:\Users\Nhan\OneDrive - Rincovitch\00. Nhan\CSharp\RincoMTO\BIMTOOL\obj\Release R26\RincoMTO.AssemblyInfo.cs(1,165): error CS1056: Unexpected character '\0' [C:\Users\Nhan\OneDrive - Rincovitch\00. Nhan\CSharp\RincoMTO\RincoMTO_djj4tpge_wpftmp.csproj::TargetFramework=net8.0-windows]
C:\Users\Nhan\OneDrive - Rincovitch\00. Nhan\CSharp\RincoMTO\BIMTOOL\obj\Release R26\Tools\MTO Group Bar\UI\MtoGroupBarWindow.g.cs(1,191): error CS1056: Unexpected character '\0' [C:\Users\Nhan\OneDrive - Rincovitch\00. Nhan\CSharp\RincoMTO\RincoMTO_djj4tpge_wpftmp.csproj::TargetFramework=net8.0-windows]
C:\Users\Nhan\OneDrive - Rincovitch\00. Nhan\CSharp\RincoMTO\BIMTOOL\obj\Release R26\Tools\MTO Group Bar\UI\MtoGroupBarWindow.g.cs(1,192): error CS1056: Unexpected character '\0' [C:\Users\Nhan\OneDrive - Rincovitch\00. Nhan\CSharp\RincoMTO\RincoMTO_djj4tpge_wpftmp.csproj::TargetFramework=net8.0-windows]
C:\Users\Nhan\OneDrive - Rincovitch\00. Nhan\CSharp\RincoMTO\BIMTOOL\obj\Release R26\RincoMTO.AssemblyInfo.cs(1,166): error CS1056: Unexpected character '\0' [C:\Users\Nhan\OneDrive - Rincovitch\00. Nhan\CSharp\RincoMTO\RincoMTO_djj4tpge_wpftmp.csproj::TargetFramework=net8.0-windows]
C:\Users\Nhan\OneDrive - Rincovitch\00. Nhan\CSharp\RincoMTO\BIMTOOL\obj\Release R26\Tools\MTO Group Bar\UI\MtoGroupBarWindow.g.cs(1,193): error CS1056: Unexpected character '\0' [C:\Users\Nhan\OneDrive - Rincovitch\00. Nhan\CSharp\RincoMTO\RincoMTO_djj4tpge_wpftmp.csproj::TargetFramework=net8.0-windows]
C:\Users\Nhan\OneDrive - Rincovitch\00. Nhan\CSharp\RincoMTO\BIMTOOL\obj\Release R26\RincoMTO.AssemblyInfo.cs(1,167): error CS1056: Unexpected character '\0' [C:\Users\Nhan\OneDrive - Rincovitch\00. Nhan\CSharp\RincoMTO\RincoMTO_djj4tpge_wpftmp.csproj::TargetFramework=net8.0-windows]
C:\Users\Nhan\OneDrive - Rincovitch\00. Nhan\CSharp\RincoMTO\BIMTOOL\obj\Release R26\Tools\MTO Group Bar\UI\MtoGroupBarWindow.g.cs(1,194): error CS1056: Unexpected character '\0' [C:\Users\Nhan\OneDrive - Rincovitch\00. Nhan\CSharp\RincoMTO\RincoMTO_djj4tpge_wpftmp.csproj::TargetFramework=net8.0-windows]
C:\Users\Nhan\OneDrive - Rincovitch\00. Nhan\CSharp\RincoMTO\BIMTOOL\obj\Release R26\RincoMTO.AssemblyInfo.cs(1,168): error CS1056: Unexpected character '\0' [C:\Users\Nhan\OneDrive - Rincovitch\00. Nhan\CSharp\RincoMTO\RincoMTO_djj4tpge_wpftmp.csproj::TargetFramework=net8.0-windows]
C:\Users\Nhan\OneDrive - Rincovitch\00. Nhan\CSharp\RincoMTO\BIMTOOL\obj\Release R26\Tools\MTO Group Bar\UI\MtoGroupBarWindow.g.cs(1,195): error CS1056: Unexpected character '\0' [C:\Users\Nhan\OneDrive - Rincovitch\00. Nhan\CSharp\RincoMTO\RincoMTO_djj4tpge_wpftmp.csproj::TargetFramework=net8.0-windows]
C:\Users\Nhan\OneDrive - Rincovitch\00. Nhan\CSharp\RincoMTO\BIMTOOL\obj\Release R26\RincoMTO.AssemblyInfo.cs(1,169): error CS1056: Unexpected character '\0' [C:\Users\Nhan\OneDrive - Rincovitch\00. Nhan\CSharp\RincoMTO\RincoMTO_djj4tpge_wpftmp.csproj::TargetFramework=net8.0-windows]
C:\Users\Nhan\OneDrive - Rincovitch\00. Nhan\CSharp\RincoMTO\BIMTOOL\obj\Release R26\Tools\MTO Group Bar\UI\MtoGroupBarWindow.g.cs(1,196): error CS1056: Unexpected character '\0' [C:\Users\Nhan\OneDrive - Rincovitch\00. Nhan\CSharp\RincoMTO\RincoMTO_djj4tpge_wpftmp.csproj::TargetFramework=net8.0-windows]
C:\Users\Nhan\OneDrive - Rincovitch\00. Nhan\CSharp\RincoMTO\BIMTOOL\obj\Release R26\RincoMTO.AssemblyInfo.cs(1,170): error CS1056: Unexpected character '\0' [C:\Users\Nhan\OneDrive - Rincovitch\00. Nhan\CSharp\RincoMTO\RincoMTO_djj4tpge_wpftmp.csproj::TargetFramework=net8.0-windows]
C:\Users\Nhan\OneDrive - Rincovitch\00. Nhan\CSharp\RincoMTO\BIMTOOL\obj\Release R26\Tools\MTO Group Bar\UI\MtoGroupBarWindow.g.cs(1,197): error CS1056: Unexpected character '\0' [C:\Users\Nhan\OneDrive - Rincovitch\00. Nhan\CSharp\RincoMTO\RincoMTO_djj4tpge_wpftmp.csproj::TargetFramework=net8.0-windows]
C:\Users\Nhan\OneDrive - Rincovitch\00. Nhan\CSharp\RincoMTO\BIMTOOL\obj\Release R26\RincoMTO.AssemblyInfo.cs(1,171): error CS1056: Unexpected character '\0' [C:\Users\Nhan\OneDrive - Rincovitch\00. Nhan\CSharp\RincoMTO\RincoMTO_djj4tpge_wpftmp.csproj::TargetFramework=net8.0-windows]
C:\Users\Nhan\OneDrive - Rincovitch\00. Nhan\CSharp\RincoMTO\BIMTOOL\obj\Release R26\Tools\MTO Group Bar\UI\MtoGroupBarWindow.g.cs(1,198): error CS1056: Unexpected character '\0' [C:\Users\Nhan\OneDrive - Rincovitch\00. Nhan\CSharp\RincoMTO\RincoMTO_djj4tpge_wpftmp.csproj::TargetFramework=net8.0-windows]
C:\Users\Nhan\OneDrive - Rincovitch\00. Nhan\CSharp\RincoMTO\BIMTOOL\obj\Release R26\RincoMTO.AssemblyInfo.cs(1,172): error CS1056: Unexpected character '\0' [C:\Users\Nhan\OneDrive - Rincovitch\00. Nhan\CSharp\RincoMTO\RincoMTO_djj4tpge_wpftmp.csproj::TargetFramework=net8.0-windows]
C:\Users\Nhan\OneDrive - Rincovitch\00. Nhan\CSharp\RincoMTO\BIMTOOL\obj\Release R26\Tools\MTO Group Bar\UI\MtoGroupBarWindow.g.cs(1,199): error CS1056: Unexpected character '\0' [C:\Users\Nhan\OneDrive - Rincovitch\00. Nhan\CSharp\RincoMTO\RincoMTO_djj4tpge_wpftmp.csproj::TargetFramework=net8.0-windows]
C:\Users\Nhan\OneDrive - Rincovitch\00. Nhan\CSharp\RincoMTO\BIMTOOL\obj\Release R26\RincoMTO.AssemblyInfo.cs(1,173): error CS1056: Unexpected character '\0' [C:\Users\Nhan\OneDrive - Rincovitch\00. Nhan\CSharp\RincoMTO\RincoMTO_djj4tpge_wpftmp.csproj::TargetFramework=net8.0-windows]
C:\Users\Nhan\OneDrive - Rincovitch\00. Nhan\CSharp\RincoMTO\BIMTOOL\obj\Release R26\Tools\MTO Group Bar\UI\MtoGroupBarWindow.g.cs(1,200): error CS1056: Unexpected character '\0' [C:\Users\Nhan\OneDrive - Rincovitch\00. Nhan\CSharp\RincoMTO\RincoMTO_djj4tpge_wpftmp.csproj::TargetFramework=net8.0-windows]
C:\Users\Nhan\OneDrive - Rincovitch\00. Nhan\CSharp\RincoMTO\BIMTOOL\obj\Release R26\RincoMTO.AssemblyInfo.cs(1,174): error CS1056: Unexpected character '\0' [C:\Users\Nhan\OneDrive - Rincovitch\00. Nhan\CSharp\RincoMTO\RincoMTO_djj4tpge_wpftmp.csproj::TargetFramework=net8.0-windows]
C:\Users\Nhan\OneDrive - Rincovitch\00. Nhan\CSharp\RincoMTO\BIMTOOL\obj\Release R26\Tools\MTO Group Bar\UI\MtoGroupBarWindow.g.cs(1,201): error CS1056: Unexpected character '\0' [C:\Users\Nhan\OneDrive - Rincovitch\00. Nhan\CSharp\RincoMTO\RincoMTO_djj4tpge_wpftmp.csproj::TargetFramework=net8.0-windows]
C:\Users\Nhan\OneDrive - Rincovitch\00. Nhan\CSharp\RincoMTO\BIMTOOL\obj\Release R26\RincoMTO.AssemblyInfo.cs(1,175): error CS1056: Unexpected character '\0' [C:\Users\Nhan\OneDrive - Rincovitch\00. Nhan\CSharp\RincoMTO\RincoMTO_djj4tpge_wpftmp.csproj::TargetFramework=net8.0-windows]
C:\Users\Nhan\OneDrive - Rincovitch\00. Nhan\CSharp\RincoMTO\BIMTOOL\obj\Release R26\Tools\MTO Group Bar\UI\MtoGroupBarWindow.g.cs(1,202): error CS1056: Unexpected character '\0\0\0\0\0\0\0\0\0\0\0\0\0\0\0\0\0\0\0\0\0\0\0\0\0\0\0\0\0\0\0\0\0\0\0\0\0\0\0\0\0\0\0\0\0\0\0\0\0\0\0\0\0\0\0\0\0\0\0\0\0\0\0\0\0\0\0\0\0\0\0\0\0\0\0\0\0\0\0\0\0\0\0\0\0\0\0\0\0\0\0\0\0\0\0\0\0\0\0\0\0\0\0\0\0\0\0\0\0\0\0\0\0\0\0\0\0\0\0\0\0\0\0\0\0\0\0\0\0\0\0\0\0\0\0\0\0\0\0\0\0\0\0\0\0\0\0\0\0\0\0\0\0\0\0\0\0\0\0\0\0\0\0\0\0\0\0\0\0\0\0\0\0\0\0\0\0\0\0\0\0\0\0\0\0\0\0\0\0\0\0\0\0\0\0\0\0\0\0\0\0\0\0\0\0\0\0\0\0\0\0\0\0\0\0\0\0\0\0\0\0\0\0\0\0\0\0\0\0\0\0\0\0\0\0\0\0\0\0\0\0\0\0\0\0\0\0\0\0\0\0\0\0\0\0\0\0\0\0\0\0\0\0\0\0\0\0\0\0\0\0\0\0\0\0\0\0\0\0\0\0\0\0\0\0\0\0\0\0\0\0\0\0\0\0\0\0\0\0\0\0\0\0\0\0\0\0\0\0\0\0\0\0\0\0\0\0\0\0\0\0\0\0\0\0\0\0\0\0\0\0\0\0\0\0\0\0\0\0\0\0\0\0\0\0\0\0\0\0\0\0\0\0\0\0\0\0\0\0\0\0\0\0\0\0\0\0\0\0\0\0\0\0\0\0\0\0\0\0\0\0\0\0\0\0\0\0\0\0\0\0\0\0\0\0\0\0\0\0\0\0\0\0\0\0\0\0\0\0\0\0\0\0\0\0\0\0\0\0\0\0\0\0\0\0\0\0\0\0\0\0\0\0\0\0\0\0\0\0\0\0\0\0\0\0\0\0\0\0\0\0\0\0\0\0\0\0\0\0\0\0\0\0\0\0\0\0\0\0\0\0\0\0\0\0\0\0\0\0\0\0\0\0\0\0\0\0\0\0\0\0\0\0\0\0\0\0\0\0\0\0\0\0\0\0\0\0\0\0\0\0\0\0\0\0\0\0\0\0\0\0\0\0\0\0\0\0\0\0\0\0\0\0\0\0\0\0\0\0\0\0\0\0\0\0\0\0\0\0\0\0\0\0\0\0\0\0\0\0\0\0\0\0\0\0\0\0\0\0\0\0\0\0\0\0\0\0\0\0\0\0\0\0\0\0\0\0\0\0\0\0\0\0\0\0\0\0\0\0\0\0\0\0\0\0\0\0\0\0\0\0\0\0\0\0\0\0\0\0\0\0\0\0\0\0\0\0\0\0\0\0\0\0\0\0\0\0\0\0\0\0\0\0\0\0\0\0\0\0\0\0\0\0\0\0\0\0\0\0\0\0\0\0\0\0\0\0\0\0\0\0\0\0\0\0\0\0\0\0\0\0\0\0\0\0\0\0\0\0\0\0\0\0\0\0\0\0\0\0\0\0\0\0\0\0\0\0\0\0\0\0\0\0\0\0\0\0\0\0\0\0\0\0\0\0\0\0\0\0\0\0\0\0\0\0\0\0\0\0\0\0\0\0\0\0\0\0\0\0\0\0\0\0\0\0\0\0\0\0\0\0\0\0\0\0\0\0\0\0\0\0\0\0\0\0\0\0\0\0\0\0\0\0\0\0\0\0\0\0\0\0\0\0\0\0\0\0\0\0\0\0\0\0\0\0\0\0\0\0\0\0\0\0\0\0\0\0\0\0\0\0\0\0\0\0\0\0\0\0\0\0\0\0\0\0\0\0\0\0\0\0\0\0\0\0\0\0\0\0\0\0\0\0\0\0\0\0\0\0\0\0\0\0\0\0\0\0\0\0\0\0\0\0\0\0\0\0\0\0\0\0\0\0\0\0\0\0\0\0\0\0\0\0\0\0\0\0\0\0\0\0\0\0\0\0\0\0\0\0\0\0\0\0\0\0\0\0\0\0\0\0\0\0\0\0\0\0\0\0\0\0\0\0\0\0\0\0\0\0\0\0\0\0\0\0\0\0\0\0\0\0\0\0\0\0\0\0\0\0\0\0\0\0\0\0\0\0\0\0\0\0\0\0\0\0\0\0\0\0\0\0\0\0\0\0\0\0\0\0\0\0\0\0\0\0\0\0\0\0\0\0\0\0\0\0\0\0\0\0\0\0\0\0\0\0\0\0\0\0\0\0\0\0\0\0\0\0\0\0\0\0\0\0\0\0\0\0\0\0\0\0\0\0\0\0\0\0\0\0\0\0\0\0\0\0\0\0\0\0\0\0\0\0\0\0\0\0\0\0\0\0\0\0\0\0\0\0\0\0\0\0\0\0\0\0\0\0\0\0\0\0\0\0\0\0\0\0\0\0\0\0\0\0\0\0\0\0\0\0\0\0\0\0\0\0\0\0\0\0\0\0\0\0\0\0\0\0\0\0\0\0\0\0\0\0\0\0\0\0\0\0\0\0\0\0\0\0\0\0\0\0\0\0\0\0\0\0\0\0\0\0\0\0\0\0\0\0\0\0\0\0\0\0\0\0\0\0\0\0\0\0\0\0\0\0\0\0\0\0\0\0\0\0\0\0\0\0\0\0\0\0\0\0\0\0\0\0\0\0\0\0\0\0\0\0\0\0\0\0\0\0\0\0\0\0\0\0\0\0\0\0\0\0\0\0\0\0\0\0\0\0\0\0\0\0\0\0\0\0\0\0\0\0\0\0\0\0\0\0\0\0\0\0\0\0\0\0\0\0\0\0\0\0\0\0\0\0\0\0\0\0\0\0\0\0\0\0\0\0\0\0\0\0\0\0\0\0\0\0\0\0\0\0\0\0\0\0\0\0\0\0\0\0\0\0\0\0\0\0\0\0\0\0\0\0\0\0\0\0\0\0\0\0\0\0\0\0\0\0\0\0\0\0\0\0\0\0\0\0\0\0\0\0\0\0\0\0\0\0\0\0\0\0\0\0\0\0\0\0\0\0\0\0\0\0\0\0\0\0\0\0\0\0\0\0\0\0\0\0\0\0\0\0\0\0\0\0\0\0\0\0\0\0\0\0\0\0\0\0\0\0\0\0\0\0\0\0\0\0\0\0\0\0\0\0\0\0\0\0\0\0\0\0\0\0\0\0\0\0\0\0\0\0\0\0\0\0\0\0\0\0\0\0\0\0\0\0\0\0\0\0\0\0\0\0\0\0\0\0\0\0\0\0\0\0\0\0\0\0\0\0\0\0\0\0\0\0\0\0\0\0\0\0\0\0\0\0\0\0\0\0\0\0\0\0\0\0\0\0\0\0\0\0\0\0\0\0\0\0\0\0\0\0\0\0\0\0\0\0\0\0\0\0\0\0\0\0\0\0\0\0\0\0\0\0\0\0\0\0\0\0\0\0\0\0\0\0\0\0\0\0\0\0\0\0\0\0\0\0\0\0\0\0\0\0\0\0\0\0\0\0\0\0\0\0\0\0\0\0\0\0\0\0\0\0\0\0\0\0\0\0\0\0\0\0\0\0\0\0\0\0\0\0\0\0\0\0\0\0\0\0\0\0\0\0\0\0\0\0\0\0\0\0\0\0\0\0\0\0\0\0\0\0\0\0\0\0\0\0\0\0\0\0\0\0\0\0\0\0\0\0\0\0\0\0\0\0\0\0\0\0\0\0\0\0\0\0\0\0\0\0\0\0\0\0\0\0\0\0\0\0\0\0\0\0\0\0\0\0\0\0\0\0\0\0\0\0\0\0\0\0\0\0\0\0\0\0\0\0\0\0\0\0\0\0\0\0\0\0\0\0\0\0\0\0\0\0\0\0\0\0\0\0\0\0\0\0\0\0\0\0\0\0\0\0\0\0\0\0\0\0\0\0\0\0\0\0\0\0\0\0\0\0\0\0\0\0\0\0\0\0\0\0\0\0\0\0\0\0\0\0\0\0\0\0\0\0\0\0\0\0\0\0\0\0\0\0\0\0\0\0\0\0\0\0\0\0\0\0\0\0\0\0\0\0\0\0\0\0\0\0\0\0\0\0\0\0\0\0\0\0\0\0\0\0\0\0\0\0\0\0\0\0\0\0\0\0\0\0\0\0\0\0\0\0\0\0\0\0\0\0\0\0\0\0\0\0\0\0\0\0\0\0\0\0\0\0\0\0\0\0\0\0\0\0\0\0\0\0\0\0\0\0\0\0\0\0\0\0\0\0\0\0\0\0\0\0\0\0\0\0\0\0\0\0\0\0\0\0\0\0\0\0\0\0\0\0\0\0\0\0\0\0\0\0\0\0\0\0\0\0\0\0\0\0\0\0\0\0\0\0\0\0\0\0\0\0\0\0\0\0\0\0\0\0\0\0\0\0\0\0\0\0\0\0\0\0\0\0\0\0\0\0\0\0\0\0\0\0\0\0\0\0\0\0\0\0\0\0\0\0\0\0\0\0\0\0\0\0\0\0\0\0\0\0\0\0\0\0\0\0\0\0\0\0\0\0\0\0\0\0\0\0\0\0\0\0\0\0\0\0\0\0\0\0\0\0\0\0\0\0\0\0\0\0\0\0\0\0\0\0\0\0\0\0\0\0\0\0\0\0\0\0\0\0\0\0\0\0\0\0\0\0\0\0\0\0\0\0\0\0\0\0\0\0\0\0\0\0\0\0\0\0\0\0\0\0\0\0\0\0\0\0\0\0\0\0\0\0\0\0\0\0\0\0\0\0\0\0\0\0\0\0\0\0\0\0\0\0\0\0\0\0\0\0\0\0\0\0\0\0\0\0\0\0\0\0\0\0\0\0\0\0\0\0\0\0\0\0\0\0\0\0\0\0\0\0\0\0\0\0\0\0\0\0\0\0\0\0\0\0\0\0\0\0\0\0\0\0\0\0\0\0\0\0\0\0\0\0\0\0\0\0\0\0\0\0\0\0\0\0\0\0\0\0\0\0\0\0\0\0\0\0\0\0\0\0\0\0\0\0\0\0\0\0\0\0\0\0\0\0\0\0\0\0\0\0\0\0\0\0\0\0\0\0\0\0\0\0\0\0\0\0\0\0\0\0\0\0\0\0\0\0\0\0\0\0\0\0\0\0\0\0\0\0\0\0\0\0\0\0\0\0\0\0\0\0\0\0\0\0\0\0\0\0\0\0\0\0\0\0\0\0\0\0\0\0\0\0\0\0\0\0\0\0\0\0\0\0\0\0\0\0\0\0\0\0\0\0\0\0\0\0\0\0\0\0\0\0\0\0\0\0\0\0\0\0\0\0\0\0\0\0\0\0\0\0\0\0\0\0\0\0\0\0\0\0\0\0\0\0\0\0\0\0\0\0\0\0\0\0\0\0\0\0\0\0\0\0\0\0\0\0\0\0\0\0\0\0\0\0\0\0\0\0\0\0\0\0\0\0\0\0\0\0\0\0\0\0\0\0\0\0\0\0\0\0\0\0\0\0\0\0\0\0\0\0\0\0\0\0\0\0\0\0\0\0\0\0\0\0\0\0\0\0\0\0\0\0\0\0\0\0\0\0\0\0\0\0\0\0\0\0\0\0\0\0\0\0\0\0\0\0\0\0\0\0\0\0\0\0\0\0\0\0\0\0\0\0\0\0\0\0\0\0\0\0\0\0\0\0\0\0\0\0\0\0\0\0\0\0\0\0\0\0\0\0\0\0\0\0\0\0\0\0\0\0\0\0\0\0\0\0\0\0\0\0\0\0\0\0\0\0\0\0\0\0\0\0\0\0\0\0\0\0\0\0\0\0\0\0\0\0\0\0\0\0\0\0\0\0\0\0\0\0\0\0\0\0\0\0\0\0\0\0\0\0\0\0\0\0\0\0\0\0\0\0\0\0\0\0\0\0\0\0\0\0\0\0\0\0\0\0\0\0\0\0\0\0\0\0\0\0\0\0\0\0\0\0\0\0\0\0\0\0\0\0\0\0\0\0\0\0\0\0\0\0\0\0\0\0\0\0\0\0\0\0\0\0\0\0\0\0\0\0\0\0\0\0\0\0\0\0\0\0\0\0\0\0\0\0\0\0\0\0\0\0\0\0\0\0\0\0\0\0\0\0\0\0\0\0\0\0\0\0\0\0\0\0\0\0\0\0\0\0\0\0\0\0\0\0\0\0\0\0\0\0\0\0\0\0\0\0\0\0\0\0\0\0\0\0\0\0\0\0\0\0\0\0\0\0\0\0\0\0\0\0\0\0\0\0\0\0\0\0\0\0\0\0\0\0\0\0\0\0\0\0\0\0\0\0\0\0\0\0\0\0\0\0\0\0\0\0\0\0\0\0\0\0\0\0\0\0\0\0\0\0\0\0\0\0\0\0\0\0\0\0\0\0\0\0\0\0\0\0\0\0\0\0\0\0\0\0\0\0\0\0\0\0\0\0\0\0\0\0\0\0\0\0\0\0\0\0\0\0\0\0\0\0\0\0\0\0\0\0\0\0\0\0\0\0\0\0\0\0\0\0\0\0\0\0\0\0\0\0\0\0\0\0\0\0\0\0\0\0\0\0\0\0\0\0\0\0\0\0\0\0\0\0\0\0\0\0\0\0\0\0\0\0\0\0\0\0\0\0\0\0\0\0\0\0\0\0\0\0\0\0\0\0\0\0\0\0\0\0\0\0\0\0\0\0\0\0\0\0\0\0\0\0\0\0\0\0\0\0\0\0\0\0\0\0\0\0\0\0\0\0\0\0\0\0\0\0\0\0\0\0\0\0\0\0\0\0\0\0\0\0\0\0\0\0\0\0\0\0\0\0\0\0\0\0\0\0\0\0\0\0\0\0\0\0\0\0\0\0\0\0\0\0\0\0\0\0\0\0\0\0\0\0\0\0\0\0\0\0\0\0\0\0\0\0\0\0\0\0\0\0\0\0\0\0\0\0\0\0\0\0\0\0\0\0\0\0\0\0\0\0\0\0\0\0\0\0\0\0\0\0\0\0\0\0\0\0\0\0\0\0\0\0\0\0\0\0\0\0\0\0\0\0\0\0\0\0\0\0\0\0\0\0\0\0\0\0\0\0\0\0\0\0\0\0\0\0\0\0\0\0\0\0\0\0\0\0\0\0\0\0\0\0\0\0\0\0\0\0\0\0\0\0\0\0\0\0\0\0\0\0\0\0\0\0\0\0\0\0\0\0\0\0\0\0\0\0\0\0\0\0\0\0\0\0\0\0\0\0\0\0\0\0\0\0\0\0\0\0\0\0\0\0\0\0\0\0\0\0\0\0\0\0\0\0\0\0\0\0\0\0\0\0\0\0\0\0\0\0\0\0\0\0\0\0\0\0\0\0\0\0\0\0\0\0\0\0\0\0\0\0\0\0\0\0\0\0\0\0\0\0\0\0\0\0\0\0\0\0\0\0\0\0\0\0\0\0\0\0\0\0\0\0\0\0\0\0\0\0\0\0\0\0\0\0\0\0\0\0\0\0\0\0\0\0\0\0\0\0\0\0\0\0\0\0\0\0\0\0\0\0\0\0\0\0\0\0\0\0\0\0\0\0\0\0\0\0\0\0\0\0\0\0\0\0\0\0\0\0\0\0\0\0\0\0\0\0\0\0\0\0\0\0\0\0\0\0\0\0\0\0\0\0\0\0\0\0\0\0\0\0\0\0\0\0\0\0\0\0\0\0\0\0\0\0\0\0\0\0\0\0\0\0\0\0\0\0\0\0\0\0\0\0\0\0\0\0\0\0\0\0\0\0\0\0\0\0\0\0\0\0\0\0\0\0\0\0\0\0\0\0\0\0\0\0\0\0\0\0\0\0\0\0\0\0\0\0\0\0\0\0\0\0\0\0\0\0\0\0\0\0\0\0\0\0\0\0\0\0\0\0\0\0\0\0\0\0\0\0\0\0\0\0\0\0\0\0\0\0\0\0\0\0\0\0\0\0\0\0\0\0\0\0\0\0\0\0\0\0\0\0\0\0\0\0\0\0\0\0\0\0\0\0\0\0\0\0\0\0\0\0\0\0\0\0\0\0\0\0\0\0\0\0\0\0\0\0\0\0\0\0\0\0\0\0\0\0\0\0\0\0\0\0\0\0\0\0\0\0\0\0\0\0\0\0\0\0\0\0\0\0\0\0\0\0\0\0\0\0\0\0\0\0\0\0\0\0\0\0\0\0\0\0\0\0\0\0\0\0\0\0\0\0\0\0\0\0\0\0\0\0\0\0\0\0\0\0\0\0\0\0\0\0\0\0\0\0\0\0\0\0\0\0\0\0\0\0\0\0\0\0\0\0\0\0\0\0\0\0\0\0\0\0\0\0\0\0\0\0\0\0\0\0\0\0\0\0\0\0\0\0\0\0\0\0\0\0\0\0\0\0\0\0\0\0\0\0\0\0\0\0\0\0\0\0\0\0\0\0\0\0\0\0\0\0\0\0\0\0\0\0\0\0\0\0\0\0\0\0\0\0\0\0\0\0\0\0\0\0\0\0\0\0\0\0\0\0\0\0\0\0\0\0\0\0\0\0\0\0\0\0\0\0\0\0\0\0\0\0\0\0\0\0\0\0\0\0\0\0\0\0\0\0\0\0\0\0\0\0\0\0\0\0\0\0\0\0\0\0\0\0\0\0\0\0\0\0\0\0\0\0\0\0\0\0\0\0\0\0\0\0\0\0\0\0\0\0\0\0\0\0\0\0\0\0\0\0\0\0\0\0\0\0\0\0\0\0\0\0\0\0\0\0\0\0\0\0\0\0\0\0\0\0\0\0\0\0\0\0\0\0\0\0\0\0\0\0\0\0\0\0\0\0\0\0\0\0\0\0\0\0\0\0\0\0\0\0\0\0\0\0\0\0\0\0\0\0\0\0\0\0\0\0\0\0\0\0\0\0\0\0\0\0\0\0\0\0\0\0\0\0\0\0\0\0\0\0\0\0\0\0\0\0\0\0\0\0\0\0\0\0\0\0\0\0\0\0\0\0\0\0\0\0\0\0\0\0\0\0\0\0\0\0\0\0\0\0\0\0\0\0\0\0\0\0\0\0\0\0\0\0\0\0\0\0\0\0\0\0\0\0\0\0\0\0\0\0\0\0\0\0\0\0\0\0\0\0\0\0\0\0\0\0\0\0\0\0\0\0\0\0\0\0\0\0\0\0\0\0\0\0\0\0\0\0\0\0\0\0\0\0\0\0\0\0\0\0\0\0\0\0\0\0\0\0\0\0\0\0\0\0\0\0\0\0\0\0\0\0\0\0\0\0\0\0\0\0\0\0\0\0\0\0\0\0\0\0\0\0\0\0\0\0\0\0\0\0\0\0\0\0\0\0\0\0\0\0\0\0\0\0\0\0\0\0\0\0\0\0\0\0\0\0\0\0\0\0\0\0\0\0\0\0\0\0\0\0\0\0\0\0\0\0\0\0\0\0\0\0\0\0\0\0\0\0\0\0\0\0\0\0\0\0\0\0\0\0\0\0\0\0\0\0\0\0\0\0\0\0\0\0\0\0\0\0\0\0\0\0\0\0\0\0\0\0\0\0\0\0\0\0\0\0\0\0\0\0\0\0\0\0\0\0\0\0\0\0\0\0\0\0\0\0\0\0\0\0\0\0\0\0\0\0\0\0\0\0\0\0\0\0\0\0\0\0\0\0\0\0\0\0\0\0\0\0\0\0\0\0\0\0\0\0\0\0\0\0\0\0\0\0\0\0\0\0\0\0\0\0\0\0\0\0\0\0\0\0\0\0\0\0\0\0\0\0\0\0\0\0\0\0\0\0\0\0\0\0\0\0\0\0\0\0\0\0\0\0\0\0\0\0\0\0\0\0\0\0\0\0\0\0\0\0\0\0\0\0\0\0\0\0\0\0\0\0\0\0\0\0\0\0\0\0\0\0\0\0\0\0\0\0\0\0\0\0\0\0\0\0\0\0\0\0\0\0\0\0\0\0\0\0\0\0\0\0\0\0\0\0\0\0\0\0\0\0\0\0\0\0\0\0\0\0\0\0\0\0\0\0\0\0\0\0\0\0\0\0\0\0\0\0\0\0\0\0\0\0\0\0\0\0\0\0\0\0\0\0\0\0\0\0\0\0\0\0\0\0\0\0' [C:\Users\Nhan\OneDrive - Rincovitch\00. Nhan\CSharp\RincoMTO\RincoMTO_djj4tpge_wpftmp.csproj::TargetFramework=net8.0-windows]
C:\Users\Nhan\OneDrive - Rincovitch\00. Nhan\CSharp\RincoMTO\BIMTOOL\obj\Release R26\RincoMTO.AssemblyInfo.cs(1,176): error CS1056: Unexpected character '\0' [C:\Users\Nhan\OneDrive - Rincovitch\00. Nhan\CSharp\RincoMTO\RincoMTO_djj4tpge_wpftmp.csproj::TargetFramework=net8.0-windows]
C:\Users\Nhan\OneDrive - Rincovitch\00. Nhan\CSharp\RincoMTO\BIMTOOL\obj\Release R26\RincoMTO.AssemblyInfo.cs(1,177): error CS1056: Unexpected character '\0' [C:\Users\Nhan\OneDrive - Rincovitch\00. Nhan\CSharp\RincoMTO\RincoMTO_djj4tpge_wpftmp.csproj::TargetFramework=net8.0-windows]
C:\Users\Nhan\OneDrive - Rincovitch\00. Nhan\CSharp\RincoMTO\BIMTOOL\obj\Release R26\RincoMTO.AssemblyInfo.cs(1,178): error CS1056: Unexpected character '\0' [C:\Users\Nhan\OneDrive - Rincovitch\00. Nhan\CSharp\RincoMTO\RincoMTO_djj4tpge_wpftmp.csproj::TargetFramework=net8.0-windows]
C:\Users\Nhan\OneDrive - Rincovitch\00. Nhan\CSharp\RincoMTO\BIMTOOL\obj\Release R26\RincoMTO.AssemblyInfo.cs(1,179): error CS1056: Unexpected character '\0' [C:\Users\Nhan\OneDrive - Rincovitch\00. Nhan\CSharp\RincoMTO\RincoMTO_djj4tpge_wpftmp.csproj::TargetFramework=net8.0-windows]
C:\Users\Nhan\OneDrive - Rincovitch\00. Nhan\CSharp\RincoMTO\BIMTOOL\obj\Release R26\RincoMTO.AssemblyInfo.cs(1,180): error CS1056: Unexpected character '\0' [C:\Users\Nhan\OneDrive - Rincovitch\00. Nhan\CSharp\RincoMTO\RincoMTO_djj4tpge_wpftmp.csproj::TargetFramework=net8.0-windows]
C:\Users\Nhan\OneDrive - Rincovitch\00. Nhan\CSharp\RincoMTO\BIMTOOL\obj\Release R26\RincoMTO.AssemblyInfo.cs(1,181): error CS1056: Unexpected character '\0' [C:\Users\Nhan\OneDrive - Rincovitch\00. Nhan\CSharp\RincoMTO\RincoMTO_djj4tpge_wpftmp.csproj::TargetFramework=net8.0-windows]
C:\Users\Nhan\OneDrive - Rincovitch\00. Nhan\CSharp\RincoMTO\BIMTOOL\obj\Release R26\RincoMTO.AssemblyInfo.cs(1,182): error CS1056: Unexpected character '\0' [C:\Users\Nhan\OneDrive - Rincovitch\00. Nhan\CSharp\RincoMTO\RincoMTO_djj4tpge_wpftmp.csproj::TargetFramework=net8.0-windows]
C:\Users\Nhan\OneDrive - Rincovitch\00. Nhan\CSharp\RincoMTO\BIMTOOL\obj\Release R26\RincoMTO.AssemblyInfo.cs(1,183): error CS1056: Unexpected character '\0' [C:\Users\Nhan\OneDrive - Rincovitch\00. Nhan\CSharp\RincoMTO\RincoMTO_djj4tpge_wpftmp.csproj::TargetFramework=net8.0-windows]
C:\Users\Nhan\OneDrive - Rincovitch\00. Nhan\CSharp\RincoMTO\BIMTOOL\obj\Release R26\RincoMTO.AssemblyInfo.cs(1,184): error CS1056: Unexpected character '\0' [C:\Users\Nhan\OneDrive - Rincovitch\00. Nhan\CSharp\RincoMTO\RincoMTO_djj4tpge_wpftmp.csproj::TargetFramework=net8.0-windows]
C:\Users\Nhan\OneDrive - Rincovitch\00. Nhan\CSharp\RincoMTO\BIMTOOL\obj\Release R26\RincoMTO.AssemblyInfo.cs(1,185): error CS1056: Unexpected character '\0' [C:\Users\Nhan\OneDrive - Rincovitch\00. Nhan\CSharp\RincoMTO\RincoMTO_djj4tpge_wpftmp.csproj::TargetFramework=net8.0-windows]
C:\Users\Nhan\OneDrive - Rincovitch\00. Nhan\CSharp\RincoMTO\BIMTOOL\obj\Release R26\Tools\MTO Query\UI\MtoQueryWindow.g.cs(1,1): error CS1056: Unexpected character '\0' [C:\Users\Nhan\OneDrive - Rincovitch\00. Nhan\CSharp\RincoMTO\RincoMTO_djj4tpge_wpftmp.csproj::TargetFramework=net8.0-windows]
C:\Users\Nhan\OneDrive - Rincovitch\00. Nhan\CSharp\RincoMTO\BIMTOOL\obj\Release R26\RincoMTO.AssemblyInfo.cs(1,186): error CS1056: Unexpected character '\0' [C:\Users\Nhan\OneDrive - Rincovitch\00. Nhan\CSharp\RincoMTO\RincoMTO_djj4tpge_wpftmp.csproj::TargetFramework=net8.0-windows]
C:\Users\Nhan\OneDrive - Rincovitch\00. Nhan\CSharp\RincoMTO\BIMTOOL\obj\Release R26\Tools\MTO Query\UI\MtoQueryWindow.g.cs(1,2): error CS1056: Unexpected character '\0' [C:\Users\Nhan\OneDrive - Rincovitch\00. Nhan\CSharp\RincoMTO\RincoMTO_djj4tpge_wpftmp.csproj::TargetFramework=net8.0-windows]
C:\Users\Nhan\OneDrive - Rincovitch\00. Nhan\CSharp\RincoMTO\BIMTOOL\obj\Release R26\RincoMTO.AssemblyInfo.cs(1,187): error CS1056: Unexpected character '\0' [C:\Users\Nhan\OneDrive - Rincovitch\00. Nhan\CSharp\RincoMTO\RincoMTO_djj4tpge_wpftmp.csproj::TargetFramework=net8.0-windows]
C:\Users\Nhan\OneDrive - Rincovitch\00. Nhan\CSharp\RincoMTO\BIMTOOL\obj\Release R26\Tools\MTO Query\UI\MtoQueryWindow.g.cs(1,3): error CS1056: Unexpected character '\0' [C:\Users\Nhan\OneDrive - Rincovitch\00. Nhan\CSharp\RincoMTO\RincoMTO_djj4tpge_wpftmp.csproj::TargetFramework=net8.0-windows]
C:\Users\Nhan\OneDrive - Rincovitch\00. Nhan\CSharp\RincoMTO\BIMTOOL\obj\Release R26\Tools\MTO Query\UI\MtoQueryWindow.g.cs(1,4): error CS1056: Unexpected character '\0' [C:\Users\Nhan\OneDrive - Rincovitch\00. Nhan\CSharp\RincoMTO\RincoMTO_djj4tpge_wpftmp.csproj::TargetFramework=net8.0-windows]
C:\Users\Nhan\OneDrive - Rincovitch\00. Nhan\CSharp\RincoMTO\BIMTOOL\obj\Release R26\RincoMTO.AssemblyInfo.cs(1,188): error CS1056: Unexpected character '\0' [C:\Users\Nhan\OneDrive - Rincovitch\00. Nhan\CSharp\RincoMTO\RincoMTO_djj4tpge_wpftmp.csproj::TargetFramework=net8.0-windows]
C:\Users\Nhan\OneDrive - Rincovitch\00. Nhan\CSharp\RincoMTO\BIMTOOL\obj\Release R26\Tools\MTO Query\UI\MtoQueryWindow.g.cs(1,5): error CS1056: Unexpected character '\0' [C:\Users\Nhan\OneDrive - Rincovitch\00. Nhan\CSharp\RincoMTO\RincoMTO_djj4tpge_wpftmp.csproj::TargetFramework=net8.0-windows]
C:\Users\Nhan\OneDrive - Rincovitch\00. Nhan\CSharp\RincoMTO\BIMTOOL\obj\Release R26\RincoMTO.AssemblyInfo.cs(1,189): error CS1056: Unexpected character '\0' [C:\Users\Nhan\OneDrive - Rincovitch\00. Nhan\CSharp\RincoMTO\RincoMTO_djj4tpge_wpftmp.csproj::TargetFramework=net8.0-windows]
C:\Users\Nhan\OneDrive - Rincovitch\00. Nhan\CSharp\RincoMTO\BIMTOOL\obj\Release R26\RincoMTO.AssemblyInfo.cs(1,190): error CS1056: Unexpected character '\0' [C:\Users\Nhan\OneDrive - Rincovitch\00. Nhan\CSharp\RincoMTO\RincoMTO_djj4tpge_wpftmp.csproj::TargetFramework=net8.0-windows]
C:\Users\Nhan\OneDrive - Rincovitch\00. Nhan\CSharp\RincoMTO\BIMTOOL\obj\Release R26\Tools\MTO Query\UI\MtoQueryWindow.g.cs(1,6): error CS1056: Unexpected character '\0' [C:\Users\Nhan\OneDrive - Rincovitch\00. Nhan\CSharp\RincoMTO\RincoMTO_djj4tpge_wpftmp.csproj::TargetFramework=net8.0-windows]
C:\Users\Nhan\OneDrive - Rincovitch\00. Nhan\CSharp\RincoMTO\BIMTOOL\obj\Release R26\Tools\MTO Query\UI\MtoQueryWindow.g.cs(1,7): error CS1056: Unexpected character '\0' [C:\Users\Nhan\OneDrive - Rincovitch\00. Nhan\CSharp\RincoMTO\RincoMTO_djj4tpge_wpftmp.csproj::TargetFramework=net8.0-windows]
C:\Users\Nhan\OneDrive - Rincovitch\00. Nhan\CSharp\RincoMTO\BIMTOOL\obj\Release R26\RincoMTO.AssemblyInfo.cs(1,191): error CS1056: Unexpected character '\0' [C:\Users\Nhan\OneDrive - Rincovitch\00. Nhan\CSharp\RincoMTO\RincoMTO_djj4tpge_wpftmp.csproj::TargetFramework=net8.0-windows]
C:\Users\Nhan\OneDrive - Rincovitch\00. Nhan\CSharp\RincoMTO\BIMTOOL\obj\Release R26\Tools\MTO Query\UI\MtoQueryWindow.g.cs(1,8): error CS1056: Unexpected character '\0' [C:\Users\Nhan\OneDrive - Rincovitch\00. Nhan\CSharp\RincoMTO\RincoMTO_djj4tpge_wpftmp.csproj::TargetFramework=net8.0-windows]
C:\Users\Nhan\OneDrive - Rincovitch\00. Nhan\CSharp\RincoMTO\BIMTOOL\obj\Release R26\RincoMTO.AssemblyInfo.cs(1,192): error CS1056: Unexpected character '\0' [C:\Users\Nhan\OneDrive - Rincovitch\00. Nhan\CSharp\RincoMTO\RincoMTO_djj4tpge_wpftmp.csproj::TargetFramework=net8.0-windows]
C:\Users\Nhan\OneDrive - Rincovitch\00. Nhan\CSharp\RincoMTO\BIMTOOL\obj\Release R26\RincoMTO.AssemblyInfo.cs(1,193): error CS1056: Unexpected character '\0' [C:\Users\Nhan\OneDrive - Rincovitch\00. Nhan\CSharp\RincoMTO\RincoMTO_djj4tpge_wpftmp.csproj::TargetFramework=net8.0-windows]
C:\Users\Nhan\OneDrive - Rincovitch\00. Nhan\CSharp\RincoMTO\BIMTOOL\obj\Release R26\Tools\MTO Query\UI\MtoQueryWindow.g.cs(1,9): error CS1056: Unexpected character '\0' [C:\Users\Nhan\OneDrive - Rincovitch\00. Nhan\CSharp\RincoMTO\RincoMTO_djj4tpge_wpftmp.csproj::TargetFramework=net8.0-windows]
C:\Users\Nhan\OneDrive - Rincovitch\00. Nhan\CSharp\RincoMTO\BIMTOOL\obj\Release R26\RincoMTO.AssemblyInfo.cs(1,194): error CS1056: Unexpected character '\0' [C:\Users\Nhan\OneDrive - Rincovitch\00. Nhan\CSharp\RincoMTO\RincoMTO_djj4tpge_wpftmp.csproj::TargetFramework=net8.0-windows]
C:\Users\Nhan\OneDrive - Rincovitch\00. Nhan\CSharp\RincoMTO\BIMTOOL\obj\Release R26\Tools\MTO Query\UI\MtoQueryWindow.g.cs(1,10): error CS1056: Unexpected character '\0' [C:\Users\Nhan\OneDrive - Rincovitch\00. Nhan\CSharp\RincoMTO\RincoMTO_djj4tpge_wpftmp.csproj::TargetFramework=net8.0-windows]
C:\Users\Nhan\OneDrive - Rincovitch\00. Nhan\CSharp\RincoMTO\BIMTOOL\obj\Release R26\RincoMTO.AssemblyInfo.cs(1,195): error CS1056: Unexpected character '\0' [C:\Users\Nhan\OneDrive - Rincovitch\00. Nhan\CSharp\RincoMTO\RincoMTO_djj4tpge_wpftmp.csproj::TargetFramework=net8.0-windows]
C:\Users\Nhan\OneDrive - Rincovitch\00. Nhan\CSharp\RincoMTO\BIMTOOL\obj\Release R26\Tools\MTO Query\UI\MtoQueryWindow.g.cs(1,11): error CS1056: Unexpected character '\0' [C:\Users\Nhan\OneDrive - Rincovitch\00. Nhan\CSharp\RincoMTO\RincoMTO_djj4tpge_wpftmp.csproj::TargetFramework=net8.0-windows]
C:\Users\Nhan\OneDrive - Rincovitch\00. Nhan\CSharp\RincoMTO\BIMTOOL\obj\Release R26\RincoMTO.AssemblyInfo.cs(1,196): error CS1056: Unexpected character '\0' [C:\Users\Nhan\OneDrive - Rincovitch\00. Nhan\CSharp\RincoMTO\RincoMTO_djj4tpge_wpftmp.csproj::TargetFramework=net8.0-windows]
C:\Users\Nhan\OneDrive - Rincovitch\00. Nhan\CSharp\RincoMTO\BIMTOOL\obj\Release R26\Tools\MTO Query\UI\MtoQueryWindow.g.cs(1,12): error CS1056: Unexpected character '\0' [C:\Users\Nhan\OneDrive - Rincovitch\00. Nhan\CSharp\RincoMTO\RincoMTO_djj4tpge_wpftmp.csproj::TargetFramework=net8.0-windows]
C:\Users\Nhan\OneDrive - Rincovitch\00. Nhan\CSharp\RincoMTO\BIMTOOL\obj\Release R26\RincoMTO.AssemblyInfo.cs(1,197): error CS1056: Unexpected character '\0' [C:\Users\Nhan\OneDrive - Rincovitch\00. Nhan\CSharp\RincoMTO\RincoMTO_djj4tpge_wpftmp.csproj::TargetFramework=net8.0-windows]
C:\Users\Nhan\OneDrive - Rincovitch\00. Nhan\CSharp\RincoMTO\BIMTOOL\obj\Release R26\Tools\MTO Query\UI\MtoQueryWindow.g.cs(1,13): error CS1056: Unexpected character '\0' [C:\Users\Nhan\OneDrive - Rincovitch\00. Nhan\CSharp\RincoMTO\RincoMTO_djj4tpge_wpftmp.csproj::TargetFramework=net8.0-windows]
C:\Users\Nhan\OneDrive - Rincovitch\00. Nhan\CSharp\RincoMTO\BIMTOOL\obj\Release R26\RincoMTO.AssemblyInfo.cs(1,198): error CS1056: Unexpected character '\0' [C:\Users\Nhan\OneDrive - Rincovitch\00. Nhan\CSharp\RincoMTO\RincoMTO_djj4tpge_wpftmp.csproj::TargetFramework=net8.0-windows]
C:\Users\Nhan\OneDrive - Rincovitch\00. Nhan\CSharp\RincoMTO\BIMTOOL\obj\Release R26\Tools\MTO Query\UI\MtoQueryWindow.g.cs(1,14): error CS1056: Unexpected character '\0' [C:\Users\Nhan\OneDrive - Rincovitch\00. Nhan\CSharp\RincoMTO\RincoMTO_djj4tpge_wpftmp.csproj::TargetFramework=net8.0-windows]
C:\Users\Nhan\OneDrive - Rincovitch\00. Nhan\CSharp\RincoMTO\BIMTOOL\obj\Release R26\RincoMTO.AssemblyInfo.cs(1,199): error CS1056: Unexpected character '\0' [C:\Users\Nhan\OneDrive - Rincovitch\00. Nhan\CSharp\RincoMTO\RincoMTO_djj4tpge_wpftmp.csproj::TargetFramework=net8.0-windows]
C:\Users\Nhan\OneDrive - Rincovitch\00. Nhan\CSharp\RincoMTO\BIMTOOL\obj\Release R26\Tools\MTO Query\UI\MtoQueryWindow.g.cs(1,15): error CS1056: Unexpected character '\0' [C:\Users\Nhan\OneDrive - Rincovitch\00. Nhan\CSharp\RincoMTO\RincoMTO_djj4tpge_wpftmp.csproj::TargetFramework=net8.0-windows]
C:\Users\Nhan\OneDrive - Rincovitch\00. Nhan\CSharp\RincoMTO\BIMTOOL\obj\Release R26\RincoMTO.AssemblyInfo.cs(1,200): error CS1056: Unexpected character '\0' [C:\Users\Nhan\OneDrive - Rincovitch\00. Nhan\CSharp\RincoMTO\RincoMTO_djj4tpge_wpftmp.csproj::TargetFramework=net8.0-windows]
C:\Users\Nhan\OneDrive - Rincovitch\00. Nhan\CSharp\RincoMTO\BIMTOOL\obj\Release R26\Tools\MTO Query\UI\MtoQueryWindow.g.cs(1,16): error CS1056: Unexpected character '\0' [C:\Users\Nhan\OneDrive - Rincovitch\00. Nhan\CSharp\RincoMTO\RincoMTO_djj4tpge_wpftmp.csproj::TargetFramework=net8.0-windows]
C:\Users\Nhan\OneDrive - Rincovitch\00. Nhan\CSharp\RincoMTO\BIMTOOL\obj\Release R26\RincoMTO.AssemblyInfo.cs(1,201): error CS1056: Unexpected character '\0' [C:\Users\Nhan\OneDrive - Rincovitch\00. Nhan\CSharp\RincoMTO\RincoMTO_djj4tpge_wpftmp.csproj::TargetFramework=net8.0-windows]
C:\Users\Nhan\OneDrive - Rincovitch\00. Nhan\CSharp\RincoMTO\BIMTOOL\obj\Release R26\Tools\MTO Query\UI\MtoQueryWindow.g.cs(1,17): error CS1056: Unexpected character '\0' [C:\Users\Nhan\OneDrive - Rincovitch\00. Nhan\CSharp\RincoMTO\RincoMTO_djj4tpge_wpftmp.csproj::TargetFramework=net8.0-windows]
C:\Users\Nhan\OneDrive - Rincovitch\00. Nhan\CSharp\RincoMTO\BIMTOOL\obj\Release R26\RincoMTO.AssemblyInfo.cs(1,202): error CS1056: Unexpected character '\0\0\0\0\0\0\0\0\0\0\0\0\0\0\0\0\0\0\0\0\0\0\0\0\0\0\0\0\0\0\0\0\0\0\0\0\0\0\0\0\0\0\0\0\0\0\0\0\0\0\0\0\0\0\0\0\0\0\0\0\0\0\0\0\0\0\0\0\0\0\0\0\0\0\0\0\0\0\0\0\0\0\0\0\0\0\0\0\0\0\0\0\0\0\0\0\0\0\0\0\0\0\0\0\0\0\0\0\0\0\0\0\0\0\0\0\0\0\0\0\0\0\0\0\0\0\0\0\0\0\0\0\0\0\0\0\0\0\0\0\0\0\0\0\0\0\0\0\0\0\0\0\0\0\0\0\0\0\0\0\0\0\0\0\0\0\0\0\0\0\0\0\0\0\0\0\0\0\0\0\0\0\0\0\0\0\0\0\0\0\0\0\0\0\0\0\0\0\0\0\0\0\0\0\0\0\0\0\0\0\0\0\0\0\0\0\0\0\0\0\0\0\0\0\0\0\0\0\0\0\0\0\0\0\0\0\0\0\0\0\0\0\0\0\0\0\0\0\0\0\0\0\0\0\0\0\0\0\0\0\0\0\0\0\0\0\0\0\0\0\0\0\0\0\0\0\0\0\0\0\0\0\0\0\0\0\0\0\0\0\0\0\0\0\0\0\0\0\0\0\0\0\0\0\0\0\0\0\0\0\0\0\0\0\0\0\0\0\0\0\0\0\0\0\0\0\0\0\0\0\0\0\0\0\0\0\0\0\0\0\0\0\0\0\0\0\0\0\0\0\0\0\0\0\0\0\0\0\0\0\0\0\0\0\0\0\0\0\0\0\0\0\0\0\0\0\0\0\0\0\0\0\0\0\0\0\0\0\0\0\0\0\0\0\0\0\0\0\0\0\0\0\0\0\0\0\0\0\0\0\0\0\0\0\0\0\0\0\0\0\0\0\0\0\0\0\0\0\0\0\0\0\0\0\0\0\0\0\0\0\0\0\0\0\0\0\0\0\0\0\0\0\0\0\0\0\0\0\0\0\0\0\0\0\0\0\0\0\0\0\0\0\0\0\0\0\0\0\0\0\0\0\0\0\0\0\0\0\0\0\0\0\0\0\0\0\0\0\0\0\0\0\0\0\0\0\0\0\0\0\0\0\0\0\0\0\0\0\0\0\0\0\0\0\0\0\0\0\0\0\0\0\0\0\0\0\0\0\0\0\0\0\0\0\0\0\0\0\0\0\0\0\0\0\0\0\0\0\0\0\0\0\0\0\0\0\0\0\0\0\0\0\0\0\0\0\0\0\0\0\0\0\0\0\0\0\0\0\0\0\0\0\0\0\0\0\0\0\0\0\0\0\0\0\0\0\0\0\0\0\0\0\0\0\0\0\0\0\0\0\0\0\0\0\0\0\0\0\0\0\0\0\0\0\0\0\0\0\0\0\0\0\0\0\0\0\0\0\0\0\0\0\0\0\0\0\0\0\0\0\0\0\0\0\0\0\0\0\0\0\0\0\0\0\0\0\0\0\0\0\0\0\0\0\0\0\0\0\0\0\0\0\0\0\0\0\0\0\0\0\0\0\0\0\0\0\0\0\0\0\0\0\0\0\0\0\0\0\0\0\0\0\0\0\0\0\0\0\0\0\0\0\0\0\0\0\0\0\0\0\0\0\0\0\0\0\0\0\0\0\0\0\0\0\0\0\0\0\0\0\0\0\0\0\0\0\0\0\0\0\0\0\0\0\0\0\0\0\0\0\0\0\0\0\0\0\0\0\0\0\0\0\0\0\0\0\0\0\0\0\0\0\0\0\0\0\0\0\0\0\0\0\0\0\0\0\0\0\0\0\0\0\0\0\0\0\0\0\0\0\0\0\0\0\0\0\0\0\0\0\0\0\0\0\0\0\0\0\0\0\0\0\0\0\0\0\0\0\0\0\0\0\0\0\0\0\0\0\0\0\0\0\0\0\0\0\0\0\0\0\0\0\0\0\0\0\0\0\0\0\0\0\0\0\0\0\0\0\0\0\0\0\0\0\0\0\0\0\0\0\0\0\0\0\0\0\0\0\0\0\0\0\0\0\0\0\0\0\0\0\0\0\0\0\0\0\0\0\0\0\0\0\0\0\0\0\0\0\0\0\0\0\0\0\0\0\0\0\0\0\0\0' [C:\Users\Nhan\OneDrive - Rincovitch\00. Nhan\CSharp\RincoMTO\RincoMTO_djj4tpge_wpftmp.csproj::TargetFramework=net8.0-windows]
C:\Users\Nhan\OneDrive - Rincovitch\00. Nhan\CSharp\RincoMTO\BIMTOOL\obj\Release R26\Tools\MTO Query\UI\MtoQueryWindow.g.cs(1,18): error CS1056: Unexpected character '\0' [C:\Users\Nhan\OneDrive - Rincovitch\00. Nhan\CSharp\RincoMTO\RincoMTO_djj4tpge_wpftmp.csproj::TargetFramework=net8.0-windows]
C:\Users\Nhan\OneDrive - Rincovitch\00. Nhan\CSharp\RincoMTO\BIMTOOL\obj\Release R26\Tools\MTO Query\UI\MtoQueryWindow.g.cs(1,19): error CS1056: Unexpected character '\0' [C:\Users\Nhan\OneDrive - Rincovitch\00. Nhan\CSharp\RincoMTO\RincoMTO_djj4tpge_wpftmp.csproj::TargetFramework=net8.0-windows]
C:\Users\Nhan\OneDrive - Rincovitch\00. Nhan\CSharp\RincoMTO\BIMTOOL\obj\Release R26\Tools\MTO Query\UI\MtoQueryWindow.g.cs(1,20): error CS1056: Unexpected character '\0' [C:\Users\Nhan\OneDrive - Rincovitch\00. Nhan\CSharp\RincoMTO\RincoMTO_djj4tpge_wpftmp.csproj::TargetFramework=net8.0-windows]
C:\Users\Nhan\OneDrive - Rincovitch\00. Nhan\CSharp\RincoMTO\BIMTOOL\obj\Release R26\Tools\MTO Query\UI\MtoQueryWindow.g.cs(1,21): error CS1056: Unexpected character '\0' [C:\Users\Nhan\OneDrive - Rincovitch\00. Nhan\CSharp\RincoMTO\RincoMTO_djj4tpge_wpftmp.csproj::TargetFramework=net8.0-windows]
C:\Users\Nhan\OneDrive - Rincovitch\00. Nhan\CSharp\RincoMTO\BIMTOOL\obj\Release R26\Tools\MTO Query\UI\MtoQueryWindow.g.cs(1,22): error CS1056: Unexpected character '\0' [C:\Users\Nhan\OneDrive - Rincovitch\00. Nhan\CSharp\RincoMTO\RincoMTO_djj4tpge_wpftmp.csproj::TargetFramework=net8.0-windows]
C:\Users\Nhan\OneDrive - Rincovitch\00. Nhan\CSharp\RincoMTO\BIMTOOL\obj\Release R26\Tools\MTO Query\UI\MtoQueryWindow.g.cs(1,23): error CS1056: Unexpected character '\0' [C:\Users\Nhan\OneDrive - Rincovitch\00. Nhan\CSharp\RincoMTO\RincoMTO_djj4tpge_wpftmp.csproj::TargetFramework=net8.0-windows]
C:\Users\Nhan\OneDrive - Rincovitch\00. Nhan\CSharp\RincoMTO\BIMTOOL\obj\Release R26\Tools\MTO Query\UI\MtoQueryWindow.g.cs(1,24): error CS1056: Unexpected character '\0' [C:\Users\Nhan\OneDrive - Rincovitch\00. Nhan\CSharp\RincoMTO\RincoMTO_djj4tpge_wpftmp.csproj::TargetFramework=net8.0-windows]
C:\Users\Nhan\OneDrive - Rincovitch\00. Nhan\CSharp\RincoMTO\BIMTOOL\obj\Release R26\Tools\MTO Query\UI\MtoQueryWindow.g.cs(1,25): error CS1056: Unexpected character '\0' [C:\Users\Nhan\OneDrive - Rincovitch\00. Nhan\CSharp\RincoMTO\RincoMTO_djj4tpge_wpftmp.csproj::TargetFramework=net8.0-windows]
C:\Users\Nhan\OneDrive - Rincovitch\00. Nhan\CSharp\RincoMTO\BIMTOOL\obj\Release R26\Tools\MTO Query\UI\MtoQueryWindow.g.cs(1,26): error CS1056: Unexpected character '\0' [C:\Users\Nhan\OneDrive - Rincovitch\00. Nhan\CSharp\RincoMTO\RincoMTO_djj4tpge_wpftmp.csproj::TargetFramework=net8.0-windows]
C:\Users\Nhan\OneDrive - Rincovitch\00. Nhan\CSharp\RincoMTO\BIMTOOL\obj\Release R26\Tools\MTO Query\UI\MtoQueryWindow.g.cs(1,27): error CS1056: Unexpected character '\0' [C:\Users\Nhan\OneDrive - Rincovitch\00. Nhan\CSharp\RincoMTO\RincoMTO_djj4tpge_wpftmp.csproj::TargetFramework=net8.0-windows]
C:\Users\Nhan\OneDrive - Rincovitch\00. Nhan\CSharp\RincoMTO\BIMTOOL\obj\Release R26\Tools\MTO Query\UI\MtoQueryWindow.g.cs(1,28): error CS1056: Unexpected character '\0' [C:\Users\Nhan\OneDrive - Rincovitch\00. Nhan\CSharp\RincoMTO\RincoMTO_djj4tpge_wpftmp.csproj::TargetFramework=net8.0-windows]
C:\Users\Nhan\OneDrive - Rincovitch\00. Nhan\CSharp\RincoMTO\BIMTOOL\obj\Release R26\Tools\MTO Query\UI\MtoQueryWindow.g.cs(1,29): error CS1056: Unexpected character '\0' [C:\Users\Nhan\OneDrive - Rincovitch\00. Nhan\CSharp\RincoMTO\RincoMTO_djj4tpge_wpftmp.csproj::TargetFramework=net8.0-windows]
C:\Users\Nhan\OneDrive - Rincovitch\00. Nhan\CSharp\RincoMTO\BIMTOOL\obj\Release R26\Tools\MTO Query\UI\MtoQueryWindow.g.cs(1,30): error CS1056: Unexpected character '\0' [C:\Users\Nhan\OneDrive - Rincovitch\00. Nhan\CSharp\RincoMTO\RincoMTO_djj4tpge_wpftmp.csproj::TargetFramework=net8.0-windows]
C:\Users\Nhan\OneDrive - Rincovitch\00. Nhan\CSharp\RincoMTO\BIMTOOL\obj\Release R26\Tools\MTO Query\UI\MtoQueryWindow.g.cs(1,31): error CS1056: Unexpected character '\0' [C:\Users\Nhan\OneDrive - Rincovitch\00. Nhan\CSharp\RincoMTO\RincoMTO_djj4tpge_wpftmp.csproj::TargetFramework=net8.0-windows]
C:\Users\Nhan\OneDrive - Rincovitch\00. Nhan\CSharp\RincoMTO\BIMTOOL\obj\Release R26\Tools\MTO Query\UI\MtoQueryWindow.g.cs(1,32): error CS1056: Unexpected character '\0' [C:\Users\Nhan\OneDrive - Rincovitch\00. Nhan\CSharp\RincoMTO\RincoMTO_djj4tpge_wpftmp.csproj::TargetFramework=net8.0-windows]
C:\Users\Nhan\OneDrive - Rincovitch\00. Nhan\CSharp\RincoMTO\BIMTOOL\obj\Release R26\Tools\MTO Query\UI\MtoQueryWindow.g.cs(1,33): error CS1056: Unexpected character '\0' [C:\Users\Nhan\OneDrive - Rincovitch\00. Nhan\CSharp\RincoMTO\RincoMTO_djj4tpge_wpftmp.csproj::TargetFramework=net8.0-windows]
C:\Users\Nhan\OneDrive - Rincovitch\00. Nhan\CSharp\RincoMTO\BIMTOOL\obj\Release R26\Tools\MTO Query\UI\MtoQueryWindow.g.cs(1,34): error CS1056: Unexpected character '\0' [C:\Users\Nhan\OneDrive - Rincovitch\00. Nhan\CSharp\RincoMTO\RincoMTO_djj4tpge_wpftmp.csproj::TargetFramework=net8.0-windows]
C:\Users\Nhan\OneDrive - Rincovitch\00. Nhan\CSharp\RincoMTO\BIMTOOL\obj\Release R26\Tools\MTO Query\UI\MtoQueryWindow.g.cs(1,35): error CS1056: Unexpected character '\0' [C:\Users\Nhan\OneDrive - Rincovitch\00. Nhan\CSharp\RincoMTO\RincoMTO_djj4tpge_wpftmp.csproj::TargetFramework=net8.0-windows]
C:\Users\Nhan\OneDrive - Rincovitch\00. Nhan\CSharp\RincoMTO\BIMTOOL\obj\Release R26\Tools\MTO Query\UI\MtoQueryWindow.g.cs(1,36): error CS1056: Unexpected character '\0' [C:\Users\Nhan\OneDrive - Rincovitch\00. Nhan\CSharp\RincoMTO\RincoMTO_djj4tpge_wpftmp.csproj::TargetFramework=net8.0-windows]
C:\Users\Nhan\OneDrive - Rincovitch\00. Nhan\CSharp\RincoMTO\BIMTOOL\obj\Release R26\Tools\MTO Query\UI\MtoQueryWindow.g.cs(1,37): error CS1056: Unexpected character '\0' [C:\Users\Nhan\OneDrive - Rincovitch\00. Nhan\CSharp\RincoMTO\RincoMTO_djj4tpge_wpftmp.csproj::TargetFramework=net8.0-windows]
C:\Users\Nhan\OneDrive - Rincovitch\00. Nhan\CSharp\RincoMTO\BIMTOOL\obj\Release R26\Tools\MTO Query\UI\MtoQueryWindow.g.cs(1,38): error CS1056: Unexpected character '\0' [C:\Users\Nhan\OneDrive - Rincovitch\00. Nhan\CSharp\RincoMTO\RincoMTO_djj4tpge_wpftmp.csproj::TargetFramework=net8.0-windows]
C:\Users\Nhan\OneDrive - Rincovitch\00. Nhan\CSharp\RincoMTO\BIMTOOL\obj\Release R26\Tools\MTO Query\UI\MtoQueryWindow.g.cs(1,39): error CS1056: Unexpected character '\0' [C:\Users\Nhan\OneDrive - Rincovitch\00. Nhan\CSharp\RincoMTO\RincoMTO_djj4tpge_wpftmp.csproj::TargetFramework=net8.0-windows]
C:\Users\Nhan\OneDrive - Rincovitch\00. Nhan\CSharp\RincoMTO\BIMTOOL\obj\Release R26\Tools\MTO Query\UI\MtoQueryWindow.g.cs(1,40): error CS1056: Unexpected character '\0' [C:\Users\Nhan\OneDrive - Rincovitch\00. Nhan\CSharp\RincoMTO\RincoMTO_djj4tpge_wpftmp.csproj::TargetFramework=net8.0-windows]
C:\Users\Nhan\OneDrive - Rincovitch\00. Nhan\CSharp\RincoMTO\BIMTOOL\obj\Release R26\Tools\MTO Query\UI\MtoQueryWindow.g.cs(1,41): error CS1056: Unexpected character '\0' [C:\Users\Nhan\OneDrive - Rincovitch\00. Nhan\CSharp\RincoMTO\RincoMTO_djj4tpge_wpftmp.csproj::TargetFramework=net8.0-windows]
C:\Users\Nhan\OneDrive - Rincovitch\00. Nhan\CSharp\RincoMTO\BIMTOOL\obj\Release R26\Tools\MTO Query\UI\MtoQueryWindow.g.cs(1,42): error CS1056: Unexpected character '\0' [C:\Users\Nhan\OneDrive - Rincovitch\00. Nhan\CSharp\RincoMTO\RincoMTO_djj4tpge_wpftmp.csproj::TargetFramework=net8.0-windows]
C:\Users\Nhan\OneDrive - Rincovitch\00. Nhan\CSharp\RincoMTO\BIMTOOL\obj\Release R26\Tools\MTO Query\UI\MtoQueryWindow.g.cs(1,43): error CS1056: Unexpected character '\0' [C:\Users\Nhan\OneDrive - Rincovitch\00. Nhan\CSharp\RincoMTO\RincoMTO_djj4tpge_wpftmp.csproj::TargetFramework=net8.0-windows]
C:\Users\Nhan\OneDrive - Rincovitch\00. Nhan\CSharp\RincoMTO\BIMTOOL\obj\Release R26\Tools\MTO Query\UI\MtoQueryWindow.g.cs(1,44): error CS1056: Unexpected character '\0' [C:\Users\Nhan\OneDrive - Rincovitch\00. Nhan\CSharp\RincoMTO\RincoMTO_djj4tpge_wpftmp.csproj::TargetFramework=net8.0-windows]
C:\Users\Nhan\OneDrive - Rincovitch\00. Nhan\CSharp\RincoMTO\BIMTOOL\obj\Release R26\Tools\MTO Query\UI\MtoQueryWindow.g.cs(1,45): error CS1056: Unexpected character '\0' [C:\Users\Nhan\OneDrive - Rincovitch\00. Nhan\CSharp\RincoMTO\RincoMTO_djj4tpge_wpftmp.csproj::TargetFramework=net8.0-windows]
C:\Users\Nhan\OneDrive - Rincovitch\00. Nhan\CSharp\RincoMTO\BIMTOOL\obj\Release R26\Tools\MTO Query\UI\MtoQueryWindow.g.cs(1,46): error CS1056: Unexpected character '\0' [C:\Users\Nhan\OneDrive - Rincovitch\00. Nhan\CSharp\RincoMTO\RincoMTO_djj4tpge_wpftmp.csproj::TargetFramework=net8.0-windows]
C:\Users\Nhan\OneDrive - Rincovitch\00. Nhan\CSharp\RincoMTO\BIMTOOL\obj\Release R26\Tools\MTO Query\UI\MtoQueryWindow.g.cs(1,47): error CS1056: Unexpected character '\0' [C:\Users\Nhan\OneDrive - Rincovitch\00. Nhan\CSharp\RincoMTO\RincoMTO_djj4tpge_wpftmp.csproj::TargetFramework=net8.0-windows]
C:\Users\Nhan\OneDrive - Rincovitch\00. Nhan\CSharp\RincoMTO\BIMTOOL\obj\Release R26\Tools\MTO Query\UI\MtoQueryWindow.g.cs(1,48): error CS1056: Unexpected character '\0' [C:\Users\Nhan\OneDrive - Rincovitch\00. Nhan\CSharp\RincoMTO\RincoMTO_djj4tpge_wpftmp.csproj::TargetFramework=net8.0-windows]
C:\Users\Nhan\OneDrive - Rincovitch\00. Nhan\CSharp\RincoMTO\BIMTOOL\obj\Release R26\Tools\MTO Query\UI\MtoQueryWindow.g.cs(1,49): error CS1056: Unexpected character '\0' [C:\Users\Nhan\OneDrive - Rincovitch\00. Nhan\CSharp\RincoMTO\RincoMTO_djj4tpge_wpftmp.csproj::TargetFramework=net8.0-windows]
C:\Users\Nhan\OneDrive - Rincovitch\00. Nhan\CSharp\RincoMTO\BIMTOOL\obj\Release R26\Tools\MTO Query\UI\MtoQueryWindow.g.cs(1,50): error CS1056: Unexpected character '\0' [C:\Users\Nhan\OneDrive - Rincovitch\00. Nhan\CSharp\RincoMTO\RincoMTO_djj4tpge_wpftmp.csproj::TargetFramework=net8.0-windows]
C:\Users\Nhan\OneDrive - Rincovitch\00. Nhan\CSharp\RincoMTO\BIMTOOL\obj\Release R26\Tools\MTO Query\UI\MtoQueryWindow.g.cs(1,51): error CS1056: Unexpected character '\0' [C:\Users\Nhan\OneDrive - Rincovitch\00. Nhan\CSharp\RincoMTO\RincoMTO_djj4tpge_wpftmp.csproj::TargetFramework=net8.0-windows]
C:\Users\Nhan\OneDrive - Rincovitch\00. Nhan\CSharp\RincoMTO\BIMTOOL\obj\Release R26\Tools\MTO Query\UI\MtoQueryWindow.g.cs(1,52): error CS1056: Unexpected character '\0' [C:\Users\Nhan\OneDrive - Rincovitch\00. Nhan\CSharp\RincoMTO\RincoMTO_djj4tpge_wpftmp.csproj::TargetFramework=net8.0-windows]
C:\Users\Nhan\OneDrive - Rincovitch\00. Nhan\CSharp\RincoMTO\BIMTOOL\obj\Release R26\Tools\MTO Query\UI\MtoQueryWindow.g.cs(1,53): error CS1056: Unexpected character '\0' [C:\Users\Nhan\OneDrive - Rincovitch\00. Nhan\CSharp\RincoMTO\RincoMTO_djj4tpge_wpftmp.csproj::TargetFramework=net8.0-windows]
C:\Users\Nhan\OneDrive - Rincovitch\00. Nhan\CSharp\RincoMTO\BIMTOOL\obj\Release R26\Tools\MTO Query\UI\MtoQueryWindow.g.cs(1,54): error CS1056: Unexpected character '\0' [C:\Users\Nhan\OneDrive - Rincovitch\00. Nhan\CSharp\RincoMTO\RincoMTO_djj4tpge_wpftmp.csproj::TargetFramework=net8.0-windows]
C:\Users\Nhan\OneDrive - Rincovitch\00. Nhan\CSharp\RincoMTO\BIMTOOL\obj\Release R26\Tools\MTO Query\UI\MtoQueryWindow.g.cs(1,55): error CS1056: Unexpected character '\0' [C:\Users\Nhan\OneDrive - Rincovitch\00. Nhan\CSharp\RincoMTO\RincoMTO_djj4tpge_wpftmp.csproj::TargetFramework=net8.0-windows]
C:\Users\Nhan\OneDrive - Rincovitch\00. Nhan\CSharp\RincoMTO\BIMTOOL\obj\Release R26\Tools\MTO Query\UI\MtoQueryWindow.g.cs(1,56): error CS1056: Unexpected character '\0' [C:\Users\Nhan\OneDrive - Rincovitch\00. Nhan\CSharp\RincoMTO\RincoMTO_djj4tpge_wpftmp.csproj::TargetFramework=net8.0-windows]
C:\Users\Nhan\OneDrive - Rincovitch\00. Nhan\CSharp\RincoMTO\BIMTOOL\obj\Release R26\Tools\MTO Query\UI\MtoQueryWindow.g.cs(1,57): error CS1056: Unexpected character '\0' [C:\Users\Nhan\OneDrive - Rincovitch\00. Nhan\CSharp\RincoMTO\RincoMTO_djj4tpge_wpftmp.csproj::TargetFramework=net8.0-windows]
C:\Users\Nhan\OneDrive - Rincovitch\00. Nhan\CSharp\RincoMTO\BIMTOOL\obj\Release R26\Tools\MTO Query\UI\MtoQueryWindow.g.cs(1,58): error CS1056: Unexpected character '\0' [C:\Users\Nhan\OneDrive - Rincovitch\00. Nhan\CSharp\RincoMTO\RincoMTO_djj4tpge_wpftmp.csproj::TargetFramework=net8.0-windows]
C:\Users\Nhan\OneDrive - Rincovitch\00. Nhan\CSharp\RincoMTO\BIMTOOL\obj\Release R26\Tools\MTO Query\UI\MtoQueryWindow.g.cs(1,59): error CS1056: Unexpected character '\0' [C:\Users\Nhan\OneDrive - Rincovitch\00. Nhan\CSharp\RincoMTO\RincoMTO_djj4tpge_wpftmp.csproj::TargetFramework=net8.0-windows]
C:\Users\Nhan\OneDrive - Rincovitch\00. Nhan\CSharp\RincoMTO\BIMTOOL\obj\Release R26\Tools\MTO Query\UI\MtoQueryWindow.g.cs(1,60): error CS1056: Unexpected character '\0' [C:\Users\Nhan\OneDrive - Rincovitch\00. Nhan\CSharp\RincoMTO\RincoMTO_djj4tpge_wpftmp.csproj::TargetFramework=net8.0-windows]
C:\Users\Nhan\OneDrive - Rincovitch\00. Nhan\CSharp\RincoMTO\BIMTOOL\obj\Release R26\Tools\MTO Query\UI\MtoQueryWindow.g.cs(1,61): error CS1056: Unexpected character '\0' [C:\Users\Nhan\OneDrive - Rincovitch\00. Nhan\CSharp\RincoMTO\RincoMTO_djj4tpge_wpftmp.csproj::TargetFramework=net8.0-windows]
C:\Users\Nhan\OneDrive - Rincovitch\00. Nhan\CSharp\RincoMTO\BIMTOOL\obj\Release R26\Tools\MTO Query\UI\MtoQueryWindow.g.cs(1,62): error CS1056: Unexpected character '\0' [C:\Users\Nhan\OneDrive - Rincovitch\00. Nhan\CSharp\RincoMTO\RincoMTO_djj4tpge_wpftmp.csproj::TargetFramework=net8.0-windows]
C:\Users\Nhan\OneDrive - Rincovitch\00. Nhan\CSharp\RincoMTO\BIMTOOL\obj\Release R26\Tools\MTO Query\UI\MtoQueryWindow.g.cs(1,63): error CS1056: Unexpected character '\0' [C:\Users\Nhan\OneDrive - Rincovitch\00. Nhan\CSharp\RincoMTO\RincoMTO_djj4tpge_wpftmp.csproj::TargetFramework=net8.0-windows]
C:\Users\Nhan\OneDrive - Rincovitch\00. Nhan\CSharp\RincoMTO\BIMTOOL\obj\Release R26\Tools\MTO Query\UI\MtoQueryWindow.g.cs(1,64): error CS1056: Unexpected character '\0' [C:\Users\Nhan\OneDrive - Rincovitch\00. Nhan\CSharp\RincoMTO\RincoMTO_djj4tpge_wpftmp.csproj::TargetFramework=net8.0-windows]
C:\Users\Nhan\OneDrive - Rincovitch\00. Nhan\CSharp\RincoMTO\BIMTOOL\obj\Release R26\Tools\MTO Query\UI\MtoQueryWindow.g.cs(1,65): error CS1056: Unexpected character '\0' [C:\Users\Nhan\OneDrive - Rincovitch\00. Nhan\CSharp\RincoMTO\RincoMTO_djj4tpge_wpftmp.csproj::TargetFramework=net8.0-windows]
C:\Users\Nhan\OneDrive - Rincovitch\00. Nhan\CSharp\RincoMTO\BIMTOOL\obj\Release R26\Tools\MTO Query\UI\MtoQueryWindow.g.cs(1,66): error CS1056: Unexpected character '\0' [C:\Users\Nhan\OneDrive - Rincovitch\00. Nhan\CSharp\RincoMTO\RincoMTO_djj4tpge_wpftmp.csproj::TargetFramework=net8.0-windows]
C:\Users\Nhan\OneDrive - Rincovitch\00. Nhan\CSharp\RincoMTO\BIMTOOL\obj\Release R26\Tools\MTO Query\UI\MtoQueryWindow.g.cs(1,67): error CS1056: Unexpected character '\0' [C:\Users\Nhan\OneDrive - Rincovitch\00. Nhan\CSharp\RincoMTO\RincoMTO_djj4tpge_wpftmp.csproj::TargetFramework=net8.0-windows]
C:\Users\Nhan\OneDrive - Rincovitch\00. Nhan\CSharp\RincoMTO\BIMTOOL\obj\Release R26\Tools\MTO Query\UI\MtoQueryWindow.g.cs(1,68): error CS1056: Unexpected character '\0' [C:\Users\Nhan\OneDrive - Rincovitch\00. Nhan\CSharp\RincoMTO\RincoMTO_djj4tpge_wpftmp.csproj::TargetFramework=net8.0-windows]
C:\Users\Nhan\OneDrive - Rincovitch\00. Nhan\CSharp\RincoMTO\BIMTOOL\obj\Release R26\Tools\MTO Query\UI\MtoQueryWindow.g.cs(1,69): error CS1056: Unexpected character '\0' [C:\Users\Nhan\OneDrive - Rincovitch\00. Nhan\CSharp\RincoMTO\RincoMTO_djj4tpge_wpftmp.csproj::TargetFramework=net8.0-windows]
C:\Users\Nhan\OneDrive - Rincovitch\00. Nhan\CSharp\RincoMTO\BIMTOOL\obj\Release R26\Tools\MTO Query\UI\MtoQueryWindow.g.cs(1,70): error CS1056: Unexpected character '\0' [C:\Users\Nhan\OneDrive - Rincovitch\00. Nhan\CSharp\RincoMTO\RincoMTO_djj4tpge_wpftmp.csproj::TargetFramework=net8.0-windows]
C:\Users\Nhan\OneDrive - Rincovitch\00. Nhan\CSharp\RincoMTO\BIMTOOL\obj\Release R26\Tools\MTO Query\UI\MtoQueryWindow.g.cs(1,71): error CS1056: Unexpected character '\0' [C:\Users\Nhan\OneDrive - Rincovitch\00. Nhan\CSharp\RincoMTO\RincoMTO_djj4tpge_wpftmp.csproj::TargetFramework=net8.0-windows]
C:\Users\Nhan\OneDrive - Rincovitch\00. Nhan\CSharp\RincoMTO\BIMTOOL\obj\Release R26\Tools\MTO Query\UI\MtoQueryWindow.g.cs(1,72): error CS1056: Unexpected character '\0' [C:\Users\Nhan\OneDrive - Rincovitch\00. Nhan\CSharp\RincoMTO\RincoMTO_djj4tpge_wpftmp.csproj::TargetFramework=net8.0-windows]
C:\Users\Nhan\OneDrive - Rincovitch\00. Nhan\CSharp\RincoMTO\BIMTOOL\obj\Release R26\Tools\MTO Query\UI\MtoQueryWindow.g.cs(1,73): error CS1056: Unexpected character '\0' [C:\Users\Nhan\OneDrive - Rincovitch\00. Nhan\CSharp\RincoMTO\RincoMTO_djj4tpge_wpftmp.csproj::TargetFramework=net8.0-windows]
C:\Users\Nhan\OneDrive - Rincovitch\00. Nhan\CSharp\RincoMTO\BIMTOOL\obj\Release R26\Tools\MTO Query\UI\MtoQueryWindow.g.cs(1,74): error CS1056: Unexpected character '\0' [C:\Users\Nhan\OneDrive - Rincovitch\00. Nhan\CSharp\RincoMTO\RincoMTO_djj4tpge_wpftmp.csproj::TargetFramework=net8.0-windows]
C:\Users\Nhan\OneDrive - Rincovitch\00. Nhan\CSharp\RincoMTO\BIMTOOL\obj\Release R26\Tools\MTO Query\UI\MtoQueryWindow.g.cs(1,75): error CS1056: Unexpected character '\0' [C:\Users\Nhan\OneDrive - Rincovitch\00. Nhan\CSharp\RincoMTO\RincoMTO_djj4tpge_wpftmp.csproj::TargetFramework=net8.0-windows]
C:\Users\Nhan\OneDrive - Rincovitch\00. Nhan\CSharp\RincoMTO\BIMTOOL\obj\Release R26\Tools\MTO Query\UI\MtoQueryWindow.g.cs(1,76): error CS1056: Unexpected character '\0' [C:\Users\Nhan\OneDrive - Rincovitch\00. Nhan\CSharp\RincoMTO\RincoMTO_djj4tpge_wpftmp.csproj::TargetFramework=net8.0-windows]
C:\Users\Nhan\OneDrive - Rincovitch\00. Nhan\CSharp\RincoMTO\BIMTOOL\obj\Release R26\Tools\MTO Query\UI\MtoQueryWindow.g.cs(1,77): error CS1056: Unexpected character '\0' [C:\Users\Nhan\OneDrive - Rincovitch\00. Nhan\CSharp\RincoMTO\RincoMTO_djj4tpge_wpftmp.csproj::TargetFramework=net8.0-windows]
C:\Users\Nhan\OneDrive - Rincovitch\00. Nhan\CSharp\RincoMTO\BIMTOOL\obj\Release R26\Tools\MTO Query\UI\MtoQueryWindow.g.cs(1,78): error CS1056: Unexpected character '\0' [C:\Users\Nhan\OneDrive - Rincovitch\00. Nhan\CSharp\RincoMTO\RincoMTO_djj4tpge_wpftmp.csproj::TargetFramework=net8.0-windows]
C:\Users\Nhan\OneDrive - Rincovitch\00. Nhan\CSharp\RincoMTO\BIMTOOL\obj\Release R26\Tools\MTO Query\UI\MtoQueryWindow.g.cs(1,79): error CS1056: Unexpected character '\0' [C:\Users\Nhan\OneDrive - Rincovitch\00. Nhan\CSharp\RincoMTO\RincoMTO_djj4tpge_wpftmp.csproj::TargetFramework=net8.0-windows]
C:\Users\Nhan\OneDrive - Rincovitch\00. Nhan\CSharp\RincoMTO\BIMTOOL\obj\Release R26\Tools\MTO Query\UI\MtoQueryWindow.g.cs(1,80): error CS1056: Unexpected character '\0' [C:\Users\Nhan\OneDrive - Rincovitch\00. Nhan\CSharp\RincoMTO\RincoMTO_djj4tpge_wpftmp.csproj::TargetFramework=net8.0-windows]
C:\Users\Nhan\OneDrive - Rincovitch\00. Nhan\CSharp\RincoMTO\BIMTOOL\obj\Release R26\Tools\MTO Query\UI\MtoQueryWindow.g.cs(1,81): error CS1056: Unexpected character '\0' [C:\Users\Nhan\OneDrive - Rincovitch\00. Nhan\CSharp\RincoMTO\RincoMTO_djj4tpge_wpftmp.csproj::TargetFramework=net8.0-windows]
C:\Users\Nhan\OneDrive - Rincovitch\00. Nhan\CSharp\RincoMTO\BIMTOOL\obj\Release R26\Tools\MTO Query\UI\MtoQueryWindow.g.cs(1,82): error CS1056: Unexpected character '\0' [C:\Users\Nhan\OneDrive - Rincovitch\00. Nhan\CSharp\RincoMTO\RincoMTO_djj4tpge_wpftmp.csproj::TargetFramework=net8.0-windows]
C:\Users\Nhan\OneDrive - Rincovitch\00. Nhan\CSharp\RincoMTO\BIMTOOL\obj\Release R26\Tools\MTO Query\UI\MtoQueryWindow.g.cs(1,83): error CS1056: Unexpected character '\0' [C:\Users\Nhan\OneDrive - Rincovitch\00. Nhan\CSharp\RincoMTO\RincoMTO_djj4tpge_wpftmp.csproj::TargetFramework=net8.0-windows]
C:\Users\Nhan\OneDrive - Rincovitch\00. Nhan\CSharp\RincoMTO\BIMTOOL\obj\Release R26\Tools\MTO Query\UI\MtoQueryWindow.g.cs(1,84): error CS1056: Unexpected character '\0' [C:\Users\Nhan\OneDrive - Rincovitch\00. Nhan\CSharp\RincoMTO\RincoMTO_djj4tpge_wpftmp.csproj::TargetFramework=net8.0-windows]
C:\Users\Nhan\OneDrive - Rincovitch\00. Nhan\CSharp\RincoMTO\BIMTOOL\obj\Release R26\Tools\MTO Query\UI\MtoQueryWindow.g.cs(1,85): error CS1056: Unexpected character '\0' [C:\Users\Nhan\OneDrive - Rincovitch\00. Nhan\CSharp\RincoMTO\RincoMTO_djj4tpge_wpftmp.csproj::TargetFramework=net8.0-windows]
C:\Users\Nhan\OneDrive - Rincovitch\00. Nhan\CSharp\RincoMTO\BIMTOOL\obj\Release R26\Tools\MTO Query\UI\MtoQueryWindow.g.cs(1,86): error CS1056: Unexpected character '\0' [C:\Users\Nhan\OneDrive - Rincovitch\00. Nhan\CSharp\RincoMTO\RincoMTO_djj4tpge_wpftmp.csproj::TargetFramework=net8.0-windows]
C:\Users\Nhan\OneDrive - Rincovitch\00. Nhan\CSharp\RincoMTO\BIMTOOL\obj\Release R26\Tools\MTO Query\UI\MtoQueryWindow.g.cs(1,87): error CS1056: Unexpected character '\0' [C:\Users\Nhan\OneDrive - Rincovitch\00. Nhan\CSharp\RincoMTO\RincoMTO_djj4tpge_wpftmp.csproj::TargetFramework=net8.0-windows]
C:\Users\Nhan\OneDrive - Rincovitch\00. Nhan\CSharp\RincoMTO\BIMTOOL\obj\Release R26\Tools\MTO Query\UI\MtoQueryWindow.g.cs(1,88): error CS1056: Unexpected character '\0' [C:\Users\Nhan\OneDrive - Rincovitch\00. Nhan\CSharp\RincoMTO\RincoMTO_djj4tpge_wpftmp.csproj::TargetFramework=net8.0-windows]
C:\Users\Nhan\OneDrive - Rincovitch\00. Nhan\CSharp\RincoMTO\BIMTOOL\obj\Release R26\Tools\MTO Query\UI\MtoQueryWindow.g.cs(1,89): error CS1056: Unexpected character '\0' [C:\Users\Nhan\OneDrive - Rincovitch\00. Nhan\CSharp\RincoMTO\RincoMTO_djj4tpge_wpftmp.csproj::TargetFramework=net8.0-windows]
C:\Users\Nhan\OneDrive - Rincovitch\00. Nhan\CSharp\RincoMTO\BIMTOOL\obj\Release R26\Tools\MTO Query\UI\MtoQueryWindow.g.cs(1,90): error CS1056: Unexpected character '\0' [C:\Users\Nhan\OneDrive - Rincovitch\00. Nhan\CSharp\RincoMTO\RincoMTO_djj4tpge_wpftmp.csproj::TargetFramework=net8.0-windows]
C:\Users\Nhan\OneDrive - Rincovitch\00. Nhan\CSharp\RincoMTO\BIMTOOL\obj\Release R26\Tools\MTO Query\UI\MtoQueryWindow.g.cs(1,91): error CS1056: Unexpected character '\0' [C:\Users\Nhan\OneDrive - Rincovitch\00. Nhan\CSharp\RincoMTO\RincoMTO_djj4tpge_wpftmp.csproj::TargetFramework=net8.0-windows]
C:\Users\Nhan\OneDrive - Rincovitch\00. Nhan\CSharp\RincoMTO\BIMTOOL\obj\Release R26\Tools\MTO Query\UI\MtoQueryWindow.g.cs(1,92): error CS1056: Unexpected character '\0' [C:\Users\Nhan\OneDrive - Rincovitch\00. Nhan\CSharp\RincoMTO\RincoMTO_djj4tpge_wpftmp.csproj::TargetFramework=net8.0-windows]
C:\Users\Nhan\OneDrive - Rincovitch\00. Nhan\CSharp\RincoMTO\BIMTOOL\obj\Release R26\Tools\MTO Query\UI\MtoQueryWindow.g.cs(1,93): error CS1056: Unexpected character '\0' [C:\Users\Nhan\OneDrive - Rincovitch\00. Nhan\CSharp\RincoMTO\RincoMTO_djj4tpge_wpftmp.csproj::TargetFramework=net8.0-windows]
C:\Users\Nhan\OneDrive - Rincovitch\00. Nhan\CSharp\RincoMTO\BIMTOOL\obj\Release R26\Tools\MTO Query\UI\MtoQueryWindow.g.cs(1,94): error CS1056: Unexpected character '\0' [C:\Users\Nhan\OneDrive - Rincovitch\00. Nhan\CSharp\RincoMTO\RincoMTO_djj4tpge_wpftmp.csproj::TargetFramework=net8.0-windows]
C:\Users\Nhan\OneDrive - Rincovitch\00. Nhan\CSharp\RincoMTO\BIMTOOL\obj\Release R26\Tools\MTO Query\UI\MtoQueryWindow.g.cs(1,95): error CS1056: Unexpected character '\0' [C:\Users\Nhan\OneDrive - Rincovitch\00. Nhan\CSharp\RincoMTO\RincoMTO_djj4tpge_wpftmp.csproj::TargetFramework=net8.0-windows]
C:\Users\Nhan\OneDrive - Rincovitch\00. Nhan\CSharp\RincoMTO\BIMTOOL\obj\Release R26\Tools\MTO Query\UI\MtoQueryWindow.g.cs(1,96): error CS1056: Unexpected character '\0' [C:\Users\Nhan\OneDrive - Rincovitch\00. Nhan\CSharp\RincoMTO\RincoMTO_djj4tpge_wpftmp.csproj::TargetFramework=net8.0-windows]
C:\Users\Nhan\OneDrive - Rincovitch\00. Nhan\CSharp\RincoMTO\BIMTOOL\obj\Release R26\Tools\MTO Query\UI\MtoQueryWindow.g.cs(1,97): error CS1056: Unexpected character '\0' [C:\Users\Nhan\OneDrive - Rincovitch\00. Nhan\CSharp\RincoMTO\RincoMTO_djj4tpge_wpftmp.csproj::TargetFramework=net8.0-windows]
C:\Users\Nhan\OneDrive - Rincovitch\00. Nhan\CSharp\RincoMTO\BIMTOOL\obj\Release R26\Tools\MTO Query\UI\MtoQueryWindow.g.cs(1,98): error CS1056: Unexpected character '\0' [C:\Users\Nhan\OneDrive - Rincovitch\00. Nhan\CSharp\RincoMTO\RincoMTO_djj4tpge_wpftmp.csproj::TargetFramework=net8.0-windows]
C:\Users\Nhan\OneDrive - Rincovitch\00. Nhan\CSharp\RincoMTO\BIMTOOL\obj\Release R26\Tools\MTO Query\UI\MtoQueryWindow.g.cs(1,99): error CS1056: Unexpected character '\0' [C:\Users\Nhan\OneDrive - Rincovitch\00. Nhan\CSharp\RincoMTO\RincoMTO_djj4tpge_wpftmp.csproj::TargetFramework=net8.0-windows]
C:\Users\Nhan\OneDrive - Rincovitch\00. Nhan\CSharp\RincoMTO\BIMTOOL\obj\Release R26\Tools\MTO Query\UI\MtoQueryWindow.g.cs(1,100): error CS1056: Unexpected character '\0' [C:\Users\Nhan\OneDrive - Rincovitch\00. Nhan\CSharp\RincoMTO\RincoMTO_djj4tpge_wpftmp.csproj::TargetFramework=net8.0-windows]
C:\Users\Nhan\OneDrive - Rincovitch\00. Nhan\CSharp\RincoMTO\BIMTOOL\obj\Release R26\Tools\MTO Query\UI\MtoQueryWindow.g.cs(1,101): error CS1056: Unexpected character '\0' [C:\Users\Nhan\OneDrive - Rincovitch\00. Nhan\CSharp\RincoMTO\RincoMTO_djj4tpge_wpftmp.csproj::TargetFramework=net8.0-windows]
C:\Users\Nhan\OneDrive - Rincovitch\00. Nhan\CSharp\RincoMTO\BIMTOOL\obj\Release R26\Tools\MTO Query\UI\MtoQueryWindow.g.cs(1,102): error CS1056: Unexpected character '\0' [C:\Users\Nhan\OneDrive - Rincovitch\00. Nhan\CSharp\RincoMTO\RincoMTO_djj4tpge_wpftmp.csproj::TargetFramework=net8.0-windows]
C:\Users\Nhan\OneDrive - Rincovitch\00. Nhan\CSharp\RincoMTO\BIMTOOL\obj\Release R26\Tools\MTO Query\UI\MtoQueryWindow.g.cs(1,103): error CS1056: Unexpected character '\0' [C:\Users\Nhan\OneDrive - Rincovitch\00. Nhan\CSharp\RincoMTO\RincoMTO_djj4tpge_wpftmp.csproj::TargetFramework=net8.0-windows]
C:\Users\Nhan\OneDrive - Rincovitch\00. Nhan\CSharp\RincoMTO\BIMTOOL\obj\Release R26\Tools\MTO Query\UI\MtoQueryWindow.g.cs(1,104): error CS1056: Unexpected character '\0' [C:\Users\Nhan\OneDrive - Rincovitch\00. Nhan\CSharp\RincoMTO\RincoMTO_djj4tpge_wpftmp.csproj::TargetFramework=net8.0-windows]
C:\Users\Nhan\OneDrive - Rincovitch\00. Nhan\CSharp\RincoMTO\BIMTOOL\obj\Release R26\Tools\MTO Query\UI\MtoQueryWindow.g.cs(1,105): error CS1056: Unexpected character '\0' [C:\Users\Nhan\OneDrive - Rincovitch\00. Nhan\CSharp\RincoMTO\RincoMTO_djj4tpge_wpftmp.csproj::TargetFramework=net8.0-windows]
C:\Users\Nhan\OneDrive - Rincovitch\00. Nhan\CSharp\RincoMTO\BIMTOOL\obj\Release R26\Tools\MTO Query\UI\MtoQueryWindow.g.cs(1,106): error CS1056: Unexpected character '\0' [C:\Users\Nhan\OneDrive - Rincovitch\00. Nhan\CSharp\RincoMTO\RincoMTO_djj4tpge_wpftmp.csproj::TargetFramework=net8.0-windows]
C:\Users\Nhan\OneDrive - Rincovitch\00. Nhan\CSharp\RincoMTO\BIMTOOL\obj\Release R26\Tools\MTO Query\UI\MtoQueryWindow.g.cs(1,107): error CS1056: Unexpected character '\0' [C:\Users\Nhan\OneDrive - Rincovitch\00. Nhan\CSharp\RincoMTO\RincoMTO_djj4tpge_wpftmp.csproj::TargetFramework=net8.0-windows]
C:\Users\Nhan\OneDrive - Rincovitch\00. Nhan\CSharp\RincoMTO\BIMTOOL\obj\Release R26\Tools\MTO Query\UI\MtoQueryWindow.g.cs(1,108): error CS1056: Unexpected character '\0' [C:\Users\Nhan\OneDrive - Rincovitch\00. Nhan\CSharp\RincoMTO\RincoMTO_djj4tpge_wpftmp.csproj::TargetFramework=net8.0-windows]
C:\Users\Nhan\OneDrive - Rincovitch\00. Nhan\CSharp\RincoMTO\BIMTOOL\obj\Release R26\Tools\MTO Query\UI\MtoQueryWindow.g.cs(1,109): error CS1056: Unexpected character '\0' [C:\Users\Nhan\OneDrive - Rincovitch\00. Nhan\CSharp\RincoMTO\RincoMTO_djj4tpge_wpftmp.csproj::TargetFramework=net8.0-windows]
C:\Users\Nhan\OneDrive - Rincovitch\00. Nhan\CSharp\RincoMTO\BIMTOOL\obj\Release R26\Tools\MTO Query\UI\MtoQueryWindow.g.cs(1,110): error CS1056: Unexpected character '\0' [C:\Users\Nhan\OneDrive - Rincovitch\00. Nhan\CSharp\RincoMTO\RincoMTO_djj4tpge_wpftmp.csproj::TargetFramework=net8.0-windows]
C:\Users\Nhan\OneDrive - Rincovitch\00. Nhan\CSharp\RincoMTO\BIMTOOL\obj\Release R26\Tools\MTO Query\UI\MtoQueryWindow.g.cs(1,111): error CS1056: Unexpected character '\0' [C:\Users\Nhan\OneDrive - Rincovitch\00. Nhan\CSharp\RincoMTO\RincoMTO_djj4tpge_wpftmp.csproj::TargetFramework=net8.0-windows]
C:\Users\Nhan\OneDrive - Rincovitch\00. Nhan\CSharp\RincoMTO\BIMTOOL\obj\Release R26\Tools\MTO Query\UI\MtoQueryWindow.g.cs(1,112): error CS1056: Unexpected character '\0' [C:\Users\Nhan\OneDrive - Rincovitch\00. Nhan\CSharp\RincoMTO\RincoMTO_djj4tpge_wpftmp.csproj::TargetFramework=net8.0-windows]
C:\Users\Nhan\OneDrive - Rincovitch\00. Nhan\CSharp\RincoMTO\BIMTOOL\obj\Release R26\Tools\MTO Query\UI\MtoQueryWindow.g.cs(1,113): error CS1056: Unexpected character '\0' [C:\Users\Nhan\OneDrive - Rincovitch\00. Nhan\CSharp\RincoMTO\RincoMTO_djj4tpge_wpftmp.csproj::TargetFramework=net8.0-windows]
C:\Users\Nhan\OneDrive - Rincovitch\00. Nhan\CSharp\RincoMTO\BIMTOOL\obj\Release R26\Tools\MTO Query\UI\MtoQueryWindow.g.cs(1,114): error CS1056: Unexpected character '\0' [C:\Users\Nhan\OneDrive - Rincovitch\00. Nhan\CSharp\RincoMTO\RincoMTO_djj4tpge_wpftmp.csproj::TargetFramework=net8.0-windows]
C:\Users\Nhan\OneDrive - Rincovitch\00. Nhan\CSharp\RincoMTO\BIMTOOL\obj\Release R26\Tools\MTO Query\UI\MtoQueryWindow.g.cs(1,115): error CS1056: Unexpected character '\0' [C:\Users\Nhan\OneDrive - Rincovitch\00. Nhan\CSharp\RincoMTO\RincoMTO_djj4tpge_wpftmp.csproj::TargetFramework=net8.0-windows]
C:\Users\Nhan\OneDrive - Rincovitch\00. Nhan\CSharp\RincoMTO\BIMTOOL\obj\Release R26\Tools\MTO Query\UI\MtoQueryWindow.g.cs(1,116): error CS1056: Unexpected character '\0' [C:\Users\Nhan\OneDrive - Rincovitch\00. Nhan\CSharp\RincoMTO\RincoMTO_djj4tpge_wpftmp.csproj::TargetFramework=net8.0-windows]
C:\Users\Nhan\OneDrive - Rincovitch\00. Nhan\CSharp\RincoMTO\BIMTOOL\obj\Release R26\Tools\MTO Query\UI\MtoQueryWindow.g.cs(1,117): error CS1056: Unexpected character '\0' [C:\Users\Nhan\OneDrive - Rincovitch\00. Nhan\CSharp\RincoMTO\RincoMTO_djj4tpge_wpftmp.csproj::TargetFramework=net8.0-windows]
C:\Users\Nhan\OneDrive - Rincovitch\00. Nhan\CSharp\RincoMTO\BIMTOOL\obj\Release R26\Tools\MTO Query\UI\MtoQueryWindow.g.cs(1,118): error CS1056: Unexpected character '\0' [C:\Users\Nhan\OneDrive - Rincovitch\00. Nhan\CSharp\RincoMTO\RincoMTO_djj4tpge_wpftmp.csproj::TargetFramework=net8.0-windows]
C:\Users\Nhan\OneDrive - Rincovitch\00. Nhan\CSharp\RincoMTO\BIMTOOL\obj\Release R26\Tools\MTO Query\UI\MtoQueryWindow.g.cs(1,119): error CS1056: Unexpected character '\0' [C:\Users\Nhan\OneDrive - Rincovitch\00. Nhan\CSharp\RincoMTO\RincoMTO_djj4tpge_wpftmp.csproj::TargetFramework=net8.0-windows]
C:\Users\Nhan\OneDrive - Rincovitch\00. Nhan\CSharp\RincoMTO\BIMTOOL\obj\Release R26\Tools\MTO Query\UI\MtoQueryWindow.g.cs(1,120): error CS1056: Unexpected character '\0' [C:\Users\Nhan\OneDrive - Rincovitch\00. Nhan\CSharp\RincoMTO\RincoMTO_djj4tpge_wpftmp.csproj::TargetFramework=net8.0-windows]
C:\Users\Nhan\OneDrive - Rincovitch\00. Nhan\CSharp\RincoMTO\BIMTOOL\obj\Release R26\Tools\MTO Query\UI\MtoQueryWindow.g.cs(1,121): error CS1056: Unexpected character '\0' [C:\Users\Nhan\OneDrive - Rincovitch\00. Nhan\CSharp\RincoMTO\RincoMTO_djj4tpge_wpftmp.csproj::TargetFramework=net8.0-windows]
C:\Users\Nhan\OneDrive - Rincovitch\00. Nhan\CSharp\RincoMTO\BIMTOOL\obj\Release R26\Tools\MTO Query\UI\MtoQueryWindow.g.cs(1,122): error CS1056: Unexpected character '\0' [C:\Users\Nhan\OneDrive - Rincovitch\00. Nhan\CSharp\RincoMTO\RincoMTO_djj4tpge_wpftmp.csproj::TargetFramework=net8.0-windows]
C:\Users\Nhan\OneDrive - Rincovitch\00. Nhan\CSharp\RincoMTO\BIMTOOL\obj\Release R26\Tools\MTO Query\UI\MtoQueryWindow.g.cs(1,123): error CS1056: Unexpected character '\0' [C:\Users\Nhan\OneDrive - Rincovitch\00. Nhan\CSharp\RincoMTO\RincoMTO_djj4tpge_wpftmp.csproj::TargetFramework=net8.0-windows]
C:\Users\Nhan\OneDrive - Rincovitch\00. Nhan\CSharp\RincoMTO\BIMTOOL\obj\Release R26\Tools\MTO Query\UI\MtoQueryWindow.g.cs(1,124): error CS1056: Unexpected character '\0' [C:\Users\Nhan\OneDrive - Rincovitch\00. Nhan\CSharp\RincoMTO\RincoMTO_djj4tpge_wpftmp.csproj::TargetFramework=net8.0-windows]
C:\Users\Nhan\OneDrive - Rincovitch\00. Nhan\CSharp\RincoMTO\BIMTOOL\obj\Release R26\Tools\MTO Query\UI\MtoQueryWindow.g.cs(1,125): error CS1056: Unexpected character '\0' [C:\Users\Nhan\OneDrive - Rincovitch\00. Nhan\CSharp\RincoMTO\RincoMTO_djj4tpge_wpftmp.csproj::TargetFramework=net8.0-windows]
C:\Users\Nhan\OneDrive - Rincovitch\00. Nhan\CSharp\RincoMTO\BIMTOOL\obj\Release R26\Tools\MTO Query\UI\MtoQueryWindow.g.cs(1,126): error CS1056: Unexpected character '\0' [C:\Users\Nhan\OneDrive - Rincovitch\00. Nhan\CSharp\RincoMTO\RincoMTO_djj4tpge_wpftmp.csproj::TargetFramework=net8.0-windows]
C:\Users\Nhan\OneDrive - Rincovitch\00. Nhan\CSharp\RincoMTO\BIMTOOL\obj\Release R26\Tools\MTO Query\UI\MtoQueryWindow.g.cs(1,127): error CS1056: Unexpected character '\0' [C:\Users\Nhan\OneDrive - Rincovitch\00. Nhan\CSharp\RincoMTO\RincoMTO_djj4tpge_wpftmp.csproj::TargetFramework=net8.0-windows]
C:\Users\Nhan\OneDrive - Rincovitch\00. Nhan\CSharp\RincoMTO\BIMTOOL\obj\Release R26\Tools\MTO Query\UI\MtoQueryWindow.g.cs(1,128): error CS1056: Unexpected character '\0' [C:\Users\Nhan\OneDrive - Rincovitch\00. Nhan\CSharp\RincoMTO\RincoMTO_djj4tpge_wpftmp.csproj::TargetFramework=net8.0-windows]
C:\Users\Nhan\OneDrive - Rincovitch\00. Nhan\CSharp\RincoMTO\BIMTOOL\obj\Release R26\Tools\MTO Query\UI\MtoQueryWindow.g.cs(1,129): error CS1056: Unexpected character '\0' [C:\Users\Nhan\OneDrive - Rincovitch\00. Nhan\CSharp\RincoMTO\RincoMTO_djj4tpge_wpftmp.csproj::TargetFramework=net8.0-windows]
C:\Users\Nhan\OneDrive - Rincovitch\00. Nhan\CSharp\RincoMTO\BIMTOOL\obj\Release R26\Tools\MTO Query\UI\MtoQueryWindow.g.cs(1,130): error CS1056: Unexpected character '\0' [C:\Users\Nhan\OneDrive - Rincovitch\00. Nhan\CSharp\RincoMTO\RincoMTO_djj4tpge_wpftmp.csproj::TargetFramework=net8.0-windows]
C:\Users\Nhan\OneDrive - Rincovitch\00. Nhan\CSharp\RincoMTO\BIMTOOL\obj\Release R26\Tools\MTO Query\UI\MtoQueryWindow.g.cs(1,131): error CS1056: Unexpected character '\0' [C:\Users\Nhan\OneDrive - Rincovitch\00. Nhan\CSharp\RincoMTO\RincoMTO_djj4tpge_wpftmp.csproj::TargetFramework=net8.0-windows]
C:\Users\Nhan\OneDrive - Rincovitch\00. Nhan\CSharp\RincoMTO\BIMTOOL\obj\Release R26\Tools\MTO Query\UI\MtoQueryWindow.g.cs(1,132): error CS1056: Unexpected character '\0' [C:\Users\Nhan\OneDrive - Rincovitch\00. Nhan\CSharp\RincoMTO\RincoMTO_djj4tpge_wpftmp.csproj::TargetFramework=net8.0-windows]
C:\Users\Nhan\OneDrive - Rincovitch\00. Nhan\CSharp\RincoMTO\BIMTOOL\obj\Release R26\Tools\MTO Query\UI\MtoQueryWindow.g.cs(1,133): error CS1056: Unexpected character '\0' [C:\Users\Nhan\OneDrive - Rincovitch\00. Nhan\CSharp\RincoMTO\RincoMTO_djj4tpge_wpftmp.csproj::TargetFramework=net8.0-windows]
C:\Users\Nhan\OneDrive - Rincovitch\00. Nhan\CSharp\RincoMTO\BIMTOOL\obj\Release R26\Tools\MTO Query\UI\MtoQueryWindow.g.cs(1,134): error CS1056: Unexpected character '\0' [C:\Users\Nhan\OneDrive - Rincovitch\00. Nhan\CSharp\RincoMTO\RincoMTO_djj4tpge_wpftmp.csproj::TargetFramework=net8.0-windows]
C:\Users\Nhan\OneDrive - Rincovitch\00. Nhan\CSharp\RincoMTO\BIMTOOL\obj\Release R26\Tools\MTO Query\UI\MtoQueryWindow.g.cs(1,135): error CS1056: Unexpected character '\0' [C:\Users\Nhan\OneDrive - Rincovitch\00. Nhan\CSharp\RincoMTO\RincoMTO_djj4tpge_wpftmp.csproj::TargetFramework=net8.0-windows]
C:\Users\Nhan\OneDrive - Rincovitch\00. Nhan\CSharp\RincoMTO\BIMTOOL\obj\Release R26\Tools\MTO Query\UI\MtoQueryWindow.g.cs(1,136): error CS1056: Unexpected character '\0' [C:\Users\Nhan\OneDrive - Rincovitch\00. Nhan\CSharp\RincoMTO\RincoMTO_djj4tpge_wpftmp.csproj::TargetFramework=net8.0-windows]
C:\Users\Nhan\OneDrive - Rincovitch\00. Nhan\CSharp\RincoMTO\BIMTOOL\obj\Release R26\Tools\MTO Query\UI\MtoQueryWindow.g.cs(1,137): error CS1056: Unexpected character '\0' [C:\Users\Nhan\OneDrive - Rincovitch\00. Nhan\CSharp\RincoMTO\RincoMTO_djj4tpge_wpftmp.csproj::TargetFramework=net8.0-windows]
C:\Users\Nhan\OneDrive - Rincovitch\00. Nhan\CSharp\RincoMTO\BIMTOOL\obj\Release R26\Tools\MTO Query\UI\MtoQueryWindow.g.cs(1,138): error CS1056: Unexpected character '\0' [C:\Users\Nhan\OneDrive - Rincovitch\00. Nhan\CSharp\RincoMTO\RincoMTO_djj4tpge_wpftmp.csproj::TargetFramework=net8.0-windows]
C:\Users\Nhan\OneDrive - Rincovitch\00. Nhan\CSharp\RincoMTO\BIMTOOL\obj\Release R26\Tools\MTO Query\UI\MtoQueryWindow.g.cs(1,139): error CS1056: Unexpected character '\0' [C:\Users\Nhan\OneDrive - Rincovitch\00. Nhan\CSharp\RincoMTO\RincoMTO_djj4tpge_wpftmp.csproj::TargetFramework=net8.0-windows]
C:\Users\Nhan\OneDrive - Rincovitch\00. Nhan\CSharp\RincoMTO\BIMTOOL\obj\Release R26\Tools\MTO Query\UI\MtoQueryWindow.g.cs(1,140): error CS1056: Unexpected character '\0' [C:\Users\Nhan\OneDrive - Rincovitch\00. Nhan\CSharp\RincoMTO\RincoMTO_djj4tpge_wpftmp.csproj::TargetFramework=net8.0-windows]
C:\Users\Nhan\OneDrive - Rincovitch\00. Nhan\CSharp\RincoMTO\BIMTOOL\obj\Release R26\Tools\MTO Query\UI\MtoQueryWindow.g.cs(1,141): error CS1056: Unexpected character '\0' [C:\Users\Nhan\OneDrive - Rincovitch\00. Nhan\CSharp\RincoMTO\RincoMTO_djj4tpge_wpftmp.csproj::TargetFramework=net8.0-windows]
C:\Users\Nhan\OneDrive - Rincovitch\00. Nhan\CSharp\RincoMTO\BIMTOOL\obj\Release R26\Tools\MTO Query\UI\MtoQueryWindow.g.cs(1,142): error CS1056: Unexpected character '\0' [C:\Users\Nhan\OneDrive - Rincovitch\00. Nhan\CSharp\RincoMTO\RincoMTO_djj4tpge_wpftmp.csproj::TargetFramework=net8.0-windows]
C:\Users\Nhan\OneDrive - Rincovitch\00. Nhan\CSharp\RincoMTO\BIMTOOL\obj\Release R26\Tools\MTO Query\UI\MtoQueryWindow.g.cs(1,143): error CS1056: Unexpected character '\0' [C:\Users\Nhan\OneDrive - Rincovitch\00. Nhan\CSharp\RincoMTO\RincoMTO_djj4tpge_wpftmp.csproj::TargetFramework=net8.0-windows]
C:\Users\Nhan\OneDrive - Rincovitch\00. Nhan\CSharp\RincoMTO\BIMTOOL\obj\Release R26\Tools\MTO Query\UI\MtoQueryWindow.g.cs(1,144): error CS1056: Unexpected character '\0' [C:\Users\Nhan\OneDrive - Rincovitch\00. Nhan\CSharp\RincoMTO\RincoMTO_djj4tpge_wpftmp.csproj::TargetFramework=net8.0-windows]
C:\Users\Nhan\OneDrive - Rincovitch\00. Nhan\CSharp\RincoMTO\BIMTOOL\obj\Release R26\Tools\MTO Query\UI\MtoQueryWindow.g.cs(1,145): error CS1056: Unexpected character '\0' [C:\Users\Nhan\OneDrive - Rincovitch\00. Nhan\CSharp\RincoMTO\RincoMTO_djj4tpge_wpftmp.csproj::TargetFramework=net8.0-windows]
C:\Users\Nhan\OneDrive - Rincovitch\00. Nhan\CSharp\RincoMTO\BIMTOOL\obj\Release R26\Tools\MTO Query\UI\MtoQueryWindow.g.cs(1,146): error CS1056: Unexpected character '\0' [C:\Users\Nhan\OneDrive - Rincovitch\00. Nhan\CSharp\RincoMTO\RincoMTO_djj4tpge_wpftmp.csproj::TargetFramework=net8.0-windows]
C:\Users\Nhan\OneDrive - Rincovitch\00. Nhan\CSharp\RincoMTO\BIMTOOL\obj\Release R26\Tools\MTO Query\UI\MtoQueryWindow.g.cs(1,147): error CS1056: Unexpected character '\0' [C:\Users\Nhan\OneDrive - Rincovitch\00. Nhan\CSharp\RincoMTO\RincoMTO_djj4tpge_wpftmp.csproj::TargetFramework=net8.0-windows]
C:\Users\Nhan\OneDrive - Rincovitch\00. Nhan\CSharp\RincoMTO\BIMTOOL\obj\Release R26\Tools\MTO Query\UI\MtoQueryWindow.g.cs(1,148): error CS1056: Unexpected character '\0' [C:\Users\Nhan\OneDrive - Rincovitch\00. Nhan\CSharp\RincoMTO\RincoMTO_djj4tpge_wpftmp.csproj::TargetFramework=net8.0-windows]
C:\Users\Nhan\OneDrive - Rincovitch\00. Nhan\CSharp\RincoMTO\BIMTOOL\obj\Release R26\Tools\MTO Query\UI\MtoQueryWindow.g.cs(1,149): error CS1056: Unexpected character '\0' [C:\Users\Nhan\OneDrive - Rincovitch\00. Nhan\CSharp\RincoMTO\RincoMTO_djj4tpge_wpftmp.csproj::TargetFramework=net8.0-windows]
C:\Users\Nhan\OneDrive - Rincovitch\00. Nhan\CSharp\RincoMTO\BIMTOOL\obj\Release R26\Tools\MTO Query\UI\MtoQueryWindow.g.cs(1,150): error CS1056: Unexpected character '\0' [C:\Users\Nhan\OneDrive - Rincovitch\00. Nhan\CSharp\RincoMTO\RincoMTO_djj4tpge_wpftmp.csproj::TargetFramework=net8.0-windows]
C:\Users\Nhan\OneDrive - Rincovitch\00. Nhan\CSharp\RincoMTO\BIMTOOL\obj\Release R26\Tools\MTO Query\UI\MtoQueryWindow.g.cs(1,151): error CS1056: Unexpected character '\0' [C:\Users\Nhan\OneDrive - Rincovitch\00. Nhan\CSharp\RincoMTO\RincoMTO_djj4tpge_wpftmp.csproj::TargetFramework=net8.0-windows]
C:\Users\Nhan\OneDrive - Rincovitch\00. Nhan\CSharp\RincoMTO\BIMTOOL\obj\Release R26\Tools\MTO Query\UI\MtoQueryWindow.g.cs(1,152): error CS1056: Unexpected character '\0' [C:\Users\Nhan\OneDrive - Rincovitch\00. Nhan\CSharp\RincoMTO\RincoMTO_djj4tpge_wpftmp.csproj::TargetFramework=net8.0-windows]
C:\Users\Nhan\OneDrive - Rincovitch\00. Nhan\CSharp\RincoMTO\BIMTOOL\obj\Release R26\Tools\MTO Query\UI\MtoQueryWindow.g.cs(1,153): error CS1056: Unexpected character '\0' [C:\Users\Nhan\OneDrive - Rincovitch\00. Nhan\CSharp\RincoMTO\RincoMTO_djj4tpge_wpftmp.csproj::TargetFramework=net8.0-windows]
C:\Users\Nhan\OneDrive - Rincovitch\00. Nhan\CSharp\RincoMTO\BIMTOOL\obj\Release R26\Tools\MTO Query\UI\MtoQueryWindow.g.cs(1,154): error CS1056: Unexpected character '\0' [C:\Users\Nhan\OneDrive - Rincovitch\00. Nhan\CSharp\RincoMTO\RincoMTO_djj4tpge_wpftmp.csproj::TargetFramework=net8.0-windows]
C:\Users\Nhan\OneDrive - Rincovitch\00. Nhan\CSharp\RincoMTO\BIMTOOL\obj\Release R26\Tools\MTO Query\UI\MtoQueryWindow.g.cs(1,155): error CS1056: Unexpected character '\0' [C:\Users\Nhan\OneDrive - Rincovitch\00. Nhan\CSharp\RincoMTO\RincoMTO_djj4tpge_wpftmp.csproj::TargetFramework=net8.0-windows]
C:\Users\Nhan\OneDrive - Rincovitch\00. Nhan\CSharp\RincoMTO\BIMTOOL\obj\Release R26\Tools\MTO Query\UI\MtoQueryWindow.g.cs(1,156): error CS1056: Unexpected character '\0' [C:\Users\Nhan\OneDrive - Rincovitch\00. Nhan\CSharp\RincoMTO\RincoMTO_djj4tpge_wpftmp.csproj::TargetFramework=net8.0-windows]
C:\Users\Nhan\OneDrive - Rincovitch\00. Nhan\CSharp\RincoMTO\BIMTOOL\obj\Release R26\Tools\MTO Query\UI\MtoQueryWindow.g.cs(1,157): error CS1056: Unexpected character '\0' [C:\Users\Nhan\OneDrive - Rincovitch\00. Nhan\CSharp\RincoMTO\RincoMTO_djj4tpge_wpftmp.csproj::TargetFramework=net8.0-windows]
C:\Users\Nhan\OneDrive - Rincovitch\00. Nhan\CSharp\RincoMTO\BIMTOOL\obj\Release R26\Tools\MTO Query\UI\MtoQueryWindow.g.cs(1,158): error CS1056: Unexpected character '\0' [C:\Users\Nhan\OneDrive - Rincovitch\00. Nhan\CSharp\RincoMTO\RincoMTO_djj4tpge_wpftmp.csproj::TargetFramework=net8.0-windows]
C:\Users\Nhan\OneDrive - Rincovitch\00. Nhan\CSharp\RincoMTO\BIMTOOL\obj\Release R26\Tools\MTO Query\UI\MtoQueryWindow.g.cs(1,159): error CS1056: Unexpected character '\0' [C:\Users\Nhan\OneDrive - Rincovitch\00. Nhan\CSharp\RincoMTO\RincoMTO_djj4tpge_wpftmp.csproj::TargetFramework=net8.0-windows]
C:\Users\Nhan\OneDrive - Rincovitch\00. Nhan\CSharp\RincoMTO\BIMTOOL\obj\Release R26\Tools\MTO Query\UI\MtoQueryWindow.g.cs(1,160): error CS1056: Unexpected character '\0' [C:\Users\Nhan\OneDrive - Rincovitch\00. Nhan\CSharp\RincoMTO\RincoMTO_djj4tpge_wpftmp.csproj::TargetFramework=net8.0-windows]
C:\Users\Nhan\OneDrive - Rincovitch\00. Nhan\CSharp\RincoMTO\BIMTOOL\obj\Release R26\Tools\MTO Query\UI\MtoQueryWindow.g.cs(1,161): error CS1056: Unexpected character '\0' [C:\Users\Nhan\OneDrive - Rincovitch\00. Nhan\CSharp\RincoMTO\RincoMTO_djj4tpge_wpftmp.csproj::TargetFramework=net8.0-windows]
C:\Users\Nhan\OneDrive - Rincovitch\00. Nhan\CSharp\RincoMTO\BIMTOOL\obj\Release R26\Tools\MTO Query\UI\MtoQueryWindow.g.cs(1,162): error CS1056: Unexpected character '\0' [C:\Users\Nhan\OneDrive - Rincovitch\00. Nhan\CSharp\RincoMTO\RincoMTO_djj4tpge_wpftmp.csproj::TargetFramework=net8.0-windows]
C:\Users\Nhan\OneDrive - Rincovitch\00. Nhan\CSharp\RincoMTO\BIMTOOL\obj\Release R26\Tools\MTO Query\UI\MtoQueryWindow.g.cs(1,163): error CS1056: Unexpected character '\0' [C:\Users\Nhan\OneDrive - Rincovitch\00. Nhan\CSharp\RincoMTO\RincoMTO_djj4tpge_wpftmp.csproj::TargetFramework=net8.0-windows]
C:\Users\Nhan\OneDrive - Rincovitch\00. Nhan\CSharp\RincoMTO\BIMTOOL\obj\Release R26\Tools\MTO Query\UI\MtoQueryWindow.g.cs(1,164): error CS1056: Unexpected character '\0' [C:\Users\Nhan\OneDrive - Rincovitch\00. Nhan\CSharp\RincoMTO\RincoMTO_djj4tpge_wpftmp.csproj::TargetFramework=net8.0-windows]
C:\Users\Nhan\OneDrive - Rincovitch\00. Nhan\CSharp\RincoMTO\BIMTOOL\obj\Release R26\Tools\MTO Query\UI\MtoQueryWindow.g.cs(1,165): error CS1056: Unexpected character '\0' [C:\Users\Nhan\OneDrive - Rincovitch\00. Nhan\CSharp\RincoMTO\RincoMTO_djj4tpge_wpftmp.csproj::TargetFramework=net8.0-windows]
C:\Users\Nhan\OneDrive - Rincovitch\00. Nhan\CSharp\RincoMTO\BIMTOOL\obj\Release R26\Tools\MTO Query\UI\MtoQueryWindow.g.cs(1,166): error CS1056: Unexpected character '\0' [C:\Users\Nhan\OneDrive - Rincovitch\00. Nhan\CSharp\RincoMTO\RincoMTO_djj4tpge_wpftmp.csproj::TargetFramework=net8.0-windows]
C:\Users\Nhan\OneDrive - Rincovitch\00. Nhan\CSharp\RincoMTO\BIMTOOL\obj\Release R26\Tools\MTO Query\UI\MtoQueryWindow.g.cs(1,167): error CS1056: Unexpected character '\0' [C:\Users\Nhan\OneDrive - Rincovitch\00. Nhan\CSharp\RincoMTO\RincoMTO_djj4tpge_wpftmp.csproj::TargetFramework=net8.0-windows]
C:\Users\Nhan\OneDrive - Rincovitch\00. Nhan\CSharp\RincoMTO\BIMTOOL\obj\Release R26\Tools\MTO Query\UI\MtoQueryWindow.g.cs(1,168): error CS1056: Unexpected character '\0' [C:\Users\Nhan\OneDrive - Rincovitch\00. Nhan\CSharp\RincoMTO\RincoMTO_djj4tpge_wpftmp.csproj::TargetFramework=net8.0-windows]
C:\Users\Nhan\OneDrive - Rincovitch\00. Nhan\CSharp\RincoMTO\BIMTOOL\obj\Release R26\Tools\MTO Query\UI\MtoQueryWindow.g.cs(1,169): error CS1056: Unexpected character '\0' [C:\Users\Nhan\OneDrive - Rincovitch\00. Nhan\CSharp\RincoMTO\RincoMTO_djj4tpge_wpftmp.csproj::TargetFramework=net8.0-windows]
C:\Users\Nhan\OneDrive - Rincovitch\00. Nhan\CSharp\RincoMTO\BIMTOOL\obj\Release R26\Tools\MTO Query\UI\MtoQueryWindow.g.cs(1,170): error CS1056: Unexpected character '\0' [C:\Users\Nhan\OneDrive - Rincovitch\00. Nhan\CSharp\RincoMTO\RincoMTO_djj4tpge_wpftmp.csproj::TargetFramework=net8.0-windows]
C:\Users\Nhan\OneDrive - Rincovitch\00. Nhan\CSharp\RincoMTO\BIMTOOL\obj\Release R26\Tools\MTO Query\UI\MtoQueryWindow.g.cs(1,171): error CS1056: Unexpected character '\0' [C:\Users\Nhan\OneDrive - Rincovitch\00. Nhan\CSharp\RincoMTO\RincoMTO_djj4tpge_wpftmp.csproj::TargetFramework=net8.0-windows]
C:\Users\Nhan\OneDrive - Rincovitch\00. Nhan\CSharp\RincoMTO\BIMTOOL\obj\Release R26\Tools\MTO Query\UI\MtoQueryWindow.g.cs(1,172): error CS1056: Unexpected character '\0' [C:\Users\Nhan\OneDrive - Rincovitch\00. Nhan\CSharp\RincoMTO\RincoMTO_djj4tpge_wpftmp.csproj::TargetFramework=net8.0-windows]
C:\Users\Nhan\OneDrive - Rincovitch\00. Nhan\CSharp\RincoMTO\BIMTOOL\obj\Release R26\Tools\MTO Query\UI\MtoQueryWindow.g.cs(1,173): error CS1056: Unexpected character '\0' [C:\Users\Nhan\OneDrive - Rincovitch\00. Nhan\CSharp\RincoMTO\RincoMTO_djj4tpge_wpftmp.csproj::TargetFramework=net8.0-windows]
C:\Users\Nhan\OneDrive - Rincovitch\00. Nhan\CSharp\RincoMTO\BIMTOOL\obj\Release R26\Tools\MTO Query\UI\MtoQueryWindow.g.cs(1,174): error CS1056: Unexpected character '\0' [C:\Users\Nhan\OneDrive - Rincovitch\00. Nhan\CSharp\RincoMTO\RincoMTO_djj4tpge_wpftmp.csproj::TargetFramework=net8.0-windows]
C:\Users\Nhan\OneDrive - Rincovitch\00. Nhan\CSharp\RincoMTO\BIMTOOL\obj\Release R26\Tools\MTO Query\UI\MtoQueryWindow.g.cs(1,175): error CS1056: Unexpected character '\0' [C:\Users\Nhan\OneDrive - Rincovitch\00. Nhan\CSharp\RincoMTO\RincoMTO_djj4tpge_wpftmp.csproj::TargetFramework=net8.0-windows]
C:\Users\Nhan\OneDrive - Rincovitch\00. Nhan\CSharp\RincoMTO\BIMTOOL\obj\Release R26\Tools\MTO Query\UI\MtoQueryWindow.g.cs(1,176): error CS1056: Unexpected character '\0' [C:\Users\Nhan\OneDrive - Rincovitch\00. Nhan\CSharp\RincoMTO\RincoMTO_djj4tpge_wpftmp.csproj::TargetFramework=net8.0-windows]
C:\Users\Nhan\OneDrive - Rincovitch\00. Nhan\CSharp\RincoMTO\BIMTOOL\obj\Release R26\Tools\MTO Query\UI\MtoQueryWindow.g.cs(1,177): error CS1056: Unexpected character '\0' [C:\Users\Nhan\OneDrive - Rincovitch\00. Nhan\CSharp\RincoMTO\RincoMTO_djj4tpge_wpftmp.csproj::TargetFramework=net8.0-windows]
C:\Users\Nhan\OneDrive - Rincovitch\00. Nhan\CSharp\RincoMTO\BIMTOOL\obj\Release R26\Tools\MTO Query\UI\MtoQueryWindow.g.cs(1,178): error CS1056: Unexpected character '\0' [C:\Users\Nhan\OneDrive - Rincovitch\00. Nhan\CSharp\RincoMTO\RincoMTO_djj4tpge_wpftmp.csproj::TargetFramework=net8.0-windows]
C:\Users\Nhan\OneDrive - Rincovitch\00. Nhan\CSharp\RincoMTO\BIMTOOL\obj\Release R26\Tools\MTO Query\UI\MtoQueryWindow.g.cs(1,179): error CS1056: Unexpected character '\0' [C:\Users\Nhan\OneDrive - Rincovitch\00. Nhan\CSharp\RincoMTO\RincoMTO_djj4tpge_wpftmp.csproj::TargetFramework=net8.0-windows]
C:\Users\Nhan\OneDrive - Rincovitch\00. Nhan\CSharp\RincoMTO\BIMTOOL\obj\Release R26\Tools\MTO Query\UI\MtoQueryWindow.g.cs(1,180): error CS1056: Unexpected character '\0' [C:\Users\Nhan\OneDrive - Rincovitch\00. Nhan\CSharp\RincoMTO\RincoMTO_djj4tpge_wpftmp.csproj::TargetFramework=net8.0-windows]
C:\Users\Nhan\OneDrive - Rincovitch\00. Nhan\CSharp\RincoMTO\BIMTOOL\obj\Release R26\Tools\MTO Query\UI\MtoQueryWindow.g.cs(1,181): error CS1056: Unexpected character '\0' [C:\Users\Nhan\OneDrive - Rincovitch\00. Nhan\CSharp\RincoMTO\RincoMTO_djj4tpge_wpftmp.csproj::TargetFramework=net8.0-windows]
C:\Users\Nhan\OneDrive - Rincovitch\00. Nhan\CSharp\RincoMTO\BIMTOOL\obj\Release R26\Tools\MTO Query\UI\MtoQueryWindow.g.cs(1,182): error CS1056: Unexpected character '\0' [C:\Users\Nhan\OneDrive - Rincovitch\00. Nhan\CSharp\RincoMTO\RincoMTO_djj4tpge_wpftmp.csproj::TargetFramework=net8.0-windows]
C:\Users\Nhan\OneDrive - Rincovitch\00. Nhan\CSharp\RincoMTO\BIMTOOL\obj\Release R26\Tools\MTO Query\UI\MtoQueryWindow.g.cs(1,183): error CS1056: Unexpected character '\0' [C:\Users\Nhan\OneDrive - Rincovitch\00. Nhan\CSharp\RincoMTO\RincoMTO_djj4tpge_wpftmp.csproj::TargetFramework=net8.0-windows]
C:\Users\Nhan\OneDrive - Rincovitch\00. Nhan\CSharp\RincoMTO\BIMTOOL\obj\Release R26\Tools\MTO Query\UI\MtoQueryWindow.g.cs(1,184): error CS1056: Unexpected character '\0' [C:\Users\Nhan\OneDrive - Rincovitch\00. Nhan\CSharp\RincoMTO\RincoMTO_djj4tpge_wpftmp.csproj::TargetFramework=net8.0-windows]
C:\Users\Nhan\OneDrive - Rincovitch\00. Nhan\CSharp\RincoMTO\BIMTOOL\obj\Release R26\Tools\MTO Query\UI\MtoQueryWindow.g.cs(1,185): error CS1056: Unexpected character '\0' [C:\Users\Nhan\OneDrive - Rincovitch\00. Nhan\CSharp\RincoMTO\RincoMTO_djj4tpge_wpftmp.csproj::TargetFramework=net8.0-windows]
C:\Users\Nhan\OneDrive - Rincovitch\00. Nhan\CSharp\RincoMTO\BIMTOOL\obj\Release R26\Tools\MTO Query\UI\MtoQueryWindow.g.cs(1,186): error CS1056: Unexpected character '\0' [C:\Users\Nhan\OneDrive - Rincovitch\00. Nhan\CSharp\RincoMTO\RincoMTO_djj4tpge_wpftmp.csproj::TargetFramework=net8.0-windows]
C:\Users\Nhan\OneDrive - Rincovitch\00. Nhan\CSharp\RincoMTO\BIMTOOL\obj\Release R26\Tools\MTO Query\UI\MtoQueryWindow.g.cs(1,187): error CS1056: Unexpected character '\0' [C:\Users\Nhan\OneDrive - Rincovitch\00. Nhan\CSharp\RincoMTO\RincoMTO_djj4tpge_wpftmp.csproj::TargetFramework=net8.0-windows]
C:\Users\Nhan\OneDrive - Rincovitch\00. Nhan\CSharp\RincoMTO\BIMTOOL\obj\Release R26\Tools\MTO Query\UI\MtoQueryWindow.g.cs(1,188): error CS1056: Unexpected character '\0' [C:\Users\Nhan\OneDrive - Rincovitch\00. Nhan\CSharp\RincoMTO\RincoMTO_djj4tpge_wpftmp.csproj::TargetFramework=net8.0-windows]
C:\Users\Nhan\OneDrive - Rincovitch\00. Nhan\CSharp\RincoMTO\BIMTOOL\obj\Release R26\Tools\MTO Query\UI\MtoQueryWindow.g.cs(1,189): error CS1056: Unexpected character '\0' [C:\Users\Nhan\OneDrive - Rincovitch\00. Nhan\CSharp\RincoMTO\RincoMTO_djj4tpge_wpftmp.csproj::TargetFramework=net8.0-windows]
C:\Users\Nhan\OneDrive - Rincovitch\00. Nhan\CSharp\RincoMTO\BIMTOOL\obj\Release R26\Tools\MTO Query\UI\MtoQueryWindow.g.cs(1,190): error CS1056: Unexpected character '\0' [C:\Users\Nhan\OneDrive - Rincovitch\00. Nhan\CSharp\RincoMTO\RincoMTO_djj4tpge_wpftmp.csproj::TargetFramework=net8.0-windows]
C:\Users\Nhan\OneDrive - Rincovitch\00. Nhan\CSharp\RincoMTO\BIMTOOL\obj\Release R26\Tools\MTO Query\UI\MtoQueryWindow.g.cs(1,191): error CS1056: Unexpected character '\0' [C:\Users\Nhan\OneDrive - Rincovitch\00. Nhan\CSharp\RincoMTO\RincoMTO_djj4tpge_wpftmp.csproj::TargetFramework=net8.0-windows]
C:\Users\Nhan\OneDrive - Rincovitch\00. Nhan\CSharp\RincoMTO\BIMTOOL\obj\Release R26\Tools\MTO Query\UI\MtoQueryWindow.g.cs(1,192): error CS1056: Unexpected character '\0' [C:\Users\Nhan\OneDrive - Rincovitch\00. Nhan\CSharp\RincoMTO\RincoMTO_djj4tpge_wpftmp.csproj::TargetFramework=net8.0-windows]
C:\Users\Nhan\OneDrive - Rincovitch\00. Nhan\CSharp\RincoMTO\BIMTOOL\obj\Release R26\Tools\MTO Query\UI\MtoQueryWindow.g.cs(1,193): error CS1056: Unexpected character '\0' [C:\Users\Nhan\OneDrive - Rincovitch\00. Nhan\CSharp\RincoMTO\RincoMTO_djj4tpge_wpftmp.csproj::TargetFramework=net8.0-windows]
C:\Users\Nhan\OneDrive - Rincovitch\00. Nhan\CSharp\RincoMTO\BIMTOOL\obj\Release R26\Tools\MTO Query\UI\MtoQueryWindow.g.cs(1,194): error CS1056: Unexpected character '\0' [C:\Users\Nhan\OneDrive - Rincovitch\00. Nhan\CSharp\RincoMTO\RincoMTO_djj4tpge_wpftmp.csproj::TargetFramework=net8.0-windows]
C:\Users\Nhan\OneDrive - Rincovitch\00. Nhan\CSharp\RincoMTO\BIMTOOL\obj\Release R26\Tools\MTO Query\UI\MtoQueryWindow.g.cs(1,195): error CS1056: Unexpected character '\0' [C:\Users\Nhan\OneDrive - Rincovitch\00. Nhan\CSharp\RincoMTO\RincoMTO_djj4tpge_wpftmp.csproj::TargetFramework=net8.0-windows]
C:\Users\Nhan\OneDrive - Rincovitch\00. Nhan\CSharp\RincoMTO\BIMTOOL\obj\Release R26\Tools\MTO Query\UI\MtoQueryWindow.g.cs(1,196): error CS1056: Unexpected character '\0' [C:\Users\Nhan\OneDrive - Rincovitch\00. Nhan\CSharp\RincoMTO\RincoMTO_djj4tpge_wpftmp.csproj::TargetFramework=net8.0-windows]
C:\Users\Nhan\OneDrive - Rincovitch\00. Nhan\CSharp\RincoMTO\BIMTOOL\obj\Release R26\Tools\MTO Query\UI\MtoQueryWindow.g.cs(1,197): error CS1056: Unexpected character '\0' [C:\Users\Nhan\OneDrive - Rincovitch\00. Nhan\CSharp\RincoMTO\RincoMTO_djj4tpge_wpftmp.csproj::TargetFramework=net8.0-windows]
C:\Users\Nhan\OneDrive - Rincovitch\00. Nhan\CSharp\RincoMTO\BIMTOOL\obj\Release R26\Tools\MTO Query\UI\MtoQueryWindow.g.cs(1,198): error CS1056: Unexpected character '\0' [C:\Users\Nhan\OneDrive - Rincovitch\00. Nhan\CSharp\RincoMTO\RincoMTO_djj4tpge_wpftmp.csproj::TargetFramework=net8.0-windows]
C:\Users\Nhan\OneDrive - Rincovitch\00. Nhan\CSharp\RincoMTO\BIMTOOL\obj\Release R26\Tools\MTO Query\UI\MtoQueryWindow.g.cs(1,199): error CS1056: Unexpected character '\0' [C:\Users\Nhan\OneDrive - Rincovitch\00. Nhan\CSharp\RincoMTO\RincoMTO_djj4tpge_wpftmp.csproj::TargetFramework=net8.0-windows]
C:\Users\Nhan\OneDrive - Rincovitch\00. Nhan\CSharp\RincoMTO\BIMTOOL\obj\Release R26\Tools\MTO Query\UI\MtoQueryWindow.g.cs(1,200): error CS1056: Unexpected character '\0' [C:\Users\Nhan\OneDrive - Rincovitch\00. Nhan\CSharp\RincoMTO\RincoMTO_djj4tpge_wpftmp.csproj::TargetFramework=net8.0-windows]
C:\Users\Nhan\OneDrive - Rincovitch\00. Nhan\CSharp\RincoMTO\BIMTOOL\obj\Release R26\Tools\MTO Query\UI\MtoQueryWindow.g.cs(1,201): error CS1056: Unexpected character '\0' [C:\Users\Nhan\OneDrive - Rincovitch\00. Nhan\CSharp\RincoMTO\RincoMTO_djj4tpge_wpftmp.csproj::TargetFramework=net8.0-windows]
C:\Users\Nhan\OneDrive - Rincovitch\00. Nhan\CSharp\RincoMTO\BIMTOOL\obj\Release R26\Tools\MTO Query\UI\MtoQueryWindow.g.cs(1,202): error CS1056: Unexpected character '\0\0\0\0\0\0\0\0\0\0\0\0\0\0\0\0\0\0\0\0\0\0\0\0\0\0\0\0\0\0\0\0\0\0\0\0\0\0\0\0\0\0\0\0\0\0\0\0\0\0\0\0\0\0\0\0\0\0\0\0\0\0\0\0\0\0\0\0\0\0\0\0\0\0\0\0\0\0\0\0\0\0\0\0\0\0\0\0\0\0\0\0\0\0\0\0\0\0\0\0\0\0\0\0\0\0\0\0\0\0\0\0\0\0\0\0\0\0\0\0\0\0\0\0\0\0\0\0\0\0\0\0\0\0\0\0\0\0\0\0\0\0\0\0\0\0\0\0\0\0\0\0\0\0\0\0\0\0\0\0\0\0\0\0\0\0\0\0\0\0\0\0\0\0\0\0\0\0\0\0\0\0\0\0\0\0\0\0\0\0\0\0\0\0\0\0\0\0\0\0\0\0\0\0\0\0\0\0\0\0\0\0\0\0\0\0\0\0\0\0\0\0\0\0\0\0\0\0\0\0\0\0\0\0\0\0\0\0\0\0\0\0\0\0\0\0\0\0\0\0\0\0\0\0\0\0\0\0\0\0\0\0\0\0\0\0\0\0\0\0\0\0\0\0\0\0\0\0\0\0\0\0\0\0\0\0\0\0\0\0\0\0\0\0\0\0\0\0\0\0\0\0\0\0\0\0\0\0\0\0\0\0\0\0\0\0\0\0\0\0\0\0\0\0\0\0\0\0\0\0\0\0\0\0\0\0\0\0\0\0\0\0\0\0\0\0\0\0\0\0\0\0\0\0\0\0\0\0\0\0\0\0\0\0\0\0\0\0\0\0\0\0\0\0\0\0\0\0\0\0\0\0\0\0\0\0\0\0\0\0\0\0\0\0\0\0\0\0\0\0\0\0\0\0\0\0\0\0\0\0\0\0\0\0\0\0\0\0\0\0\0\0\0\0\0\0\0\0\0\0\0\0\0\0\0\0\0\0\0\0\0\0\0\0\0\0\0\0\0\0\0\0\0\0\0\0\0\0\0\0\0\0\0\0\0\0\0\0\0\0\0\0\0\0\0\0\0\0\0\0\0\0\0\0\0\0\0\0\0\0\0\0\0\0\0\0\0\0\0\0\0\0\0\0\0\0\0\0\0\0\0\0\0\0\0\0\0\0\0\0\0\0\0\0\0\0\0\0\0\0\0\0\0\0\0\0\0\0\0\0\0\0\0\0\0\0\0\0\0\0\0\0\0\0\0\0\0\0\0\0\0\0\0\0\0\0\0\0\0\0\0\0\0\0\0\0\0\0\0\0\0\0\0\0\0\0\0\0\0\0\0\0\0\0\0\0\0\0\0\0\0\0\0\0\0\0\0\0\0\0\0\0\0\0\0\0\0\0\0\0\0\0\0\0\0\0\0\0\0\0\0\0\0\0\0\0\0\0\0\0\0\0\0\0\0\0\0\0\0\0\0\0\0\0\0\0\0\0\0\0\0\0\0\0\0\0\0\0\0\0\0\0\0\0\0\0\0\0\0\0\0\0\0\0\0\0\0\0\0\0\0\0\0\0\0\0\0\0\0\0\0\0\0\0\0\0\0\0\0\0\0\0\0\0\0\0\0\0\0\0\0\0\0\0\0\0\0\0\0\0\0\0\0\0\0\0\0\0\0\0\0\0\0\0\0\0\0\0\0\0\0\0\0\0\0\0\0\0\0\0\0\0\0\0\0\0\0\0\0\0\0\0\0\0\0\0\0\0\0\0\0\0\0\0\0\0\0\0\0\0\0\0\0\0\0\0\0\0\0\0\0\0\0\0\0\0\0\0\0\0\0\0\0\0\0\0\0\0\0\0\0\0\0\0\0\0\0\0\0\0\0\0\0\0\0\0\0\0\0\0\0\0\0\0\0\0\0\0\0\0\0\0\0\0\0\0\0\0\0\0\0\0\0\0\0\0\0\0\0\0\0\0\0\0\0\0\0\0\0\0\0\0\0\0\0\0\0\0\0\0\0\0\0\0\0\0\0\0\0\0\0\0\0\0\0\0\0\0\0\0\0\0\0\0\0\0\0\0\0\0\0\0\0\0\0\0\0\0\0\0\0\0\0\0\0\0\0\0\0\0\0\0\0\0\0\0\0\0\0\0\0\0\0\0\0\0\0\0\0\0\0\0\0\0\0\0\0\0\0\0\0\0\0\0\0\0\0\0\0\0\0\0\0\0\0\0\0\0\0\0\0\0\0\0\0\0\0\0\0\0\0\0\0\0\0\0\0\0\0\0\0\0\0\0\0\0\0\0\0\0\0\0\0\0\0\0\0\0\0\0\0\0\0\0\0\0\0\0\0\0\0\0\0\0\0\0\0\0\0\0\0\0\0\0\0\0\0\0\0\0\0\0\0\0\0\0\0\0\0\0\0\0\0\0\0\0\0\0\0\0\0\0\0\0\0\0\0\0\0\0\0\0\0\0\0\0\0\0\0\0\0\0\0\0\0\0\0\0\0\0\0\0\0\0\0\0\0\0\0\0\0\0\0\0\0\0\0\0\0\0\0\0\0\0\0\0\0\0\0\0\0\0\0\0\0\0\0\0\0\0\0\0\0\0\0\0\0\0\0\0\0\0\0\0\0\0\0\0\0\0\0\0\0\0\0\0\0\0\0\0\0\0\0\0\0\0\0\0\0\0\0\0\0\0\0\0\0\0\0\0\0\0\0\0\0\0\0\0\0\0\0\0\0\0\0\0\0\0\0\0\0\0\0\0\0\0\0\0\0\0\0\0\0\0\0\0\0\0\0\0\0\0\0\0\0\0\0\0\0\0\0\0\0\0\0\0\0\0\0\0\0\0\0\0\0\0\0\0\0\0\0\0\0\0\0\0\0\0\0\0\0\0\0\0\0\0\0\0\0\0\0\0\0\0\0\0\0\0\0\0\0\0\0\0\0\0\0\0\0\0\0\0\0\0\0\0\0\0\0\0\0\0\0\0\0\0\0\0\0\0\0\0\0\0\0\0\0\0\0\0\0\0\0\0\0\0\0\0\0\0\0\0\0\0\0\0\0\0\0\0\0\0\0\0\0\0\0\0\0\0\0\0\0\0\0\0\0\0\0\0\0\0\0\0\0\0\0\0\0\0\0\0\0\0\0\0\0\0\0\0\0\0\0\0\0\0\0\0\0\0\0\0\0\0\0\0\0\0\0\0\0\0\0\0\0\0\0\0\0\0\0\0\0\0\0\0\0\0\0\0\0\0\0\0\0\0\0\0\0\0\0\0\0\0\0\0\0\0\0\0\0\0\0\0\0\0\0\0\0\0\0\0\0\0\0\0\0\0\0\0\0\0\0\0\0\0\0\0\0\0\0\0\0\0\0\0\0\0\0\0\0\0\0\0\0\0\0\0\0\0\0\0\0\0\0\0\0\0\0\0\0\0\0\0\0\0\0\0\0\0\0\0\0\0\0\0\0\0\0\0\0\0\0\0\0\0\0\0\0\0\0\0\0\0\0\0\0\0\0\0\0\0\0\0\0\0\0\0\0\0\0\0\0\0\0\0\0\0\0\0\0\0\0\0\0\0\0\0\0\0\0\0\0\0\0\0\0\0\0\0\0\0\0\0\0\0\0\0\0\0\0\0\0\0\0\0\0\0\0\0\0\0\0\0\0\0\0\0\0\0\0\0\0\0\0\0\0\0\0\0\0\0\0\0\0\0\0\0\0\0\0\0\0\0\0\0\0\0\0\0\0\0\0\0\0\0\0\0\0\0\0\0\0\0\0\0\0\0\0\0\0\0\0\0\0\0\0\0\0\0\0\0\0\0\0\0\0\0\0\0\0\0\0\0\0\0\0\0\0\0\0\0\0\0\0\0\0\0\0\0\0\0\0\0\0\0\0\0\0\0\0\0\0\0\0\0\0\0\0\0\0\0\0\0\0\0\0\0\0\0\0\0\0\0\0\0\0\0\0\0\0\0\0\0\0\0\0\0\0\0\0\0\0\0\0\0\0\0\0\0\0\0\0\0\0\0\0\0\0\0\0\0\0\0\0\0\0\0\0\0\0\0\0\0\0\0\0\0\0\0\0\0\0\0\0\0\0\0\0\0\0\0\0\0\0\0\0\0\0\0\0\0\0\0\0\0\0\0\0\0\0\0\0\0\0\0\0\0\0\0\0\0\0\0\0\0\0\0\0\0\0\0\0\0\0\0\0\0\0\0\0\0\0\0\0\0\0\0\0\0\0\0\0\0\0\0\0\0\0\0\0\0\0\0\0\0\0\0\0\0\0\0\0\0\0\0\0\0\0\0\0\0\0\0\0\0\0\0\0\0\0\0\0\0\0\0\0\0\0\0\0\0\0\0\0\0\0\0\0\0\0\0\0\0\0\0\0\0\0\0\0\0\0\0\0\0\0\0\0\0\0\0\0\0\0\0\0\0\0\0\0\0\0\0\0\0\0\0\0\0\0\0\0\0\0\0\0\0\0\0\0\0\0\0\0\0\0\0\0\0\0\0\0\0\0\0\0\0\0\0\0\0\0\0\0\0\0\0\0\0\0\0\0\0\0\0\0\0\0\0\0\0\0\0\0\0\0\0\0\0\0\0\0\0\0\0\0\0\0\0\0\0\0\0\0\0\0\0\0\0\0\0\0\0\0\0\0\0\0\0\0\0\0\0\0\0\0\0\0\0\0\0\0\0\0\0\0\0\0\0\0\0\0\0\0\0\0\0\0\0\0\0\0\0\0\0\0\0\0\0\0\0\0\0\0\0\0\0\0\0\0\0\0\0\0\0\0\0\0\0\0\0\0\0\0\0\0\0\0\0\0\0\0\0\0\0\0\0\0\0\0\0\0\0\0\0\0\0\0\0\0\0\0\0\0\0\0\0\0\0\0\0\0\0\0\0\0\0\0\0\0\0\0\0\0\0\0\0\0\0\0\0\0\0\0\0\0\0\0\0\0\0\0\0\0\0\0\0\0\0\0\0\0\0\0\0\0\0\0\0\0\0\0\0\0\0\0\0\0\0\0\0\0\0\0\0\0\0\0\0\0\0\0\0\0\0\0\0\0\0\0\0\0\0\0\0\0\0\0\0\0\0\0\0\0\0\0\0\0\0\0\0\0\0\0\0\0\0\0\0\0\0\0\0\0\0\0\0\0\0\0\0\0\0\0\0\0\0\0\0\0\0\0\0\0\0\0\0\0\0\0\0\0\0\0\0\0\0\0\0\0\0\0\0\0\0\0\0\0\0\0\0\0\0\0\0\0\0\0\0\0\0\0\0\0\0\0\0\0\0\0\0\0\0\0\0\0\0\0\0\0\0\0\0\0\0\0\0\0\0\0\0\0\0\0\0\0\0\0\0\0\0\0\0\0\0\0\0\0\0\0\0\0\0\0\0\0\0\0\0\0\0\0\0\0\0\0\0\0\0\0\0\0\0\0\0\0\0\0\0\0\0\0\0\0\0\0\0\0\0\0\0\0\0\0\0\0\0\0\0\0\0\0\0\0\0\0\0\0\0\0\0\0\0\0\0\0\0\0\0\0\0\0\0\0\0\0\0\0\0\0\0\0\0\0\0\0\0\0\0\0\0\0\0\0\0\0\0\0\0\0\0\0\0\0\0\0\0\0\0\0\0\0\0\0\0\0\0\0\0\0\0\0\0\0\0\0\0\0\0\0\0\0\0\0\0\0\0\0\0\0\0\0\0\0\0\0\0\0\0\0\0\0\0\0\0\0\0\0\0\0\0\0\0\0\0\0\0\0\0\0\0\0\0\0\0\0\0\0\0\0\0\0\0\0\0\0\0\0\0\0\0\0\0\0\0\0\0\0\0\0\0\0\0\0\0\0\0\0\0\0\0\0\0\0\0\0\0\0\0\0\0\0\0\0\0\0\0\0\0\0\0\0\0\0\0\0\0\0\0\0\0\0\0\0\0\0\0\0\0\0\0\0\0\0\0\0\0\0\0\0\0\0\0\0\0\0\0\0\0\0\0\0\0\0\0\0\0\0\0\0\0\0\0\0\0\0\0\0\0\0\0\0\0\0\0\0\0\0\0\0\0\0\0\0\0\0\0\0\0\0\0\0\0\0\0\0\0\0\0\0\0\0\0\0\0\0\0\0\0\0\0\0\0\0\0\0\0\0\0\0\0\0\0\0\0\0\0\0\0\0\0\0\0\0\0\0\0\0\0\0\0\0\0\0\0\0\0\0\0\0\0\0\0\0\0\0\0\0\0\0\0\0\0\0\0\0\0\0\0\0\0\0\0\0\0\0\0\0\0\0\0\0\0\0\0\0\0\0\0\0\0\0\0\0\0\0\0\0\0\0\0\0\0\0\0\0\0\0\0\0\0\0\0\0\0\0\0\0\0\0\0\0\0\0\0\0\0\0\0\0\0\0\0\0\0\0\0\0\0\0\0\0\0\0\0\0\0\0\0\0\0\0\0\0\0\0\0\0\0\0\0\0\0\0\0\0\0\0\0\0\0\0\0\0\0\0\0\0\0\0\0\0\0\0\0\0\0\0\0\0\0\0\0\0\0\0\0\0\0\0\0\0\0\0\0\0\0\0\0\0\0\0\0\0\0\0\0\0\0\0\0\0\0\0\0\0\0\0\0\0\0\0\0\0\0\0\0\0\0\0\0\0\0\0\0\0\0\0\0\0\0\0\0\0\0\0\0\0\0\0\0\0\0\0\0\0\0\0\0\0\0\0\0\0\0\0\0\0\0\0\0\0\0\0\0\0\0\0\0\0\0\0\0\0\0\0\0\0\0\0\0\0\0\0\0\0\0\0\0\0\0\0\0\0\0\0\0\0\0\0\0\0\0\0\0\0\0\0\0\0\0\0\0\0\0\0\0\0\0\0\0\0\0\0\0\0\0\0\0\0\0\0\0\0\0\0\0\0\0\0\0\0\0\0\0\0\0\0\0\0\0\0\0\0\0\0\0\0\0\0\0\0\0\0\0\0\0\0\0\0\0\0\0\0\0\0\0\0\0\0\0\0\0\0\0\0\0\0\0\0\0\0\0\0\0\0\0\0\0\0\0\0\0\0\0\0\0\0\0\0\0\0\0\0\0\0\0\0\0\0\0\0\0\0\0\0\0\0\0\0\0\0\0\0\0\0\0\0\0\0\0\0\0\0\0\0\0\0\0\0\0\0\0\0\0\0\0\0\0\0\0\0\0\0\0\0\0\0\0\0\0\0\0\0\0\0\0\0\0\0\0\0\0\0\0\0\0\0\0\0\0\0\0\0\0\0\0\0\0\0\0\0\0\0\0\0\0\0\0\0\0\0\0\0\0\0\0\0\0\0\0\0\0\0\0\0\0\0\0\0\0\0\0\0\0\0\0\0\0\0\0\0\0\0\0\0\0\0\0\0\0\0\0\0\0\0\0\0\0\0\0\0\0\0\0\0\0\0\0\0\0\0\0\0\0\0\0\0\0\0\0\0\0\0\0\0\0\0\0\0\0\0\0\0\0\0\0\0\0\0\0\0\0\0\0\0\0\0\0\0\0\0\0' [C:\Users\Nhan\OneDrive - Rincovitch\00. Nhan\CSharp\RincoMTO\RincoMTO_djj4tpge_wpftmp.csproj::TargetFramework=net8.0-windows]
C:\Users\Nhan\OneDrive - Rincovitch\00. Nhan\CSharp\RincoMTO\BIMTOOL\obj\Release R26\Tools\MTO Smart Tag\UI\MtoSmartTagWindow.g.cs(1,1): error CS1056: Unexpected character '\0' [C:\Users\Nhan\OneDrive - Rincovitch\00. Nhan\CSharp\RincoMTO\RincoMTO_djj4tpge_wpftmp.csproj::TargetFramework=net8.0-windows]
C:\Users\Nhan\OneDrive - Rincovitch\00. Nhan\CSharp\RincoMTO\BIMTOOL\obj\Release R26\Tools\MTO Smart Tag\UI\MtoSmartTagWindow.g.cs(1,2): error CS1056: Unexpected character '\0' [C:\Users\Nhan\OneDrive - Rincovitch\00. Nhan\CSharp\RincoMTO\RincoMTO_djj4tpge_wpftmp.csproj::TargetFramework=net8.0-windows]
C:\Users\Nhan\OneDrive - Rincovitch\00. Nhan\CSharp\RincoMTO\BIMTOOL\obj\Release R26\Tools\MTO Smart Tag\UI\MtoSmartTagWindow.g.cs(1,3): error CS1056: Unexpected character '\0' [C:\Users\Nhan\OneDrive - Rincovitch\00. Nhan\CSharp\RincoMTO\RincoMTO_djj4tpge_wpftmp.csproj::TargetFramework=net8.0-windows]
C:\Users\Nhan\OneDrive - Rincovitch\00. Nhan\CSharp\RincoMTO\BIMTOOL\obj\Release R26\Tools\MTO Smart Tag\UI\MtoSmartTagWindow.g.cs(1,4): error CS1056: Unexpected character '\0' [C:\Users\Nhan\OneDrive - Rincovitch\00. Nhan\CSharp\RincoMTO\RincoMTO_djj4tpge_wpftmp.csproj::TargetFramework=net8.0-windows]
C:\Users\Nhan\OneDrive - Rincovitch\00. Nhan\CSharp\RincoMTO\BIMTOOL\obj\Release R26\Tools\MTO Smart Tag\UI\MtoSmartTagWindow.g.cs(1,5): error CS1056: Unexpected character '\0' [C:\Users\Nhan\OneDrive - Rincovitch\00. Nhan\CSharp\RincoMTO\RincoMTO_djj4tpge_wpftmp.csproj::TargetFramework=net8.0-windows]
C:\Users\Nhan\OneDrive - Rincovitch\00. Nhan\CSharp\RincoMTO\BIMTOOL\obj\Release R26\Tools\MTO Smart Tag\UI\MtoSmartTagWindow.g.cs(1,6): error CS1056: Unexpected character '\0' [C:\Users\Nhan\OneDrive - Rincovitch\00. Nhan\CSharp\RincoMTO\RincoMTO_djj4tpge_wpftmp.csproj::TargetFramework=net8.0-windows]
C:\Users\Nhan\OneDrive - Rincovitch\00. Nhan\CSharp\RincoMTO\BIMTOOL\obj\Release R26\Tools\MTO Smart Tag\UI\MtoSmartTagWindow.g.cs(1,7): error CS1056: Unexpected character '\0' [C:\Users\Nhan\OneDrive - Rincovitch\00. Nhan\CSharp\RincoMTO\RincoMTO_djj4tpge_wpftmp.csproj::TargetFramework=net8.0-windows]
C:\Users\Nhan\OneDrive - Rincovitch\00. Nhan\CSharp\RincoMTO\BIMTOOL\obj\Release R26\Tools\MTO Smart Tag\UI\MtoSmartTagWindow.g.cs(1,8): error CS1056: Unexpected character '\0' [C:\Users\Nhan\OneDrive - Rincovitch\00. Nhan\CSharp\RincoMTO\RincoMTO_djj4tpge_wpftmp.csproj::TargetFramework=net8.0-windows]
C:\Users\Nhan\OneDrive - Rincovitch\00. Nhan\CSharp\RincoMTO\BIMTOOL\obj\Release R26\Tools\MTO Smart Tag\UI\MtoSmartTagWindow.g.cs(1,9): error CS1056: Unexpected character '\0' [C:\Users\Nhan\OneDrive - Rincovitch\00. Nhan\CSharp\RincoMTO\RincoMTO_djj4tpge_wpftmp.csproj::TargetFramework=net8.0-windows]
C:\Users\Nhan\OneDrive - Rincovitch\00. Nhan\CSharp\RincoMTO\BIMTOOL\obj\Release R26\Tools\MTO Smart Tag\UI\MtoSmartTagWindow.g.cs(1,10): error CS1056: Unexpected character '\0' [C:\Users\Nhan\OneDrive - Rincovitch\00. Nhan\CSharp\RincoMTO\RincoMTO_djj4tpge_wpftmp.csproj::TargetFramework=net8.0-windows]
C:\Users\Nhan\OneDrive - Rincovitch\00. Nhan\CSharp\RincoMTO\BIMTOOL\obj\Release R26\Tools\MTO Smart Tag\UI\MtoSmartTagWindow.g.cs(1,11): error CS1056: Unexpected character '\0' [C:\Users\Nhan\OneDrive - Rincovitch\00. Nhan\CSharp\RincoMTO\RincoMTO_djj4tpge_wpftmp.csproj::TargetFramework=net8.0-windows]
C:\Users\Nhan\OneDrive - Rincovitch\00. Nhan\CSharp\RincoMTO\BIMTOOL\obj\Release R26\Tools\MTO Smart Tag\UI\MtoSmartTagWindow.g.cs(1,12): error CS1056: Unexpected character '\0' [C:\Users\Nhan\OneDrive - Rincovitch\00. Nhan\CSharp\RincoMTO\RincoMTO_djj4tpge_wpftmp.csproj::TargetFramework=net8.0-windows]
C:\Users\Nhan\OneDrive - Rincovitch\00. Nhan\CSharp\RincoMTO\BIMTOOL\obj\Release R26\Tools\MTO Smart Tag\UI\MtoSmartTagWindow.g.cs(1,13): error CS1056: Unexpected character '\0' [C:\Users\Nhan\OneDrive - Rincovitch\00. Nhan\CSharp\RincoMTO\RincoMTO_djj4tpge_wpftmp.csproj::TargetFramework=net8.0-windows]
C:\Users\Nhan\OneDrive - Rincovitch\00. Nhan\CSharp\RincoMTO\BIMTOOL\obj\Release R26\Tools\MTO Smart Tag\UI\MtoSmartTagWindow.g.cs(1,14): error CS1056: Unexpected character '\0' [C:\Users\Nhan\OneDrive - Rincovitch\00. Nhan\CSharp\RincoMTO\RincoMTO_djj4tpge_wpftmp.csproj::TargetFramework=net8.0-windows]
C:\Users\Nhan\OneDrive - Rincovitch\00. Nhan\CSharp\RincoMTO\BIMTOOL\obj\Release R26\Tools\MTO Smart Tag\UI\MtoSmartTagWindow.g.cs(1,15): error CS1056: Unexpected character '\0' [C:\Users\Nhan\OneDrive - Rincovitch\00. Nhan\CSharp\RincoMTO\RincoMTO_djj4tpge_wpftmp.csproj::TargetFramework=net8.0-windows]
C:\Users\Nhan\OneDrive - Rincovitch\00. Nhan\CSharp\RincoMTO\BIMTOOL\obj\Release R26\Tools\MTO Smart Tag\UI\MtoSmartTagWindow.g.cs(1,16): error CS1056: Unexpected character '\0' [C:\Users\Nhan\OneDrive - Rincovitch\00. Nhan\CSharp\RincoMTO\RincoMTO_djj4tpge_wpftmp.csproj::TargetFramework=net8.0-windows]
C:\Users\Nhan\OneDrive - Rincovitch\00. Nhan\CSharp\RincoMTO\BIMTOOL\obj\Release R26\Tools\MTO Smart Tag\UI\MtoSmartTagWindow.g.cs(1,17): error CS1056: Unexpected character '\0' [C:\Users\Nhan\OneDrive - Rincovitch\00. Nhan\CSharp\RincoMTO\RincoMTO_djj4tpge_wpftmp.csproj::TargetFramework=net8.0-windows]
C:\Users\Nhan\OneDrive - Rincovitch\00. Nhan\CSharp\RincoMTO\BIMTOOL\obj\Release R26\Tools\MTO Smart Tag\UI\MtoSmartTagWindow.g.cs(1,18): error CS1056: Unexpected character '\0' [C:\Users\Nhan\OneDrive - Rincovitch\00. Nhan\CSharp\RincoMTO\RincoMTO_djj4tpge_wpftmp.csproj::TargetFramework=net8.0-windows]
C:\Users\Nhan\OneDrive - Rincovitch\00. Nhan\CSharp\RincoMTO\BIMTOOL\obj\Release R26\Tools\MTO Smart Tag\UI\MtoSmartTagWindow.g.cs(1,19): error CS1056: Unexpected character '\0' [C:\Users\Nhan\OneDrive - Rincovitch\00. Nhan\CSharp\RincoMTO\RincoMTO_djj4tpge_wpftmp.csproj::TargetFramework=net8.0-windows]
C:\Users\Nhan\OneDrive - Rincovitch\00. Nhan\CSharp\RincoMTO\BIMTOOL\obj\Release R26\Tools\MTO Smart Tag\UI\MtoSmartTagWindow.g.cs(1,20): error CS1056: Unexpected character '\0' [C:\Users\Nhan\OneDrive - Rincovitch\00. Nhan\CSharp\RincoMTO\RincoMTO_djj4tpge_wpftmp.csproj::TargetFramework=net8.0-windows]
C:\Users\Nhan\OneDrive - Rincovitch\00. Nhan\CSharp\RincoMTO\BIMTOOL\obj\Release R26\Tools\MTO Smart Tag\UI\MtoSmartTagWindow.g.cs(1,21): error CS1056: Unexpected character '\0' [C:\Users\Nhan\OneDrive - Rincovitch\00. Nhan\CSharp\RincoMTO\RincoMTO_djj4tpge_wpftmp.csproj::TargetFramework=net8.0-windows]
C:\Users\Nhan\OneDrive - Rincovitch\00. Nhan\CSharp\RincoMTO\BIMTOOL\obj\Release R26\Tools\MTO Smart Tag\UI\MtoSmartTagWindow.g.cs(1,22): error CS1056: Unexpected character '\0' [C:\Users\Nhan\OneDrive - Rincovitch\00. Nhan\CSharp\RincoMTO\RincoMTO_djj4tpge_wpftmp.csproj::TargetFramework=net8.0-windows]
C:\Users\Nhan\OneDrive - Rincovitch\00. Nhan\CSharp\RincoMTO\BIMTOOL\obj\Release R26\Tools\MTO Smart Tag\UI\MtoSmartTagWindow.g.cs(1,23): error CS1056: Unexpected character '\0' [C:\Users\Nhan\OneDrive - Rincovitch\00. Nhan\CSharp\RincoMTO\RincoMTO_djj4tpge_wpftmp.csproj::TargetFramework=net8.0-windows]
C:\Users\Nhan\OneDrive - Rincovitch\00. Nhan\CSharp\RincoMTO\BIMTOOL\obj\Release R26\Tools\MTO Smart Tag\UI\MtoSmartTagWindow.g.cs(1,24): error CS1056: Unexpected character '\0' [C:\Users\Nhan\OneDrive - Rincovitch\00. Nhan\CSharp\RincoMTO\RincoMTO_djj4tpge_wpftmp.csproj::TargetFramework=net8.0-windows]
C:\Users\Nhan\OneDrive - Rincovitch\00. Nhan\CSharp\RincoMTO\BIMTOOL\obj\Release R26\Tools\MTO Smart Tag\UI\MtoSmartTagWindow.g.cs(1,25): error CS1056: Unexpected character '\0' [C:\Users\Nhan\OneDrive - Rincovitch\00. Nhan\CSharp\RincoMTO\RincoMTO_djj4tpge_wpftmp.csproj::TargetFramework=net8.0-windows]
C:\Users\Nhan\OneDrive - Rincovitch\00. Nhan\CSharp\RincoMTO\BIMTOOL\obj\Release R26\Tools\MTO Smart Tag\UI\MtoSmartTagWindow.g.cs(1,26): error CS1056: Unexpected character '\0' [C:\Users\Nhan\OneDrive - Rincovitch\00. Nhan\CSharp\RincoMTO\RincoMTO_djj4tpge_wpftmp.csproj::TargetFramework=net8.0-windows]
C:\Users\Nhan\OneDrive - Rincovitch\00. Nhan\CSharp\RincoMTO\BIMTOOL\obj\Release R26\Tools\MTO Smart Tag\UI\MtoSmartTagWindow.g.cs(1,27): error CS1056: Unexpected character '\0' [C:\Users\Nhan\OneDrive - Rincovitch\00. Nhan\CSharp\RincoMTO\RincoMTO_djj4tpge_wpftmp.csproj::TargetFramework=net8.0-windows]
C:\Users\Nhan\OneDrive - Rincovitch\00. Nhan\CSharp\RincoMTO\BIMTOOL\obj\Release R26\Tools\MTO Smart Tag\UI\MtoSmartTagWindow.g.cs(1,28): error CS1056: Unexpected character '\0' [C:\Users\Nhan\OneDrive - Rincovitch\00. Nhan\CSharp\RincoMTO\RincoMTO_djj4tpge_wpftmp.csproj::TargetFramework=net8.0-windows]
C:\Users\Nhan\OneDrive - Rincovitch\00. Nhan\CSharp\RincoMTO\BIMTOOL\obj\Release R26\Tools\MTO Smart Tag\UI\MtoSmartTagWindow.g.cs(1,29): error CS1056: Unexpected character '\0' [C:\Users\Nhan\OneDrive - Rincovitch\00. Nhan\CSharp\RincoMTO\RincoMTO_djj4tpge_wpftmp.csproj::TargetFramework=net8.0-windows]
C:\Users\Nhan\OneDrive - Rincovitch\00. Nhan\CSharp\RincoMTO\BIMTOOL\obj\Release R26\Tools\MTO Smart Tag\UI\MtoSmartTagWindow.g.cs(1,30): error CS1056: Unexpected character '\0' [C:\Users\Nhan\OneDrive - Rincovitch\00. Nhan\CSharp\RincoMTO\RincoMTO_djj4tpge_wpftmp.csproj::TargetFramework=net8.0-windows]
C:\Users\Nhan\OneDrive - Rincovitch\00. Nhan\CSharp\RincoMTO\BIMTOOL\obj\Release R26\Tools\MTO Smart Tag\UI\MtoSmartTagWindow.g.cs(1,31): error CS1056: Unexpected character '\0' [C:\Users\Nhan\OneDrive - Rincovitch\00. Nhan\CSharp\RincoMTO\RincoMTO_djj4tpge_wpftmp.csproj::TargetFramework=net8.0-windows]
C:\Users\Nhan\OneDrive - Rincovitch\00. Nhan\CSharp\RincoMTO\BIMTOOL\obj\Release R26\Tools\MTO Smart Tag\UI\MtoSmartTagWindow.g.cs(1,32): error CS1056: Unexpected character '\0' [C:\Users\Nhan\OneDrive - Rincovitch\00. Nhan\CSharp\RincoMTO\RincoMTO_djj4tpge_wpftmp.csproj::TargetFramework=net8.0-windows]
C:\Users\Nhan\OneDrive - Rincovitch\00. Nhan\CSharp\RincoMTO\BIMTOOL\obj\Release R26\Tools\MTO Smart Tag\UI\MtoSmartTagWindow.g.cs(1,33): error CS1056: Unexpected character '\0' [C:\Users\Nhan\OneDrive - Rincovitch\00. Nhan\CSharp\RincoMTO\RincoMTO_djj4tpge_wpftmp.csproj::TargetFramework=net8.0-windows]
C:\Users\Nhan\OneDrive - Rincovitch\00. Nhan\CSharp\RincoMTO\BIMTOOL\obj\Release R26\Tools\MTO Smart Tag\UI\MtoSmartTagWindow.g.cs(1,34): error CS1056: Unexpected character '\0' [C:\Users\Nhan\OneDrive - Rincovitch\00. Nhan\CSharp\RincoMTO\RincoMTO_djj4tpge_wpftmp.csproj::TargetFramework=net8.0-windows]
C:\Users\Nhan\OneDrive - Rincovitch\00. Nhan\CSharp\RincoMTO\BIMTOOL\obj\Release R26\Tools\MTO Smart Tag\UI\MtoSmartTagWindow.g.cs(1,35): error CS1056: Unexpected character '\0' [C:\Users\Nhan\OneDrive - Rincovitch\00. Nhan\CSharp\RincoMTO\RincoMTO_djj4tpge_wpftmp.csproj::TargetFramework=net8.0-windows]
C:\Users\Nhan\OneDrive - Rincovitch\00. Nhan\CSharp\RincoMTO\BIMTOOL\obj\Release R26\Tools\MTO Smart Tag\UI\MtoSmartTagWindow.g.cs(1,36): error CS1056: Unexpected character '\0' [C:\Users\Nhan\OneDrive - Rincovitch\00. Nhan\CSharp\RincoMTO\RincoMTO_djj4tpge_wpftmp.csproj::TargetFramework=net8.0-windows]
C:\Users\Nhan\OneDrive - Rincovitch\00. Nhan\CSharp\RincoMTO\BIMTOOL\obj\Release R26\Tools\MTO Smart Tag\UI\MtoSmartTagWindow.g.cs(1,37): error CS1056: Unexpected character '\0' [C:\Users\Nhan\OneDrive - Rincovitch\00. Nhan\CSharp\RincoMTO\RincoMTO_djj4tpge_wpftmp.csproj::TargetFramework=net8.0-windows]
C:\Users\Nhan\OneDrive - Rincovitch\00. Nhan\CSharp\RincoMTO\BIMTOOL\obj\Release R26\Tools\MTO Smart Tag\UI\MtoSmartTagWindow.g.cs(1,38): error CS1056: Unexpected character '\0' [C:\Users\Nhan\OneDrive - Rincovitch\00. Nhan\CSharp\RincoMTO\RincoMTO_djj4tpge_wpftmp.csproj::TargetFramework=net8.0-windows]
C:\Users\Nhan\OneDrive - Rincovitch\00. Nhan\CSharp\RincoMTO\BIMTOOL\obj\Release R26\Tools\MTO Smart Tag\UI\MtoSmartTagWindow.g.cs(1,39): error CS1056: Unexpected character '\0' [C:\Users\Nhan\OneDrive - Rincovitch\00. Nhan\CSharp\RincoMTO\RincoMTO_djj4tpge_wpftmp.csproj::TargetFramework=net8.0-windows]
C:\Users\Nhan\OneDrive - Rincovitch\00. Nhan\CSharp\RincoMTO\BIMTOOL\obj\Release R26\Tools\MTO Smart Tag\UI\MtoSmartTagWindow.g.cs(1,40): error CS1056: Unexpected character '\0' [C:\Users\Nhan\OneDrive - Rincovitch\00. Nhan\CSharp\RincoMTO\RincoMTO_djj4tpge_wpftmp.csproj::TargetFramework=net8.0-windows]
C:\Users\Nhan\OneDrive - Rincovitch\00. Nhan\CSharp\RincoMTO\BIMTOOL\obj\Release R26\Tools\MTO Smart Tag\UI\MtoSmartTagWindow.g.cs(1,41): error CS1056: Unexpected character '\0' [C:\Users\Nhan\OneDrive - Rincovitch\00. Nhan\CSharp\RincoMTO\RincoMTO_djj4tpge_wpftmp.csproj::TargetFramework=net8.0-windows]
C:\Users\Nhan\OneDrive - Rincovitch\00. Nhan\CSharp\RincoMTO\BIMTOOL\obj\Release R26\Tools\MTO Smart Tag\UI\MtoSmartTagWindow.g.cs(1,42): error CS1056: Unexpected character '\0' [C:\Users\Nhan\OneDrive - Rincovitch\00. Nhan\CSharp\RincoMTO\RincoMTO_djj4tpge_wpftmp.csproj::TargetFramework=net8.0-windows]
C:\Users\Nhan\OneDrive - Rincovitch\00. Nhan\CSharp\RincoMTO\BIMTOOL\obj\Release R26\Tools\MTO Smart Tag\UI\MtoSmartTagWindow.g.cs(1,43): error CS1056: Unexpected character '\0' [C:\Users\Nhan\OneDrive - Rincovitch\00. Nhan\CSharp\RincoMTO\RincoMTO_djj4tpge_wpftmp.csproj::TargetFramework=net8.0-windows]
C:\Users\Nhan\OneDrive - Rincovitch\00. Nhan\CSharp\RincoMTO\BIMTOOL\obj\Release R26\Tools\MTO Smart Tag\UI\MtoSmartTagWindow.g.cs(1,44): error CS1056: Unexpected character '\0' [C:\Users\Nhan\OneDrive - Rincovitch\00. Nhan\CSharp\RincoMTO\RincoMTO_djj4tpge_wpftmp.csproj::TargetFramework=net8.0-windows]
C:\Users\Nhan\OneDrive - Rincovitch\00. Nhan\CSharp\RincoMTO\BIMTOOL\obj\Release R26\Tools\MTO Smart Tag\UI\MtoSmartTagWindow.g.cs(1,45): error CS1056: Unexpected character '\0' [C:\Users\Nhan\OneDrive - Rincovitch\00. Nhan\CSharp\RincoMTO\RincoMTO_djj4tpge_wpftmp.csproj::TargetFramework=net8.0-windows]
C:\Users\Nhan\OneDrive - Rincovitch\00. Nhan\CSharp\RincoMTO\BIMTOOL\obj\Release R26\Tools\MTO Smart Tag\UI\MtoSmartTagWindow.g.cs(1,46): error CS1056: Unexpected character '\0' [C:\Users\Nhan\OneDrive - Rincovitch\00. Nhan\CSharp\RincoMTO\RincoMTO_djj4tpge_wpftmp.csproj::TargetFramework=net8.0-windows]
C:\Users\Nhan\OneDrive - Rincovitch\00. Nhan\CSharp\RincoMTO\BIMTOOL\obj\Release R26\Tools\MTO Smart Tag\UI\MtoSmartTagWindow.g.cs(1,47): error CS1056: Unexpected character '\0' [C:\Users\Nhan\OneDrive - Rincovitch\00. Nhan\CSharp\RincoMTO\RincoMTO_djj4tpge_wpftmp.csproj::TargetFramework=net8.0-windows]
C:\Users\Nhan\OneDrive - Rincovitch\00. Nhan\CSharp\RincoMTO\BIMTOOL\obj\Release R26\Tools\MTO Smart Tag\UI\MtoSmartTagWindow.g.cs(1,48): error CS1056: Unexpected character '\0' [C:\Users\Nhan\OneDrive - Rincovitch\00. Nhan\CSharp\RincoMTO\RincoMTO_djj4tpge_wpftmp.csproj::TargetFramework=net8.0-windows]
C:\Users\Nhan\OneDrive - Rincovitch\00. Nhan\CSharp\RincoMTO\BIMTOOL\obj\Release R26\Tools\MTO Smart Tag\UI\MtoSmartTagWindow.g.cs(1,49): error CS1056: Unexpected character '\0' [C:\Users\Nhan\OneDrive - Rincovitch\00. Nhan\CSharp\RincoMTO\RincoMTO_djj4tpge_wpftmp.csproj::TargetFramework=net8.0-windows]
C:\Users\Nhan\OneDrive - Rincovitch\00. Nhan\CSharp\RincoMTO\BIMTOOL\obj\Release R26\Tools\MTO Smart Tag\UI\MtoSmartTagWindow.g.cs(1,50): error CS1056: Unexpected character '\0' [C:\Users\Nhan\OneDrive - Rincovitch\00. Nhan\CSharp\RincoMTO\RincoMTO_djj4tpge_wpftmp.csproj::TargetFramework=net8.0-windows]
C:\Users\Nhan\OneDrive - Rincovitch\00. Nhan\CSharp\RincoMTO\BIMTOOL\obj\Release R26\Tools\MTO Smart Tag\UI\MtoSmartTagWindow.g.cs(1,51): error CS1056: Unexpected character '\0' [C:\Users\Nhan\OneDrive - Rincovitch\00. Nhan\CSharp\RincoMTO\RincoMTO_djj4tpge_wpftmp.csproj::TargetFramework=net8.0-windows]
C:\Users\Nhan\OneDrive - Rincovitch\00. Nhan\CSharp\RincoMTO\BIMTOOL\obj\Release R26\Tools\MTO Smart Tag\UI\MtoSmartTagWindow.g.cs(1,52): error CS1056: Unexpected character '\0' [C:\Users\Nhan\OneDrive - Rincovitch\00. Nhan\CSharp\RincoMTO\RincoMTO_djj4tpge_wpftmp.csproj::TargetFramework=net8.0-windows]
C:\Users\Nhan\OneDrive - Rincovitch\00. Nhan\CSharp\RincoMTO\BIMTOOL\obj\Release R26\Tools\MTO Smart Tag\UI\MtoSmartTagWindow.g.cs(1,53): error CS1056: Unexpected character '\0' [C:\Users\Nhan\OneDrive - Rincovitch\00. Nhan\CSharp\RincoMTO\RincoMTO_djj4tpge_wpftmp.csproj::TargetFramework=net8.0-windows]
C:\Users\Nhan\OneDrive - Rincovitch\00. Nhan\CSharp\RincoMTO\BIMTOOL\obj\Release R26\Tools\MTO Smart Tag\UI\MtoSmartTagWindow.g.cs(1,54): error CS1056: Unexpected character '\0' [C:\Users\Nhan\OneDrive - Rincovitch\00. Nhan\CSharp\RincoMTO\RincoMTO_djj4tpge_wpftmp.csproj::TargetFramework=net8.0-windows]
C:\Users\Nhan\OneDrive - Rincovitch\00. Nhan\CSharp\RincoMTO\BIMTOOL\obj\Release R26\Tools\MTO Smart Tag\UI\MtoSmartTagWindow.g.cs(1,55): error CS1056: Unexpected character '\0' [C:\Users\Nhan\OneDrive - Rincovitch\00. Nhan\CSharp\RincoMTO\RincoMTO_djj4tpge_wpftmp.csproj::TargetFramework=net8.0-windows]
C:\Users\Nhan\OneDrive - Rincovitch\00. Nhan\CSharp\RincoMTO\BIMTOOL\obj\Release R26\Tools\MTO Smart Tag\UI\MtoSmartTagWindow.g.cs(1,56): error CS1056: Unexpected character '\0' [C:\Users\Nhan\OneDrive - Rincovitch\00. Nhan\CSharp\RincoMTO\RincoMTO_djj4tpge_wpftmp.csproj::TargetFramework=net8.0-windows]
C:\Users\Nhan\OneDrive - Rincovitch\00. Nhan\CSharp\RincoMTO\BIMTOOL\obj\Release R26\Tools\MTO Smart Tag\UI\MtoSmartTagWindow.g.cs(1,57): error CS1056: Unexpected character '\0' [C:\Users\Nhan\OneDrive - Rincovitch\00. Nhan\CSharp\RincoMTO\RincoMTO_djj4tpge_wpftmp.csproj::TargetFramework=net8.0-windows]
C:\Users\Nhan\OneDrive - Rincovitch\00. Nhan\CSharp\RincoMTO\BIMTOOL\obj\Release R26\Tools\MTO Smart Tag\UI\MtoSmartTagWindow.g.cs(1,58): error CS1056: Unexpected character '\0' [C:\Users\Nhan\OneDrive - Rincovitch\00. Nhan\CSharp\RincoMTO\RincoMTO_djj4tpge_wpftmp.csproj::TargetFramework=net8.0-windows]
C:\Users\Nhan\OneDrive - Rincovitch\00. Nhan\CSharp\RincoMTO\BIMTOOL\obj\Release R26\Tools\MTO Smart Tag\UI\MtoSmartTagWindow.g.cs(1,59): error CS1056: Unexpected character '\0' [C:\Users\Nhan\OneDrive - Rincovitch\00. Nhan\CSharp\RincoMTO\RincoMTO_djj4tpge_wpftmp.csproj::TargetFramework=net8.0-windows]
C:\Users\Nhan\OneDrive - Rincovitch\00. Nhan\CSharp\RincoMTO\BIMTOOL\obj\Release R26\Tools\MTO Smart Tag\UI\MtoSmartTagWindow.g.cs(1,60): error CS1056: Unexpected character '\0' [C:\Users\Nhan\OneDrive - Rincovitch\00. Nhan\CSharp\RincoMTO\RincoMTO_djj4tpge_wpftmp.csproj::TargetFramework=net8.0-windows]
C:\Users\Nhan\OneDrive - Rincovitch\00. Nhan\CSharp\RincoMTO\BIMTOOL\obj\Release R26\Tools\MTO Smart Tag\UI\MtoSmartTagWindow.g.cs(1,61): error CS1056: Unexpected character '\0' [C:\Users\Nhan\OneDrive - Rincovitch\00. Nhan\CSharp\RincoMTO\RincoMTO_djj4tpge_wpftmp.csproj::TargetFramework=net8.0-windows]
C:\Users\Nhan\OneDrive - Rincovitch\00. Nhan\CSharp\RincoMTO\BIMTOOL\obj\Release R26\Tools\MTO Smart Tag\UI\MtoSmartTagWindow.g.cs(1,62): error CS1056: Unexpected character '\0' [C:\Users\Nhan\OneDrive - Rincovitch\00. Nhan\CSharp\RincoMTO\RincoMTO_djj4tpge_wpftmp.csproj::TargetFramework=net8.0-windows]
C:\Users\Nhan\OneDrive - Rincovitch\00. Nhan\CSharp\RincoMTO\BIMTOOL\obj\Release R26\Tools\MTO Smart Tag\UI\MtoSmartTagWindow.g.cs(1,63): error CS1056: Unexpected character '\0' [C:\Users\Nhan\OneDrive - Rincovitch\00. Nhan\CSharp\RincoMTO\RincoMTO_djj4tpge_wpftmp.csproj::TargetFramework=net8.0-windows]
C:\Users\Nhan\OneDrive - Rincovitch\00. Nhan\CSharp\RincoMTO\BIMTOOL\obj\Release R26\Tools\MTO Smart Tag\UI\MtoSmartTagWindow.g.cs(1,64): error CS1056: Unexpected character '\0' [C:\Users\Nhan\OneDrive - Rincovitch\00. Nhan\CSharp\RincoMTO\RincoMTO_djj4tpge_wpftmp.csproj::TargetFramework=net8.0-windows]
C:\Users\Nhan\OneDrive - Rincovitch\00. Nhan\CSharp\RincoMTO\BIMTOOL\obj\Release R26\Tools\MTO Smart Tag\UI\MtoSmartTagWindow.g.cs(1,65): error CS1056: Unexpected character '\0' [C:\Users\Nhan\OneDrive - Rincovitch\00. Nhan\CSharp\RincoMTO\RincoMTO_djj4tpge_wpftmp.csproj::TargetFramework=net8.0-windows]
C:\Users\Nhan\OneDrive - Rincovitch\00. Nhan\CSharp\RincoMTO\BIMTOOL\obj\Release R26\Tools\MTO Smart Tag\UI\MtoSmartTagWindow.g.cs(1,66): error CS1056: Unexpected character '\0' [C:\Users\Nhan\OneDrive - Rincovitch\00. Nhan\CSharp\RincoMTO\RincoMTO_djj4tpge_wpftmp.csproj::TargetFramework=net8.0-windows]
C:\Users\Nhan\OneDrive - Rincovitch\00. Nhan\CSharp\RincoMTO\BIMTOOL\obj\Release R26\Tools\MTO Smart Tag\UI\MtoSmartTagWindow.g.cs(1,67): error CS1056: Unexpected character '\0' [C:\Users\Nhan\OneDrive - Rincovitch\00. Nhan\CSharp\RincoMTO\RincoMTO_djj4tpge_wpftmp.csproj::TargetFramework=net8.0-windows]
C:\Users\Nhan\OneDrive - Rincovitch\00. Nhan\CSharp\RincoMTO\BIMTOOL\obj\Release R26\Tools\MTO Smart Tag\UI\MtoSmartTagWindow.g.cs(1,68): error CS1056: Unexpected character '\0' [C:\Users\Nhan\OneDrive - Rincovitch\00. Nhan\CSharp\RincoMTO\RincoMTO_djj4tpge_wpftmp.csproj::TargetFramework=net8.0-windows]
C:\Users\Nhan\OneDrive - Rincovitch\00. Nhan\CSharp\RincoMTO\BIMTOOL\obj\Release R26\Tools\MTO Smart Tag\UI\MtoSmartTagWindow.g.cs(1,69): error CS1056: Unexpected character '\0' [C:\Users\Nhan\OneDrive - Rincovitch\00. Nhan\CSharp\RincoMTO\RincoMTO_djj4tpge_wpftmp.csproj::TargetFramework=net8.0-windows]
C:\Users\Nhan\OneDrive - Rincovitch\00. Nhan\CSharp\RincoMTO\BIMTOOL\obj\Release R26\Tools\MTO Smart Tag\UI\MtoSmartTagWindow.g.cs(1,70): error CS1056: Unexpected character '\0' [C:\Users\Nhan\OneDrive - Rincovitch\00. Nhan\CSharp\RincoMTO\RincoMTO_djj4tpge_wpftmp.csproj::TargetFramework=net8.0-windows]
C:\Users\Nhan\OneDrive - Rincovitch\00. Nhan\CSharp\RincoMTO\BIMTOOL\obj\Release R26\Tools\MTO Smart Tag\UI\MtoSmartTagWindow.g.cs(1,71): error CS1056: Unexpected character '\0' [C:\Users\Nhan\OneDrive - Rincovitch\00. Nhan\CSharp\RincoMTO\RincoMTO_djj4tpge_wpftmp.csproj::TargetFramework=net8.0-windows]
C:\Users\Nhan\OneDrive - Rincovitch\00. Nhan\CSharp\RincoMTO\BIMTOOL\obj\Release R26\Tools\MTO Smart Tag\UI\MtoSmartTagWindow.g.cs(1,72): error CS1056: Unexpected character '\0' [C:\Users\Nhan\OneDrive - Rincovitch\00. Nhan\CSharp\RincoMTO\RincoMTO_djj4tpge_wpftmp.csproj::TargetFramework=net8.0-windows]
C:\Users\Nhan\OneDrive - Rincovitch\00. Nhan\CSharp\RincoMTO\BIMTOOL\obj\Release R26\Tools\MTO Smart Tag\UI\MtoSmartTagWindow.g.cs(1,73): error CS1056: Unexpected character '\0' [C:\Users\Nhan\OneDrive - Rincovitch\00. Nhan\CSharp\RincoMTO\RincoMTO_djj4tpge_wpftmp.csproj::TargetFramework=net8.0-windows]
C:\Users\Nhan\OneDrive - Rincovitch\00. Nhan\CSharp\RincoMTO\BIMTOOL\obj\Release R26\Tools\MTO Smart Tag\UI\MtoSmartTagWindow.g.cs(1,74): error CS1056: Unexpected character '\0' [C:\Users\Nhan\OneDrive - Rincovitch\00. Nhan\CSharp\RincoMTO\RincoMTO_djj4tpge_wpftmp.csproj::TargetFramework=net8.0-windows]
C:\Users\Nhan\OneDrive - Rincovitch\00. Nhan\CSharp\RincoMTO\BIMTOOL\obj\Release R26\Tools\MTO Smart Tag\UI\MtoSmartTagWindow.g.cs(1,75): error CS1056: Unexpected character '\0' [C:\Users\Nhan\OneDrive - Rincovitch\00. Nhan\CSharp\RincoMTO\RincoMTO_djj4tpge_wpftmp.csproj::TargetFramework=net8.0-windows]
C:\Users\Nhan\OneDrive - Rincovitch\00. Nhan\CSharp\RincoMTO\BIMTOOL\obj\Release R26\Tools\MTO Smart Tag\UI\MtoSmartTagWindow.g.cs(1,76): error CS1056: Unexpected character '\0' [C:\Users\Nhan\OneDrive - Rincovitch\00. Nhan\CSharp\RincoMTO\RincoMTO_djj4tpge_wpftmp.csproj::TargetFramework=net8.0-windows]
C:\Users\Nhan\OneDrive - Rincovitch\00. Nhan\CSharp\RincoMTO\BIMTOOL\obj\Release R26\Tools\MTO Smart Tag\UI\MtoSmartTagWindow.g.cs(1,77): error CS1056: Unexpected character '\0' [C:\Users\Nhan\OneDrive - Rincovitch\00. Nhan\CSharp\RincoMTO\RincoMTO_djj4tpge_wpftmp.csproj::TargetFramework=net8.0-windows]
C:\Users\Nhan\OneDrive - Rincovitch\00. Nhan\CSharp\RincoMTO\BIMTOOL\obj\Release R26\Tools\MTO Smart Tag\UI\MtoSmartTagWindow.g.cs(1,78): error CS1056: Unexpected character '\0' [C:\Users\Nhan\OneDrive - Rincovitch\00. Nhan\CSharp\RincoMTO\RincoMTO_djj4tpge_wpftmp.csproj::TargetFramework=net8.0-windows]
C:\Users\Nhan\OneDrive - Rincovitch\00. Nhan\CSharp\RincoMTO\BIMTOOL\obj\Release R26\Tools\MTO Smart Tag\UI\MtoSmartTagWindow.g.cs(1,79): error CS1056: Unexpected character '\0' [C:\Users\Nhan\OneDrive - Rincovitch\00. Nhan\CSharp\RincoMTO\RincoMTO_djj4tpge_wpftmp.csproj::TargetFramework=net8.0-windows]
C:\Users\Nhan\OneDrive - Rincovitch\00. Nhan\CSharp\RincoMTO\BIMTOOL\obj\Release R26\Tools\MTO Smart Tag\UI\MtoSmartTagWindow.g.cs(1,80): error CS1056: Unexpected character '\0' [C:\Users\Nhan\OneDrive - Rincovitch\00. Nhan\CSharp\RincoMTO\RincoMTO_djj4tpge_wpftmp.csproj::TargetFramework=net8.0-windows]
C:\Users\Nhan\OneDrive - Rincovitch\00. Nhan\CSharp\RincoMTO\BIMTOOL\obj\Release R26\Tools\MTO Smart Tag\UI\MtoSmartTagWindow.g.cs(1,81): error CS1056: Unexpected character '\0' [C:\Users\Nhan\OneDrive - Rincovitch\00. Nhan\CSharp\RincoMTO\RincoMTO_djj4tpge_wpftmp.csproj::TargetFramework=net8.0-windows]
C:\Users\Nhan\OneDrive - Rincovitch\00. Nhan\CSharp\RincoMTO\BIMTOOL\obj\Release R26\Tools\MTO Smart Tag\UI\MtoSmartTagWindow.g.cs(1,82): error CS1056: Unexpected character '\0' [C:\Users\Nhan\OneDrive - Rincovitch\00. Nhan\CSharp\RincoMTO\RincoMTO_djj4tpge_wpftmp.csproj::TargetFramework=net8.0-windows]
C:\Users\Nhan\OneDrive - Rincovitch\00. Nhan\CSharp\RincoMTO\BIMTOOL\obj\Release R26\Tools\MTO Smart Tag\UI\MtoSmartTagWindow.g.cs(1,83): error CS1056: Unexpected character '\0' [C:\Users\Nhan\OneDrive - Rincovitch\00. Nhan\CSharp\RincoMTO\RincoMTO_djj4tpge_wpftmp.csproj::TargetFramework=net8.0-windows]
C:\Users\Nhan\OneDrive - Rincovitch\00. Nhan\CSharp\RincoMTO\BIMTOOL\obj\Release R26\Tools\MTO Smart Tag\UI\MtoSmartTagWindow.g.cs(1,84): error CS1056: Unexpected character '\0' [C:\Users\Nhan\OneDrive - Rincovitch\00. Nhan\CSharp\RincoMTO\RincoMTO_djj4tpge_wpftmp.csproj::TargetFramework=net8.0-windows]
C:\Users\Nhan\OneDrive - Rincovitch\00. Nhan\CSharp\RincoMTO\BIMTOOL\obj\Release R26\Tools\MTO Smart Tag\UI\MtoSmartTagWindow.g.cs(1,85): error CS1056: Unexpected character '\0' [C:\Users\Nhan\OneDrive - Rincovitch\00. Nhan\CSharp\RincoMTO\RincoMTO_djj4tpge_wpftmp.csproj::TargetFramework=net8.0-windows]
C:\Users\Nhan\OneDrive - Rincovitch\00. Nhan\CSharp\RincoMTO\BIMTOOL\obj\Release R26\Tools\MTO Smart Tag\UI\MtoSmartTagWindow.g.cs(1,86): error CS1056: Unexpected character '\0' [C:\Users\Nhan\OneDrive - Rincovitch\00. Nhan\CSharp\RincoMTO\RincoMTO_djj4tpge_wpftmp.csproj::TargetFramework=net8.0-windows]
C:\Users\Nhan\OneDrive - Rincovitch\00. Nhan\CSharp\RincoMTO\BIMTOOL\obj\Release R26\Tools\MTO Smart Tag\UI\MtoSmartTagWindow.g.cs(1,87): error CS1056: Unexpected character '\0' [C:\Users\Nhan\OneDrive - Rincovitch\00. Nhan\CSharp\RincoMTO\RincoMTO_djj4tpge_wpftmp.csproj::TargetFramework=net8.0-windows]
C:\Users\Nhan\OneDrive - Rincovitch\00. Nhan\CSharp\RincoMTO\BIMTOOL\obj\Release R26\Tools\MTO Smart Tag\UI\MtoSmartTagWindow.g.cs(1,88): error CS1056: Unexpected character '\0' [C:\Users\Nhan\OneDrive - Rincovitch\00. Nhan\CSharp\RincoMTO\RincoMTO_djj4tpge_wpftmp.csproj::TargetFramework=net8.0-windows]
C:\Users\Nhan\OneDrive - Rincovitch\00. Nhan\CSharp\RincoMTO\BIMTOOL\obj\Release R26\Tools\MTO Smart Tag\UI\MtoSmartTagWindow.g.cs(1,89): error CS1056: Unexpected character '\0' [C:\Users\Nhan\OneDrive - Rincovitch\00. Nhan\CSharp\RincoMTO\RincoMTO_djj4tpge_wpftmp.csproj::TargetFramework=net8.0-windows]
C:\Users\Nhan\OneDrive - Rincovitch\00. Nhan\CSharp\RincoMTO\BIMTOOL\obj\Release R26\Tools\MTO Smart Tag\UI\MtoSmartTagWindow.g.cs(1,90): error CS1056: Unexpected character '\0' [C:\Users\Nhan\OneDrive - Rincovitch\00. Nhan\CSharp\RincoMTO\RincoMTO_djj4tpge_wpftmp.csproj::TargetFramework=net8.0-windows]
C:\Users\Nhan\OneDrive - Rincovitch\00. Nhan\CSharp\RincoMTO\BIMTOOL\obj\Release R26\Tools\MTO Smart Tag\UI\MtoSmartTagWindow.g.cs(1,91): error CS1056: Unexpected character '\0' [C:\Users\Nhan\OneDrive - Rincovitch\00. Nhan\CSharp\RincoMTO\RincoMTO_djj4tpge_wpftmp.csproj::TargetFramework=net8.0-windows]
C:\Users\Nhan\OneDrive - Rincovitch\00. Nhan\CSharp\RincoMTO\BIMTOOL\obj\Release R26\Tools\MTO Smart Tag\UI\MtoSmartTagWindow.g.cs(1,92): error CS1056: Unexpected character '\0' [C:\Users\Nhan\OneDrive - Rincovitch\00. Nhan\CSharp\RincoMTO\RincoMTO_djj4tpge_wpftmp.csproj::TargetFramework=net8.0-windows]
C:\Users\Nhan\OneDrive - Rincovitch\00. Nhan\CSharp\RincoMTO\BIMTOOL\obj\Release R26\Tools\MTO Smart Tag\UI\MtoSmartTagWindow.g.cs(1,93): error CS1056: Unexpected character '\0' [C:\Users\Nhan\OneDrive - Rincovitch\00. Nhan\CSharp\RincoMTO\RincoMTO_djj4tpge_wpftmp.csproj::TargetFramework=net8.0-windows]
C:\Users\Nhan\OneDrive - Rincovitch\00. Nhan\CSharp\RincoMTO\BIMTOOL\obj\Release R26\Tools\MTO Smart Tag\UI\MtoSmartTagWindow.g.cs(1,94): error CS1056: Unexpected character '\0' [C:\Users\Nhan\OneDrive - Rincovitch\00. Nhan\CSharp\RincoMTO\RincoMTO_djj4tpge_wpftmp.csproj::TargetFramework=net8.0-windows]
C:\Users\Nhan\OneDrive - Rincovitch\00. Nhan\CSharp\RincoMTO\BIMTOOL\obj\Release R26\Tools\MTO Smart Tag\UI\MtoSmartTagWindow.g.cs(1,95): error CS1056: Unexpected character '\0' [C:\Users\Nhan\OneDrive - Rincovitch\00. Nhan\CSharp\RincoMTO\RincoMTO_djj4tpge_wpftmp.csproj::TargetFramework=net8.0-windows]
C:\Users\Nhan\OneDrive - Rincovitch\00. Nhan\CSharp\RincoMTO\BIMTOOL\obj\Release R26\Tools\MTO Smart Tag\UI\MtoSmartTagWindow.g.cs(1,96): error CS1056: Unexpected character '\0' [C:\Users\Nhan\OneDrive - Rincovitch\00. Nhan\CSharp\RincoMTO\RincoMTO_djj4tpge_wpftmp.csproj::TargetFramework=net8.0-windows]
C:\Users\Nhan\OneDrive - Rincovitch\00. Nhan\CSharp\RincoMTO\BIMTOOL\obj\Release R26\Tools\MTO Smart Tag\UI\MtoSmartTagWindow.g.cs(1,97): error CS1056: Unexpected character '\0' [C:\Users\Nhan\OneDrive - Rincovitch\00. Nhan\CSharp\RincoMTO\RincoMTO_djj4tpge_wpftmp.csproj::TargetFramework=net8.0-windows]
C:\Users\Nhan\OneDrive - Rincovitch\00. Nhan\CSharp\RincoMTO\BIMTOOL\obj\Release R26\Tools\MTO Smart Tag\UI\MtoSmartTagWindow.g.cs(1,98): error CS1056: Unexpected character '\0' [C:\Users\Nhan\OneDrive - Rincovitch\00. Nhan\CSharp\RincoMTO\RincoMTO_djj4tpge_wpftmp.csproj::TargetFramework=net8.0-windows]
C:\Users\Nhan\OneDrive - Rincovitch\00. Nhan\CSharp\RincoMTO\BIMTOOL\obj\Release R26\Tools\MTO Smart Tag\UI\MtoSmartTagWindow.g.cs(1,99): error CS1056: Unexpected character '\0' [C:\Users\Nhan\OneDrive - Rincovitch\00. Nhan\CSharp\RincoMTO\RincoMTO_djj4tpge_wpftmp.csproj::TargetFramework=net8.0-windows]
C:\Users\Nhan\OneDrive - Rincovitch\00. Nhan\CSharp\RincoMTO\BIMTOOL\obj\Release R26\Tools\MTO Smart Tag\UI\MtoSmartTagWindow.g.cs(1,100): error CS1056: Unexpected character '\0' [C:\Users\Nhan\OneDrive - Rincovitch\00. Nhan\CSharp\RincoMTO\RincoMTO_djj4tpge_wpftmp.csproj::TargetFramework=net8.0-windows]
C:\Users\Nhan\OneDrive - Rincovitch\00. Nhan\CSharp\RincoMTO\BIMTOOL\obj\Release R26\Tools\MTO Smart Tag\UI\MtoSmartTagWindow.g.cs(1,101): error CS1056: Unexpected character '\0' [C:\Users\Nhan\OneDrive - Rincovitch\00. Nhan\CSharp\RincoMTO\RincoMTO_djj4tpge_wpftmp.csproj::TargetFramework=net8.0-windows]
C:\Users\Nhan\OneDrive - Rincovitch\00. Nhan\CSharp\RincoMTO\BIMTOOL\obj\Release R26\Tools\MTO Smart Tag\UI\MtoSmartTagWindow.g.cs(1,102): error CS1056: Unexpected character '\0' [C:\Users\Nhan\OneDrive - Rincovitch\00. Nhan\CSharp\RincoMTO\RincoMTO_djj4tpge_wpftmp.csproj::TargetFramework=net8.0-windows]
C:\Users\Nhan\OneDrive - Rincovitch\00. Nhan\CSharp\RincoMTO\BIMTOOL\obj\Release R26\Tools\MTO Smart Tag\UI\MtoSmartTagWindow.g.cs(1,103): error CS1056: Unexpected character '\0' [C:\Users\Nhan\OneDrive - Rincovitch\00. Nhan\CSharp\RincoMTO\RincoMTO_djj4tpge_wpftmp.csproj::TargetFramework=net8.0-windows]
C:\Users\Nhan\OneDrive - Rincovitch\00. Nhan\CSharp\RincoMTO\BIMTOOL\obj\Release R26\Tools\MTO Smart Tag\UI\MtoSmartTagWindow.g.cs(1,104): error CS1056: Unexpected character '\0' [C:\Users\Nhan\OneDrive - Rincovitch\00. Nhan\CSharp\RincoMTO\RincoMTO_djj4tpge_wpftmp.csproj::TargetFramework=net8.0-windows]
C:\Users\Nhan\OneDrive - Rincovitch\00. Nhan\CSharp\RincoMTO\BIMTOOL\obj\Release R26\Tools\MTO Smart Tag\UI\MtoSmartTagWindow.g.cs(1,105): error CS1056: Unexpected character '\0' [C:\Users\Nhan\OneDrive - Rincovitch\00. Nhan\CSharp\RincoMTO\RincoMTO_djj4tpge_wpftmp.csproj::TargetFramework=net8.0-windows]
C:\Users\Nhan\OneDrive - Rincovitch\00. Nhan\CSharp\RincoMTO\BIMTOOL\obj\Release R26\Tools\MTO Smart Tag\UI\MtoSmartTagWindow.g.cs(1,106): error CS1056: Unexpected character '\0' [C:\Users\Nhan\OneDrive - Rincovitch\00. Nhan\CSharp\RincoMTO\RincoMTO_djj4tpge_wpftmp.csproj::TargetFramework=net8.0-windows]
C:\Users\Nhan\OneDrive - Rincovitch\00. Nhan\CSharp\RincoMTO\BIMTOOL\obj\Release R26\Tools\MTO Smart Tag\UI\MtoSmartTagWindow.g.cs(1,107): error CS1056: Unexpected character '\0' [C:\Users\Nhan\OneDrive - Rincovitch\00. Nhan\CSharp\RincoMTO\RincoMTO_djj4tpge_wpftmp.csproj::TargetFramework=net8.0-windows]
C:\Users\Nhan\OneDrive - Rincovitch\00. Nhan\CSharp\RincoMTO\BIMTOOL\obj\Release R26\Tools\MTO Smart Tag\UI\MtoSmartTagWindow.g.cs(1,108): error CS1056: Unexpected character '\0' [C:\Users\Nhan\OneDrive - Rincovitch\00. Nhan\CSharp\RincoMTO\RincoMTO_djj4tpge_wpftmp.csproj::TargetFramework=net8.0-windows]
C:\Users\Nhan\OneDrive - Rincovitch\00. Nhan\CSharp\RincoMTO\BIMTOOL\obj\Release R26\Tools\MTO Smart Tag\UI\MtoSmartTagWindow.g.cs(1,109): error CS1056: Unexpected character '\0' [C:\Users\Nhan\OneDrive - Rincovitch\00. Nhan\CSharp\RincoMTO\RincoMTO_djj4tpge_wpftmp.csproj::TargetFramework=net8.0-windows]
C:\Users\Nhan\OneDrive - Rincovitch\00. Nhan\CSharp\RincoMTO\BIMTOOL\obj\Release R26\Tools\MTO Smart Tag\UI\MtoSmartTagWindow.g.cs(1,110): error CS1056: Unexpected character '\0' [C:\Users\Nhan\OneDrive - Rincovitch\00. Nhan\CSharp\RincoMTO\RincoMTO_djj4tpge_wpftmp.csproj::TargetFramework=net8.0-windows]
C:\Users\Nhan\OneDrive - Rincovitch\00. Nhan\CSharp\RincoMTO\BIMTOOL\obj\Release R26\Tools\MTO Smart Tag\UI\MtoSmartTagWindow.g.cs(1,111): error CS1056: Unexpected character '\0' [C:\Users\Nhan\OneDrive - Rincovitch\00. Nhan\CSharp\RincoMTO\RincoMTO_djj4tpge_wpftmp.csproj::TargetFramework=net8.0-windows]
C:\Users\Nhan\OneDrive - Rincovitch\00. Nhan\CSharp\RincoMTO\BIMTOOL\obj\Release R26\Tools\MTO Smart Tag\UI\MtoSmartTagWindow.g.cs(1,112): error CS1056: Unexpected character '\0' [C:\Users\Nhan\OneDrive - Rincovitch\00. Nhan\CSharp\RincoMTO\RincoMTO_djj4tpge_wpftmp.csproj::TargetFramework=net8.0-windows]
C:\Users\Nhan\OneDrive - Rincovitch\00. Nhan\CSharp\RincoMTO\BIMTOOL\obj\Release R26\Tools\MTO Smart Tag\UI\MtoSmartTagWindow.g.cs(1,113): error CS1056: Unexpected character '\0' [C:\Users\Nhan\OneDrive - Rincovitch\00. Nhan\CSharp\RincoMTO\RincoMTO_djj4tpge_wpftmp.csproj::TargetFramework=net8.0-windows]
C:\Users\Nhan\OneDrive - Rincovitch\00. Nhan\CSharp\RincoMTO\BIMTOOL\obj\Release R26\Tools\MTO Smart Tag\UI\MtoSmartTagWindow.g.cs(1,114): error CS1056: Unexpected character '\0' [C:\Users\Nhan\OneDrive - Rincovitch\00. Nhan\CSharp\RincoMTO\RincoMTO_djj4tpge_wpftmp.csproj::TargetFramework=net8.0-windows]
C:\Users\Nhan\OneDrive - Rincovitch\00. Nhan\CSharp\RincoMTO\BIMTOOL\obj\Release R26\Tools\MTO Smart Tag\UI\MtoSmartTagWindow.g.cs(1,115): error CS1056: Unexpected character '\0' [C:\Users\Nhan\OneDrive - Rincovitch\00. Nhan\CSharp\RincoMTO\RincoMTO_djj4tpge_wpftmp.csproj::TargetFramework=net8.0-windows]
C:\Users\Nhan\OneDrive - Rincovitch\00. Nhan\CSharp\RincoMTO\BIMTOOL\obj\Release R26\Tools\MTO Smart Tag\UI\MtoSmartTagWindow.g.cs(1,116): error CS1056: Unexpected character '\0' [C:\Users\Nhan\OneDrive - Rincovitch\00. Nhan\CSharp\RincoMTO\RincoMTO_djj4tpge_wpftmp.csproj::TargetFramework=net8.0-windows]
C:\Users\Nhan\OneDrive - Rincovitch\00. Nhan\CSharp\RincoMTO\BIMTOOL\obj\Release R26\Tools\MTO Smart Tag\UI\MtoSmartTagWindow.g.cs(1,117): error CS1056: Unexpected character '\0' [C:\Users\Nhan\OneDrive - Rincovitch\00. Nhan\CSharp\RincoMTO\RincoMTO_djj4tpge_wpftmp.csproj::TargetFramework=net8.0-windows]
C:\Users\Nhan\OneDrive - Rincovitch\00. Nhan\CSharp\RincoMTO\BIMTOOL\obj\Release R26\Tools\MTO Smart Tag\UI\MtoSmartTagWindow.g.cs(1,118): error CS1056: Unexpected character '\0' [C:\Users\Nhan\OneDrive - Rincovitch\00. Nhan\CSharp\RincoMTO\RincoMTO_djj4tpge_wpftmp.csproj::TargetFramework=net8.0-windows]
C:\Users\Nhan\OneDrive - Rincovitch\00. Nhan\CSharp\RincoMTO\BIMTOOL\obj\Release R26\Tools\MTO Smart Tag\UI\MtoSmartTagWindow.g.cs(1,119): error CS1056: Unexpected character '\0' [C:\Users\Nhan\OneDrive - Rincovitch\00. Nhan\CSharp\RincoMTO\RincoMTO_djj4tpge_wpftmp.csproj::TargetFramework=net8.0-windows]
C:\Users\Nhan\OneDrive - Rincovitch\00. Nhan\CSharp\RincoMTO\BIMTOOL\obj\Release R26\Tools\MTO Smart Tag\UI\MtoSmartTagWindow.g.cs(1,120): error CS1056: Unexpected character '\0' [C:\Users\Nhan\OneDrive - Rincovitch\00. Nhan\CSharp\RincoMTO\RincoMTO_djj4tpge_wpftmp.csproj::TargetFramework=net8.0-windows]
C:\Users\Nhan\OneDrive - Rincovitch\00. Nhan\CSharp\RincoMTO\BIMTOOL\obj\Release R26\Tools\MTO Smart Tag\UI\MtoSmartTagWindow.g.cs(1,121): error CS1056: Unexpected character '\0' [C:\Users\Nhan\OneDrive - Rincovitch\00. Nhan\CSharp\RincoMTO\RincoMTO_djj4tpge_wpftmp.csproj::TargetFramework=net8.0-windows]
C:\Users\Nhan\OneDrive - Rincovitch\00. Nhan\CSharp\RincoMTO\BIMTOOL\obj\Release R26\Tools\MTO Smart Tag\UI\MtoSmartTagWindow.g.cs(1,122): error CS1056: Unexpected character '\0' [C:\Users\Nhan\OneDrive - Rincovitch\00. Nhan\CSharp\RincoMTO\RincoMTO_djj4tpge_wpftmp.csproj::TargetFramework=net8.0-windows]
C:\Users\Nhan\OneDrive - Rincovitch\00. Nhan\CSharp\RincoMTO\BIMTOOL\obj\Release R26\Tools\MTO Smart Tag\UI\MtoSmartTagWindow.g.cs(1,123): error CS1056: Unexpected character '\0' [C:\Users\Nhan\OneDrive - Rincovitch\00. Nhan\CSharp\RincoMTO\RincoMTO_djj4tpge_wpftmp.csproj::TargetFramework=net8.0-windows]
C:\Users\Nhan\OneDrive - Rincovitch\00. Nhan\CSharp\RincoMTO\BIMTOOL\obj\Release R26\Tools\MTO Smart Tag\UI\MtoSmartTagWindow.g.cs(1,124): error CS1056: Unexpected character '\0' [C:\Users\Nhan\OneDrive - Rincovitch\00. Nhan\CSharp\RincoMTO\RincoMTO_djj4tpge_wpftmp.csproj::TargetFramework=net8.0-windows]
C:\Users\Nhan\OneDrive - Rincovitch\00. Nhan\CSharp\RincoMTO\BIMTOOL\obj\Release R26\Tools\MTO Smart Tag\UI\MtoSmartTagWindow.g.cs(1,125): error CS1056: Unexpected character '\0' [C:\Users\Nhan\OneDrive - Rincovitch\00. Nhan\CSharp\RincoMTO\RincoMTO_djj4tpge_wpftmp.csproj::TargetFramework=net8.0-windows]
C:\Users\Nhan\OneDrive - Rincovitch\00. Nhan\CSharp\RincoMTO\BIMTOOL\obj\Release R26\Tools\MTO Smart Tag\UI\MtoSmartTagWindow.g.cs(1,126): error CS1056: Unexpected character '\0' [C:\Users\Nhan\OneDrive - Rincovitch\00. Nhan\CSharp\RincoMTO\RincoMTO_djj4tpge_wpftmp.csproj::TargetFramework=net8.0-windows]
C:\Users\Nhan\OneDrive - Rincovitch\00. Nhan\CSharp\RincoMTO\BIMTOOL\obj\Release R26\Tools\MTO Smart Tag\UI\MtoSmartTagWindow.g.cs(1,127): error CS1056: Unexpected character '\0' [C:\Users\Nhan\OneDrive - Rincovitch\00. Nhan\CSharp\RincoMTO\RincoMTO_djj4tpge_wpftmp.csproj::TargetFramework=net8.0-windows]
C:\Users\Nhan\OneDrive - Rincovitch\00. Nhan\CSharp\RincoMTO\BIMTOOL\obj\Release R26\Tools\MTO Smart Tag\UI\MtoSmartTagWindow.g.cs(1,128): error CS1056: Unexpected character '\0' [C:\Users\Nhan\OneDrive - Rincovitch\00. Nhan\CSharp\RincoMTO\RincoMTO_djj4tpge_wpftmp.csproj::TargetFramework=net8.0-windows]
C:\Users\Nhan\OneDrive - Rincovitch\00. Nhan\CSharp\RincoMTO\BIMTOOL\obj\Release R26\Tools\MTO Smart Tag\UI\MtoSmartTagWindow.g.cs(1,129): error CS1056: Unexpected character '\0' [C:\Users\Nhan\OneDrive - Rincovitch\00. Nhan\CSharp\RincoMTO\RincoMTO_djj4tpge_wpftmp.csproj::TargetFramework=net8.0-windows]
C:\Users\Nhan\OneDrive - Rincovitch\00. Nhan\CSharp\RincoMTO\BIMTOOL\obj\Release R26\Tools\MTO Smart Tag\UI\MtoSmartTagWindow.g.cs(1,130): error CS1056: Unexpected character '\0' [C:\Users\Nhan\OneDrive - Rincovitch\00. Nhan\CSharp\RincoMTO\RincoMTO_djj4tpge_wpftmp.csproj::TargetFramework=net8.0-windows]
C:\Users\Nhan\OneDrive - Rincovitch\00. Nhan\CSharp\RincoMTO\BIMTOOL\obj\Release R26\Tools\MTO Smart Tag\UI\MtoSmartTagWindow.g.cs(1,131): error CS1056: Unexpected character '\0' [C:\Users\Nhan\OneDrive - Rincovitch\00. Nhan\CSharp\RincoMTO\RincoMTO_djj4tpge_wpftmp.csproj::TargetFramework=net8.0-windows]
C:\Users\Nhan\OneDrive - Rincovitch\00. Nhan\CSharp\RincoMTO\BIMTOOL\obj\Release R26\Tools\MTO Smart Tag\UI\MtoSmartTagWindow.g.cs(1,132): error CS1056: Unexpected character '\0' [C:\Users\Nhan\OneDrive - Rincovitch\00. Nhan\CSharp\RincoMTO\RincoMTO_djj4tpge_wpftmp.csproj::TargetFramework=net8.0-windows]
C:\Users\Nhan\OneDrive - Rincovitch\00. Nhan\CSharp\RincoMTO\BIMTOOL\obj\Release R26\Tools\MTO Smart Tag\UI\MtoSmartTagWindow.g.cs(1,133): error CS1056: Unexpected character '\0' [C:\Users\Nhan\OneDrive - Rincovitch\00. Nhan\CSharp\RincoMTO\RincoMTO_djj4tpge_wpftmp.csproj::TargetFramework=net8.0-windows]
C:\Users\Nhan\OneDrive - Rincovitch\00. Nhan\CSharp\RincoMTO\BIMTOOL\obj\Release R26\Tools\MTO Smart Tag\UI\MtoSmartTagWindow.g.cs(1,134): error CS1056: Unexpected character '\0' [C:\Users\Nhan\OneDrive - Rincovitch\00. Nhan\CSharp\RincoMTO\RincoMTO_djj4tpge_wpftmp.csproj::TargetFramework=net8.0-windows]
C:\Users\Nhan\OneDrive - Rincovitch\00. Nhan\CSharp\RincoMTO\BIMTOOL\obj\Release R26\Tools\MTO Smart Tag\UI\MtoSmartTagWindow.g.cs(1,135): error CS1056: Unexpected character '\0' [C:\Users\Nhan\OneDrive - Rincovitch\00. Nhan\CSharp\RincoMTO\RincoMTO_djj4tpge_wpftmp.csproj::TargetFramework=net8.0-windows]
C:\Users\Nhan\OneDrive - Rincovitch\00. Nhan\CSharp\RincoMTO\BIMTOOL\obj\Release R26\Tools\MTO Smart Tag\UI\MtoSmartTagWindow.g.cs(1,136): error CS1056: Unexpected character '\0' [C:\Users\Nhan\OneDrive - Rincovitch\00. Nhan\CSharp\RincoMTO\RincoMTO_djj4tpge_wpftmp.csproj::TargetFramework=net8.0-windows]
C:\Users\Nhan\OneDrive - Rincovitch\00. Nhan\CSharp\RincoMTO\BIMTOOL\obj\Release R26\Tools\MTO Smart Tag\UI\MtoSmartTagWindow.g.cs(1,137): error CS1056: Unexpected character '\0' [C:\Users\Nhan\OneDrive - Rincovitch\00. Nhan\CSharp\RincoMTO\RincoMTO_djj4tpge_wpftmp.csproj::TargetFramework=net8.0-windows]
C:\Users\Nhan\OneDrive - Rincovitch\00. Nhan\CSharp\RincoMTO\BIMTOOL\obj\Release R26\Tools\MTO Smart Tag\UI\MtoSmartTagWindow.g.cs(1,138): error CS1056: Unexpected character '\0' [C:\Users\Nhan\OneDrive - Rincovitch\00. Nhan\CSharp\RincoMTO\RincoMTO_djj4tpge_wpftmp.csproj::TargetFramework=net8.0-windows]
C:\Users\Nhan\OneDrive - Rincovitch\00. Nhan\CSharp\RincoMTO\BIMTOOL\obj\Release R26\Tools\MTO Smart Tag\UI\MtoSmartTagWindow.g.cs(1,139): error CS1056: Unexpected character '\0' [C:\Users\Nhan\OneDrive - Rincovitch\00. Nhan\CSharp\RincoMTO\RincoMTO_djj4tpge_wpftmp.csproj::TargetFramework=net8.0-windows]
C:\Users\Nhan\OneDrive - Rincovitch\00. Nhan\CSharp\RincoMTO\BIMTOOL\obj\Release R26\Tools\MTO Smart Tag\UI\MtoSmartTagWindow.g.cs(1,140): error CS1056: Unexpected character '\0' [C:\Users\Nhan\OneDrive - Rincovitch\00. Nhan\CSharp\RincoMTO\RincoMTO_djj4tpge_wpftmp.csproj::TargetFramework=net8.0-windows]
C:\Users\Nhan\OneDrive - Rincovitch\00. Nhan\CSharp\RincoMTO\BIMTOOL\obj\Release R26\Tools\MTO Smart Tag\UI\MtoSmartTagWindow.g.cs(1,141): error CS1056: Unexpected character '\0' [C:\Users\Nhan\OneDrive - Rincovitch\00. Nhan\CSharp\RincoMTO\RincoMTO_djj4tpge_wpftmp.csproj::TargetFramework=net8.0-windows]
C:\Users\Nhan\OneDrive - Rincovitch\00. Nhan\CSharp\RincoMTO\BIMTOOL\obj\Release R26\Tools\MTO Smart Tag\UI\MtoSmartTagWindow.g.cs(1,142): error CS1056: Unexpected character '\0' [C:\Users\Nhan\OneDrive - Rincovitch\00. Nhan\CSharp\RincoMTO\RincoMTO_djj4tpge_wpftmp.csproj::TargetFramework=net8.0-windows]
C:\Users\Nhan\OneDrive - Rincovitch\00. Nhan\CSharp\RincoMTO\BIMTOOL\obj\Release R26\Tools\MTO Smart Tag\UI\MtoSmartTagWindow.g.cs(1,143): error CS1056: Unexpected character '\0' [C:\Users\Nhan\OneDrive - Rincovitch\00. Nhan\CSharp\RincoMTO\RincoMTO_djj4tpge_wpftmp.csproj::TargetFramework=net8.0-windows]
C:\Users\Nhan\OneDrive - Rincovitch\00. Nhan\CSharp\RincoMTO\BIMTOOL\obj\Release R26\Tools\MTO Smart Tag\UI\MtoSmartTagWindow.g.cs(1,144): error CS1056: Unexpected character '\0' [C:\Users\Nhan\OneDrive - Rincovitch\00. Nhan\CSharp\RincoMTO\RincoMTO_djj4tpge_wpftmp.csproj::TargetFramework=net8.0-windows]
C:\Users\Nhan\OneDrive - Rincovitch\00. Nhan\CSharp\RincoMTO\BIMTOOL\obj\Release R26\Tools\MTO Smart Tag\UI\MtoSmartTagWindow.g.cs(1,145): error CS1056: Unexpected character '\0' [C:\Users\Nhan\OneDrive - Rincovitch\00. Nhan\CSharp\RincoMTO\RincoMTO_djj4tpge_wpftmp.csproj::TargetFramework=net8.0-windows]
C:\Users\Nhan\OneDrive - Rincovitch\00. Nhan\CSharp\RincoMTO\BIMTOOL\obj\Release R26\Tools\MTO Smart Tag\UI\MtoSmartTagWindow.g.cs(1,146): error CS1056: Unexpected character '\0' [C:\Users\Nhan\OneDrive - Rincovitch\00. Nhan\CSharp\RincoMTO\RincoMTO_djj4tpge_wpftmp.csproj::TargetFramework=net8.0-windows]
C:\Users\Nhan\OneDrive - Rincovitch\00. Nhan\CSharp\RincoMTO\BIMTOOL\obj\Release R26\Tools\MTO Smart Tag\UI\MtoSmartTagWindow.g.cs(1,147): error CS1056: Unexpected character '\0' [C:\Users\Nhan\OneDrive - Rincovitch\00. Nhan\CSharp\RincoMTO\RincoMTO_djj4tpge_wpftmp.csproj::TargetFramework=net8.0-windows]
C:\Users\Nhan\OneDrive - Rincovitch\00. Nhan\CSharp\RincoMTO\BIMTOOL\obj\Release R26\Tools\MTO Smart Tag\UI\MtoSmartTagWindow.g.cs(1,148): error CS1056: Unexpected character '\0' [C:\Users\Nhan\OneDrive - Rincovitch\00. Nhan\CSharp\RincoMTO\RincoMTO_djj4tpge_wpftmp.csproj::TargetFramework=net8.0-windows]
C:\Users\Nhan\OneDrive - Rincovitch\00. Nhan\CSharp\RincoMTO\BIMTOOL\obj\Release R26\Tools\MTO Smart Tag\UI\MtoSmartTagWindow.g.cs(1,149): error CS1056: Unexpected character '\0' [C:\Users\Nhan\OneDrive - Rincovitch\00. Nhan\CSharp\RincoMTO\RincoMTO_djj4tpge_wpftmp.csproj::TargetFramework=net8.0-windows]
C:\Users\Nhan\OneDrive - Rincovitch\00. Nhan\CSharp\RincoMTO\BIMTOOL\obj\Release R26\Tools\MTO Smart Tag\UI\MtoSmartTagWindow.g.cs(1,150): error CS1056: Unexpected character '\0' [C:\Users\Nhan\OneDrive - Rincovitch\00. Nhan\CSharp\RincoMTO\RincoMTO_djj4tpge_wpftmp.csproj::TargetFramework=net8.0-windows]
C:\Users\Nhan\OneDrive - Rincovitch\00. Nhan\CSharp\RincoMTO\BIMTOOL\obj\Release R26\Tools\MTO Smart Tag\UI\MtoSmartTagWindow.g.cs(1,151): error CS1056: Unexpected character '\0' [C:\Users\Nhan\OneDrive - Rincovitch\00. Nhan\CSharp\RincoMTO\RincoMTO_djj4tpge_wpftmp.csproj::TargetFramework=net8.0-windows]
C:\Users\Nhan\OneDrive - Rincovitch\00. Nhan\CSharp\RincoMTO\BIMTOOL\obj\Release R26\Tools\MTO Smart Tag\UI\MtoSmartTagWindow.g.cs(1,152): error CS1056: Unexpected character '\0' [C:\Users\Nhan\OneDrive - Rincovitch\00. Nhan\CSharp\RincoMTO\RincoMTO_djj4tpge_wpftmp.csproj::TargetFramework=net8.0-windows]
C:\Users\Nhan\OneDrive - Rincovitch\00. Nhan\CSharp\RincoMTO\BIMTOOL\obj\Release R26\Tools\MTO Smart Tag\UI\MtoSmartTagWindow.g.cs(1,153): error CS1056: Unexpected character '\0' [C:\Users\Nhan\OneDrive - Rincovitch\00. Nhan\CSharp\RincoMTO\RincoMTO_djj4tpge_wpftmp.csproj::TargetFramework=net8.0-windows]
C:\Users\Nhan\OneDrive - Rincovitch\00. Nhan\CSharp\RincoMTO\BIMTOOL\obj\Release R26\Tools\MTO Smart Tag\UI\MtoSmartTagWindow.g.cs(1,154): error CS1056: Unexpected character '\0' [C:\Users\Nhan\OneDrive - Rincovitch\00. Nhan\CSharp\RincoMTO\RincoMTO_djj4tpge_wpftmp.csproj::TargetFramework=net8.0-windows]
C:\Users\Nhan\OneDrive - Rincovitch\00. Nhan\CSharp\RincoMTO\BIMTOOL\obj\Release R26\Tools\MTO Smart Tag\UI\MtoSmartTagWindow.g.cs(1,155): error CS1056: Unexpected character '\0' [C:\Users\Nhan\OneDrive - Rincovitch\00. Nhan\CSharp\RincoMTO\RincoMTO_djj4tpge_wpftmp.csproj::TargetFramework=net8.0-windows]
C:\Users\Nhan\OneDrive - Rincovitch\00. Nhan\CSharp\RincoMTO\BIMTOOL\obj\Release R26\Tools\MTO Smart Tag\UI\MtoSmartTagWindow.g.cs(1,156): error CS1056: Unexpected character '\0' [C:\Users\Nhan\OneDrive - Rincovitch\00. Nhan\CSharp\RincoMTO\RincoMTO_djj4tpge_wpftmp.csproj::TargetFramework=net8.0-windows]
C:\Users\Nhan\OneDrive - Rincovitch\00. Nhan\CSharp\RincoMTO\BIMTOOL\obj\Release R26\Tools\MTO Smart Tag\UI\MtoSmartTagWindow.g.cs(1,157): error CS1056: Unexpected character '\0' [C:\Users\Nhan\OneDrive - Rincovitch\00. Nhan\CSharp\RincoMTO\RincoMTO_djj4tpge_wpftmp.csproj::TargetFramework=net8.0-windows]
C:\Users\Nhan\OneDrive - Rincovitch\00. Nhan\CSharp\RincoMTO\BIMTOOL\obj\Release R26\Tools\MTO Smart Tag\UI\MtoSmartTagWindow.g.cs(1,158): error CS1056: Unexpected character '\0' [C:\Users\Nhan\OneDrive - Rincovitch\00. Nhan\CSharp\RincoMTO\RincoMTO_djj4tpge_wpftmp.csproj::TargetFramework=net8.0-windows]
C:\Users\Nhan\OneDrive - Rincovitch\00. Nhan\CSharp\RincoMTO\BIMTOOL\obj\Release R26\Tools\MTO Smart Tag\UI\MtoSmartTagWindow.g.cs(1,159): error CS1056: Unexpected character '\0' [C:\Users\Nhan\OneDrive - Rincovitch\00. Nhan\CSharp\RincoMTO\RincoMTO_djj4tpge_wpftmp.csproj::TargetFramework=net8.0-windows]
C:\Users\Nhan\OneDrive - Rincovitch\00. Nhan\CSharp\RincoMTO\BIMTOOL\obj\Release R26\Tools\MTO Smart Tag\UI\MtoSmartTagWindow.g.cs(1,160): error CS1056: Unexpected character '\0' [C:\Users\Nhan\OneDrive - Rincovitch\00. Nhan\CSharp\RincoMTO\RincoMTO_djj4tpge_wpftmp.csproj::TargetFramework=net8.0-windows]
C:\Users\Nhan\OneDrive - Rincovitch\00. Nhan\CSharp\RincoMTO\BIMTOOL\obj\Release R26\Tools\MTO Smart Tag\UI\MtoSmartTagWindow.g.cs(1,161): error CS1056: Unexpected character '\0' [C:\Users\Nhan\OneDrive - Rincovitch\00. Nhan\CSharp\RincoMTO\RincoMTO_djj4tpge_wpftmp.csproj::TargetFramework=net8.0-windows]
C:\Users\Nhan\OneDrive - Rincovitch\00. Nhan\CSharp\RincoMTO\BIMTOOL\obj\Release R26\Tools\MTO Smart Tag\UI\MtoSmartTagWindow.g.cs(1,162): error CS1056: Unexpected character '\0' [C:\Users\Nhan\OneDrive - Rincovitch\00. Nhan\CSharp\RincoMTO\RincoMTO_djj4tpge_wpftmp.csproj::TargetFramework=net8.0-windows]
C:\Users\Nhan\OneDrive - Rincovitch\00. Nhan\CSharp\RincoMTO\BIMTOOL\obj\Release R26\Tools\MTO Smart Tag\UI\MtoSmartTagWindow.g.cs(1,163): error CS1056: Unexpected character '\0' [C:\Users\Nhan\OneDrive - Rincovitch\00. Nhan\CSharp\RincoMTO\RincoMTO_djj4tpge_wpftmp.csproj::TargetFramework=net8.0-windows]
C:\Users\Nhan\OneDrive - Rincovitch\00. Nhan\CSharp\RincoMTO\BIMTOOL\obj\Release R26\Tools\MTO Smart Tag\UI\MtoSmartTagWindow.g.cs(1,164): error CS1056: Unexpected character '\0' [C:\Users\Nhan\OneDrive - Rincovitch\00. Nhan\CSharp\RincoMTO\RincoMTO_djj4tpge_wpftmp.csproj::TargetFramework=net8.0-windows]
C:\Users\Nhan\OneDrive - Rincovitch\00. Nhan\CSharp\RincoMTO\BIMTOOL\obj\Release R26\Tools\MTO Smart Tag\UI\MtoSmartTagWindow.g.cs(1,165): error CS1056: Unexpected character '\0' [C:\Users\Nhan\OneDrive - Rincovitch\00. Nhan\CSharp\RincoMTO\RincoMTO_djj4tpge_wpftmp.csproj::TargetFramework=net8.0-windows]
C:\Users\Nhan\OneDrive - Rincovitch\00. Nhan\CSharp\RincoMTO\BIMTOOL\obj\Release R26\Tools\MTO Smart Tag\UI\MtoSmartTagWindow.g.cs(1,166): error CS1056: Unexpected character '\0' [C:\Users\Nhan\OneDrive - Rincovitch\00. Nhan\CSharp\RincoMTO\RincoMTO_djj4tpge_wpftmp.csproj::TargetFramework=net8.0-windows]
C:\Users\Nhan\OneDrive - Rincovitch\00. Nhan\CSharp\RincoMTO\BIMTOOL\obj\Release R26\Tools\MTO Smart Tag\UI\MtoSmartTagWindow.g.cs(1,167): error CS1056: Unexpected character '\0' [C:\Users\Nhan\OneDrive - Rincovitch\00. Nhan\CSharp\RincoMTO\RincoMTO_djj4tpge_wpftmp.csproj::TargetFramework=net8.0-windows]
C:\Users\Nhan\OneDrive - Rincovitch\00. Nhan\CSharp\RincoMTO\BIMTOOL\obj\Release R26\Tools\MTO Smart Tag\UI\MtoSmartTagWindow.g.cs(1,168): error CS1056: Unexpected character '\0' [C:\Users\Nhan\OneDrive - Rincovitch\00. Nhan\CSharp\RincoMTO\RincoMTO_djj4tpge_wpftmp.csproj::TargetFramework=net8.0-windows]
C:\Users\Nhan\OneDrive - Rincovitch\00. Nhan\CSharp\RincoMTO\BIMTOOL\obj\Release R26\Tools\MTO Smart Tag\UI\MtoSmartTagWindow.g.cs(1,169): error CS1056: Unexpected character '\0' [C:\Users\Nhan\OneDrive - Rincovitch\00. Nhan\CSharp\RincoMTO\RincoMTO_djj4tpge_wpftmp.csproj::TargetFramework=net8.0-windows]
C:\Users\Nhan\OneDrive - Rincovitch\00. Nhan\CSharp\RincoMTO\BIMTOOL\obj\Release R26\Tools\MTO Smart Tag\UI\MtoSmartTagWindow.g.cs(1,170): error CS1056: Unexpected character '\0' [C:\Users\Nhan\OneDrive - Rincovitch\00. Nhan\CSharp\RincoMTO\RincoMTO_djj4tpge_wpftmp.csproj::TargetFramework=net8.0-windows]
C:\Users\Nhan\OneDrive - Rincovitch\00. Nhan\CSharp\RincoMTO\BIMTOOL\obj\Release R26\Tools\MTO Smart Tag\UI\MtoSmartTagWindow.g.cs(1,171): error CS1056: Unexpected character '\0' [C:\Users\Nhan\OneDrive - Rincovitch\00. Nhan\CSharp\RincoMTO\RincoMTO_djj4tpge_wpftmp.csproj::TargetFramework=net8.0-windows]
C:\Users\Nhan\OneDrive - Rincovitch\00. Nhan\CSharp\RincoMTO\BIMTOOL\obj\Release R26\Tools\MTO Smart Tag\UI\MtoSmartTagWindow.g.cs(1,172): error CS1056: Unexpected character '\0' [C:\Users\Nhan\OneDrive - Rincovitch\00. Nhan\CSharp\RincoMTO\RincoMTO_djj4tpge_wpftmp.csproj::TargetFramework=net8.0-windows]
C:\Users\Nhan\OneDrive - Rincovitch\00. Nhan\CSharp\RincoMTO\BIMTOOL\obj\Release R26\Tools\MTO Smart Tag\UI\MtoSmartTagWindow.g.cs(1,173): error CS1056: Unexpected character '\0' [C:\Users\Nhan\OneDrive - Rincovitch\00. Nhan\CSharp\RincoMTO\RincoMTO_djj4tpge_wpftmp.csproj::TargetFramework=net8.0-windows]
C:\Users\Nhan\OneDrive - Rincovitch\00. Nhan\CSharp\RincoMTO\BIMTOOL\obj\Release R26\Tools\MTO Smart Tag\UI\MtoSmartTagWindow.g.cs(1,174): error CS1056: Unexpected character '\0' [C:\Users\Nhan\OneDrive - Rincovitch\00. Nhan\CSharp\RincoMTO\RincoMTO_djj4tpge_wpftmp.csproj::TargetFramework=net8.0-windows]
C:\Users\Nhan\OneDrive - Rincovitch\00. Nhan\CSharp\RincoMTO\BIMTOOL\obj\Release R26\Tools\MTO Smart Tag\UI\MtoSmartTagWindow.g.cs(1,175): error CS1056: Unexpected character '\0' [C:\Users\Nhan\OneDrive - Rincovitch\00. Nhan\CSharp\RincoMTO\RincoMTO_djj4tpge_wpftmp.csproj::TargetFramework=net8.0-windows]
C:\Users\Nhan\OneDrive - Rincovitch\00. Nhan\CSharp\RincoMTO\BIMTOOL\obj\Release R26\Tools\MTO Smart Tag\UI\MtoSmartTagWindow.g.cs(1,176): error CS1056: Unexpected character '\0' [C:\Users\Nhan\OneDrive - Rincovitch\00. Nhan\CSharp\RincoMTO\RincoMTO_djj4tpge_wpftmp.csproj::TargetFramework=net8.0-windows]
C:\Users\Nhan\OneDrive - Rincovitch\00. Nhan\CSharp\RincoMTO\BIMTOOL\obj\Release R26\Tools\MTO Smart Tag\UI\MtoSmartTagWindow.g.cs(1,177): error CS1056: Unexpected character '\0' [C:\Users\Nhan\OneDrive - Rincovitch\00. Nhan\CSharp\RincoMTO\RincoMTO_djj4tpge_wpftmp.csproj::TargetFramework=net8.0-windows]
C:\Users\Nhan\OneDrive - Rincovitch\00. Nhan\CSharp\RincoMTO\BIMTOOL\obj\Release R26\Tools\MTO Smart Tag\UI\MtoSmartTagWindow.g.cs(1,178): error CS1056: Unexpected character '\0' [C:\Users\Nhan\OneDrive - Rincovitch\00. Nhan\CSharp\RincoMTO\RincoMTO_djj4tpge_wpftmp.csproj::TargetFramework=net8.0-windows]
C:\Users\Nhan\OneDrive - Rincovitch\00. Nhan\CSharp\RincoMTO\BIMTOOL\obj\Release R26\Tools\MTO Smart Tag\UI\MtoSmartTagWindow.g.cs(1,179): error CS1056: Unexpected character '\0' [C:\Users\Nhan\OneDrive - Rincovitch\00. Nhan\CSharp\RincoMTO\RincoMTO_djj4tpge_wpftmp.csproj::TargetFramework=net8.0-windows]
C:\Users\Nhan\OneDrive - Rincovitch\00. Nhan\CSharp\RincoMTO\BIMTOOL\obj\Release R26\Tools\MTO Smart Tag\UI\MtoSmartTagWindow.g.cs(1,180): error CS1056: Unexpected character '\0' [C:\Users\Nhan\OneDrive - Rincovitch\00. Nhan\CSharp\RincoMTO\RincoMTO_djj4tpge_wpftmp.csproj::TargetFramework=net8.0-windows]
C:\Users\Nhan\OneDrive - Rincovitch\00. Nhan\CSharp\RincoMTO\BIMTOOL\obj\Release R26\Tools\MTO Smart Tag\UI\MtoSmartTagWindow.g.cs(1,181): error CS1056: Unexpected character '\0' [C:\Users\Nhan\OneDrive - Rincovitch\00. Nhan\CSharp\RincoMTO\RincoMTO_djj4tpge_wpftmp.csproj::TargetFramework=net8.0-windows]
C:\Users\Nhan\OneDrive - Rincovitch\00. Nhan\CSharp\RincoMTO\BIMTOOL\obj\Release R26\Tools\MTO Smart Tag\UI\MtoSmartTagWindow.g.cs(1,182): error CS1056: Unexpected character '\0' [C:\Users\Nhan\OneDrive - Rincovitch\00. Nhan\CSharp\RincoMTO\RincoMTO_djj4tpge_wpftmp.csproj::TargetFramework=net8.0-windows]
C:\Users\Nhan\OneDrive - Rincovitch\00. Nhan\CSharp\RincoMTO\BIMTOOL\obj\Release R26\Tools\MTO Smart Tag\UI\MtoSmartTagWindow.g.cs(1,183): error CS1056: Unexpected character '\0' [C:\Users\Nhan\OneDrive - Rincovitch\00. Nhan\CSharp\RincoMTO\RincoMTO_djj4tpge_wpftmp.csproj::TargetFramework=net8.0-windows]
C:\Users\Nhan\OneDrive - Rincovitch\00. Nhan\CSharp\RincoMTO\BIMTOOL\obj\Release R26\Tools\MTO Smart Tag\UI\MtoSmartTagWindow.g.cs(1,184): error CS1056: Unexpected character '\0' [C:\Users\Nhan\OneDrive - Rincovitch\00. Nhan\CSharp\RincoMTO\RincoMTO_djj4tpge_wpftmp.csproj::TargetFramework=net8.0-windows]
C:\Users\Nhan\OneDrive - Rincovitch\00. Nhan\CSharp\RincoMTO\BIMTOOL\obj\Release R26\Tools\MTO Smart Tag\UI\MtoSmartTagWindow.g.cs(1,185): error CS1056: Unexpected character '\0' [C:\Users\Nhan\OneDrive - Rincovitch\00. Nhan\CSharp\RincoMTO\RincoMTO_djj4tpge_wpftmp.csproj::TargetFramework=net8.0-windows]
C:\Users\Nhan\OneDrive - Rincovitch\00. Nhan\CSharp\RincoMTO\BIMTOOL\obj\Release R26\Tools\MTO Smart Tag\UI\MtoSmartTagWindow.g.cs(1,186): error CS1056: Unexpected character '\0' [C:\Users\Nhan\OneDrive - Rincovitch\00. Nhan\CSharp\RincoMTO\RincoMTO_djj4tpge_wpftmp.csproj::TargetFramework=net8.0-windows]
C:\Users\Nhan\OneDrive - Rincovitch\00. Nhan\CSharp\RincoMTO\BIMTOOL\obj\Release R26\Tools\MTO Smart Tag\UI\MtoSmartTagWindow.g.cs(1,187): error CS1056: Unexpected character '\0' [C:\Users\Nhan\OneDrive - Rincovitch\00. Nhan\CSharp\RincoMTO\RincoMTO_djj4tpge_wpftmp.csproj::TargetFramework=net8.0-windows]
C:\Users\Nhan\OneDrive - Rincovitch\00. Nhan\CSharp\RincoMTO\BIMTOOL\obj\Release R26\Tools\MTO Smart Tag\UI\MtoSmartTagWindow.g.cs(1,188): error CS1056: Unexpected character '\0' [C:\Users\Nhan\OneDrive - Rincovitch\00. Nhan\CSharp\RincoMTO\RincoMTO_djj4tpge_wpftmp.csproj::TargetFramework=net8.0-windows]
C:\Users\Nhan\OneDrive - Rincovitch\00. Nhan\CSharp\RincoMTO\BIMTOOL\obj\Release R26\Tools\MTO Smart Tag\UI\MtoSmartTagWindow.g.cs(1,189): error CS1056: Unexpected character '\0' [C:\Users\Nhan\OneDrive - Rincovitch\00. Nhan\CSharp\RincoMTO\RincoMTO_djj4tpge_wpftmp.csproj::TargetFramework=net8.0-windows]
C:\Users\Nhan\OneDrive - Rincovitch\00. Nhan\CSharp\RincoMTO\BIMTOOL\obj\Release R26\Tools\MTO Smart Tag\UI\MtoSmartTagWindow.g.cs(1,190): error CS1056: Unexpected character '\0' [C:\Users\Nhan\OneDrive - Rincovitch\00. Nhan\CSharp\RincoMTO\RincoMTO_djj4tpge_wpftmp.csproj::TargetFramework=net8.0-windows]
C:\Users\Nhan\OneDrive - Rincovitch\00. Nhan\CSharp\RincoMTO\BIMTOOL\obj\Release R26\Tools\MTO Smart Tag\UI\MtoSmartTagWindow.g.cs(1,191): error CS1056: Unexpected character '\0' [C:\Users\Nhan\OneDrive - Rincovitch\00. Nhan\CSharp\RincoMTO\RincoMTO_djj4tpge_wpftmp.csproj::TargetFramework=net8.0-windows]
C:\Users\Nhan\OneDrive - Rincovitch\00. Nhan\CSharp\RincoMTO\BIMTOOL\obj\Release R26\Tools\MTO Smart Tag\UI\MtoSmartTagWindow.g.cs(1,192): error CS1056: Unexpected character '\0' [C:\Users\Nhan\OneDrive - Rincovitch\00. Nhan\CSharp\RincoMTO\RincoMTO_djj4tpge_wpftmp.csproj::TargetFramework=net8.0-windows]
C:\Users\Nhan\OneDrive - Rincovitch\00. Nhan\CSharp\RincoMTO\BIMTOOL\obj\Release R26\Tools\MTO Smart Tag\UI\MtoSmartTagWindow.g.cs(1,193): error CS1056: Unexpected character '\0' [C:\Users\Nhan\OneDrive - Rincovitch\00. Nhan\CSharp\RincoMTO\RincoMTO_djj4tpge_wpftmp.csproj::TargetFramework=net8.0-windows]
C:\Users\Nhan\OneDrive - Rincovitch\00. Nhan\CSharp\RincoMTO\BIMTOOL\obj\Release R26\Tools\MTO Smart Tag\UI\MtoSmartTagWindow.g.cs(1,194): error CS1056: Unexpected character '\0' [C:\Users\Nhan\OneDrive - Rincovitch\00. Nhan\CSharp\RincoMTO\RincoMTO_djj4tpge_wpftmp.csproj::TargetFramework=net8.0-windows]
C:\Users\Nhan\OneDrive - Rincovitch\00. Nhan\CSharp\RincoMTO\BIMTOOL\obj\Release R26\Tools\MTO Smart Tag\UI\MtoSmartTagWindow.g.cs(1,195): error CS1056: Unexpected character '\0' [C:\Users\Nhan\OneDrive - Rincovitch\00. Nhan\CSharp\RincoMTO\RincoMTO_djj4tpge_wpftmp.csproj::TargetFramework=net8.0-windows]
C:\Users\Nhan\OneDrive - Rincovitch\00. Nhan\CSharp\RincoMTO\BIMTOOL\obj\Release R26\Tools\MTO Smart Tag\UI\MtoSmartTagWindow.g.cs(1,196): error CS1056: Unexpected character '\0' [C:\Users\Nhan\OneDrive - Rincovitch\00. Nhan\CSharp\RincoMTO\RincoMTO_djj4tpge_wpftmp.csproj::TargetFramework=net8.0-windows]
C:\Users\Nhan\OneDrive - Rincovitch\00. Nhan\CSharp\RincoMTO\BIMTOOL\obj\Release R26\Tools\MTO Smart Tag\UI\MtoSmartTagWindow.g.cs(1,197): error CS1056: Unexpected character '\0' [C:\Users\Nhan\OneDrive - Rincovitch\00. Nhan\CSharp\RincoMTO\RincoMTO_djj4tpge_wpftmp.csproj::TargetFramework=net8.0-windows]
C:\Users\Nhan\OneDrive - Rincovitch\00. Nhan\CSharp\RincoMTO\BIMTOOL\obj\Release R26\Tools\MTO Smart Tag\UI\MtoSmartTagWindow.g.cs(1,198): error CS1056: Unexpected character '\0' [C:\Users\Nhan\OneDrive - Rincovitch\00. Nhan\CSharp\RincoMTO\RincoMTO_djj4tpge_wpftmp.csproj::TargetFramework=net8.0-windows]
C:\Users\Nhan\OneDrive - Rincovitch\00. Nhan\CSharp\RincoMTO\BIMTOOL\obj\Release R26\Tools\MTO Smart Tag\UI\MtoSmartTagWindow.g.cs(1,199): error CS1056: Unexpected character '\0' [C:\Users\Nhan\OneDrive - Rincovitch\00. Nhan\CSharp\RincoMTO\RincoMTO_djj4tpge_wpftmp.csproj::TargetFramework=net8.0-windows]
C:\Users\Nhan\OneDrive - Rincovitch\00. Nhan\CSharp\RincoMTO\BIMTOOL\obj\Release R26\Tools\MTO Smart Tag\UI\MtoSmartTagWindow.g.cs(1,200): error CS1056: Unexpected character '\0' [C:\Users\Nhan\OneDrive - Rincovitch\00. Nhan\CSharp\RincoMTO\RincoMTO_djj4tpge_wpftmp.csproj::TargetFramework=net8.0-windows]
C:\Users\Nhan\OneDrive - Rincovitch\00. Nhan\CSharp\RincoMTO\BIMTOOL\obj\Release R26\Tools\MTO Smart Tag\UI\MtoSmartTagWindow.g.cs(1,201): error CS1056: Unexpected character '\0' [C:\Users\Nhan\OneDrive - Rincovitch\00. Nhan\CSharp\RincoMTO\RincoMTO_djj4tpge_wpftmp.csproj::TargetFramework=net8.0-windows]
C:\Users\Nhan\OneDrive - Rincovitch\00. Nhan\CSharp\RincoMTO\BIMTOOL\obj\Release R26\Tools\MTO Smart Tag\UI\MtoSmartTagWindow.g.cs(1,202): error CS1056: Unexpected character '\0\0\0\0\0\0\0\0\0\0\0\0\0\0\0\0\0\0\0\0\0\0\0\0\0\0\0\0\0\0\0\0\0\0\0\0\0\0\0\0\0\0\0\0\0\0\0\0\0\0\0\0\0\0\0\0\0\0\0\0\0\0\0\0\0\0\0\0\0\0\0\0\0\0\0\0\0\0\0\0\0\0\0\0\0\0\0\0\0\0\0\0\0\0\0\0\0\0\0\0\0\0\0\0\0\0\0\0\0\0\0\0\0\0\0\0\0\0\0\0\0\0\0\0\0\0\0\0\0\0\0\0\0\0\0\0\0\0\0\0\0\0\0\0\0\0\0\0\0\0\0\0\0\0\0\0\0\0\0\0\0\0\0\0\0\0\0\0\0\0\0\0\0\0\0\0\0\0\0\0\0\0\0\0\0\0\0\0\0\0\0\0\0\0\0\0\0\0\0\0\0\0\0\0\0\0\0\0\0\0\0\0\0\0\0\0\0\0\0\0\0\0\0\0\0\0\0\0\0\0\0\0\0\0\0\0\0\0\0\0\0\0\0\0\0\0\0\0\0\0\0\0\0\0\0\0\0\0\0\0\0\0\0\0\0\0\0\0\0\0\0\0\0\0\0\0\0\0\0\0\0\0\0\0\0\0\0\0\0\0\0\0\0\0\0\0\0\0\0\0\0\0\0\0\0\0\0\0\0\0\0\0\0\0\0\0\0\0\0\0\0\0\0\0\0\0\0\0\0\0\0\0\0\0\0\0\0\0\0\0\0\0\0\0\0\0\0\0\0\0\0\0\0\0\0\0\0\0\0\0\0\0\0\0\0\0\0\0\0\0\0\0\0\0\0\0\0\0\0\0\0\0\0\0\0\0\0\0\0\0\0\0\0\0\0\0\0\0\0\0\0\0\0\0\0\0\0\0\0\0\0\0\0\0\0\0\0\0\0\0\0\0\0\0\0\0\0\0\0\0\0\0\0\0\0\0\0\0\0\0\0\0\0\0\0\0\0\0\0\0\0\0\0\0\0\0\0\0\0\0\0\0\0\0\0\0\0\0\0\0\0\0\0\0\0\0\0\0\0\0\0\0\0\0\0\0\0\0\0\0\0\0\0\0\0\0\0\0\0\0\0\0\0\0\0\0\0\0\0\0\0\0\0\0\0\0\0\0\0\0\0\0\0\0\0\0\0\0\0\0\0\0\0\0\0\0\0\0\0\0\0\0\0\0\0\0\0\0\0\0\0\0\0\0\0\0\0\0\0\0\0\0\0\0\0\0\0\0\0\0\0\0\0\0\0\0\0\0\0\0\0\0\0\0\0\0\0\0\0\0\0\0\0\0\0\0\0\0\0\0\0\0\0\0\0\0\0\0\0\0\0\0\0\0\0\0\0\0\0\0\0\0\0\0\0\0\0\0\0\0\0\0\0\0\0\0\0\0\0\0\0\0\0\0\0\0\0\0\0\0\0\0\0\0\0\0\0\0\0\0\0\0\0\0\0\0\0\0\0\0\0\0\0\0\0\0\0\0\0\0\0\0\0\0\0\0\0\0\0\0\0\0\0\0\0\0\0\0\0\0\0\0\0\0\0\0\0\0\0\0\0\0\0\0\0\0\0\0\0\0\0\0\0\0\0\0\0\0\0\0\0\0\0\0\0\0\0\0\0\0\0\0\0\0\0\0\0\0\0\0\0\0\0\0\0\0\0\0\0\0\0\0\0\0\0\0\0\0\0\0\0\0\0\0\0\0\0\0\0\0\0\0\0\0\0\0\0\0\0\0\0\0\0\0\0\0\0\0\0\0\0\0\0\0\0\0\0\0\0\0\0\0\0\0\0\0\0\0\0\0\0\0\0\0\0\0\0\0\0\0\0\0\0\0\0\0\0\0\0\0\0\0\0\0\0\0\0\0\0\0\0\0\0\0\0\0\0\0\0\0\0\0\0\0\0\0\0\0\0\0\0\0\0\0\0\0\0\0\0\0\0\0\0\0\0\0\0\0\0\0\0\0\0\0\0\0\0\0\0\0\0\0\0\0\0\0\0\0\0\0\0\0\0\0\0\0\0\0\0\0\0\0\0\0\0\0\0\0\0\0\0\0\0\0\0\0\0\0\0\0\0\0\0\0\0\0\0\0\0\0\0\0\0\0\0\0\0\0\0\0\0\0\0\0\0\0\0\0\0\0\0\0\0\0\0\0\0\0\0\0\0\0\0\0\0\0\0\0\0\0\0\0\0\0\0\0\0\0\0\0\0\0\0\0\0\0\0\0\0\0\0\0\0\0\0\0\0\0\0\0\0\0\0\0\0\0\0\0\0\0\0\0\0\0\0\0\0\0\0\0\0\0\0\0\0\0\0\0\0\0\0\0\0\0\0\0\0\0\0\0\0\0\0\0\0\0\0\0\0\0\0\0\0\0\0\0\0\0\0\0\0\0\0\0\0\0\0\0\0\0\0\0\0\0\0\0\0\0\0\0\0\0\0\0\0\0\0\0\0\0\0\0\0\0\0\0\0\0\0\0\0\0\0\0\0\0\0\0\0\0\0\0\0\0\0\0\0\0\0\0\0\0\0\0\0\0\0\0\0\0\0\0\0\0\0\0\0\0\0\0\0\0\0\0\0\0\0\0\0\0\0\0\0\0\0\0\0\0\0\0\0\0\0\0\0\0\0\0\0\0\0\0\0\0\0\0\0\0\0\0\0\0\0\0\0\0\0\0\0\0\0\0\0\0\0\0\0\0\0\0\0\0\0\0\0\0\0\0\0\0\0\0\0\0\0\0\0\0\0\0\0\0\0\0\0\0\0\0\0\0\0\0\0\0\0\0\0\0\0\0\0\0\0\0\0\0\0\0\0\0\0\0\0\0\0\0\0\0\0\0\0\0\0\0\0\0\0\0\0\0\0\0\0\0\0\0\0\0\0\0\0\0\0\0\0\0\0\0\0\0\0\0\0\0\0\0\0\0\0\0\0\0\0\0\0\0\0\0\0\0\0\0\0\0\0\0\0\0\0\0\0\0\0\0\0\0\0\0\0\0\0\0\0\0\0\0\0\0\0\0\0\0\0\0\0\0\0\0\0\0\0\0\0\0\0\0\0\0\0\0\0\0\0\0\0\0\0\0\0\0\0\0\0\0\0\0\0\0\0\0\0\0\0\0\0\0\0\0\0\0\0\0\0\0\0\0\0\0\0\0\0\0\0\0\0\0\0\0\0\0\0\0\0\0\0\0\0\0\0\0\0\0\0\0\0\0\0\0\0\0\0\0\0\0\0\0\0\0\0\0\0\0\0\0\0\0\0\0\0\0\0\0\0\0\0\0\0\0\0\0\0\0\0\0\0\0\0\0\0\0\0\0\0\0\0\0\0\0\0\0\0\0\0\0\0\0\0\0\0\0\0\0\0\0\0\0\0\0\0\0\0\0\0\0\0\0\0\0\0\0\0\0\0\0\0\0\0\0\0\0\0\0\0\0\0\0\0\0\0\0\0\0\0\0\0\0\0\0\0\0\0\0\0\0\0\0\0\0\0\0\0\0\0\0\0\0\0\0\0\0\0\0\0\0\0\0\0\0\0\0\0\0\0\0\0\0\0\0\0\0\0\0\0\0\0\0\0\0\0\0\0\0\0\0\0\0\0\0\0\0\0\0\0\0\0\0\0\0\0\0\0\0\0\0\0\0\0\0\0\0\0\0\0\0\0\0\0\0\0\0\0\0\0\0\0\0\0\0\0\0\0\0\0\0\0\0\0\0\0\0\0\0\0\0\0\0\0\0\0\0\0\0\0\0\0\0\0\0\0\0\0\0\0\0\0\0\0\0\0\0\0\0\0\0\0\0\0\0\0\0\0\0\0\0\0\0\0\0\0\0\0\0\0\0\0\0\0\0\0\0\0\0\0\0\0\0\0\0\0\0\0\0\0\0\0\0\0\0\0\0\0\0\0\0\0\0\0\0\0\0\0\0\0\0\0\0\0\0\0\0\0\0\0\0\0\0\0\0\0\0\0\0\0\0\0\0\0\0\0\0\0\0\0\0\0\0\0\0\0\0\0\0\0\0\0\0\0\0\0\0\0\0\0\0\0\0\0\0\0\0\0\0\0\0\0\0\0\0\0\0\0\0\0\0\0\0\0\0\0\0\0\0\0\0\0\0\0\0\0\0\0\0\0\0\0\0\0\0\0\0\0\0\0\0\0\0\0\0\0\0\0\0\0\0\0\0\0\0\0\0\0\0\0\0\0\0\0\0\0\0\0\0\0\0\0\0\0\0\0\0\0\0\0\0\0\0\0\0\0\0\0\0\0\0\0\0\0\0\0\0\0\0\0\0\0\0\0\0\0\0\0\0\0\0\0\0\0\0\0\0\0\0\0\0\0\0\0\0\0\0\0\0\0\0\0\0\0\0\0\0\0\0\0\0\0\0\0\0\0\0\0\0\0\0\0\0\0\0\0\0\0\0\0\0\0\0\0\0\0\0\0\0\0\0\0\0\0\0\0\0\0\0\0\0\0\0\0\0\0\0\0\0\0\0\0\0\0\0\0\0\0\0\0\0\0\0\0\0\0\0\0\0\0\0\0\0\0\0\0\0\0\0\0\0\0\0\0\0\0\0\0\0\0\0\0\0\0\0\0\0\0\0\0\0\0\0\0\0\0\0\0\0\0\0\0\0\0\0\0\0\0\0\0\0\0\0\0\0\0\0\0\0\0\0\0\0\0\0\0\0\0\0\0\0\0\0\0\0\0\0\0\0\0\0\0\0\0\0\0\0\0\0\0\0\0\0\0\0\0\0\0\0\0\0\0\0\0\0\0\0\0\0\0\0\0\0\0\0\0\0\0\0\0\0\0\0\0\0\0\0\0\0\0\0\0\0\0\0\0\0\0\0\0\0\0\0\0\0\0\0\0\0\0\0\0\0\0\0\0\0\0\0\0\0\0\0\0\0\0\0\0\0\0\0\0\0\0\0\0\0\0\0\0\0\0\0\0\0\0\0\0\0\0\0\0\0\0\0\0\0\0\0\0\0\0\0\0\0\0\0\0\0\0\0\0\0\0\0\0\0\0\0\0\0\0\0\0\0\0\0\0\0\0\0\0\0\0\0\0\0\0\0\0\0\0\0\0\0\0\0\0\0\0\0\0\0\0\0\0\0\0\0\0\0\0\0\0\0\0\0\0\0\0\0\0\0\0\0\0\0\0\0\0\0\0\0\0\0\0\0\0\0\0\0\0\0\0\0\0\0\0\0\0\0\0\0\0\0\0\0\0\0\0\0\0\0\0\0\0\0\0\0\0\0\0\0\0\0\0\0\0\0\0\0\0\0\0\0\0\0\0\0\0\0\0\0\0\0\0\0\0\0\0\0\0\0\0\0\0\0\0\0\0\0\0\0\0\0\0\0\0\0\0\0\0\0\0\0\0\0\0\0\0\0\0\0\0\0\0\0\0\0\0\0\0\0\0\0\0\0\0\0\0\0\0\0\0\0\0\0\0\0\0\0\0\0\0\0\0\0\0\0\0\0\0\0\0\0\0\0\0\0\0\0\0\0\0\0\0\0\0\0\0\0\0\0\0\0\0\0\0\0\0\0\0\0\0\0\0\0\0\0\0\0\0\0\0\0\0\0\0\0\0\0\0\0\0\0\0\0\0\0\0\0\0\0\0\0\0\0\0\0\0\0\0\0\0\0\0\0\0\0\0\0\0\0\0\0\0\0\0\0\0\0\0\0\0\0\0\0\0\0\0\0\0\0\0\0\0\0\0\0\0\0\0\0\0\0\0\0\0\0\0\0\0\0\0\0\0\0\0\0\0\0\0\0\0\0\0\0\0\0\0\0\0\0\0\0\0\0\0\0\0\0\0\0\0\0\0\0\0\0\0\0\0\0\0\0\0\0\0\0\0\0\0\0\0\0\0\0\0\0\0\0\0\0\0\0\0\0\0\0\0\0\0\0\0\0\0\0\0\0\0\0\0\0\0\0\0\0\0\0\0\0\0\0\0\0\0\0\0\0\0\0\0\0\0\0\0\0\0\0\0\0\0\0\0\0\0\0\0\0\0\0\0\0\0\0\0\0\0\0\0\0\0\0\0\0\0\0\0\0\0\0\0\0\0\0\0\0\0\0\0\0\0\0\0\0\0\0\0\0\0\0\0\0\0\0\0\0\0\0\0\0\0\0\0\0\0\0\0\0\0\0\0\0\0\0\0\0\0\0\0\0\0\0\0\0\0\0\0\0\0\0\0\0\0\0\0\0\0\0\0\0\0\0\0\0\0\0\0\0\0\0\0\0\0\0\0\0\0\0\0\0\0\0\0\0\0\0\0\0\0\0\0\0\0\0\0\0\0\0\0\0\0\0\0\0\0\0\0\0\0\0\0\0\0\0\0\0\0\0\0\0\0\0\0\0\0\0\0\0\0\0\0\0\0\0\0\0\0\0\0\0\0\0\0\0\0\0\0\0\0\0\0\0\0\0\0\0\0\0\0\0\0\0\0\0\0\0\0\0\0\0\0\0\0\0\0\0\0\0\0\0\0\0\0\0\0\0\0\0\0\0\0\0\0\0\0\0\0\0\0\0\0\0\0\0\0\0\0\0\0\0\0\0\0\0\0\0\0\0\0\0\0\0\0\0\0\0\0\0\0\0\0\0\0\0\0\0\0\0\0\0\0\0\0\0\0\0\0\0\0\0\0\0\0\0\0\0\0\0\0\0\0\0\0\0\0\0\0\0\0\0\0\0\0\0\0\0\0\0\0\0\0\0\0\0\0\0\0\0\0\0\0\0\0\0\0\0\0\0\0\0\0\0\0\0\0\0\0\0\0\0\0\0\0\0\0\0\0\0\0\0\0\0\0\0\0\0\0\0\0\0\0\0\0\0\0\0\0\0\0\0\0\0\0\0\0\0\0\0\0\0\0\0\0\0\0\0\0\0\0\0\0\0\0\0\0\0\0\0\0\0\0\0\0\0\0\0\0\0\0\0\0\0\0\0\0\0\0\0\0\0\0\0\0\0\0\0\0\0\0\0\0\0\0\0\0\0\0\0\0\0\0\0\0\0\0\0\0\0\0\0\0\0\0\0\0\0\0\0\0\0\0\0\0\0\0\0\0\0\0\0\0\0\0\0\0\0\0\0\0\0\0\0\0\0\0\0\0\0\0\0\0\0\0\0\0\0\0\0\0\0\0\0\0\0\0\0\0\0\0\0\0\0\0\0\0\0\0\0\0\0\0\0\0\0\0\0\0\0\0\0\0\0\0\0\0\0\0\0\0\0\0\0\0\0\0\0\0\0\0\0\0\0\0\0\0\0\0\0\0\0\0\0\0\0\0\0\0\0\0\0\0\0\0\0\0\0\0\0\0\0\0\0\0\0\0\0\0\0\0\0\0\0\0\0\0\0\0\0\0\0\0\0\0\0\0\0\0\0\0\0\0\0\0\0\0\0\0\0\0\0\0\0\0\0\0\0\0\0\0\0\0\0\0\0\0\0\0\0\0\0\0\0\0\0\0\0\0\0\0\0\0\0\0\0\0\0\0\0\0\0\0\0\0\0\0\0\0\0\0\0\0\0\0\0\0\0\0\0\0\0\0\0\0\0\0\0\0\0\0\0\0\0\0\0\0\0\0\0\0\0\0\0\0\0\0\0\0\0\0\0\0\0\0\0\0\0\0\0\0\0\0\0\0\0\0\0\0\0\0\0\0\0\0\0\0\0\0\0\0\0\0\0\0\0\0\0\0\0\0\0\0\0\0\0\0\0\0\0\0\0\0\0\0\0\0\0\0\0\0\0\0\0\0\0\0\0\0\0\0\0\0\0\0\0\0\0\0\0\0\0\0\0\0\0\0\0\0\0\0\0\0\0\0\0\0\0\0\0\0\0\0\0\0\0\0\0\0\0\0\0\0\0\0\0\0\0\0\0\0\0\0\0\0\0\0\0\0\0\0\0\0\0\0\0\0\0\0\0\0\0\0\0\0\0\0\0\0\0\0\0\0\0\0\0\0\0\0\0\0\0\0\0\0\0\0\0\0\0\0\0\0\0\0\0\0\0\0\0\0\0\0\0\0\0\0\0\0\0\0\0\0\0\0\0\0\0\0\0\0\0\0\0\0\0\0\0\0\0\0\0\0\0\0\0\0\0\0\0\0\0\0\0\0\0\0\0\0\0\0\0\0\0\0\0\0\0\0\0\0\0\0\0\0\0\0\0\0\0\0\0\0\0\0\0\0\0\0\0\0\0\0\0\0\0\0\0\0\0\0\0\0\0\0\0\0\0\0\0\0\0\0\0\0\0\0\0\0\0\0\0\0\0\0\0\0\0\0\0\0\0\0\0\0\0\0\0\0\0\0\0\0\0\0\0\0\0\0\0\0\0\0\0\0\0\0\0\0\0\0\0\0\0\0\0\0\0\0\0\0\0\0\0\0\0\0\0\0\0\0\0\0\0\0\0\0\0\0\0\0\0\0\0\0\0\0\0\0\0\0\0\0\0\0\0\0\0\0\0\0\0\0\0\0\0\0\0\0\0\0\0\0\0\0\0\0\0\0\0\0\0\0\0\0\0\0\0\0\0\0\0\0\0\0\0\0\0\0\0\0\0\0\0\0\0\0\0\0\0\0\0\0\0\0\0\0\0\0\0\0\0\0\0\0\0\0\0\0\0\0\0\0\0\0\0\0\0\0\0\0\0\0\0\0\0\0\0\0\0\0\0\0\0\0\0\0\0\0\0\0\0\0\0\0\0\0\0\0\0\0\0\0\0\0\0\0\0\0\0\0\0\0\0\0\0\0\0\0\0\0\0\0\0\0\0\0\0\0\0\0\0\0\0\0\0\0\0\0\0\0\0\0\0\0\0\0\0\0\0\0\0\0\0\0\0\0\0\0\0\0\0\0\0\0\0\0\0\0\0\0\0\0\0\0\0\0\0\0\0\0\0\0\0\0\0\0\0\0\0\0\0\0\0\0\0\0\0\0\0\0\0\0\0\0\0\0\0\0\0\0\0\0\0\0\0\0\0\0\0\0\0\0\0\0\0\0\0\0\0\0\0\0\0\0\0\0\0\0\0\0\0\0\0\0\0\0\0\0\0\0\0\0\0\0\0\0\0\0\0\0\0\0\0\0\0\0\0\0\0\0\0\0\0\0\0\0\0\0\0\0\0\0\0\0\0\0\0\0\0\0\0\0\0\0\0\0\0\0\0\0\0\0\0\0\0\0\0\0\0\0\0\0\0\0\0\0\0\0\0\0\0\0\0\0\0\0\0\0\0\0\0\0\0\0\0\0\0\0\0\0\0\0\0\0\0\0\0\0\0\0\0\0\0\0\0\0\0\0\0\0\0\0\0\0\0\0\0\0\0\0\0\0\0\0\0\0\0\0\0\0\0\0\0\0\0\0\0\0\0\0\0\0\0\0\0\0\0\0\0\0\0\0\0\0\0\0\0\0\0\0\0\0\0\0\0\0\0\0\0\0\0\0\0\0\0\0\0\0\0\0\0\0\0\0\0\0\0\0\0\0\0\0\0\0\0\0\0\0\0\0\0\0\0\0\0\0\0\0\0\0\0\0\0\0\0\0\0\0\0\0\0\0\0\0\0\0\0\0\0\0\0\0\0\0\0\0\0\0\0\0\0\0\0\0\0\0\0\0\0\0\0\0\0\0\0\0\0\0\0\0\0\0\0\0\0\0\0\0\0\0\0\0\0\0\0\0\0\0\0\0\0\0\0\0\0\0\0\0\0\0\0\0\0\0\0\0\0\0\0\0\0\0\0\0\0\0\0\0\0\0\0\0\0\0\0\0\0\0\0\0\0\0\0\0\0\0\0\0\0\0\0\0\0\0\0\0\0\0\0\0\0\0\0\0\0\0\0\0\0\0\0\0\0\0\0\0\0\0\0\0\0\0\0\0\0\0\0\0\0\0\0\0\0\0\0\0\0\0\0\0\0\0\0\0\0\0\0\0\0\0\0\0\0\0\0\0\0\0\0\0\0\0\0\0\0\0\0\0\0\0\0\0\0\0\0\0\0\0\0\0\0\0\0\0\0\0\0\0\0\0\0\0\0\0\0\0\0\0\0\0\0\0\0\0\0\0\0\0\0\0\0\0\0\0\0\0\0\0\0\0\0\0\0\0\0\0\0\0\0\0\0\0\0\0\0\0\0\0\0\0\0\0\0\0\0\0\0\0\0\0\0\0\0\0\0\0\0\0\0\0\0\0\0\0\0\0\0\0\0\0\0\0\0\0\0\0\0\0\0\0\0\0\0\0\0\0\0\0\0\0\0\0\0\0\0\0\0\0\0\0\0\0\0\0\0\0\0\0\0\0\0\0\0\0\0\0\0\0\0\0\0\0\0\0\0\0\0\0\0\0\0\0\0\0\0\0\0\0\0\0\0\0\0\0\0\0\0\0\0\0\0\0\0\0\0\0\0\0\0\0\0\0\0\0\0\0\0\0\0\0\0\0\0\0\0\0\0\0\0\0\0\0\0\0\0\0\0\0\0\0\0\0\0\0\0\0\0\0\0\0\0\0\0\0\0\0\0\0\0\0\0\0\0\0\0\0\0\0\0\0\0\0\0\0\0\0\0\0\0\0\0\0\0\0\0\0\0\0\0\0\0\0\0\0\0\0\0\0\0\0\0\0\0\0\0\0\0\0\0\0\0\0\0\0\0\0\0\0\0\0\0\0\0\0\0\0\0\0\0\0\0\0\0\0\0\0\0\0\0\0\0\0\0\0\0\0\0\0\0\0\0\0\0\0\0\0\0\0\0\0\0\0\0\0\0\0\0\0\0\0\0\0\0\0\0\0\0\0\0\0\0\0\0\0\0\0\0\0\0\0\0\0\0\0\0\0\0\0\0\0\0\0\0\0\0\0\0\0\0\0\0\0\0\0\0\0\0\0\0\0\0\0\0\0\0\0\0\0\0\0\0\0\0\0\0\0\0\0\0\0\0\0\0\0\0\0\0\0\0\0\0\0\0\0\0\0\0\0\0\0\0\0\0\0\0\0\0\0\0\0\0\0\0\0\0\0\0\0\0\0\0\0\0\0\0\0\0\0\0\0\0\0\0\0\0\0\0\0\0\0\0\0\0\0\0\0\0\0\0\0\0\0\0\0\0\0\0\0\0\0\0\0\0\0\0\0\0\0\0\0\0\0\0\0\0\0\0\0\0\0\0\0\0\0\0\0\0\0\0\0\0\0\0\0\0\0\0\0\0\0\0\0\0\0\0\0\0\0\0\0\0\0\0\0\0\0\0\0\0\0\0\0\0\0\0\0\0\0\0\0\0\0\0\0\0\0\0\0\0\0\0\0\0\0\0\0\0\0\0\0\0\0\0\0\0\0\0\0\0\0\0\0\0\0\0\0\0\0\0\0\0\0\0\0\0\0\0\0\0\0\0\0\0\0\0\0\0\0\0\0\0\0\0\0\0\0\0\0\0\0\0\0\0\0\0\0\0\0\0\0\0\0\0\0\0\0\0\0\0\0\0\0\0\0\0\0\0\0\0\0\0\0\0\0\0\0\0\0\0\0\0\0\0\0\0\0\0\0\0\0\0\0\0\0\0\0\0\0\0\0\0\0\0\0\0\0\0\0\0\0\0\0\0\0\0\0\0\0\0\0\0\0\0\0\0\0\0\0\0\0\0\0\0\0\0\0\0\0\0\0\0\0\0\0\0\0\0\0\0\0\0\0\0\0\0\0\0\0\0\0\0\0\0\0\0\0\0\0\0\0\0\0\0\0\0\0\0\0\0\0\0\0\0\0\0\0\0\0\0\0\0\0\0\0\0\0\0\0\0\0\0\0\0\0\0\0\0\0\0\0\0\0\0\0\0\0\0\0\0\0\0\0\0\0\0\0\0\0\0\0\0\0\0\0\0\0\0\0\0\0\0\0\0\0\0\0\0\0\0\0\0\0\0\0\0\0\0\0\0\0\0\0\0\0\0\0\0\0\0\0\0\0\0\0\0\0\0\0\0\0\0\0\0\0\0\0\0\0\0\0\0\0\0\0\0\0\0\0\0\0\0\0\0\0\0\0\0\0\0\0\0\0\0\0\0\0\0\0\0\0\0\0\0\0\0\0\0\0\0\0\0\0\0\0\0\0\0\0\0\0\0\0\0\0\0\0\0\0\0\0\0\0\0\0\0\0\0\0\0\0\0\0\0\0\0\0\0\0\0\0\0\0\0\0\0\0\0\0\0\0\0\0\0\0\0\0\0\0\0\0\0\0\0\0\0\0\0\0\0\0\0\0\0\0\0\0\0\0\0\0\0\0\0\0\0\0\0\0\0\0\0\0\0\0\0\0\0\0\0\0\0\0\0\0\0\0\0\0\0\0\0\0\0\0\0\0\0\0\0\0\0\0\0\0\0\0\0\0\0\0\0\0\0\0\0\0\0\0\0\0\0\0\0\0\0\0\0\0\0\0\0\0\0\0\0\0\0\0\0\0\0\0\0\0\0\0\0\0\0\0\0\0\0\0\0\0\0\0\0\0\0\0\0\0\0\0\0\0\0\0\0\0\0\0\0\0\0\0\0\0\0\0\0\0\0\0\0\0\0\0\0\0\0\0\0\0\0\0\0\0\0\0\0\0\0\0\0\0\0\0\0\0\0\0\0\0\0\0\0\0\0\0\0\0\0\0\0\0\0\0\0\0\0\0\0\0\0\0\0\0\0\0\0\0\0\0\0\0\0\0\0\0\0\0\0\0\0\0\0\0\0\0\0\0\0\0\0\0\0\0\0\0\0\0\0\0\0\0\0\0\0\0\0\0\0\0\0\0\0\0\0\0\0\0\0\0\0\0\0\0\0\0\0\0\0\0\0\0\0\0\0\0\0\0\0\0\0\0\0\0\0\0\0\0\0\0\0\0\0\0\0\0\0\0\0\0\0\0\0\0\0\0\0\0\0\0\0\0\0\0\0\0\0\0\0\0\0\0\0\0\0\0\0\0\0\0\0\0\0\0\0\0\0\0\0\0\0\0\0\0\0\0\0\0\0\0\0\0\0\0\0\0\0\0\0\0\0\0\0\0\0\0\0\0\0\0\0\0\0\0\0\0\0\0\0\0\0\0\0\0\0\0\0\0\0\0\0\0\0\0\0\0\0\0\0\0\0\0\0\0\0\0\0\0\0\0\0\0\0\0\0\0\0\0\0\0\0\0\0\0\0\0\0\0\0\0\0\0\0\0\0\0\0\0\0\0\0\0\0\0\0\0\0\0\0\0\0\0\0\0\0\0\0\0\0\0\0\0\0\0\0\0\0\0\0\0\0\0\0\0\0\0\0\0\0\0\0\0\0\0\0\0\0\0\0\0\0\0\0\0\0\0\0\0\0\0\0\0\0\0\0\0\0\0\0\0\0\0\0\0\0\0\0\0\0\0\0\0\0\0\0\0\0\0\0\0\0\0\0\0\0\0\0\0\0\0\0\0\0\0\0\0\0\0\0\0\0\0\0\0\0\0\0\0\0\0\0\0\0\0\0\0\0\0\0\0\0\0\0\0\0\0\0\0\0\0\0\0\0\0\0\0\0\0\0\0\0\0\0\0\0\0\0\0\0\0\0\0\0\0\0\0\0\0\0\0\0\0\0\0\0\0\0\0\0\0\0\0\0\0\0\0\0\0\0\0\0\0\0\0\0\0\0\0\0\0\0\0\0\0\0\0\0\0\0\0\0\0\0\0\0\0\0\0\0\0\0\0\0\0\0\0\0\0\0\0\0\0\0\0\0\0\0\0\0\0\0\0\0\0\0\0\0\0\0\0\0\0\0\0\0\0\0\0\0\0\0\0\0\0\0\0\0\0\0\0\0\0\0\0\0\0\0\0\0\0\0\0\0\0\0\0\0\0\0\0\0\0\0\0\0\0\0\0\0\0' [C:\Users\Nhan\OneDrive - Rincovitch\00. Nhan\CSharp\RincoMTO\RincoMTO_djj4tpge_wpftmp.csproj::TargetFramework=net8.0-windows]
    30 Warning(s)
    1630 Error(s)

Time Elapsed 00:00:03.84

Workload updates are available. Run `dotnet workload list` for more information.
